Ingestando market_snapshot_raw...
  Aviso: No se encontraron archivos para market_snapshot_raw
Ingestando derivatives_snapshot_raw...
  Error cargando derivatives_snapshot_raw: Binder Error: table derivatives_snapshot_raw has 8 columns but 10 values were supplied
Ingestando derivatives_flow_raw...
  Error cargando derivatives_flow_raw: Binder Error: table derivatives_flow_raw has 8 columns but 10 values were supplied
Ingestando cross_exchange_snapshot_raw...
  Error cargando cross_exchange_snapshot_raw: Binder Error: table cross_exchange_snapshot_raw has 7 columns but 9 values were supplied
Ingestando dex_snapshot_raw...
  -> 32 filas cargadas.
Ingestando global_market_raw...
  Error cargando global_market_raw: Binder Error: table global_market_raw has 4 columns but 5 values were supplied
Ingestando fear_greed_raw...
  Error cargando fear_greed_raw: Binder Error: table fear_greed_raw has 2 columns but 6 values were supplied
Ingestando macro_rates_raw...
  Error cargando macro_rates_raw: Binder Error: table macro_rates_raw has 6 columns but 4 values were supplied
Ingestando macro_assets_raw...
  Aviso: No se encontraron archivos para macro_assets_raw
Ingestando fed_calendar_raw...
  Error cargando fed_calendar_raw: Binder Error: table fed_calendar_raw has 3 columns but 4 values were supplied
Ingestando hyperliquid_raw...
  Error cargando hyperliquid_raw: Binder Error: table hyperliquid_raw has 2 columns but 4 values were supplied
Ingestando aster_dex_raw...
  Aviso: No se encontraron archivos para aster_dex_raw
