2026-03-06 15:52:21 +0000 - dagster - DEBUG - 08_operacion_testnet_15m - 33918a70-0045-4e67-bbc9-984f8210f23d - 28089 - LOGS_CAPTURED - Started capturing logs in process (pid: 28089).
2026-03-06 15:52:21 +0000 - dagster - DEBUG - 08_operacion_testnet_15m - 33918a70-0045-4e67-bbc9-984f8210f23d - 28089 - warehouse_dbt_build - STEP_START - Started execution of step "warehouse_dbt_build".
2026-03-06 15:52:23 +0000 - dagster - INFO - 08_operacion_testnet_15m - 33918a70-0045-4e67-bbc9-984f8210f23d - warehouse_dbt_build - [0m15:52:23  Running with dbt=1.8.8
2026-03-06 15:52:23 +0000 - dagster - INFO - 08_operacion_testnet_15m - 33918a70-0045-4e67-bbc9-984f8210f23d - warehouse_dbt_build - [0m15:52:23  [[33mWARNING[0m]: Deprecated functionality
2026-03-06 15:52:23 +0000 - dagster - INFO - 08_operacion_testnet_15m - 33918a70-0045-4e67-bbc9-984f8210f23d - warehouse_dbt_build - The `tests` config has been renamed to `data_tests`. Please see
2026-03-06 15:52:23 +0000 - dagster - INFO - 08_operacion_testnet_15m - 33918a70-0045-4e67-bbc9-984f8210f23d - warehouse_dbt_build - https://docs.getdbt.com/docs/build/data-tests#new-data_tests-syntax for more
2026-03-06 15:52:23 +0000 - dagster - INFO - 08_operacion_testnet_15m - 33918a70-0045-4e67-bbc9-984f8210f23d - warehouse_dbt_build - information.
2026-03-06 15:52:23 +0000 - dagster - INFO - 08_operacion_testnet_15m - 33918a70-0045-4e67-bbc9-984f8210f23d - warehouse_dbt_build - [0m15:52:23  Registered adapter: duckdb=1.8.2
2026-03-06 15:52:24 +0000 - dagster - INFO - 08_operacion_testnet_15m - 33918a70-0045-4e67-bbc9-984f8210f23d - warehouse_dbt_build - [0m15:52:24  [[33mWARNING[0m]: Configuration paths exist in your dbt_project.yml file which do not apply to any resources.
2026-03-06 15:52:24 +0000 - dagster - INFO - 08_operacion_testnet_15m - 33918a70-0045-4e67-bbc9-984f8210f23d - warehouse_dbt_build - There are 1 unused configuration paths:
2026-03-06 15:52:24 +0000 - dagster - INFO - 08_operacion_testnet_15m - 33918a70-0045-4e67-bbc9-984f8210f23d - warehouse_dbt_build - - seeds.crypto_trading_lakehouse
2026-03-06 15:52:24 +0000 - dagster - INFO - 08_operacion_testnet_15m - 33918a70-0045-4e67-bbc9-984f8210f23d - warehouse_dbt_build - [0m15:52:24  Found 16 models, 18 data tests, 24 sources, 417 macros
2026-03-06 15:52:24 +0000 - dagster - INFO - 08_operacion_testnet_15m - 33918a70-0045-4e67-bbc9-984f8210f23d - warehouse_dbt_build - [0m15:52:24
2026-03-06 15:52:24 +0000 - dagster - INFO - 08_operacion_testnet_15m - 33918a70-0045-4e67-bbc9-984f8210f23d - warehouse_dbt_build - [0m15:52:24  Concurrency: 2 threads (target='local')
2026-03-06 15:52:24 +0000 - dagster - INFO - 08_operacion_testnet_15m - 33918a70-0045-4e67-bbc9-984f8210f23d - warehouse_dbt_build - [0m15:52:24
2026-03-06 15:52:24 +0000 - dagster - INFO - 08_operacion_testnet_15m - 33918a70-0045-4e67-bbc9-984f8210f23d - warehouse_dbt_build - [0m15:52:24  1 of 34 START sql view model main.br_news_sentiment ............................ [RUN]
2026-03-06 15:52:25 +0000 - dagster - INFO - 08_operacion_testnet_15m - 33918a70-0045-4e67-bbc9-984f8210f23d - warehouse_dbt_build - [0m15:52:24  2 of 34 START sql incremental model main.br_stock_prices ....................... [RUN]
2026-03-06 15:52:25 +0000 - dagster - INFO - 08_operacion_testnet_15m - 33918a70-0045-4e67-bbc9-984f8210f23d - warehouse_dbt_build - [0m15:52:25  2 of 34 ERROR creating sql incremental model main.br_stock_prices .............. [[31mERROR[0m in 0.24s]
2026-03-06 15:52:25 +0000 - dagster - INFO - 08_operacion_testnet_15m - 33918a70-0045-4e67-bbc9-984f8210f23d - warehouse_dbt_build - [0m15:52:25  1 of 34 ERROR creating sql view model main.br_news_sentiment ................... [[31mERROR[0m in 0.26s]
2026-03-06 15:52:25 +0000 - dagster - INFO - 08_operacion_testnet_15m - 33918a70-0045-4e67-bbc9-984f8210f23d - warehouse_dbt_build - [0m15:52:25  3 of 34 START sql view model main.br_x_sentiment ............................... [RUN]
2026-03-06 15:52:25 +0000 - dagster - INFO - 08_operacion_testnet_15m - 33918a70-0045-4e67-bbc9-984f8210f23d - warehouse_dbt_build - [0m15:52:25  4 of 34 START sql table model main.fct_approved_orders ......................... [RUN]
2026-03-06 15:52:25 +0000 - dagster - INFO - 08_operacion_testnet_15m - 33918a70-0045-4e67-bbc9-984f8210f23d - warehouse_dbt_build - [0m15:52:25  3 of 34 ERROR creating sql view model main.br_x_sentiment ...................... [[31mERROR[0m in 0.10s]
2026-03-06 15:52:25 +0000 - dagster - INFO - 08_operacion_testnet_15m - 33918a70-0045-4e67-bbc9-984f8210f23d - warehouse_dbt_build - [0m15:52:25  5 of 34 START sql table model main.fct_raw_signals ............................. [RUN]
2026-03-06 15:52:25 +0000 - dagster - INFO - 08_operacion_testnet_15m - 33918a70-0045-4e67-bbc9-984f8210f23d - warehouse_dbt_build - [0m15:52:25  4 of 34 ERROR creating sql table model main.fct_approved_orders ................ [[31mERROR[0m in 0.12s]
2026-03-06 15:52:25 +0000 - dagster - INFO - 08_operacion_testnet_15m - 33918a70-0045-4e67-bbc9-984f8210f23d - warehouse_dbt_build - [0m15:52:25  6 of 34 START sql table model main.int_mlflow_runs ............................. [RUN]
2026-03-06 15:52:25 +0000 - dagster - INFO - 08_operacion_testnet_15m - 33918a70-0045-4e67-bbc9-984f8210f23d - warehouse_dbt_build - [0m15:52:25  5 of 34 ERROR creating sql table model main.fct_raw_signals .................... [[31mERROR[0m in 0.09s]
2026-03-06 15:52:25 +0000 - dagster - INFO - 08_operacion_testnet_15m - 33918a70-0045-4e67-bbc9-984f8210f23d - warehouse_dbt_build - [0m15:52:25  7 of 34 START sql table model main.int_optuna_trials ........................... [RUN]
2026-03-06 15:52:25 +0000 - dagster - INFO - 08_operacion_testnet_15m - 33918a70-0045-4e67-bbc9-984f8210f23d - warehouse_dbt_build - [0m15:52:25  6 of 34 ERROR creating sql table model main.int_mlflow_runs .................... [[31mERROR[0m in 0.09s]
2026-03-06 15:52:25 +0000 - dagster - INFO - 08_operacion_testnet_15m - 33918a70-0045-4e67-bbc9-984f8210f23d - warehouse_dbt_build - [0m15:52:25  8 of 34 START test assert_cross_exchange_snapshot_raw_historical ............... [RUN]
2026-03-06 15:52:25 +0000 - dagster - INFO - 08_operacion_testnet_15m - 33918a70-0045-4e67-bbc9-984f8210f23d - warehouse_dbt_build - [0m15:52:25  7 of 34 ERROR creating sql table model main.int_optuna_trials .................. [[31mERROR[0m in 0.10s]
2026-03-06 15:52:25 +0000 - dagster - INFO - 08_operacion_testnet_15m - 33918a70-0045-4e67-bbc9-984f8210f23d - warehouse_dbt_build - [0m15:52:25  8 of 34 ERROR assert_cross_exchange_snapshot_raw_historical .................... [[31mERROR[0m in 0.09s]
2026-03-06 15:52:25 +0000 - dagster - INFO - 08_operacion_testnet_15m - 33918a70-0045-4e67-bbc9-984f8210f23d - warehouse_dbt_build - [0m15:52:25  9 of 34 START test assert_derivatives_flow_raw_historical ...................... [RUN]
2026-03-06 15:52:25 +0000 - dagster - INFO - 08_operacion_testnet_15m - 33918a70-0045-4e67-bbc9-984f8210f23d - warehouse_dbt_build - [0m15:52:25  10 of 34 START test assert_derivatives_snapshot_raw_historical ................. [RUN]
2026-03-06 15:52:25 +0000 - dagster - INFO - 08_operacion_testnet_15m - 33918a70-0045-4e67-bbc9-984f8210f23d - warehouse_dbt_build - [0m15:52:25  9 of 34 ERROR assert_derivatives_flow_raw_historical ........................... [[31mERROR[0m in 0.07s]
2026-03-06 15:52:25 +0000 - dagster - INFO - 08_operacion_testnet_15m - 33918a70-0045-4e67-bbc9-984f8210f23d - warehouse_dbt_build - [0m15:52:25  11 of 34 START test assert_dex_snapshot_raw_historical ......................... [RUN]
2026-03-06 15:52:25 +0000 - dagster - INFO - 08_operacion_testnet_15m - 33918a70-0045-4e67-bbc9-984f8210f23d - warehouse_dbt_build - [0m15:52:25  10 of 34 ERROR assert_derivatives_snapshot_raw_historical ...................... [[31mERROR[0m in 0.07s]
2026-03-06 15:52:25 +0000 - dagster - INFO - 08_operacion_testnet_15m - 33918a70-0045-4e67-bbc9-984f8210f23d - warehouse_dbt_build - [0m15:52:25  12 of 34 START test assert_fear_greed_raw_historical ........................... [RUN]
2026-03-06 15:52:25 +0000 - dagster - INFO - 08_operacion_testnet_15m - 33918a70-0045-4e67-bbc9-984f8210f23d - warehouse_dbt_build - [0m15:52:25  11 of 34 ERROR assert_dex_snapshot_raw_historical .............................. [[31mERROR[0m in 0.07s]
2026-03-06 15:52:25 +0000 - dagster - INFO - 08_operacion_testnet_15m - 33918a70-0045-4e67-bbc9-984f8210f23d - warehouse_dbt_build - [0m15:52:25  13 of 34 START test assert_market_snapshot_raw_historical ...................... [RUN]
2026-03-06 15:52:25 +0000 - dagster - INFO - 08_operacion_testnet_15m - 33918a70-0045-4e67-bbc9-984f8210f23d - warehouse_dbt_build - [0m15:52:25  12 of 34 ERROR assert_fear_greed_raw_historical ................................ [[31mERROR[0m in 0.07s]
2026-03-06 15:52:25 +0000 - dagster - INFO - 08_operacion_testnet_15m - 33918a70-0045-4e67-bbc9-984f8210f23d - warehouse_dbt_build - [0m15:52:25  14 of 34 SKIP test not_null_int_mlflow_runs_run_uuid ........................... [[33mSKIP[0m]
2026-03-06 15:52:25 +0000 - dagster - INFO - 08_operacion_testnet_15m - 33918a70-0045-4e67-bbc9-984f8210f23d - warehouse_dbt_build - [0m15:52:25  15 of 34 SKIP test unique_int_mlflow_runs_run_uuid ............................. [[33mSKIP[0m]
2026-03-06 15:52:25 +0000 - dagster - INFO - 08_operacion_testnet_15m - 33918a70-0045-4e67-bbc9-984f8210f23d - warehouse_dbt_build - [0m15:52:25  16 of 34 SKIP test not_null_int_optuna_trials_trial_id ......................... [[33mSKIP[0m]
2026-03-06 15:52:25 +0000 - dagster - INFO - 08_operacion_testnet_15m - 33918a70-0045-4e67-bbc9-984f8210f23d - warehouse_dbt_build - [0m15:52:25  17 of 34 SKIP test unique_int_optuna_trials_trial_id ........................... [[33mSKIP[0m]
2026-03-06 15:52:25 +0000 - dagster - INFO - 08_operacion_testnet_15m - 33918a70-0045-4e67-bbc9-984f8210f23d - warehouse_dbt_build - [0m15:52:25  18 of 34 SKIP relation main.br_macro_context ................................... [[33mSKIP[0m]
2026-03-06 15:52:25 +0000 - dagster - INFO - 08_operacion_testnet_15m - 33918a70-0045-4e67-bbc9-984f8210f23d - warehouse_dbt_build - [0m15:52:25  13 of 34 ERROR assert_market_snapshot_raw_historical ........................... [[31mERROR[0m in 0.07s]
2026-03-06 15:52:25 +0000 - dagster - INFO - 08_operacion_testnet_15m - 33918a70-0045-4e67-bbc9-984f8210f23d - warehouse_dbt_build - [0m15:52:25  19 of 34 SKIP relation main.br_market_snapshot ................................. [[33mSKIP[0m]
2026-03-06 15:52:25 +0000 - dagster - INFO - 08_operacion_testnet_15m - 33918a70-0045-4e67-bbc9-984f8210f23d - warehouse_dbt_build - [0m15:52:25  20 of 34 SKIP test not_null_br_market_snapshot_event_time ...................... [[33mSKIP[0m]
2026-03-06 15:52:25 +0000 - dagster - INFO - 08_operacion_testnet_15m - 33918a70-0045-4e67-bbc9-984f8210f23d - warehouse_dbt_build - [0m15:52:25  21 of 34 SKIP test not_null_br_market_snapshot_symbol .......................... [[33mSKIP[0m]
2026-03-06 15:52:25 +0000 - dagster - INFO - 08_operacion_testnet_15m - 33918a70-0045-4e67-bbc9-984f8210f23d - warehouse_dbt_build - [0m15:52:25  22 of 34 SKIP relation main.slv_decision_features .............................. [[33mSKIP[0m]
2026-03-06 15:52:25 +0000 - dagster - INFO - 08_operacion_testnet_15m - 33918a70-0045-4e67-bbc9-984f8210f23d - warehouse_dbt_build - [0m15:52:25  23 of 34 SKIP test not_null_slv_decision_features_event_time ................... [[33mSKIP[0m]
2026-03-06 15:52:25 +0000 - dagster - INFO - 08_operacion_testnet_15m - 33918a70-0045-4e67-bbc9-984f8210f23d - warehouse_dbt_build - [0m15:52:25  24 of 34 SKIP test not_null_slv_decision_features_symbol ....................... [[33mSKIP[0m]
2026-03-06 15:52:25 +0000 - dagster - INFO - 08_operacion_testnet_15m - 33918a70-0045-4e67-bbc9-984f8210f23d - warehouse_dbt_build - [0m15:52:25  25 of 34 SKIP relation main.fct_decision_features .............................. [[33mSKIP[0m]
2026-03-06 15:52:26 +0000 - dagster - INFO - 08_operacion_testnet_15m - 33918a70-0045-4e67-bbc9-984f8210f23d - warehouse_dbt_build - [0m15:52:25  26 of 34 SKIP relation main.fct_liquidity_profile .............................. [[33mSKIP[0m]
2026-03-06 15:52:26 +0000 - dagster - INFO - 08_operacion_testnet_15m - 33918a70-0045-4e67-bbc9-984f8210f23d - warehouse_dbt_build - [0m15:52:25  27 of 34 SKIP relation main.fct_symbol_performance ............................. [[33mSKIP[0m]
2026-03-06 15:52:26 +0000 - dagster - INFO - 08_operacion_testnet_15m - 33918a70-0045-4e67-bbc9-984f8210f23d - warehouse_dbt_build - [0m15:52:25  28 of 34 SKIP test not_null_fct_decision_features_event_time ................... [[33mSKIP[0m]
2026-03-06 15:52:26 +0000 - dagster - INFO - 08_operacion_testnet_15m - 33918a70-0045-4e67-bbc9-984f8210f23d - warehouse_dbt_build - [0m15:52:25  29 of 34 SKIP test not_null_fct_decision_features_feature_id ................... [[33mSKIP[0m]
2026-03-06 15:52:26 +0000 - dagster - INFO - 08_operacion_testnet_15m - 33918a70-0045-4e67-bbc9-984f8210f23d - warehouse_dbt_build - [0m15:52:25  30 of 34 SKIP test not_null_fct_decision_features_symbol ....................... [[33mSKIP[0m]
2026-03-06 15:52:26 +0000 - dagster - INFO - 08_operacion_testnet_15m - 33918a70-0045-4e67-bbc9-984f8210f23d - warehouse_dbt_build - [0m15:52:25  31 of 34 SKIP test unique_fct_decision_features_feature_id ..................... [[33mSKIP[0m]
2026-03-06 15:52:26 +0000 - dagster - INFO - 08_operacion_testnet_15m - 33918a70-0045-4e67-bbc9-984f8210f23d - warehouse_dbt_build - [0m15:52:25  32 of 34 SKIP relation main.fct_anomaly_detection .............................. [[33mSKIP[0m]
2026-03-06 15:52:26 +0000 - dagster - INFO - 08_operacion_testnet_15m - 33918a70-0045-4e67-bbc9-984f8210f23d - warehouse_dbt_build - [0m15:52:25  33 of 34 SKIP relation main.fct_market_summary ................................. [[33mSKIP[0m]
2026-03-06 15:52:26 +0000 - dagster - INFO - 08_operacion_testnet_15m - 33918a70-0045-4e67-bbc9-984f8210f23d - warehouse_dbt_build - [0m15:52:25  34 of 34 SKIP relation main.fct_momentum_rankings .............................. [[33mSKIP[0m]
2026-03-06 15:52:26 +0000 - dagster - INFO - 08_operacion_testnet_15m - 33918a70-0045-4e67-bbc9-984f8210f23d - warehouse_dbt_build - [0m15:52:25  Database error while running on-run-end
2026-03-06 15:52:26 +0000 - dagster - INFO - 08_operacion_testnet_15m - 33918a70-0045-4e67-bbc9-984f8210f23d - warehouse_dbt_build - [0m15:52:25
2026-03-06 15:52:26 +0000 - dagster - INFO - 08_operacion_testnet_15m - 33918a70-0045-4e67-bbc9-984f8210f23d - warehouse_dbt_build - [0m15:52:25  Finished running 5 incremental models, 2 view models, 9 table models, 18 data tests in 0 hours 0 minutes and 1.40 seconds (1.40s).
2026-03-06 15:52:26 +0000 - dagster - INFO - 08_operacion_testnet_15m - 33918a70-0045-4e67-bbc9-984f8210f23d - warehouse_dbt_build - [0m15:52:26
2026-03-06 15:52:26 +0000 - dagster - INFO - 08_operacion_testnet_15m - 33918a70-0045-4e67-bbc9-984f8210f23d - warehouse_dbt_build - [0m15:52:26  [31mCompleted with 14 errors and 0 warnings:[0m
2026-03-06 15:52:26 +0000 - dagster - INFO - 08_operacion_testnet_15m - 33918a70-0045-4e67-bbc9-984f8210f23d - warehouse_dbt_build - [0m15:52:26
2026-03-06 15:52:26 +0000 - dagster - INFO - 08_operacion_testnet_15m - 33918a70-0045-4e67-bbc9-984f8210f23d - warehouse_dbt_build - [0m15:52:26    Runtime Error in model br_stock_prices (models/bronze/br_stock_prices.sql)
2026-03-06 15:52:26 +0000 - dagster - INFO - 08_operacion_testnet_15m - 33918a70-0045-4e67-bbc9-984f8210f23d - warehouse_dbt_build - IO Error: Could not set lock on file "/app/artifacts/warehouse/crypto.duckdb": Conflicting lock is held in /usr/local/bin/python3.11 (PID 27910). See also https://duckdb.org/docs/stable/connect/concurrency
2026-03-06 15:52:26 +0000 - dagster - INFO - 08_operacion_testnet_15m - 33918a70-0045-4e67-bbc9-984f8210f23d - warehouse_dbt_build - [0m15:52:26
2026-03-06 15:52:26 +0000 - dagster - INFO - 08_operacion_testnet_15m - 33918a70-0045-4e67-bbc9-984f8210f23d - warehouse_dbt_build - [0m15:52:26    Runtime Error in model br_news_sentiment (models/bronze/br_news_sentiment.sql)
2026-03-06 15:52:26 +0000 - dagster - INFO - 08_operacion_testnet_15m - 33918a70-0045-4e67-bbc9-984f8210f23d - warehouse_dbt_build - IO Error: Could not set lock on file "/app/artifacts/warehouse/crypto.duckdb": Conflicting lock is held in /usr/local/bin/python3.11 (PID 27910). See also https://duckdb.org/docs/stable/connect/concurrency
2026-03-06 15:52:26 +0000 - dagster - INFO - 08_operacion_testnet_15m - 33918a70-0045-4e67-bbc9-984f8210f23d - warehouse_dbt_build - [0m15:52:26
2026-03-06 15:52:26 +0000 - dagster - INFO - 08_operacion_testnet_15m - 33918a70-0045-4e67-bbc9-984f8210f23d - warehouse_dbt_build - [0m15:52:26    Runtime Error in model br_x_sentiment (models/bronze/br_x_sentiment.sql)
2026-03-06 15:52:26 +0000 - dagster - INFO - 08_operacion_testnet_15m - 33918a70-0045-4e67-bbc9-984f8210f23d - warehouse_dbt_build - IO Error: Could not set lock on file "/app/artifacts/warehouse/crypto.duckdb": Conflicting lock is held in /usr/local/bin/python3.11 (PID 27910). See also https://duckdb.org/docs/stable/connect/concurrency
2026-03-06 15:52:26 +0000 - dagster - INFO - 08_operacion_testnet_15m - 33918a70-0045-4e67-bbc9-984f8210f23d - warehouse_dbt_build - [0m15:52:26
2026-03-06 15:52:26 +0000 - dagster - INFO - 08_operacion_testnet_15m - 33918a70-0045-4e67-bbc9-984f8210f23d - warehouse_dbt_build - [0m15:52:26    Runtime Error in model fct_approved_orders (models/gold/fct_approved_orders.sql)
2026-03-06 15:52:26 +0000 - dagster - INFO - 08_operacion_testnet_15m - 33918a70-0045-4e67-bbc9-984f8210f23d - warehouse_dbt_build - IO Error: Could not set lock on file "/app/artifacts/warehouse/crypto.duckdb": Conflicting lock is held in /usr/local/bin/python3.11 (PID 27910). See also https://duckdb.org/docs/stable/connect/concurrency
2026-03-06 15:52:26 +0000 - dagster - INFO - 08_operacion_testnet_15m - 33918a70-0045-4e67-bbc9-984f8210f23d - warehouse_dbt_build - [0m15:52:26
2026-03-06 15:52:26 +0000 - dagster - INFO - 08_operacion_testnet_15m - 33918a70-0045-4e67-bbc9-984f8210f23d - warehouse_dbt_build - [0m15:52:26    Runtime Error in model fct_raw_signals (models/gold/fct_raw_signals.sql)
2026-03-06 15:52:26 +0000 - dagster - INFO - 08_operacion_testnet_15m - 33918a70-0045-4e67-bbc9-984f8210f23d - warehouse_dbt_build - IO Error: Could not set lock on file "/app/artifacts/warehouse/crypto.duckdb": Conflicting lock is held in /usr/local/bin/python3.11 (PID 27910). See also https://duckdb.org/docs/stable/connect/concurrency
2026-03-06 15:52:26 +0000 - dagster - INFO - 08_operacion_testnet_15m - 33918a70-0045-4e67-bbc9-984f8210f23d - warehouse_dbt_build - [0m15:52:26
2026-03-06 15:52:26 +0000 - dagster - INFO - 08_operacion_testnet_15m - 33918a70-0045-4e67-bbc9-984f8210f23d - warehouse_dbt_build - [0m15:52:26    Runtime Error in model int_mlflow_runs (models/ml_metadata/int_mlflow_runs.sql)
2026-03-06 15:52:26 +0000 - dagster - INFO - 08_operacion_testnet_15m - 33918a70-0045-4e67-bbc9-984f8210f23d - warehouse_dbt_build - IO Error: Could not set lock on file "/app/artifacts/warehouse/crypto.duckdb": Conflicting lock is held in /usr/local/bin/python3.11 (PID 27910). See also https://duckdb.org/docs/stable/connect/concurrency
2026-03-06 15:52:26 +0000 - dagster - INFO - 08_operacion_testnet_15m - 33918a70-0045-4e67-bbc9-984f8210f23d - warehouse_dbt_build - [0m15:52:26
2026-03-06 15:52:26 +0000 - dagster - INFO - 08_operacion_testnet_15m - 33918a70-0045-4e67-bbc9-984f8210f23d - warehouse_dbt_build - [0m15:52:26    Runtime Error in model int_optuna_trials (models/ml_metadata/int_optuna_trials.sql)
2026-03-06 15:52:26 +0000 - dagster - INFO - 08_operacion_testnet_15m - 33918a70-0045-4e67-bbc9-984f8210f23d - warehouse_dbt_build - IO Error: Could not set lock on file "/app/artifacts/warehouse/crypto.duckdb": Conflicting lock is held in /usr/local/bin/python3.11 (PID 27910). See also https://duckdb.org/docs/stable/connect/concurrency
2026-03-06 15:52:26 +0000 - dagster - INFO - 08_operacion_testnet_15m - 33918a70-0045-4e67-bbc9-984f8210f23d - warehouse_dbt_build - [0m15:52:26
2026-03-06 15:52:26 +0000 - dagster - INFO - 08_operacion_testnet_15m - 33918a70-0045-4e67-bbc9-984f8210f23d - warehouse_dbt_build - [0m15:52:26    Runtime Error in test assert_cross_exchange_snapshot_raw_historical (tests/assert_cross_exchange_snapshot_raw_historical.sql)
2026-03-06 15:52:26 +0000 - dagster - INFO - 08_operacion_testnet_15m - 33918a70-0045-4e67-bbc9-984f8210f23d - warehouse_dbt_build - IO Error: Could not set lock on file "/app/artifacts/warehouse/crypto.duckdb": Conflicting lock is held in /usr/local/bin/python3.11 (PID 27910). See also https://duckdb.org/docs/stable/connect/concurrency
2026-03-06 15:52:26 +0000 - dagster - INFO - 08_operacion_testnet_15m - 33918a70-0045-4e67-bbc9-984f8210f23d - warehouse_dbt_build - [0m15:52:26
2026-03-06 15:52:26 +0000 - dagster - INFO - 08_operacion_testnet_15m - 33918a70-0045-4e67-bbc9-984f8210f23d - warehouse_dbt_build - [0m15:52:26    Runtime Error in test assert_derivatives_flow_raw_historical (tests/assert_derivatives_flow_raw_historical.sql)
2026-03-06 15:52:26 +0000 - dagster - INFO - 08_operacion_testnet_15m - 33918a70-0045-4e67-bbc9-984f8210f23d - warehouse_dbt_build - IO Error: Could not set lock on file "/app/artifacts/warehouse/crypto.duckdb": Conflicting lock is held in /usr/local/bin/python3.11 (PID 27910). See also https://duckdb.org/docs/stable/connect/concurrency
2026-03-06 15:52:26 +0000 - dagster - INFO - 08_operacion_testnet_15m - 33918a70-0045-4e67-bbc9-984f8210f23d - warehouse_dbt_build - [0m15:52:26
2026-03-06 15:52:26 +0000 - dagster - INFO - 08_operacion_testnet_15m - 33918a70-0045-4e67-bbc9-984f8210f23d - warehouse_dbt_build - [0m15:52:26    Runtime Error in test assert_derivatives_snapshot_raw_historical (tests/assert_derivatives_snapshot_raw_historical.sql)
2026-03-06 15:52:26 +0000 - dagster - INFO - 08_operacion_testnet_15m - 33918a70-0045-4e67-bbc9-984f8210f23d - warehouse_dbt_build - IO Error: Could not set lock on file "/app/artifacts/warehouse/crypto.duckdb": Conflicting lock is held in /usr/local/bin/python3.11 (PID 27910). See also https://duckdb.org/docs/stable/connect/concurrency
2026-03-06 15:52:26 +0000 - dagster - INFO - 08_operacion_testnet_15m - 33918a70-0045-4e67-bbc9-984f8210f23d - warehouse_dbt_build - [0m15:52:26
2026-03-06 15:52:26 +0000 - dagster - INFO - 08_operacion_testnet_15m - 33918a70-0045-4e67-bbc9-984f8210f23d - warehouse_dbt_build - [0m15:52:26    Runtime Error in test assert_dex_snapshot_raw_historical (tests/assert_dex_snapshot_raw_historical.sql)
2026-03-06 15:52:26 +0000 - dagster - INFO - 08_operacion_testnet_15m - 33918a70-0045-4e67-bbc9-984f8210f23d - warehouse_dbt_build - IO Error: Could not set lock on file "/app/artifacts/warehouse/crypto.duckdb": Conflicting lock is held in /usr/local/bin/python3.11 (PID 27910). See also https://duckdb.org/docs/stable/connect/concurrency
2026-03-06 15:52:26 +0000 - dagster - INFO - 08_operacion_testnet_15m - 33918a70-0045-4e67-bbc9-984f8210f23d - warehouse_dbt_build - [0m15:52:26
2026-03-06 15:52:26 +0000 - dagster - INFO - 08_operacion_testnet_15m - 33918a70-0045-4e67-bbc9-984f8210f23d - warehouse_dbt_build - [0m15:52:26    Runtime Error in test assert_fear_greed_raw_historical (tests/assert_fear_greed_raw_historical.sql)
2026-03-06 15:52:26 +0000 - dagster - INFO - 08_operacion_testnet_15m - 33918a70-0045-4e67-bbc9-984f8210f23d - warehouse_dbt_build - IO Error: Could not set lock on file "/app/artifacts/warehouse/crypto.duckdb": Conflicting lock is held in /usr/local/bin/python3.11 (PID 27910). See also https://duckdb.org/docs/stable/connect/concurrency
2026-03-06 15:52:26 +0000 - dagster - INFO - 08_operacion_testnet_15m - 33918a70-0045-4e67-bbc9-984f8210f23d - warehouse_dbt_build - [0m15:52:26
2026-03-06 15:52:26 +0000 - dagster - INFO - 08_operacion_testnet_15m - 33918a70-0045-4e67-bbc9-984f8210f23d - warehouse_dbt_build - [0m15:52:26    Runtime Error in test assert_market_snapshot_raw_historical (tests/assert_market_snapshot_raw_historical.sql)
2026-03-06 15:52:26 +0000 - dagster - INFO - 08_operacion_testnet_15m - 33918a70-0045-4e67-bbc9-984f8210f23d - warehouse_dbt_build - IO Error: Could not set lock on file "/app/artifacts/warehouse/crypto.duckdb": Conflicting lock is held in /usr/local/bin/python3.11 (PID 27910). See also https://duckdb.org/docs/stable/connect/concurrency
2026-03-06 15:52:26 +0000 - dagster - INFO - 08_operacion_testnet_15m - 33918a70-0045-4e67-bbc9-984f8210f23d - warehouse_dbt_build - [0m15:52:26
2026-03-06 15:52:26 +0000 - dagster - INFO - 08_operacion_testnet_15m - 33918a70-0045-4e67-bbc9-984f8210f23d - warehouse_dbt_build - [0m15:52:26    on-run-end failed, error:
2026-03-06 15:52:26 +0000 - dagster - INFO - 08_operacion_testnet_15m - 33918a70-0045-4e67-bbc9-984f8210f23d - warehouse_dbt_build - IO Error: Could not set lock on file "/app/artifacts/warehouse/crypto.duckdb": Conflicting lock is held in /usr/local/bin/python3.11 (PID 27910). See also https://duckdb.org/docs/stable/connect/concurrency
2026-03-06 15:52:26 +0000 - dagster - INFO - 08_operacion_testnet_15m - 33918a70-0045-4e67-bbc9-984f8210f23d - warehouse_dbt_build - [0m15:52:26
2026-03-06 15:52:26 +0000 - dagster - INFO - 08_operacion_testnet_15m - 33918a70-0045-4e67-bbc9-984f8210f23d - warehouse_dbt_build - [0m15:52:26  Done. PASS=0 WARN=0 ERROR=14 SKIP=21 TOTAL=35
2026-03-06 15:52:27 +0000 - dagster - WARNING - 08_operacion_testnet_15m - 33918a70-0045-4e67-bbc9-984f8210f23d - warehouse_dbt_build - DuckDB lock conflict, retrying in 8s (attempt 1/5)
2026-03-06 15:52:36 +0000 - dagster - INFO - 08_operacion_testnet_15m - 33918a70-0045-4e67-bbc9-984f8210f23d - warehouse_dbt_build - [0m15:52:36  Running with dbt=1.8.8
2026-03-06 15:52:37 +0000 - dagster - INFO - 08_operacion_testnet_15m - 33918a70-0045-4e67-bbc9-984f8210f23d - warehouse_dbt_build - [0m15:52:37  [[33mWARNING[0m]: Deprecated functionality
2026-03-06 15:52:37 +0000 - dagster - INFO - 08_operacion_testnet_15m - 33918a70-0045-4e67-bbc9-984f8210f23d - warehouse_dbt_build - The `tests` config has been renamed to `data_tests`. Please see
2026-03-06 15:52:37 +0000 - dagster - INFO - 08_operacion_testnet_15m - 33918a70-0045-4e67-bbc9-984f8210f23d - warehouse_dbt_build - https://docs.getdbt.com/docs/build/data-tests#new-data_tests-syntax for more
2026-03-06 15:52:37 +0000 - dagster - INFO - 08_operacion_testnet_15m - 33918a70-0045-4e67-bbc9-984f8210f23d - warehouse_dbt_build - information.
2026-03-06 15:52:37 +0000 - dagster - INFO - 08_operacion_testnet_15m - 33918a70-0045-4e67-bbc9-984f8210f23d - warehouse_dbt_build - [0m15:52:37  Registered adapter: duckdb=1.8.2
2026-03-06 15:52:37 +0000 - dagster - INFO - 08_operacion_testnet_15m - 33918a70-0045-4e67-bbc9-984f8210f23d - warehouse_dbt_build - [0m15:52:37  [[33mWARNING[0m]: Configuration paths exist in your dbt_project.yml file which do not apply to any resources.
2026-03-06 15:52:37 +0000 - dagster - INFO - 08_operacion_testnet_15m - 33918a70-0045-4e67-bbc9-984f8210f23d - warehouse_dbt_build - There are 1 unused configuration paths:
2026-03-06 15:52:37 +0000 - dagster - INFO - 08_operacion_testnet_15m - 33918a70-0045-4e67-bbc9-984f8210f23d - warehouse_dbt_build - - seeds.crypto_trading_lakehouse
2026-03-06 15:52:38 +0000 - dagster - INFO - 08_operacion_testnet_15m - 33918a70-0045-4e67-bbc9-984f8210f23d - warehouse_dbt_build - [0m15:52:38  Found 16 models, 18 data tests, 24 sources, 417 macros
2026-03-06 15:52:38 +0000 - dagster - INFO - 08_operacion_testnet_15m - 33918a70-0045-4e67-bbc9-984f8210f23d - warehouse_dbt_build - [0m15:52:38
2026-03-06 15:52:38 +0000 - dagster - INFO - 08_operacion_testnet_15m - 33918a70-0045-4e67-bbc9-984f8210f23d - warehouse_dbt_build - [0m15:52:38
2026-03-06 15:52:38 +0000 - dagster - INFO - 08_operacion_testnet_15m - 33918a70-0045-4e67-bbc9-984f8210f23d - warehouse_dbt_build - [0m15:52:38  Finished running  in 0 hours 0 minutes and 0.08 seconds (0.08s).
2026-03-06 15:52:38 +0000 - dagster - INFO - 08_operacion_testnet_15m - 33918a70-0045-4e67-bbc9-984f8210f23d - warehouse_dbt_build - [0m15:52:38  Encountered an error:
2026-03-06 15:52:38 +0000 - dagster - INFO - 08_operacion_testnet_15m - 33918a70-0045-4e67-bbc9-984f8210f23d - warehouse_dbt_build - Runtime Error
2026-03-06 15:52:38 +0000 - dagster - INFO - 08_operacion_testnet_15m - 33918a70-0045-4e67-bbc9-984f8210f23d - warehouse_dbt_build - IO Error: Could not set lock on file "/app/artifacts/warehouse/crypto.duckdb": Conflicting lock is held in /usr/local/bin/python3.11 (PID 28822). See also https://duckdb.org/docs/stable/connect/concurrency
2026-03-06 15:52:38 +0000 - dagster - WARNING - 08_operacion_testnet_15m - 33918a70-0045-4e67-bbc9-984f8210f23d - warehouse_dbt_build - DuckDB lock conflict, retrying in 8s (attempt 2/5)
2026-03-06 15:52:48 +0000 - dagster - INFO - 08_operacion_testnet_15m - 33918a70-0045-4e67-bbc9-984f8210f23d - warehouse_dbt_build - [0m15:52:48  Running with dbt=1.8.8
2026-03-06 15:52:49 +0000 - dagster - INFO - 08_operacion_testnet_15m - 33918a70-0045-4e67-bbc9-984f8210f23d - warehouse_dbt_build - [0m15:52:49  [[33mWARNING[0m]: Deprecated functionality
2026-03-06 15:52:49 +0000 - dagster - INFO - 08_operacion_testnet_15m - 33918a70-0045-4e67-bbc9-984f8210f23d - warehouse_dbt_build - The `tests` config has been renamed to `data_tests`. Please see
2026-03-06 15:52:49 +0000 - dagster - INFO - 08_operacion_testnet_15m - 33918a70-0045-4e67-bbc9-984f8210f23d - warehouse_dbt_build - https://docs.getdbt.com/docs/build/data-tests#new-data_tests-syntax for more
2026-03-06 15:52:49 +0000 - dagster - INFO - 08_operacion_testnet_15m - 33918a70-0045-4e67-bbc9-984f8210f23d - warehouse_dbt_build - information.
2026-03-06 15:52:49 +0000 - dagster - INFO - 08_operacion_testnet_15m - 33918a70-0045-4e67-bbc9-984f8210f23d - warehouse_dbt_build - [0m15:52:49  Registered adapter: duckdb=1.8.2
2026-03-06 15:52:49 +0000 - dagster - INFO - 08_operacion_testnet_15m - 33918a70-0045-4e67-bbc9-984f8210f23d - warehouse_dbt_build - [0m15:52:49  [[33mWARNING[0m]: Configuration paths exist in your dbt_project.yml file which do not apply to any resources.
2026-03-06 15:52:49 +0000 - dagster - INFO - 08_operacion_testnet_15m - 33918a70-0045-4e67-bbc9-984f8210f23d - warehouse_dbt_build - There are 1 unused configuration paths:
2026-03-06 15:52:49 +0000 - dagster - INFO - 08_operacion_testnet_15m - 33918a70-0045-4e67-bbc9-984f8210f23d - warehouse_dbt_build - - seeds.crypto_trading_lakehouse
2026-03-06 15:52:50 +0000 - dagster - INFO - 08_operacion_testnet_15m - 33918a70-0045-4e67-bbc9-984f8210f23d - warehouse_dbt_build - [0m15:52:50  Found 16 models, 18 data tests, 24 sources, 417 macros
2026-03-06 15:52:50 +0000 - dagster - INFO - 08_operacion_testnet_15m - 33918a70-0045-4e67-bbc9-984f8210f23d - warehouse_dbt_build - [0m15:52:50
2026-03-06 15:52:50 +0000 - dagster - INFO - 08_operacion_testnet_15m - 33918a70-0045-4e67-bbc9-984f8210f23d - warehouse_dbt_build - [0m15:52:50
2026-03-06 15:52:50 +0000 - dagster - INFO - 08_operacion_testnet_15m - 33918a70-0045-4e67-bbc9-984f8210f23d - warehouse_dbt_build - [0m15:52:50  Finished running  in 0 hours 0 minutes and 0.10 seconds (0.10s).
2026-03-06 15:52:50 +0000 - dagster - INFO - 08_operacion_testnet_15m - 33918a70-0045-4e67-bbc9-984f8210f23d - warehouse_dbt_build - [0m15:52:50  Encountered an error:
2026-03-06 15:52:50 +0000 - dagster - INFO - 08_operacion_testnet_15m - 33918a70-0045-4e67-bbc9-984f8210f23d - warehouse_dbt_build - Runtime Error
2026-03-06 15:52:50 +0000 - dagster - INFO - 08_operacion_testnet_15m - 33918a70-0045-4e67-bbc9-984f8210f23d - warehouse_dbt_build - IO Error: Could not set lock on file "/app/artifacts/warehouse/crypto.duckdb": Conflicting lock is held in /usr/local/bin/python3.11 (PID 28990). See also https://duckdb.org/docs/stable/connect/concurrency
2026-03-06 15:52:51 +0000 - dagster - WARNING - 08_operacion_testnet_15m - 33918a70-0045-4e67-bbc9-984f8210f23d - warehouse_dbt_build - DuckDB lock conflict, retrying in 8s (attempt 3/5)
2026-03-06 15:53:00 +0000 - dagster - INFO - 08_operacion_testnet_15m - 33918a70-0045-4e67-bbc9-984f8210f23d - warehouse_dbt_build - [0m15:53:00  Running with dbt=1.8.8
2026-03-06 15:53:01 +0000 - dagster - INFO - 08_operacion_testnet_15m - 33918a70-0045-4e67-bbc9-984f8210f23d - warehouse_dbt_build - [0m15:53:01  [[33mWARNING[0m]: Deprecated functionality
2026-03-06 15:53:01 +0000 - dagster - INFO - 08_operacion_testnet_15m - 33918a70-0045-4e67-bbc9-984f8210f23d - warehouse_dbt_build - The `tests` config has been renamed to `data_tests`. Please see
2026-03-06 15:53:01 +0000 - dagster - INFO - 08_operacion_testnet_15m - 33918a70-0045-4e67-bbc9-984f8210f23d - warehouse_dbt_build - https://docs.getdbt.com/docs/build/data-tests#new-data_tests-syntax for more
2026-03-06 15:53:01 +0000 - dagster - INFO - 08_operacion_testnet_15m - 33918a70-0045-4e67-bbc9-984f8210f23d - warehouse_dbt_build - information.
2026-03-06 15:53:01 +0000 - dagster - INFO - 08_operacion_testnet_15m - 33918a70-0045-4e67-bbc9-984f8210f23d - warehouse_dbt_build - [0m15:53:01  Registered adapter: duckdb=1.8.2
2026-03-06 15:53:01 +0000 - dagster - INFO - 08_operacion_testnet_15m - 33918a70-0045-4e67-bbc9-984f8210f23d - warehouse_dbt_build - [0m15:53:01  [[33mWARNING[0m]: Configuration paths exist in your dbt_project.yml file which do not apply to any resources.
2026-03-06 15:53:01 +0000 - dagster - INFO - 08_operacion_testnet_15m - 33918a70-0045-4e67-bbc9-984f8210f23d - warehouse_dbt_build - There are 1 unused configuration paths:
2026-03-06 15:53:01 +0000 - dagster - INFO - 08_operacion_testnet_15m - 33918a70-0045-4e67-bbc9-984f8210f23d - warehouse_dbt_build - - seeds.crypto_trading_lakehouse
2026-03-06 15:53:01 +0000 - dagster - INFO - 08_operacion_testnet_15m - 33918a70-0045-4e67-bbc9-984f8210f23d - warehouse_dbt_build - [0m15:53:01  Found 16 models, 18 data tests, 24 sources, 417 macros
2026-03-06 15:53:01 +0000 - dagster - INFO - 08_operacion_testnet_15m - 33918a70-0045-4e67-bbc9-984f8210f23d - warehouse_dbt_build - [0m15:53:01
2026-03-06 15:53:02 +0000 - dagster - INFO - 08_operacion_testnet_15m - 33918a70-0045-4e67-bbc9-984f8210f23d - warehouse_dbt_build - [0m15:53:02  Concurrency: 2 threads (target='local')
2026-03-06 15:53:02 +0000 - dagster - INFO - 08_operacion_testnet_15m - 33918a70-0045-4e67-bbc9-984f8210f23d - warehouse_dbt_build - [0m15:53:02
2026-03-06 15:53:02 +0000 - dagster - INFO - 08_operacion_testnet_15m - 33918a70-0045-4e67-bbc9-984f8210f23d - warehouse_dbt_build - [0m15:53:02  1 of 34 START sql view model main.br_news_sentiment ............................ [RUN]
2026-03-06 15:53:02 +0000 - dagster - INFO - 08_operacion_testnet_15m - 33918a70-0045-4e67-bbc9-984f8210f23d - warehouse_dbt_build - [0m15:53:02  2 of 34 START sql incremental model main.br_stock_prices ....................... [RUN]
2026-03-06 15:53:02 +0000 - dagster - INFO - 08_operacion_testnet_15m - 33918a70-0045-4e67-bbc9-984f8210f23d - warehouse_dbt_build - [0m15:53:02  1 of 34 OK created sql view model main.br_news_sentiment ....................... [[32mOK[0m in 0.37s]
2026-03-06 15:53:02 +0000 - dagster - INFO - 08_operacion_testnet_15m - 33918a70-0045-4e67-bbc9-984f8210f23d - warehouse_dbt_build - [0m15:53:02  3 of 34 START sql view model main.br_x_sentiment ............................... [RUN]
2026-03-06 15:53:02 +0000 - dagster - INFO - 08_operacion_testnet_15m - 33918a70-0045-4e67-bbc9-984f8210f23d - warehouse_dbt_build - [0m15:53:02  2 of 34 OK created sql incremental model main.br_stock_prices .................. [[32mOK[0m in 0.56s]
2026-03-06 15:53:02 +0000 - dagster - INFO - 08_operacion_testnet_15m - 33918a70-0045-4e67-bbc9-984f8210f23d - warehouse_dbt_build - [0m15:53:02  4 of 34 START sql table model main.fct_approved_orders ......................... [RUN]
2026-03-06 15:53:02 +0000 - dagster - INFO - 08_operacion_testnet_15m - 33918a70-0045-4e67-bbc9-984f8210f23d - warehouse_dbt_build - [0m15:53:02  3 of 34 OK created sql view model main.br_x_sentiment .......................... [[32mOK[0m in 0.30s]
2026-03-06 15:53:02 +0000 - dagster - INFO - 08_operacion_testnet_15m - 33918a70-0045-4e67-bbc9-984f8210f23d - warehouse_dbt_build - [0m15:53:02  5 of 34 START sql table model main.fct_raw_signals ............................. [RUN]
2026-03-06 15:53:03 +0000 - dagster - INFO - 08_operacion_testnet_15m - 33918a70-0045-4e67-bbc9-984f8210f23d - warehouse_dbt_build - [0m15:53:03  4 of 34 OK created sql table model main.fct_approved_orders .................... [[32mOK[0m in 0.27s]
2026-03-06 15:53:03 +0000 - dagster - INFO - 08_operacion_testnet_15m - 33918a70-0045-4e67-bbc9-984f8210f23d - warehouse_dbt_build - [0m15:53:03  6 of 34 START sql table model main.int_mlflow_runs ............................. [RUN]
2026-03-06 15:53:03 +0000 - dagster - INFO - 08_operacion_testnet_15m - 33918a70-0045-4e67-bbc9-984f8210f23d - warehouse_dbt_build - [0m15:53:03  5 of 34 OK created sql table model main.fct_raw_signals ........................ [[32mOK[0m in 0.28s]
2026-03-06 15:53:03 +0000 - dagster - INFO - 08_operacion_testnet_15m - 33918a70-0045-4e67-bbc9-984f8210f23d - warehouse_dbt_build - [0m15:53:03  7 of 34 START sql table model main.int_optuna_trials ........................... [RUN]
2026-03-06 15:53:03 +0000 - dagster - INFO - 08_operacion_testnet_15m - 33918a70-0045-4e67-bbc9-984f8210f23d - warehouse_dbt_build - [0m15:53:03  6 of 34 OK created sql table model main.int_mlflow_runs ........................ [[32mOK[0m in 0.29s]
2026-03-06 15:53:03 +0000 - dagster - INFO - 08_operacion_testnet_15m - 33918a70-0045-4e67-bbc9-984f8210f23d - warehouse_dbt_build - [0m15:53:03  8 of 34 START test assert_cross_exchange_snapshot_raw_historical ............... [RUN]
2026-03-06 15:53:03 +0000 - dagster - INFO - 08_operacion_testnet_15m - 33918a70-0045-4e67-bbc9-984f8210f23d - warehouse_dbt_build - [0m15:53:03  8 of 34 PASS assert_cross_exchange_snapshot_raw_historical ..................... [[32mPASS[0m in 0.09s]
2026-03-06 15:53:03 +0000 - dagster - INFO - 08_operacion_testnet_15m - 33918a70-0045-4e67-bbc9-984f8210f23d - warehouse_dbt_build - [0m15:53:03  9 of 34 START test assert_derivatives_flow_raw_historical ...................... [RUN]
2026-03-06 15:53:03 +0000 - dagster - INFO - 08_operacion_testnet_15m - 33918a70-0045-4e67-bbc9-984f8210f23d - warehouse_dbt_build - [0m15:53:03  7 of 34 OK created sql table model main.int_optuna_trials ...................... [[32mOK[0m in 0.44s]
2026-03-06 15:53:03 +0000 - dagster - INFO - 08_operacion_testnet_15m - 33918a70-0045-4e67-bbc9-984f8210f23d - warehouse_dbt_build - [0m15:53:03  10 of 34 START test assert_derivatives_snapshot_raw_historical ................. [RUN]
2026-03-06 15:53:03 +0000 - dagster - INFO - 08_operacion_testnet_15m - 33918a70-0045-4e67-bbc9-984f8210f23d - warehouse_dbt_build - [0m15:53:03  9 of 34 PASS assert_derivatives_flow_raw_historical ............................ [[32mPASS[0m in 0.25s]
2026-03-06 15:53:03 +0000 - dagster - INFO - 08_operacion_testnet_15m - 33918a70-0045-4e67-bbc9-984f8210f23d - warehouse_dbt_build - [0m15:53:03  11 of 34 START test assert_dex_snapshot_raw_historical ......................... [RUN]
2026-03-06 15:53:03 +0000 - dagster - INFO - 08_operacion_testnet_15m - 33918a70-0045-4e67-bbc9-984f8210f23d - warehouse_dbt_build - [0m15:53:03  10 of 34 PASS assert_derivatives_snapshot_raw_historical ....................... [[32mPASS[0m in 0.07s]
2026-03-06 15:53:03 +0000 - dagster - INFO - 08_operacion_testnet_15m - 33918a70-0045-4e67-bbc9-984f8210f23d - warehouse_dbt_build - [0m15:53:03  12 of 34 START test assert_fear_greed_raw_historical ........................... [RUN]
2026-03-06 15:53:03 +0000 - dagster - INFO - 08_operacion_testnet_15m - 33918a70-0045-4e67-bbc9-984f8210f23d - warehouse_dbt_build - [0m15:53:03  12 of 34 PASS assert_fear_greed_raw_historical ................................. [[32mPASS[0m in 0.10s]
2026-03-06 15:53:03 +0000 - dagster - INFO - 08_operacion_testnet_15m - 33918a70-0045-4e67-bbc9-984f8210f23d - warehouse_dbt_build - [0m15:53:03  11 of 34 WARN 1 assert_dex_snapshot_raw_historical ............................. [[33mWARN 1[0m in 0.12s]
2026-03-06 15:53:03 +0000 - dagster - INFO - 08_operacion_testnet_15m - 33918a70-0045-4e67-bbc9-984f8210f23d - warehouse_dbt_build - [0m15:53:03  13 of 34 START test assert_market_snapshot_raw_historical ...................... [RUN]
2026-03-06 15:53:03 +0000 - dagster - INFO - 08_operacion_testnet_15m - 33918a70-0045-4e67-bbc9-984f8210f23d - warehouse_dbt_build - [0m15:53:03  14 of 34 START test not_null_int_mlflow_runs_run_uuid .......................... [RUN]
2026-03-06 15:53:04 +0000 - dagster - INFO - 08_operacion_testnet_15m - 33918a70-0045-4e67-bbc9-984f8210f23d - warehouse_dbt_build - [0m15:53:04  14 of 34 PASS not_null_int_mlflow_runs_run_uuid ................................ [[32mPASS[0m in 0.11s]
2026-03-06 15:53:04 +0000 - dagster - INFO - 08_operacion_testnet_15m - 33918a70-0045-4e67-bbc9-984f8210f23d - warehouse_dbt_build - [0m15:53:04  15 of 34 START test unique_int_mlflow_runs_run_uuid ............................ [RUN]
2026-03-06 15:53:04 +0000 - dagster - INFO - 08_operacion_testnet_15m - 33918a70-0045-4e67-bbc9-984f8210f23d - warehouse_dbt_build - [0m15:53:04  13 of 34 PASS assert_market_snapshot_raw_historical ............................ [[32mPASS[0m in 0.12s]
2026-03-06 15:53:04 +0000 - dagster - INFO - 08_operacion_testnet_15m - 33918a70-0045-4e67-bbc9-984f8210f23d - warehouse_dbt_build - [0m15:53:04  16 of 34 START test not_null_int_optuna_trials_trial_id ........................ [RUN]
2026-03-06 15:53:04 +0000 - dagster - INFO - 08_operacion_testnet_15m - 33918a70-0045-4e67-bbc9-984f8210f23d - warehouse_dbt_build - [0m15:53:04  16 of 34 PASS not_null_int_optuna_trials_trial_id .............................. [[32mPASS[0m in 0.10s]
2026-03-06 15:53:04 +0000 - dagster - INFO - 08_operacion_testnet_15m - 33918a70-0045-4e67-bbc9-984f8210f23d - warehouse_dbt_build - [0m15:53:04  17 of 34 START test unique_int_optuna_trials_trial_id .......................... [RUN]
2026-03-06 15:53:04 +0000 - dagster - INFO - 08_operacion_testnet_15m - 33918a70-0045-4e67-bbc9-984f8210f23d - warehouse_dbt_build - [0m15:53:04  15 of 34 PASS unique_int_mlflow_runs_run_uuid .................................. [[32mPASS[0m in 0.13s]
2026-03-06 15:53:04 +0000 - dagster - INFO - 08_operacion_testnet_15m - 33918a70-0045-4e67-bbc9-984f8210f23d - warehouse_dbt_build - [0m15:53:04  18 of 34 START sql incremental model main.br_macro_context ..................... [RUN]
2026-03-06 15:53:04 +0000 - dagster - INFO - 08_operacion_testnet_15m - 33918a70-0045-4e67-bbc9-984f8210f23d - warehouse_dbt_build - [0m15:53:04  17 of 34 PASS unique_int_optuna_trials_trial_id ................................ [[32mPASS[0m in 0.12s]
2026-03-06 15:53:04 +0000 - dagster - INFO - 08_operacion_testnet_15m - 33918a70-0045-4e67-bbc9-984f8210f23d - warehouse_dbt_build - [0m15:53:04  19 of 34 START sql incremental model main.br_market_snapshot ................... [RUN]
2026-03-06 15:53:04 +0000 - dagster - INFO - 08_operacion_testnet_15m - 33918a70-0045-4e67-bbc9-984f8210f23d - warehouse_dbt_build - [0m15:53:04  18 of 34 OK created sql incremental model main.br_macro_context ................ [[32mOK[0m in 0.29s]
2026-03-06 15:53:05 +0000 - dagster - INFO - 08_operacion_testnet_15m - 33918a70-0045-4e67-bbc9-984f8210f23d - warehouse_dbt_build - [0m15:53:05  19 of 34 OK created sql incremental model main.br_market_snapshot .............. [[32mOK[0m in 1.19s]
2026-03-06 15:53:05 +0000 - dagster - INFO - 08_operacion_testnet_15m - 33918a70-0045-4e67-bbc9-984f8210f23d - warehouse_dbt_build - [0m15:53:05  20 of 34 START test not_null_br_market_snapshot_event_time ..................... [RUN]
2026-03-06 15:53:05 +0000 - dagster - INFO - 08_operacion_testnet_15m - 33918a70-0045-4e67-bbc9-984f8210f23d - warehouse_dbt_build - [0m15:53:05  21 of 34 START test not_null_br_market_snapshot_symbol ......................... [RUN]
2026-03-06 15:53:05 +0000 - dagster - INFO - 08_operacion_testnet_15m - 33918a70-0045-4e67-bbc9-984f8210f23d - warehouse_dbt_build - [0m15:53:05  20 of 34 PASS not_null_br_market_snapshot_event_time ........................... [[32mPASS[0m in 0.12s]
2026-03-06 15:53:05 +0000 - dagster - INFO - 08_operacion_testnet_15m - 33918a70-0045-4e67-bbc9-984f8210f23d - warehouse_dbt_build - [0m15:53:05  21 of 34 PASS not_null_br_market_snapshot_symbol ............................... [[32mPASS[0m in 0.12s]
2026-03-06 15:53:05 +0000 - dagster - INFO - 08_operacion_testnet_15m - 33918a70-0045-4e67-bbc9-984f8210f23d - warehouse_dbt_build - [0m15:53:05  22 of 34 START sql incremental model main.slv_decision_features ................ [RUN]
2026-03-06 15:53:06 +0000 - dagster - INFO - 08_operacion_testnet_15m - 33918a70-0045-4e67-bbc9-984f8210f23d - warehouse_dbt_build - [0m15:53:06  22 of 34 OK created sql incremental model main.slv_decision_features ........... [[32mOK[0m in 1.29s]
2026-03-06 15:53:06 +0000 - dagster - INFO - 08_operacion_testnet_15m - 33918a70-0045-4e67-bbc9-984f8210f23d - warehouse_dbt_build - [0m15:53:06  23 of 34 START test not_null_slv_decision_features_event_time .................. [RUN]
2026-03-06 15:53:06 +0000 - dagster - INFO - 08_operacion_testnet_15m - 33918a70-0045-4e67-bbc9-984f8210f23d - warehouse_dbt_build - [0m15:53:06  24 of 34 START test not_null_slv_decision_features_symbol ...................... [RUN]
2026-03-06 15:53:07 +0000 - dagster - INFO - 08_operacion_testnet_15m - 33918a70-0045-4e67-bbc9-984f8210f23d - warehouse_dbt_build - [0m15:53:07  24 of 34 PASS not_null_slv_decision_features_symbol ............................ [[32mPASS[0m in 0.11s]
2026-03-06 15:53:07 +0000 - dagster - INFO - 08_operacion_testnet_15m - 33918a70-0045-4e67-bbc9-984f8210f23d - warehouse_dbt_build - [0m15:53:07  23 of 34 PASS not_null_slv_decision_features_event_time ........................ [[32mPASS[0m in 0.12s]
2026-03-06 15:53:07 +0000 - dagster - INFO - 08_operacion_testnet_15m - 33918a70-0045-4e67-bbc9-984f8210f23d - warehouse_dbt_build - [0m15:53:07  25 of 34 START sql incremental model main.decision_features .................... [RUN]
2026-03-06 15:53:07 +0000 - dagster - INFO - 08_operacion_testnet_15m - 33918a70-0045-4e67-bbc9-984f8210f23d - warehouse_dbt_build - [0m15:53:07  26 of 34 START sql table model main.fct_liquidity_profile ...................... [RUN]
2026-03-06 15:53:07 +0000 - dagster - INFO - 08_operacion_testnet_15m - 33918a70-0045-4e67-bbc9-984f8210f23d - warehouse_dbt_build - [0m15:53:07  26 of 34 OK created sql table model main.fct_liquidity_profile ................. [[32mOK[0m in 0.76s]
2026-03-06 15:53:07 +0000 - dagster - INFO - 08_operacion_testnet_15m - 33918a70-0045-4e67-bbc9-984f8210f23d - warehouse_dbt_build - [0m15:53:07  27 of 34 START sql table model main.fct_symbol_performance ..................... [RUN]
2026-03-06 15:53:08 +0000 - dagster - INFO - 08_operacion_testnet_15m - 33918a70-0045-4e67-bbc9-984f8210f23d - warehouse_dbt_build - [0m15:53:08  25 of 34 OK created sql incremental model main.decision_features ............... [[32mOK[0m in 1.56s]
2026-03-06 15:53:08 +0000 - dagster - INFO - 08_operacion_testnet_15m - 33918a70-0045-4e67-bbc9-984f8210f23d - warehouse_dbt_build - [0m15:53:08  28 of 34 START test not_null_fct_decision_features_event_time .................. [RUN]
2026-03-06 15:53:08 +0000 - dagster - INFO - 08_operacion_testnet_15m - 33918a70-0045-4e67-bbc9-984f8210f23d - warehouse_dbt_build - [0m15:53:08  28 of 34 PASS not_null_fct_decision_features_event_time ........................ [[32mPASS[0m in 0.07s]
2026-03-06 15:53:08 +0000 - dagster - INFO - 08_operacion_testnet_15m - 33918a70-0045-4e67-bbc9-984f8210f23d - warehouse_dbt_build - [0m15:53:08  29 of 34 START test not_null_fct_decision_features_feature_id .................. [RUN]
2026-03-06 15:53:08 +0000 - dagster - INFO - 08_operacion_testnet_15m - 33918a70-0045-4e67-bbc9-984f8210f23d - warehouse_dbt_build - [0m15:53:08  29 of 34 PASS not_null_fct_decision_features_feature_id ........................ [[32mPASS[0m in 0.06s]
2026-03-06 15:53:08 +0000 - dagster - INFO - 08_operacion_testnet_15m - 33918a70-0045-4e67-bbc9-984f8210f23d - warehouse_dbt_build - [0m15:53:08  30 of 34 START test not_null_fct_decision_features_symbol ...................... [RUN]
2026-03-06 15:53:08 +0000 - dagster - INFO - 08_operacion_testnet_15m - 33918a70-0045-4e67-bbc9-984f8210f23d - warehouse_dbt_build - [0m15:53:08  30 of 34 PASS not_null_fct_decision_features_symbol ............................ [[32mPASS[0m in 0.10s]
2026-03-06 15:53:08 +0000 - dagster - INFO - 08_operacion_testnet_15m - 33918a70-0045-4e67-bbc9-984f8210f23d - warehouse_dbt_build - [0m15:53:08  31 of 34 START test unique_fct_decision_features_feature_id .................... [RUN]
2026-03-06 15:53:09 +0000 - dagster - INFO - 08_operacion_testnet_15m - 33918a70-0045-4e67-bbc9-984f8210f23d - warehouse_dbt_build - [0m15:53:08  31 of 34 WARN 19 unique_fct_decision_features_feature_id ....................... [[33mWARN 19[0m in 0.12s]
2026-03-06 15:53:09 +0000 - dagster - INFO - 08_operacion_testnet_15m - 33918a70-0045-4e67-bbc9-984f8210f23d - warehouse_dbt_build - [0m15:53:09  32 of 34 START sql table model main.fct_anomaly_detection ...................... [RUN]
2026-03-06 15:53:09 +0000 - dagster - INFO - 08_operacion_testnet_15m - 33918a70-0045-4e67-bbc9-984f8210f23d - warehouse_dbt_build - [0m15:53:09  32 of 34 OK created sql table model main.fct_anomaly_detection ................. [[32mOK[0m in 0.35s]
2026-03-06 15:53:09 +0000 - dagster - INFO - 08_operacion_testnet_15m - 33918a70-0045-4e67-bbc9-984f8210f23d - warehouse_dbt_build - [0m15:53:09  33 of 34 START sql table model main.fct_market_summary ......................... [RUN]
2026-03-06 15:53:09 +0000 - dagster - INFO - 08_operacion_testnet_15m - 33918a70-0045-4e67-bbc9-984f8210f23d - warehouse_dbt_build - [0m15:53:09  33 of 34 OK created sql table model main.fct_market_summary .................... [[32mOK[0m in 0.14s]
2026-03-06 15:53:09 +0000 - dagster - INFO - 08_operacion_testnet_15m - 33918a70-0045-4e67-bbc9-984f8210f23d - warehouse_dbt_build - [0m15:53:09  34 of 34 START sql table model main.fct_momentum_rankings ...................... [RUN]
2026-03-06 15:53:09 +0000 - dagster - INFO - 08_operacion_testnet_15m - 33918a70-0045-4e67-bbc9-984f8210f23d - warehouse_dbt_build - [0m15:53:09  34 of 34 OK created sql table model main.fct_momentum_rankings ................. [[32mOK[0m in 0.16s]
2026-03-06 15:53:11 +0000 - dagster - INFO - 08_operacion_testnet_15m - 33918a70-0045-4e67-bbc9-984f8210f23d - warehouse_dbt_build - [0m15:53:11  27 of 34 OK created sql table model main.fct_symbol_performance ................ [[32mOK[0m in 3.51s]
2026-03-06 15:53:11 +0000 - dagster - INFO - 08_operacion_testnet_15m - 33918a70-0045-4e67-bbc9-984f8210f23d - warehouse_dbt_build - [0m15:53:11
2026-03-06 15:53:11 +0000 - dagster - INFO - 08_operacion_testnet_15m - 33918a70-0045-4e67-bbc9-984f8210f23d - warehouse_dbt_build - [0m15:53:11  Finished running 2 view models, 5 incremental models, 9 table models, 18 data tests in 0 hours 0 minutes and 9.54 seconds (9.54s).
2026-03-06 15:53:11 +0000 - dagster - INFO - 08_operacion_testnet_15m - 33918a70-0045-4e67-bbc9-984f8210f23d - warehouse_dbt_build - [0m15:53:11
2026-03-06 15:53:11 +0000 - dagster - INFO - 08_operacion_testnet_15m - 33918a70-0045-4e67-bbc9-984f8210f23d - warehouse_dbt_build - [0m15:53:11  [33mCompleted with 2 warnings:[0m
2026-03-06 15:53:11 +0000 - dagster - INFO - 08_operacion_testnet_15m - 33918a70-0045-4e67-bbc9-984f8210f23d - warehouse_dbt_build - [0m15:53:11
2026-03-06 15:53:11 +0000 - dagster - INFO - 08_operacion_testnet_15m - 33918a70-0045-4e67-bbc9-984f8210f23d - warehouse_dbt_build - [0m15:53:11  [33mWarning in test assert_dex_snapshot_raw_historical (tests/assert_dex_snapshot_raw_historical.sql)[0m
2026-03-06 15:53:11 +0000 - dagster - INFO - 08_operacion_testnet_15m - 33918a70-0045-4e67-bbc9-984f8210f23d - warehouse_dbt_build - [0m15:53:11  Got 1 result, configured to warn if != 0
2026-03-06 15:53:11 +0000 - dagster - INFO - 08_operacion_testnet_15m - 33918a70-0045-4e67-bbc9-984f8210f23d - warehouse_dbt_build - [0m15:53:11
2026-03-06 15:53:11 +0000 - dagster - INFO - 08_operacion_testnet_15m - 33918a70-0045-4e67-bbc9-984f8210f23d - warehouse_dbt_build - [0m15:53:11    compiled code at target/compiled/crypto_trading_lakehouse/tests/assert_dex_snapshot_raw_historical.sql
2026-03-06 15:53:11 +0000 - dagster - INFO - 08_operacion_testnet_15m - 33918a70-0045-4e67-bbc9-984f8210f23d - warehouse_dbt_build - [0m15:53:11
2026-03-06 15:53:11 +0000 - dagster - INFO - 08_operacion_testnet_15m - 33918a70-0045-4e67-bbc9-984f8210f23d - warehouse_dbt_build - [0m15:53:11  [33mWarning in test unique_fct_decision_features_feature_id (models/schema.yml)[0m
2026-03-06 15:53:11 +0000 - dagster - INFO - 08_operacion_testnet_15m - 33918a70-0045-4e67-bbc9-984f8210f23d - warehouse_dbt_build - [0m15:53:11  Got 19 results, configured to warn if != 0
2026-03-06 15:53:11 +0000 - dagster - INFO - 08_operacion_testnet_15m - 33918a70-0045-4e67-bbc9-984f8210f23d - warehouse_dbt_build - [0m15:53:11
2026-03-06 15:53:11 +0000 - dagster - INFO - 08_operacion_testnet_15m - 33918a70-0045-4e67-bbc9-984f8210f23d - warehouse_dbt_build - [0m15:53:11    compiled code at target/compiled/crypto_trading_lakehouse/models/schema.yml/unique_fct_decision_features_feature_id.sql
2026-03-06 15:53:11 +0000 - dagster - INFO - 08_operacion_testnet_15m - 33918a70-0045-4e67-bbc9-984f8210f23d - warehouse_dbt_build - [0m15:53:11
2026-03-06 15:53:11 +0000 - dagster - INFO - 08_operacion_testnet_15m - 33918a70-0045-4e67-bbc9-984f8210f23d - warehouse_dbt_build - [0m15:53:11  Done. PASS=32 WARN=2 ERROR=0 SKIP=0 TOTAL=34
2026-03-06 15:53:12 +0000 - dagster - DEBUG - 08_operacion_testnet_15m - 33918a70-0045-4e67-bbc9-984f8210f23d - 28089 - warehouse_dbt_build - STEP_OUTPUT - Yielded output "result" of type "Any". (Type check passed).
2026-03-06 15:53:12 +0000 - dagster - DEBUG - 08_operacion_testnet_15m - 33918a70-0045-4e67-bbc9-984f8210f23d - 28089 - warehouse_dbt_build - ASSET_MATERIALIZATION - Materialized value warehouse_dbt_build.
2026-03-06 15:53:12 +0000 - dagster - DEBUG - 08_operacion_testnet_15m - 33918a70-0045-4e67-bbc9-984f8210f23d - 28089 - warehouse_dbt_build - STEP_SUCCESS - Finished execution of step "warehouse_dbt_build" in 51.22s.
