2026-03-06 11:52:17 +0000 - dagster - DEBUG - 08_operacion_testnet_15m - 074701fd-5099-4243-9538-09fed250dddd - 29054 - LOGS_CAPTURED - Started capturing logs in process (pid: 29054).
2026-03-06 11:52:17 +0000 - dagster - DEBUG - 08_operacion_testnet_15m - 074701fd-5099-4243-9538-09fed250dddd - 29054 - ml_metadata_sync - STEP_START - Started execution of step "ml_metadata_sync".
2026-03-06 11:52:17 +0000 - dagster - INFO - 08_operacion_testnet_15m - 074701fd-5099-4243-9538-09fed250dddd - ml_metadata_sync - Running ML Metadata Sync: /usr/local/bin/python3.11 /app/data_platform/loaders/ml_metadata_loader.py
2026-03-06 11:52:18 +0000 - dagster - ERROR - 08_operacion_testnet_15m - 074701fd-5099-4243-9538-09fed250dddd - 29054 - ml_metadata_sync - STEP_FAILURE - Execution of step "ml_metadata_sync" failed.

dagster._core.errors.DagsterExecutionStepExecutionError: Error occurred while executing op "ml_metadata_sync"::

RuntimeError: ML Metadata Sync failed:
stdout=Syncing ML metadata to /app/artifacts/warehouse/crypto.duckdb...

stderr=Traceback (most recent call last):
  File "/app/data_platform/loaders/ml_metadata_loader.py", line 119, in <module>
    sync_ml_metadata(str(mlflow_db), str(optuna_db), duckdb_path)
  File "/app/data_platform/loaders/ml_metadata_loader.py", line 67, in sync_ml_metadata
    con = duckdb.connect(duckdb_path)
          ^^^^^^^^^^^^^^^^^^^^^^^^^^^
_duckdb.IOException: IO Error: Could not set lock on file "/app/artifacts/warehouse/crypto.duckdb": Conflicting lock is held in /usr/local/bin/python3.11 (PID 29035). See also https://duckdb.org/docs/stable/connect/concurrency


Stack Trace:
  File "/usr/local/lib/python3.11/site-packages/dagster/_core/execution/plan/utils.py", line 57, in op_execution_error_boundary
    yield
  File "/usr/local/lib/python3.11/site-packages/dagster/_utils/__init__.py", line 394, in iterate_with_context
    next_output = next(iterator)
                  ^^^^^^^^^^^^^^
  File "/usr/local/lib/python3.11/site-packages/dagster/_core/execution/plan/compute_generator.py", line 135, in _coerce_op_compute_fn_to_iterator
    result = invoke_compute_fn(
             ^^^^^^^^^^^^^^^^^^
  File "/usr/local/lib/python3.11/site-packages/dagster/_core/execution/plan/compute_generator.py", line 115, in invoke_compute_fn
    return fn(context, **args_to_pass) if context_arg_provided else fn(**args_to_pass)
           ^^^^^^^^^^^^^^^^^^^^^^^^^^^
  File "/app/data_platform/orchestration/dagster/assets.py", line 208, in ml_metadata_sync
    raise RuntimeError(f"ML Metadata Sync failed:\nstdout={result.stdout}\nstderr={result.stderr}")

