2026-03-06 11:52:17 +0000 - dagster - DEBUG - 08_operacion_testnet_15m - 074701fd-5099-4243-9538-09fed250dddd - 29056 - LOGS_CAPTURED - Started capturing logs in process (pid: 29056).
2026-03-06 11:52:17 +0000 - dagster - DEBUG - 08_operacion_testnet_15m - 074701fd-5099-4243-9538-09fed250dddd - 29056 - stock_market_ingest - STEP_START - Started execution of step "stock_market_ingest".
2026-03-06 11:52:17 +0000 - dagster - INFO - 08_operacion_testnet_15m - 074701fd-5099-4243-9538-09fed250dddd - stock_market_ingest - Running stock market ingest: /usr/local/bin/python3.11 /app/data_platform/loaders/stock_market_loader.py
2026-03-06 11:52:21 +0000 - dagster - ERROR - 08_operacion_testnet_15m - 074701fd-5099-4243-9538-09fed250dddd - stock_market_ingest - Stock ingest failed (exit 1):
stdout:
(empty)
stderr:
Traceback (most recent call last):
  File "/usr/local/lib/python3.11/site-packages/dlt/destinations/sql_client.py", line 479, in _wrap
    return f(self, *args, **kwargs)
           ^^^^^^^^^^^^^^^^^^^^^^^^
  File "/usr/local/lib/python3.11/site-packages/dlt/destinations/impl/duckdb/sql_client.py", line 121, in open_connection
    self._conn = self.credentials.conn_pool.borrow_conn(
                 ^^^^^^^^^^^^^^^^^^^^^^^^^^^^^^^^^^^^^^^
  File "/usr/local/lib/python3.11/site-packages/dlt/destinations/impl/duckdb/configuration.py", line 131, in borrow_conn
    new_conn = duckdb.connect(
               ^^^^^^^^^^^^^^^
_duckdb.IOException: IO Error: Could not set lock on file "/app/artifacts/warehouse/crypto.duckdb": Conflicting lock is held in /usr/local/bin/python3.11 (PID 29035). See also https://duckdb.org/docs/stable/connect/concurrency

During handling of the above exception, another exception occurred:

Traceback (most recent call last):
  File "/usr/local/lib/python3.11/site-packages/dlt/pipeline/pipeline.py", line 803, in _sync_destination
    remote_state = self._restore_state_from_destination()
                   ^^^^^^^^^^^^^^^^^^^^^^^^^^^^^^^^^^^^^^
  File "/usr/local/lib/python3.11/site-packages/dlt/pipeline/pipeline.py", line 1623, in _restore_state_from_destination
    with self._get_destination_clients(schema)[0] as job_client:
  File "/usr/local/lib/python3.11/site-packages/dlt/destinations/job_client_impl.py", line 426, in __enter__
    self.sql_client.open_connection()
  File "/usr/local/lib/python3.11/site-packages/dlt/destinations/sql_client.py", line 487, in _wrap
    raise DestinationConnectionError(type(self).__name__, self.dataset_name, str(ex), ex)
dlt.destinations.exceptions.DestinationConnectionError: Connection with `client_type=DuckDbSqlClient` to `dataset_name=main` failed. Please check if you configured the credentials at all and provided the right credentials values. You can be also denied access or your internet connection may be down. The actual reason given is: IO Error: Could not set lock on file "/app/artifacts/warehouse/crypto.duckdb": Conflicting lock is held in /usr/local/bin/python3.11 (PID 29035). See also https://duckdb.org/docs/stable/connect/concurrency

The above exception was the direct cause of the following exception:

Traceback (most recent call last):
  File "/app/data_platform/loaders/stock_market_loader.py", line 117, in <module>
    load_info = pipeline.run(stock_market_source(symbols=test_symbols))
                ^^^^^^^^^^^^^^^^^^^^^^^^^^^^^^^^^^^^^^^^^^^^^^^^^^^^^^^
  File "/usr/local/lib/python3.11/site-packages/dlt/pipeline/pipeline.py", line 224, in _wrap
    step_info = f(self, *args, **kwargs)
                ^^^^^^^^^^^^^^^^^^^^^^^^
  File "/usr/local/lib/python3.11/site-packages/dlt/pipeline/pipeline.py", line 272, in _wrap
    return f(self, *args, **kwargs)
           ^^^^^^^^^^^^^^^^^^^^^^^^
  File "/usr/local/lib/python3.11/site-packages/dlt/pipeline/pipeline.py", line 728, in run
    self._sync_destination(destination, staging, dataset_name)
  File "/usr/local/lib/python3.11/site-packages/dlt/pipeline/pipeline.py", line 178, in _wrap
    rv = f(self, *args, **kwargs)
         ^^^^^^^^^^^^^^^^^^^^^^^^
  File "/usr/local/lib/python3.11/site-packages/dlt/pipeline/pipeline.py", line 898, in _sync_destination
    raise PipelineStepFailed(self, "sync", None, ex, None) from ex
dlt.pipeline.exceptions.PipelineStepFailed: Pipeline execution failed at `step=sync` with exception:

<class 'dlt.destinations.exceptions.DestinationConnectionError'>
Connection with `client_type=DuckDbSqlClient` to `dataset_name=main` failed. Please check if you configured the credentials at all and provided the right credentials values. You can be also denied access or your internet connection may be down. The actual reason given is: IO Error: Could not set lock on file "/app/artifacts/warehouse/crypto.duckdb": Conflicting lock is held in /usr/local/bin/python3.11 (PID 29035). See also https://duckdb.org/docs/stable/connect/concurrency

2026-03-06 11:52:21 +0000 - dagster - ERROR - 08_operacion_testnet_15m - 074701fd-5099-4243-9538-09fed250dddd - 29056 - stock_market_ingest - STEP_FAILURE - Execution of step "stock_market_ingest" failed.

dagster._core.errors.DagsterExecutionStepExecutionError: Error occurred while executing op "stock_market_ingest"::

RuntimeError: Stock ingest failed (exit 1):
stdout:
(empty)
stderr:
Traceback (most recent call last):
  File "/usr/local/lib/python3.11/site-packages/dlt/destinations/sql_client.py", line 479, in _wrap
    return f(self, *args, **kwargs)
           ^^^^^^^^^^^^^^^^^^^^^^^^
  File "/usr/local/lib/python3.11/site-packages/dlt/destinations/impl/duckdb/sql_client.py", line 121, in open_connection
    self._conn = self.credentials.conn_pool.borrow_conn(
                 ^^^^^^^^^^^^^^^^^^^^^^^^^^^^^^^^^^^^^^^
  File "/usr/local/lib/python3.11/site-packages/dlt/destinations/impl/duckdb/configuration.py", line 131, in borrow_conn
    new_conn = duckdb.connect(
               ^^^^^^^^^^^^^^^
_duckdb.IOException: IO Error: Could not set lock on file "/app/artifacts/warehouse/crypto.duckdb": Conflicting lock is held in /usr/local/bin/python3.11 (PID 29035). See also https://duckdb.org/docs/stable/connect/concurrency

During handling of the above exception, another exception occurred:

Traceback (most recent call last):
  File "/usr/local/lib/python3.11/site-packages/dlt/pipeline/pipeline.py", line 803, in _sync_destination
    remote_state = self._restore_state_from_destination()
                   ^^^^^^^^^^^^^^^^^^^^^^^^^^^^^^^^^^^^^^
  File "/usr/local/lib/python3.11/site-packages/dlt/pipeline/pipeline.py", line 1623, in _restore_state_from_destination
    with self._get_destination_clients(schema)[0] as job_client:
  File "/usr/local/lib/python3.11/site-packages/dlt/destinations/job_client_impl.py", line 426, in __enter__
    self.sql_client.open_connection()
  File "/usr/local/lib/python3.11/site-packages/dlt/destinations/sql_client.py", line 487, in _wrap
    raise DestinationConnectionError(type(self).__name__, self.dataset_name, str(ex), ex)
dlt.destinations.exceptions.DestinationConnectionError: Connection with `client_type=DuckDbSqlClient` to `dataset_name=main` failed. Please check if you configured the credentials at all and provided the right credentials values. You can be also denied access or your internet connection may be down. The actual reason given is: IO Error: Could not set lock on file "/app/artifacts/warehouse/crypto.duckdb": Conflicting lock is held in /usr/local/bin/python3.11 (PID 29035). See also https://duckdb.org/docs/stable/connect/concurrency

The above exception was the direct cause of the following exception:

Traceback (most recent call last):
  File "/app/data_platform/loaders/stock_market_loader.py", line 117, in <module>
    load_info = pipeline.run(stock_market_source(symbols=test_symbols))
                ^^^^^^^^^^^^^^^^^^^^^^^^^^^^^^^^^^^^^^^^^^^^^^^^^^^^^^^
  File "/usr/local/lib/python3.11/site-packages/dlt/pipeline/pipeline.py", line 224, in _wrap
    step_info = f(self, *args, **kwargs)
                ^^^^^^^^^^^^^^^^^^^^^^^^
  File "/usr/local/lib/python3.11/site-packages/dlt/pipeline/pipeline.py", line 272, in _wrap
    return f(self, *args, **kwargs)
           ^^^^^^^^^^^^^^^^^^^^^^^^
  File "/usr/local/lib/python3.11/site-packages/dlt/pipeline/pipeline.py", line 728, in run
    self._sync_destination(destination, staging, dataset_name)
  File "/usr/local/lib/python3.11/site-packages/dlt/pipeline/pipeline.py", line 178, in _wrap
    rv = f(self, *args, **kwargs)
         ^^^^^^^^^^^^^^^^^^^^^^^^
  File "/usr/local/lib/python3.11/site-packages/dlt/pipeline/pipeline.py", line 898, in _sync_destination
    raise PipelineStepFailed(self, "sync", None, ex, None) from ex
dlt.pipeline.exceptions.PipelineStepFailed: Pipeline execution failed at `step=sync` with exception:

<class 'dlt.destinations.exceptions.DestinationConnectionError'>
Connection with `client_type=DuckDbSqlClient` to `dataset_name=main` failed. Please check if you configured the credentials at all and provided the right credentials values. You can be also denied access or your internet connection may be down. The actual reason given is: IO Error: Could not set lock on file "/app/artifacts/warehouse/crypto.duckdb": Conflicting lock is held in /usr/local/bin/python3.11 (PID 29035). See also https://duckdb.org/docs/stable/connect/concurrency


Stack Trace:
  File "/usr/local/lib/python3.11/site-packages/dagster/_core/execution/plan/utils.py", line 57, in op_execution_error_boundary
    yield
  File "/usr/local/lib/python3.11/site-packages/dagster/_utils/__init__.py", line 394, in iterate_with_context
    next_output = next(iterator)
                  ^^^^^^^^^^^^^^
  File "/usr/local/lib/python3.11/site-packages/dagster/_core/execution/plan/compute_generator.py", line 135, in _coerce_op_compute_fn_to_iterator
    result = invoke_compute_fn(
             ^^^^^^^^^^^^^^^^^^
  File "/usr/local/lib/python3.11/site-packages/dagster/_core/execution/plan/compute_generator.py", line 115, in invoke_compute_fn
    return fn(context, **args_to_pass) if context_arg_provided else fn(**args_to_pass)
           ^^^^^^^^^^^^^^^^^^^^^^^^^^^
  File "/app/data_platform/orchestration/dagster/assets.py", line 108, in stock_market_ingest
    raise RuntimeError(err_msg)

