2026-03-06 16:37:21 +0000 - dagster - DEBUG - 08_operacion_testnet_15m - 3e2ef67b-58e3-47b4-8921-c01b04b7473e - 16081 - LOGS_CAPTURED - Started capturing logs in process (pid: 16081).
2026-03-06 16:37:21 +0000 - dagster - DEBUG - 08_operacion_testnet_15m - 3e2ef67b-58e3-47b4-8921-c01b04b7473e - 16081 - warehouse_dbt_build - STEP_START - Started execution of step "warehouse_dbt_build".
2026-03-06 16:37:24 +0000 - dagster - INFO - 08_operacion_testnet_15m - 3e2ef67b-58e3-47b4-8921-c01b04b7473e - warehouse_dbt_build - [0m16:37:24  Running with dbt=1.8.8
2026-03-06 16:37:24 +0000 - dagster - INFO - 08_operacion_testnet_15m - 3e2ef67b-58e3-47b4-8921-c01b04b7473e - warehouse_dbt_build - [0m16:37:24  [[33mWARNING[0m]: Deprecated functionality
2026-03-06 16:37:24 +0000 - dagster - INFO - 08_operacion_testnet_15m - 3e2ef67b-58e3-47b4-8921-c01b04b7473e - warehouse_dbt_build - The `tests` config has been renamed to `data_tests`. Please see
2026-03-06 16:37:24 +0000 - dagster - INFO - 08_operacion_testnet_15m - 3e2ef67b-58e3-47b4-8921-c01b04b7473e - warehouse_dbt_build - https://docs.getdbt.com/docs/build/data-tests#new-data_tests-syntax for more
2026-03-06 16:37:24 +0000 - dagster - INFO - 08_operacion_testnet_15m - 3e2ef67b-58e3-47b4-8921-c01b04b7473e - warehouse_dbt_build - information.
2026-03-06 16:37:24 +0000 - dagster - INFO - 08_operacion_testnet_15m - 3e2ef67b-58e3-47b4-8921-c01b04b7473e - warehouse_dbt_build - [0m16:37:24  Registered adapter: duckdb=1.8.2
2026-03-06 16:37:24 +0000 - dagster - INFO - 08_operacion_testnet_15m - 3e2ef67b-58e3-47b4-8921-c01b04b7473e - warehouse_dbt_build - [0m16:37:24  [[33mWARNING[0m]: Configuration paths exist in your dbt_project.yml file which do not apply to any resources.
2026-03-06 16:37:24 +0000 - dagster - INFO - 08_operacion_testnet_15m - 3e2ef67b-58e3-47b4-8921-c01b04b7473e - warehouse_dbt_build - There are 1 unused configuration paths:
2026-03-06 16:37:24 +0000 - dagster - INFO - 08_operacion_testnet_15m - 3e2ef67b-58e3-47b4-8921-c01b04b7473e - warehouse_dbt_build - - seeds.crypto_trading_lakehouse
2026-03-06 16:37:25 +0000 - dagster - INFO - 08_operacion_testnet_15m - 3e2ef67b-58e3-47b4-8921-c01b04b7473e - warehouse_dbt_build - [0m16:37:25  Found 16 models, 18 data tests, 24 sources, 417 macros
2026-03-06 16:37:25 +0000 - dagster - INFO - 08_operacion_testnet_15m - 3e2ef67b-58e3-47b4-8921-c01b04b7473e - warehouse_dbt_build - [0m16:37:25
2026-03-06 16:37:25 +0000 - dagster - INFO - 08_operacion_testnet_15m - 3e2ef67b-58e3-47b4-8921-c01b04b7473e - warehouse_dbt_build - [0m16:37:25  Concurrency: 2 threads (target='local')
2026-03-06 16:37:25 +0000 - dagster - INFO - 08_operacion_testnet_15m - 3e2ef67b-58e3-47b4-8921-c01b04b7473e - warehouse_dbt_build - [0m16:37:25
2026-03-06 16:37:25 +0000 - dagster - INFO - 08_operacion_testnet_15m - 3e2ef67b-58e3-47b4-8921-c01b04b7473e - warehouse_dbt_build - [0m16:37:25  1 of 34 START sql view model main.br_news_sentiment ............................ [RUN]
2026-03-06 16:37:25 +0000 - dagster - INFO - 08_operacion_testnet_15m - 3e2ef67b-58e3-47b4-8921-c01b04b7473e - warehouse_dbt_build - [0m16:37:25  2 of 34 START sql incremental model main.br_stock_prices ....................... [RUN]
2026-03-06 16:37:25 +0000 - dagster - INFO - 08_operacion_testnet_15m - 3e2ef67b-58e3-47b4-8921-c01b04b7473e - warehouse_dbt_build - [0m16:37:25  2 of 34 ERROR creating sql incremental model main.br_stock_prices .............. [[31mERROR[0m in 0.27s]
2026-03-06 16:37:25 +0000 - dagster - INFO - 08_operacion_testnet_15m - 3e2ef67b-58e3-47b4-8921-c01b04b7473e - warehouse_dbt_build - [0m16:37:25  1 of 34 ERROR creating sql view model main.br_news_sentiment ................... [[31mERROR[0m in 0.28s]
2026-03-06 16:37:25 +0000 - dagster - INFO - 08_operacion_testnet_15m - 3e2ef67b-58e3-47b4-8921-c01b04b7473e - warehouse_dbt_build - [0m16:37:25  3 of 34 START sql view model main.br_x_sentiment ............................... [RUN]
2026-03-06 16:37:25 +0000 - dagster - INFO - 08_operacion_testnet_15m - 3e2ef67b-58e3-47b4-8921-c01b04b7473e - warehouse_dbt_build - [0m16:37:25  4 of 34 START sql table model main.fct_approved_orders ......................... [RUN]
2026-03-06 16:37:26 +0000 - dagster - INFO - 08_operacion_testnet_15m - 3e2ef67b-58e3-47b4-8921-c01b04b7473e - warehouse_dbt_build - [0m16:37:26  3 of 34 ERROR creating sql view model main.br_x_sentiment ...................... [[31mERROR[0m in 0.09s]
2026-03-06 16:37:26 +0000 - dagster - INFO - 08_operacion_testnet_15m - 3e2ef67b-58e3-47b4-8921-c01b04b7473e - warehouse_dbt_build - [0m16:37:26  5 of 34 START sql table model main.fct_raw_signals ............................. [RUN]
2026-03-06 16:37:26 +0000 - dagster - INFO - 08_operacion_testnet_15m - 3e2ef67b-58e3-47b4-8921-c01b04b7473e - warehouse_dbt_build - [0m16:37:26  4 of 34 ERROR creating sql table model main.fct_approved_orders ................ [[31mERROR[0m in 0.09s]
2026-03-06 16:37:26 +0000 - dagster - INFO - 08_operacion_testnet_15m - 3e2ef67b-58e3-47b4-8921-c01b04b7473e - warehouse_dbt_build - [0m16:37:26  6 of 34 START sql table model main.int_mlflow_runs ............................. [RUN]
2026-03-06 16:37:26 +0000 - dagster - INFO - 08_operacion_testnet_15m - 3e2ef67b-58e3-47b4-8921-c01b04b7473e - warehouse_dbt_build - [0m16:37:26  5 of 34 ERROR creating sql table model main.fct_raw_signals .................... [[31mERROR[0m in 0.07s]
2026-03-06 16:37:26 +0000 - dagster - INFO - 08_operacion_testnet_15m - 3e2ef67b-58e3-47b4-8921-c01b04b7473e - warehouse_dbt_build - [0m16:37:26  7 of 34 START sql table model main.int_optuna_trials ........................... [RUN]
2026-03-06 16:37:26 +0000 - dagster - INFO - 08_operacion_testnet_15m - 3e2ef67b-58e3-47b4-8921-c01b04b7473e - warehouse_dbt_build - [0m16:37:26  6 of 34 ERROR creating sql table model main.int_mlflow_runs .................... [[31mERROR[0m in 0.07s]
2026-03-06 16:37:26 +0000 - dagster - INFO - 08_operacion_testnet_15m - 3e2ef67b-58e3-47b4-8921-c01b04b7473e - warehouse_dbt_build - [0m16:37:26  8 of 34 START test assert_cross_exchange_snapshot_raw_historical ............... [RUN]
2026-03-06 16:37:26 +0000 - dagster - INFO - 08_operacion_testnet_15m - 3e2ef67b-58e3-47b4-8921-c01b04b7473e - warehouse_dbt_build - [0m16:37:26  7 of 34 ERROR creating sql table model main.int_optuna_trials .................. [[31mERROR[0m in 0.11s]
2026-03-06 16:37:26 +0000 - dagster - INFO - 08_operacion_testnet_15m - 3e2ef67b-58e3-47b4-8921-c01b04b7473e - warehouse_dbt_build - [0m16:37:26  8 of 34 ERROR assert_cross_exchange_snapshot_raw_historical .................... [[31mERROR[0m in 0.10s]
2026-03-06 16:37:26 +0000 - dagster - INFO - 08_operacion_testnet_15m - 3e2ef67b-58e3-47b4-8921-c01b04b7473e - warehouse_dbt_build - [0m16:37:26  9 of 34 START test assert_derivatives_flow_raw_historical ...................... [RUN]
2026-03-06 16:37:26 +0000 - dagster - INFO - 08_operacion_testnet_15m - 3e2ef67b-58e3-47b4-8921-c01b04b7473e - warehouse_dbt_build - [0m16:37:26  10 of 34 START test assert_derivatives_snapshot_raw_historical ................. [RUN]
2026-03-06 16:37:26 +0000 - dagster - INFO - 08_operacion_testnet_15m - 3e2ef67b-58e3-47b4-8921-c01b04b7473e - warehouse_dbt_build - [0m16:37:26  9 of 34 ERROR assert_derivatives_flow_raw_historical ........................... [[31mERROR[0m in 0.08s]
2026-03-06 16:37:26 +0000 - dagster - INFO - 08_operacion_testnet_15m - 3e2ef67b-58e3-47b4-8921-c01b04b7473e - warehouse_dbt_build - [0m16:37:26  11 of 34 START test assert_dex_snapshot_raw_historical ......................... [RUN]
2026-03-06 16:37:26 +0000 - dagster - INFO - 08_operacion_testnet_15m - 3e2ef67b-58e3-47b4-8921-c01b04b7473e - warehouse_dbt_build - [0m16:37:26  10 of 34 ERROR assert_derivatives_snapshot_raw_historical ...................... [[31mERROR[0m in 0.08s]
2026-03-06 16:37:26 +0000 - dagster - INFO - 08_operacion_testnet_15m - 3e2ef67b-58e3-47b4-8921-c01b04b7473e - warehouse_dbt_build - [0m16:37:26  12 of 34 START test assert_fear_greed_raw_historical ........................... [RUN]
2026-03-06 16:37:26 +0000 - dagster - INFO - 08_operacion_testnet_15m - 3e2ef67b-58e3-47b4-8921-c01b04b7473e - warehouse_dbt_build - [0m16:37:26  11 of 34 ERROR assert_dex_snapshot_raw_historical .............................. [[31mERROR[0m in 0.07s]
2026-03-06 16:37:26 +0000 - dagster - INFO - 08_operacion_testnet_15m - 3e2ef67b-58e3-47b4-8921-c01b04b7473e - warehouse_dbt_build - [0m16:37:26  13 of 34 START test assert_market_snapshot_raw_historical ...................... [RUN]
2026-03-06 16:37:26 +0000 - dagster - INFO - 08_operacion_testnet_15m - 3e2ef67b-58e3-47b4-8921-c01b04b7473e - warehouse_dbt_build - [0m16:37:26  12 of 34 ERROR assert_fear_greed_raw_historical ................................ [[31mERROR[0m in 0.07s]
2026-03-06 16:37:26 +0000 - dagster - INFO - 08_operacion_testnet_15m - 3e2ef67b-58e3-47b4-8921-c01b04b7473e - warehouse_dbt_build - [0m16:37:26  14 of 34 SKIP test not_null_int_mlflow_runs_run_uuid ........................... [[33mSKIP[0m]
2026-03-06 16:37:26 +0000 - dagster - INFO - 08_operacion_testnet_15m - 3e2ef67b-58e3-47b4-8921-c01b04b7473e - warehouse_dbt_build - [0m16:37:26  15 of 34 SKIP test unique_int_mlflow_runs_run_uuid ............................. [[33mSKIP[0m]
2026-03-06 16:37:26 +0000 - dagster - INFO - 08_operacion_testnet_15m - 3e2ef67b-58e3-47b4-8921-c01b04b7473e - warehouse_dbt_build - [0m16:37:26  16 of 34 SKIP test not_null_int_optuna_trials_trial_id ......................... [[33mSKIP[0m]
2026-03-06 16:37:26 +0000 - dagster - INFO - 08_operacion_testnet_15m - 3e2ef67b-58e3-47b4-8921-c01b04b7473e - warehouse_dbt_build - [0m16:37:26  17 of 34 SKIP test unique_int_optuna_trials_trial_id ........................... [[33mSKIP[0m]
2026-03-06 16:37:26 +0000 - dagster - INFO - 08_operacion_testnet_15m - 3e2ef67b-58e3-47b4-8921-c01b04b7473e - warehouse_dbt_build - [0m16:37:26  18 of 34 SKIP relation main.br_macro_context ................................... [[33mSKIP[0m]
2026-03-06 16:37:26 +0000 - dagster - INFO - 08_operacion_testnet_15m - 3e2ef67b-58e3-47b4-8921-c01b04b7473e - warehouse_dbt_build - [0m16:37:26  13 of 34 ERROR assert_market_snapshot_raw_historical ........................... [[31mERROR[0m in 0.07s]
2026-03-06 16:37:26 +0000 - dagster - INFO - 08_operacion_testnet_15m - 3e2ef67b-58e3-47b4-8921-c01b04b7473e - warehouse_dbt_build - [0m16:37:26  19 of 34 SKIP relation main.br_market_snapshot ................................. [[33mSKIP[0m]
2026-03-06 16:37:26 +0000 - dagster - INFO - 08_operacion_testnet_15m - 3e2ef67b-58e3-47b4-8921-c01b04b7473e - warehouse_dbt_build - [0m16:37:26  20 of 34 SKIP test not_null_br_market_snapshot_event_time ...................... [[33mSKIP[0m]
2026-03-06 16:37:26 +0000 - dagster - INFO - 08_operacion_testnet_15m - 3e2ef67b-58e3-47b4-8921-c01b04b7473e - warehouse_dbt_build - [0m16:37:26  21 of 34 SKIP test not_null_br_market_snapshot_symbol .......................... [[33mSKIP[0m]
2026-03-06 16:37:26 +0000 - dagster - INFO - 08_operacion_testnet_15m - 3e2ef67b-58e3-47b4-8921-c01b04b7473e - warehouse_dbt_build - [0m16:37:26  22 of 34 SKIP relation main.slv_decision_features .............................. [[33mSKIP[0m]
2026-03-06 16:37:26 +0000 - dagster - INFO - 08_operacion_testnet_15m - 3e2ef67b-58e3-47b4-8921-c01b04b7473e - warehouse_dbt_build - [0m16:37:26  23 of 34 SKIP test not_null_slv_decision_features_event_time ................... [[33mSKIP[0m]
2026-03-06 16:37:26 +0000 - dagster - INFO - 08_operacion_testnet_15m - 3e2ef67b-58e3-47b4-8921-c01b04b7473e - warehouse_dbt_build - [0m16:37:26  24 of 34 SKIP test not_null_slv_decision_features_symbol ....................... [[33mSKIP[0m]
2026-03-06 16:37:26 +0000 - dagster - INFO - 08_operacion_testnet_15m - 3e2ef67b-58e3-47b4-8921-c01b04b7473e - warehouse_dbt_build - [0m16:37:26  25 of 34 SKIP relation main.fct_decision_features .............................. [[33mSKIP[0m]
2026-03-06 16:37:26 +0000 - dagster - INFO - 08_operacion_testnet_15m - 3e2ef67b-58e3-47b4-8921-c01b04b7473e - warehouse_dbt_build - [0m16:37:26  26 of 34 SKIP relation main.fct_liquidity_profile .............................. [[33mSKIP[0m]
2026-03-06 16:37:26 +0000 - dagster - INFO - 08_operacion_testnet_15m - 3e2ef67b-58e3-47b4-8921-c01b04b7473e - warehouse_dbt_build - [0m16:37:26  27 of 34 SKIP relation main.fct_symbol_performance ............................. [[33mSKIP[0m]
2026-03-06 16:37:26 +0000 - dagster - INFO - 08_operacion_testnet_15m - 3e2ef67b-58e3-47b4-8921-c01b04b7473e - warehouse_dbt_build - [0m16:37:26  28 of 34 SKIP test not_null_fct_decision_features_event_time ................... [[33mSKIP[0m]
2026-03-06 16:37:26 +0000 - dagster - INFO - 08_operacion_testnet_15m - 3e2ef67b-58e3-47b4-8921-c01b04b7473e - warehouse_dbt_build - [0m16:37:26  30 of 34 SKIP test not_null_fct_decision_features_symbol ....................... [[33mSKIP[0m]
2026-03-06 16:37:26 +0000 - dagster - INFO - 08_operacion_testnet_15m - 3e2ef67b-58e3-47b4-8921-c01b04b7473e - warehouse_dbt_build - [0m16:37:26  29 of 34 SKIP test not_null_fct_decision_features_feature_id ................... [[33mSKIP[0m]
2026-03-06 16:37:26 +0000 - dagster - INFO - 08_operacion_testnet_15m - 3e2ef67b-58e3-47b4-8921-c01b04b7473e - warehouse_dbt_build - [0m16:37:26  31 of 34 SKIP test unique_fct_decision_features_feature_id ..................... [[33mSKIP[0m]
2026-03-06 16:37:26 +0000 - dagster - INFO - 08_operacion_testnet_15m - 3e2ef67b-58e3-47b4-8921-c01b04b7473e - warehouse_dbt_build - [0m16:37:26  32 of 34 SKIP relation main.fct_anomaly_detection .............................. [[33mSKIP[0m]
2026-03-06 16:37:26 +0000 - dagster - INFO - 08_operacion_testnet_15m - 3e2ef67b-58e3-47b4-8921-c01b04b7473e - warehouse_dbt_build - [0m16:37:26  33 of 34 SKIP relation main.fct_market_summary ................................. [[33mSKIP[0m]
2026-03-06 16:37:26 +0000 - dagster - INFO - 08_operacion_testnet_15m - 3e2ef67b-58e3-47b4-8921-c01b04b7473e - warehouse_dbt_build - [0m16:37:26  34 of 34 SKIP relation main.fct_momentum_rankings .............................. [[33mSKIP[0m]
2026-03-06 16:37:26 +0000 - dagster - INFO - 08_operacion_testnet_15m - 3e2ef67b-58e3-47b4-8921-c01b04b7473e - warehouse_dbt_build - [0m16:37:26  Database error while running on-run-end
2026-03-06 16:37:26 +0000 - dagster - INFO - 08_operacion_testnet_15m - 3e2ef67b-58e3-47b4-8921-c01b04b7473e - warehouse_dbt_build - [0m16:37:26
2026-03-06 16:37:26 +0000 - dagster - INFO - 08_operacion_testnet_15m - 3e2ef67b-58e3-47b4-8921-c01b04b7473e - warehouse_dbt_build - [0m16:37:26  Finished running 5 incremental models, 2 view models, 9 table models, 18 data tests in 0 hours 0 minutes and 1.38 seconds (1.38s).
2026-03-06 16:37:26 +0000 - dagster - INFO - 08_operacion_testnet_15m - 3e2ef67b-58e3-47b4-8921-c01b04b7473e - warehouse_dbt_build - [0m16:37:26
2026-03-06 16:37:26 +0000 - dagster - INFO - 08_operacion_testnet_15m - 3e2ef67b-58e3-47b4-8921-c01b04b7473e - warehouse_dbt_build - [0m16:37:26  [31mCompleted with 14 errors and 0 warnings:[0m
2026-03-06 16:37:26 +0000 - dagster - INFO - 08_operacion_testnet_15m - 3e2ef67b-58e3-47b4-8921-c01b04b7473e - warehouse_dbt_build - [0m16:37:26
2026-03-06 16:37:26 +0000 - dagster - INFO - 08_operacion_testnet_15m - 3e2ef67b-58e3-47b4-8921-c01b04b7473e - warehouse_dbt_build - [0m16:37:26    Runtime Error in model br_stock_prices (models/bronze/br_stock_prices.sql)
2026-03-06 16:37:26 +0000 - dagster - INFO - 08_operacion_testnet_15m - 3e2ef67b-58e3-47b4-8921-c01b04b7473e - warehouse_dbt_build - IO Error: Could not set lock on file "/app/artifacts/warehouse/crypto.duckdb": Conflicting lock is held in /usr/local/bin/python3.11 (PID 15900). See also https://duckdb.org/docs/stable/connect/concurrency
2026-03-06 16:37:26 +0000 - dagster - INFO - 08_operacion_testnet_15m - 3e2ef67b-58e3-47b4-8921-c01b04b7473e - warehouse_dbt_build - [0m16:37:26
2026-03-06 16:37:26 +0000 - dagster - INFO - 08_operacion_testnet_15m - 3e2ef67b-58e3-47b4-8921-c01b04b7473e - warehouse_dbt_build - [0m16:37:26    Runtime Error in model br_news_sentiment (models/bronze/br_news_sentiment.sql)
2026-03-06 16:37:27 +0000 - dagster - INFO - 08_operacion_testnet_15m - 3e2ef67b-58e3-47b4-8921-c01b04b7473e - warehouse_dbt_build - IO Error: Could not set lock on file "/app/artifacts/warehouse/crypto.duckdb": Conflicting lock is held in /usr/local/bin/python3.11 (PID 15900). See also https://duckdb.org/docs/stable/connect/concurrency
2026-03-06 16:37:27 +0000 - dagster - INFO - 08_operacion_testnet_15m - 3e2ef67b-58e3-47b4-8921-c01b04b7473e - warehouse_dbt_build - [0m16:37:26
2026-03-06 16:37:27 +0000 - dagster - INFO - 08_operacion_testnet_15m - 3e2ef67b-58e3-47b4-8921-c01b04b7473e - warehouse_dbt_build - [0m16:37:26    Runtime Error in model br_x_sentiment (models/bronze/br_x_sentiment.sql)
2026-03-06 16:37:27 +0000 - dagster - INFO - 08_operacion_testnet_15m - 3e2ef67b-58e3-47b4-8921-c01b04b7473e - warehouse_dbt_build - IO Error: Could not set lock on file "/app/artifacts/warehouse/crypto.duckdb": Conflicting lock is held in /usr/local/bin/python3.11 (PID 15900). See also https://duckdb.org/docs/stable/connect/concurrency
2026-03-06 16:37:27 +0000 - dagster - INFO - 08_operacion_testnet_15m - 3e2ef67b-58e3-47b4-8921-c01b04b7473e - warehouse_dbt_build - [0m16:37:26
2026-03-06 16:37:27 +0000 - dagster - INFO - 08_operacion_testnet_15m - 3e2ef67b-58e3-47b4-8921-c01b04b7473e - warehouse_dbt_build - [0m16:37:26    Runtime Error in model fct_approved_orders (models/gold/fct_approved_orders.sql)
2026-03-06 16:37:27 +0000 - dagster - INFO - 08_operacion_testnet_15m - 3e2ef67b-58e3-47b4-8921-c01b04b7473e - warehouse_dbt_build - IO Error: Could not set lock on file "/app/artifacts/warehouse/crypto.duckdb": Conflicting lock is held in /usr/local/bin/python3.11 (PID 15900). See also https://duckdb.org/docs/stable/connect/concurrency
2026-03-06 16:37:27 +0000 - dagster - INFO - 08_operacion_testnet_15m - 3e2ef67b-58e3-47b4-8921-c01b04b7473e - warehouse_dbt_build - [0m16:37:26
2026-03-06 16:37:27 +0000 - dagster - INFO - 08_operacion_testnet_15m - 3e2ef67b-58e3-47b4-8921-c01b04b7473e - warehouse_dbt_build - [0m16:37:26    Runtime Error in model fct_raw_signals (models/gold/fct_raw_signals.sql)
2026-03-06 16:37:27 +0000 - dagster - INFO - 08_operacion_testnet_15m - 3e2ef67b-58e3-47b4-8921-c01b04b7473e - warehouse_dbt_build - IO Error: Could not set lock on file "/app/artifacts/warehouse/crypto.duckdb": Conflicting lock is held in /usr/local/bin/python3.11 (PID 15900). See also https://duckdb.org/docs/stable/connect/concurrency
2026-03-06 16:37:27 +0000 - dagster - INFO - 08_operacion_testnet_15m - 3e2ef67b-58e3-47b4-8921-c01b04b7473e - warehouse_dbt_build - [0m16:37:26
2026-03-06 16:37:27 +0000 - dagster - INFO - 08_operacion_testnet_15m - 3e2ef67b-58e3-47b4-8921-c01b04b7473e - warehouse_dbt_build - [0m16:37:26    Runtime Error in model int_mlflow_runs (models/ml_metadata/int_mlflow_runs.sql)
2026-03-06 16:37:27 +0000 - dagster - INFO - 08_operacion_testnet_15m - 3e2ef67b-58e3-47b4-8921-c01b04b7473e - warehouse_dbt_build - IO Error: Could not set lock on file "/app/artifacts/warehouse/crypto.duckdb": Conflicting lock is held in /usr/local/bin/python3.11 (PID 15900). See also https://duckdb.org/docs/stable/connect/concurrency
2026-03-06 16:37:27 +0000 - dagster - INFO - 08_operacion_testnet_15m - 3e2ef67b-58e3-47b4-8921-c01b04b7473e - warehouse_dbt_build - [0m16:37:26
2026-03-06 16:37:27 +0000 - dagster - INFO - 08_operacion_testnet_15m - 3e2ef67b-58e3-47b4-8921-c01b04b7473e - warehouse_dbt_build - [0m16:37:26    Runtime Error in model int_optuna_trials (models/ml_metadata/int_optuna_trials.sql)
2026-03-06 16:37:27 +0000 - dagster - INFO - 08_operacion_testnet_15m - 3e2ef67b-58e3-47b4-8921-c01b04b7473e - warehouse_dbt_build - IO Error: Could not set lock on file "/app/artifacts/warehouse/crypto.duckdb": Conflicting lock is held in /usr/local/bin/python3.11 (PID 15900). See also https://duckdb.org/docs/stable/connect/concurrency
2026-03-06 16:37:27 +0000 - dagster - INFO - 08_operacion_testnet_15m - 3e2ef67b-58e3-47b4-8921-c01b04b7473e - warehouse_dbt_build - [0m16:37:26
2026-03-06 16:37:27 +0000 - dagster - INFO - 08_operacion_testnet_15m - 3e2ef67b-58e3-47b4-8921-c01b04b7473e - warehouse_dbt_build - [0m16:37:26    Runtime Error in test assert_cross_exchange_snapshot_raw_historical (tests/assert_cross_exchange_snapshot_raw_historical.sql)
2026-03-06 16:37:27 +0000 - dagster - INFO - 08_operacion_testnet_15m - 3e2ef67b-58e3-47b4-8921-c01b04b7473e - warehouse_dbt_build - IO Error: Could not set lock on file "/app/artifacts/warehouse/crypto.duckdb": Conflicting lock is held in /usr/local/bin/python3.11 (PID 15900). See also https://duckdb.org/docs/stable/connect/concurrency
2026-03-06 16:37:27 +0000 - dagster - INFO - 08_operacion_testnet_15m - 3e2ef67b-58e3-47b4-8921-c01b04b7473e - warehouse_dbt_build - [0m16:37:26
2026-03-06 16:37:27 +0000 - dagster - INFO - 08_operacion_testnet_15m - 3e2ef67b-58e3-47b4-8921-c01b04b7473e - warehouse_dbt_build - [0m16:37:26    Runtime Error in test assert_derivatives_flow_raw_historical (tests/assert_derivatives_flow_raw_historical.sql)
2026-03-06 16:37:27 +0000 - dagster - INFO - 08_operacion_testnet_15m - 3e2ef67b-58e3-47b4-8921-c01b04b7473e - warehouse_dbt_build - IO Error: Could not set lock on file "/app/artifacts/warehouse/crypto.duckdb": Conflicting lock is held in /usr/local/bin/python3.11 (PID 15900). See also https://duckdb.org/docs/stable/connect/concurrency
2026-03-06 16:37:27 +0000 - dagster - INFO - 08_operacion_testnet_15m - 3e2ef67b-58e3-47b4-8921-c01b04b7473e - warehouse_dbt_build - [0m16:37:26
2026-03-06 16:37:27 +0000 - dagster - INFO - 08_operacion_testnet_15m - 3e2ef67b-58e3-47b4-8921-c01b04b7473e - warehouse_dbt_build - [0m16:37:26    Runtime Error in test assert_derivatives_snapshot_raw_historical (tests/assert_derivatives_snapshot_raw_historical.sql)
2026-03-06 16:37:27 +0000 - dagster - INFO - 08_operacion_testnet_15m - 3e2ef67b-58e3-47b4-8921-c01b04b7473e - warehouse_dbt_build - IO Error: Could not set lock on file "/app/artifacts/warehouse/crypto.duckdb": Conflicting lock is held in /usr/local/bin/python3.11 (PID 15900). See also https://duckdb.org/docs/stable/connect/concurrency
2026-03-06 16:37:27 +0000 - dagster - INFO - 08_operacion_testnet_15m - 3e2ef67b-58e3-47b4-8921-c01b04b7473e - warehouse_dbt_build - [0m16:37:26
2026-03-06 16:37:27 +0000 - dagster - INFO - 08_operacion_testnet_15m - 3e2ef67b-58e3-47b4-8921-c01b04b7473e - warehouse_dbt_build - [0m16:37:26    Runtime Error in test assert_dex_snapshot_raw_historical (tests/assert_dex_snapshot_raw_historical.sql)
2026-03-06 16:37:27 +0000 - dagster - INFO - 08_operacion_testnet_15m - 3e2ef67b-58e3-47b4-8921-c01b04b7473e - warehouse_dbt_build - IO Error: Could not set lock on file "/app/artifacts/warehouse/crypto.duckdb": Conflicting lock is held in /usr/local/bin/python3.11 (PID 15900). See also https://duckdb.org/docs/stable/connect/concurrency
2026-03-06 16:37:27 +0000 - dagster - INFO - 08_operacion_testnet_15m - 3e2ef67b-58e3-47b4-8921-c01b04b7473e - warehouse_dbt_build - [0m16:37:26
2026-03-06 16:37:27 +0000 - dagster - INFO - 08_operacion_testnet_15m - 3e2ef67b-58e3-47b4-8921-c01b04b7473e - warehouse_dbt_build - [0m16:37:26    Runtime Error in test assert_fear_greed_raw_historical (tests/assert_fear_greed_raw_historical.sql)
2026-03-06 16:37:27 +0000 - dagster - INFO - 08_operacion_testnet_15m - 3e2ef67b-58e3-47b4-8921-c01b04b7473e - warehouse_dbt_build - IO Error: Could not set lock on file "/app/artifacts/warehouse/crypto.duckdb": Conflicting lock is held in /usr/local/bin/python3.11 (PID 15900). See also https://duckdb.org/docs/stable/connect/concurrency
2026-03-06 16:37:27 +0000 - dagster - INFO - 08_operacion_testnet_15m - 3e2ef67b-58e3-47b4-8921-c01b04b7473e - warehouse_dbt_build - [0m16:37:26
2026-03-06 16:37:27 +0000 - dagster - INFO - 08_operacion_testnet_15m - 3e2ef67b-58e3-47b4-8921-c01b04b7473e - warehouse_dbt_build - [0m16:37:26    Runtime Error in test assert_market_snapshot_raw_historical (tests/assert_market_snapshot_raw_historical.sql)
2026-03-06 16:37:27 +0000 - dagster - INFO - 08_operacion_testnet_15m - 3e2ef67b-58e3-47b4-8921-c01b04b7473e - warehouse_dbt_build - IO Error: Could not set lock on file "/app/artifacts/warehouse/crypto.duckdb": Conflicting lock is held in /usr/local/bin/python3.11 (PID 15900). See also https://duckdb.org/docs/stable/connect/concurrency
2026-03-06 16:37:27 +0000 - dagster - INFO - 08_operacion_testnet_15m - 3e2ef67b-58e3-47b4-8921-c01b04b7473e - warehouse_dbt_build - [0m16:37:26
2026-03-06 16:37:27 +0000 - dagster - INFO - 08_operacion_testnet_15m - 3e2ef67b-58e3-47b4-8921-c01b04b7473e - warehouse_dbt_build - [0m16:37:26    on-run-end failed, error:
2026-03-06 16:37:27 +0000 - dagster - INFO - 08_operacion_testnet_15m - 3e2ef67b-58e3-47b4-8921-c01b04b7473e - warehouse_dbt_build - IO Error: Could not set lock on file "/app/artifacts/warehouse/crypto.duckdb": Conflicting lock is held in /usr/local/bin/python3.11 (PID 15900). See also https://duckdb.org/docs/stable/connect/concurrency
2026-03-06 16:37:27 +0000 - dagster - INFO - 08_operacion_testnet_15m - 3e2ef67b-58e3-47b4-8921-c01b04b7473e - warehouse_dbt_build - [0m16:37:26
2026-03-06 16:37:27 +0000 - dagster - INFO - 08_operacion_testnet_15m - 3e2ef67b-58e3-47b4-8921-c01b04b7473e - warehouse_dbt_build - [0m16:37:26  Done. PASS=0 WARN=0 ERROR=14 SKIP=21 TOTAL=35
2026-03-06 16:37:27 +0000 - dagster - WARNING - 08_operacion_testnet_15m - 3e2ef67b-58e3-47b4-8921-c01b04b7473e - warehouse_dbt_build - DuckDB lock conflict, retrying in 8s (attempt 1/5)
2026-03-06 16:37:37 +0000 - dagster - INFO - 08_operacion_testnet_15m - 3e2ef67b-58e3-47b4-8921-c01b04b7473e - warehouse_dbt_build - [0m16:37:37  Running with dbt=1.8.8
2026-03-06 16:37:37 +0000 - dagster - INFO - 08_operacion_testnet_15m - 3e2ef67b-58e3-47b4-8921-c01b04b7473e - warehouse_dbt_build - [0m16:37:37  [[33mWARNING[0m]: Deprecated functionality
2026-03-06 16:37:37 +0000 - dagster - INFO - 08_operacion_testnet_15m - 3e2ef67b-58e3-47b4-8921-c01b04b7473e - warehouse_dbt_build - The `tests` config has been renamed to `data_tests`. Please see
2026-03-06 16:37:37 +0000 - dagster - INFO - 08_operacion_testnet_15m - 3e2ef67b-58e3-47b4-8921-c01b04b7473e - warehouse_dbt_build - https://docs.getdbt.com/docs/build/data-tests#new-data_tests-syntax for more
2026-03-06 16:37:37 +0000 - dagster - INFO - 08_operacion_testnet_15m - 3e2ef67b-58e3-47b4-8921-c01b04b7473e - warehouse_dbt_build - information.
2026-03-06 16:37:37 +0000 - dagster - INFO - 08_operacion_testnet_15m - 3e2ef67b-58e3-47b4-8921-c01b04b7473e - warehouse_dbt_build - [0m16:37:37  Registered adapter: duckdb=1.8.2
2026-03-06 16:37:38 +0000 - dagster - INFO - 08_operacion_testnet_15m - 3e2ef67b-58e3-47b4-8921-c01b04b7473e - warehouse_dbt_build - [0m16:37:38  [[33mWARNING[0m]: Configuration paths exist in your dbt_project.yml file which do not apply to any resources.
2026-03-06 16:37:38 +0000 - dagster - INFO - 08_operacion_testnet_15m - 3e2ef67b-58e3-47b4-8921-c01b04b7473e - warehouse_dbt_build - There are 1 unused configuration paths:
2026-03-06 16:37:38 +0000 - dagster - INFO - 08_operacion_testnet_15m - 3e2ef67b-58e3-47b4-8921-c01b04b7473e - warehouse_dbt_build - - seeds.crypto_trading_lakehouse
2026-03-06 16:37:38 +0000 - dagster - INFO - 08_operacion_testnet_15m - 3e2ef67b-58e3-47b4-8921-c01b04b7473e - warehouse_dbt_build - [0m16:37:38  Found 16 models, 18 data tests, 24 sources, 417 macros
2026-03-06 16:37:38 +0000 - dagster - INFO - 08_operacion_testnet_15m - 3e2ef67b-58e3-47b4-8921-c01b04b7473e - warehouse_dbt_build - [0m16:37:38
2026-03-06 16:37:38 +0000 - dagster - INFO - 08_operacion_testnet_15m - 3e2ef67b-58e3-47b4-8921-c01b04b7473e - warehouse_dbt_build - [0m16:37:38
2026-03-06 16:37:38 +0000 - dagster - INFO - 08_operacion_testnet_15m - 3e2ef67b-58e3-47b4-8921-c01b04b7473e - warehouse_dbt_build - [0m16:37:38  Finished running  in 0 hours 0 minutes and 0.10 seconds (0.10s).
2026-03-06 16:37:39 +0000 - dagster - INFO - 08_operacion_testnet_15m - 3e2ef67b-58e3-47b4-8921-c01b04b7473e - warehouse_dbt_build - [0m16:37:38  Encountered an error:
2026-03-06 16:37:39 +0000 - dagster - INFO - 08_operacion_testnet_15m - 3e2ef67b-58e3-47b4-8921-c01b04b7473e - warehouse_dbt_build - Runtime Error
2026-03-06 16:37:39 +0000 - dagster - INFO - 08_operacion_testnet_15m - 3e2ef67b-58e3-47b4-8921-c01b04b7473e - warehouse_dbt_build - IO Error: Could not set lock on file "/app/artifacts/warehouse/crypto.duckdb": Conflicting lock is held in /usr/local/bin/python3.11 (PID 16828). See also https://duckdb.org/docs/stable/connect/concurrency
2026-03-06 16:37:39 +0000 - dagster - WARNING - 08_operacion_testnet_15m - 3e2ef67b-58e3-47b4-8921-c01b04b7473e - warehouse_dbt_build - DuckDB lock conflict, retrying in 8s (attempt 2/5)
2026-03-06 16:37:49 +0000 - dagster - INFO - 08_operacion_testnet_15m - 3e2ef67b-58e3-47b4-8921-c01b04b7473e - warehouse_dbt_build - [0m16:37:49  Running with dbt=1.8.8
2026-03-06 16:37:49 +0000 - dagster - INFO - 08_operacion_testnet_15m - 3e2ef67b-58e3-47b4-8921-c01b04b7473e - warehouse_dbt_build - [0m16:37:49  [[33mWARNING[0m]: Deprecated functionality
2026-03-06 16:37:49 +0000 - dagster - INFO - 08_operacion_testnet_15m - 3e2ef67b-58e3-47b4-8921-c01b04b7473e - warehouse_dbt_build - The `tests` config has been renamed to `data_tests`. Please see
2026-03-06 16:37:49 +0000 - dagster - INFO - 08_operacion_testnet_15m - 3e2ef67b-58e3-47b4-8921-c01b04b7473e - warehouse_dbt_build - https://docs.getdbt.com/docs/build/data-tests#new-data_tests-syntax for more
2026-03-06 16:37:49 +0000 - dagster - INFO - 08_operacion_testnet_15m - 3e2ef67b-58e3-47b4-8921-c01b04b7473e - warehouse_dbt_build - information.
2026-03-06 16:37:49 +0000 - dagster - INFO - 08_operacion_testnet_15m - 3e2ef67b-58e3-47b4-8921-c01b04b7473e - warehouse_dbt_build - [0m16:37:49  Registered adapter: duckdb=1.8.2
2026-03-06 16:37:50 +0000 - dagster - INFO - 08_operacion_testnet_15m - 3e2ef67b-58e3-47b4-8921-c01b04b7473e - warehouse_dbt_build - [0m16:37:50  [[33mWARNING[0m]: Configuration paths exist in your dbt_project.yml file which do not apply to any resources.
2026-03-06 16:37:50 +0000 - dagster - INFO - 08_operacion_testnet_15m - 3e2ef67b-58e3-47b4-8921-c01b04b7473e - warehouse_dbt_build - There are 1 unused configuration paths:
2026-03-06 16:37:50 +0000 - dagster - INFO - 08_operacion_testnet_15m - 3e2ef67b-58e3-47b4-8921-c01b04b7473e - warehouse_dbt_build - - seeds.crypto_trading_lakehouse
2026-03-06 16:37:50 +0000 - dagster - INFO - 08_operacion_testnet_15m - 3e2ef67b-58e3-47b4-8921-c01b04b7473e - warehouse_dbt_build - [0m16:37:50  Found 16 models, 18 data tests, 24 sources, 417 macros
2026-03-06 16:37:50 +0000 - dagster - INFO - 08_operacion_testnet_15m - 3e2ef67b-58e3-47b4-8921-c01b04b7473e - warehouse_dbt_build - [0m16:37:50
2026-03-06 16:37:50 +0000 - dagster - INFO - 08_operacion_testnet_15m - 3e2ef67b-58e3-47b4-8921-c01b04b7473e - warehouse_dbt_build - [0m16:37:50
2026-03-06 16:37:50 +0000 - dagster - INFO - 08_operacion_testnet_15m - 3e2ef67b-58e3-47b4-8921-c01b04b7473e - warehouse_dbt_build - [0m16:37:50  Finished running  in 0 hours 0 minutes and 0.10 seconds (0.10s).
2026-03-06 16:37:50 +0000 - dagster - INFO - 08_operacion_testnet_15m - 3e2ef67b-58e3-47b4-8921-c01b04b7473e - warehouse_dbt_build - [0m16:37:50  Encountered an error:
2026-03-06 16:37:51 +0000 - dagster - INFO - 08_operacion_testnet_15m - 3e2ef67b-58e3-47b4-8921-c01b04b7473e - warehouse_dbt_build - Runtime Error
2026-03-06 16:37:51 +0000 - dagster - INFO - 08_operacion_testnet_15m - 3e2ef67b-58e3-47b4-8921-c01b04b7473e - warehouse_dbt_build - IO Error: Could not set lock on file "/app/artifacts/warehouse/crypto.duckdb": Conflicting lock is held in /usr/local/bin/python3.11 (PID 16966). See also https://duckdb.org/docs/stable/connect/concurrency
2026-03-06 16:37:51 +0000 - dagster - WARNING - 08_operacion_testnet_15m - 3e2ef67b-58e3-47b4-8921-c01b04b7473e - warehouse_dbt_build - DuckDB lock conflict, retrying in 8s (attempt 3/5)
2026-03-06 16:38:01 +0000 - dagster - INFO - 08_operacion_testnet_15m - 3e2ef67b-58e3-47b4-8921-c01b04b7473e - warehouse_dbt_build - [0m16:38:01  Running with dbt=1.8.8
2026-03-06 16:38:01 +0000 - dagster - INFO - 08_operacion_testnet_15m - 3e2ef67b-58e3-47b4-8921-c01b04b7473e - warehouse_dbt_build - [0m16:38:01  [[33mWARNING[0m]: Deprecated functionality
2026-03-06 16:38:01 +0000 - dagster - INFO - 08_operacion_testnet_15m - 3e2ef67b-58e3-47b4-8921-c01b04b7473e - warehouse_dbt_build - The `tests` config has been renamed to `data_tests`. Please see
2026-03-06 16:38:01 +0000 - dagster - INFO - 08_operacion_testnet_15m - 3e2ef67b-58e3-47b4-8921-c01b04b7473e - warehouse_dbt_build - https://docs.getdbt.com/docs/build/data-tests#new-data_tests-syntax for more
2026-03-06 16:38:01 +0000 - dagster - INFO - 08_operacion_testnet_15m - 3e2ef67b-58e3-47b4-8921-c01b04b7473e - warehouse_dbt_build - information.
2026-03-06 16:38:02 +0000 - dagster - INFO - 08_operacion_testnet_15m - 3e2ef67b-58e3-47b4-8921-c01b04b7473e - warehouse_dbt_build - [0m16:38:02  Registered adapter: duckdb=1.8.2
2026-03-06 16:38:02 +0000 - dagster - INFO - 08_operacion_testnet_15m - 3e2ef67b-58e3-47b4-8921-c01b04b7473e - warehouse_dbt_build - [0m16:38:02  [[33mWARNING[0m]: Configuration paths exist in your dbt_project.yml file which do not apply to any resources.
2026-03-06 16:38:02 +0000 - dagster - INFO - 08_operacion_testnet_15m - 3e2ef67b-58e3-47b4-8921-c01b04b7473e - warehouse_dbt_build - There are 1 unused configuration paths:
2026-03-06 16:38:02 +0000 - dagster - INFO - 08_operacion_testnet_15m - 3e2ef67b-58e3-47b4-8921-c01b04b7473e - warehouse_dbt_build - - seeds.crypto_trading_lakehouse
2026-03-06 16:38:02 +0000 - dagster - INFO - 08_operacion_testnet_15m - 3e2ef67b-58e3-47b4-8921-c01b04b7473e - warehouse_dbt_build - [0m16:38:02  Found 16 models, 18 data tests, 24 sources, 417 macros
2026-03-06 16:38:02 +0000 - dagster - INFO - 08_operacion_testnet_15m - 3e2ef67b-58e3-47b4-8921-c01b04b7473e - warehouse_dbt_build - [0m16:38:02
2026-03-06 16:38:03 +0000 - dagster - INFO - 08_operacion_testnet_15m - 3e2ef67b-58e3-47b4-8921-c01b04b7473e - warehouse_dbt_build - [0m16:38:03  Concurrency: 2 threads (target='local')
2026-03-06 16:38:03 +0000 - dagster - INFO - 08_operacion_testnet_15m - 3e2ef67b-58e3-47b4-8921-c01b04b7473e - warehouse_dbt_build - [0m16:38:03
2026-03-06 16:38:03 +0000 - dagster - INFO - 08_operacion_testnet_15m - 3e2ef67b-58e3-47b4-8921-c01b04b7473e - warehouse_dbt_build - [0m16:38:03  1 of 34 START sql view model main.br_news_sentiment ............................ [RUN]
2026-03-06 16:38:03 +0000 - dagster - INFO - 08_operacion_testnet_15m - 3e2ef67b-58e3-47b4-8921-c01b04b7473e - warehouse_dbt_build - [0m16:38:03  2 of 34 START sql incremental model main.br_stock_prices ....................... [RUN]
2026-03-06 16:38:03 +0000 - dagster - INFO - 08_operacion_testnet_15m - 3e2ef67b-58e3-47b4-8921-c01b04b7473e - warehouse_dbt_build - [0m16:38:03  1 of 34 OK created sql view model main.br_news_sentiment ....................... [[32mOK[0m in 0.35s]
2026-03-06 16:38:03 +0000 - dagster - INFO - 08_operacion_testnet_15m - 3e2ef67b-58e3-47b4-8921-c01b04b7473e - warehouse_dbt_build - [0m16:38:03  3 of 34 START sql view model main.br_x_sentiment ............................... [RUN]
2026-03-06 16:38:03 +0000 - dagster - INFO - 08_operacion_testnet_15m - 3e2ef67b-58e3-47b4-8921-c01b04b7473e - warehouse_dbt_build - [0m16:38:03  2 of 34 OK created sql incremental model main.br_stock_prices .................. [[32mOK[0m in 0.60s]
2026-03-06 16:38:03 +0000 - dagster - INFO - 08_operacion_testnet_15m - 3e2ef67b-58e3-47b4-8921-c01b04b7473e - warehouse_dbt_build - [0m16:38:03  4 of 34 START sql table model main.fct_approved_orders ......................... [RUN]
2026-03-06 16:38:04 +0000 - dagster - INFO - 08_operacion_testnet_15m - 3e2ef67b-58e3-47b4-8921-c01b04b7473e - warehouse_dbt_build - [0m16:38:04  3 of 34 OK created sql view model main.br_x_sentiment .......................... [[32mOK[0m in 0.34s]
2026-03-06 16:38:04 +0000 - dagster - INFO - 08_operacion_testnet_15m - 3e2ef67b-58e3-47b4-8921-c01b04b7473e - warehouse_dbt_build - [0m16:38:04  5 of 34 START sql table model main.fct_raw_signals ............................. [RUN]
2026-03-06 16:38:04 +0000 - dagster - INFO - 08_operacion_testnet_15m - 3e2ef67b-58e3-47b4-8921-c01b04b7473e - warehouse_dbt_build - [0m16:38:04  4 of 34 OK created sql table model main.fct_approved_orders .................... [[32mOK[0m in 0.29s]
2026-03-06 16:38:04 +0000 - dagster - INFO - 08_operacion_testnet_15m - 3e2ef67b-58e3-47b4-8921-c01b04b7473e - warehouse_dbt_build - [0m16:38:04  6 of 34 START sql table model main.int_mlflow_runs ............................. [RUN]
2026-03-06 16:38:04 +0000 - dagster - INFO - 08_operacion_testnet_15m - 3e2ef67b-58e3-47b4-8921-c01b04b7473e - warehouse_dbt_build - [0m16:38:04  5 of 34 OK created sql table model main.fct_raw_signals ........................ [[32mOK[0m in 0.31s]
2026-03-06 16:38:04 +0000 - dagster - INFO - 08_operacion_testnet_15m - 3e2ef67b-58e3-47b4-8921-c01b04b7473e - warehouse_dbt_build - [0m16:38:04  7 of 34 START sql table model main.int_optuna_trials ........................... [RUN]
2026-03-06 16:38:04 +0000 - dagster - INFO - 08_operacion_testnet_15m - 3e2ef67b-58e3-47b4-8921-c01b04b7473e - warehouse_dbt_build - [0m16:38:04  6 of 34 OK created sql table model main.int_mlflow_runs ........................ [[32mOK[0m in 0.30s]
2026-03-06 16:38:04 +0000 - dagster - INFO - 08_operacion_testnet_15m - 3e2ef67b-58e3-47b4-8921-c01b04b7473e - warehouse_dbt_build - [0m16:38:04  8 of 34 START test assert_cross_exchange_snapshot_raw_historical ............... [RUN]
2026-03-06 16:38:04 +0000 - dagster - INFO - 08_operacion_testnet_15m - 3e2ef67b-58e3-47b4-8921-c01b04b7473e - warehouse_dbt_build - [0m16:38:04  8 of 34 PASS assert_cross_exchange_snapshot_raw_historical ..................... [[32mPASS[0m in 0.09s]
2026-03-06 16:38:04 +0000 - dagster - INFO - 08_operacion_testnet_15m - 3e2ef67b-58e3-47b4-8921-c01b04b7473e - warehouse_dbt_build - [0m16:38:04  9 of 34 START test assert_derivatives_flow_raw_historical ...................... [RUN]
2026-03-06 16:38:04 +0000 - dagster - INFO - 08_operacion_testnet_15m - 3e2ef67b-58e3-47b4-8921-c01b04b7473e - warehouse_dbt_build - [0m16:38:04  7 of 34 OK created sql table model main.int_optuna_trials ...................... [[32mOK[0m in 0.45s]
2026-03-06 16:38:04 +0000 - dagster - INFO - 08_operacion_testnet_15m - 3e2ef67b-58e3-47b4-8921-c01b04b7473e - warehouse_dbt_build - [0m16:38:04  10 of 34 START test assert_derivatives_snapshot_raw_historical ................. [RUN]
2026-03-06 16:38:04 +0000 - dagster - INFO - 08_operacion_testnet_15m - 3e2ef67b-58e3-47b4-8921-c01b04b7473e - warehouse_dbt_build - [0m16:38:04  9 of 34 PASS assert_derivatives_flow_raw_historical ............................ [[32mPASS[0m in 0.26s]
2026-03-06 16:38:04 +0000 - dagster - INFO - 08_operacion_testnet_15m - 3e2ef67b-58e3-47b4-8921-c01b04b7473e - warehouse_dbt_build - [0m16:38:04  10 of 34 PASS assert_derivatives_snapshot_raw_historical ....................... [[32mPASS[0m in 0.06s]
2026-03-06 16:38:04 +0000 - dagster - INFO - 08_operacion_testnet_15m - 3e2ef67b-58e3-47b4-8921-c01b04b7473e - warehouse_dbt_build - [0m16:38:04  11 of 34 START test assert_dex_snapshot_raw_historical ......................... [RUN]
2026-03-06 16:38:04 +0000 - dagster - INFO - 08_operacion_testnet_15m - 3e2ef67b-58e3-47b4-8921-c01b04b7473e - warehouse_dbt_build - [0m16:38:04  12 of 34 START test assert_fear_greed_raw_historical ........................... [RUN]
2026-03-06 16:38:05 +0000 - dagster - INFO - 08_operacion_testnet_15m - 3e2ef67b-58e3-47b4-8921-c01b04b7473e - warehouse_dbt_build - [0m16:38:05  12 of 34 PASS assert_fear_greed_raw_historical ................................. [[32mPASS[0m in 0.10s]
2026-03-06 16:38:05 +0000 - dagster - INFO - 08_operacion_testnet_15m - 3e2ef67b-58e3-47b4-8921-c01b04b7473e - warehouse_dbt_build - [0m16:38:05  11 of 34 WARN 1 assert_dex_snapshot_raw_historical ............................. [[33mWARN 1[0m in 0.12s]
2026-03-06 16:38:05 +0000 - dagster - INFO - 08_operacion_testnet_15m - 3e2ef67b-58e3-47b4-8921-c01b04b7473e - warehouse_dbt_build - [0m16:38:05  13 of 34 START test assert_market_snapshot_raw_historical ...................... [RUN]
2026-03-06 16:38:05 +0000 - dagster - INFO - 08_operacion_testnet_15m - 3e2ef67b-58e3-47b4-8921-c01b04b7473e - warehouse_dbt_build - [0m16:38:05  14 of 34 START test not_null_int_mlflow_runs_run_uuid .......................... [RUN]
2026-03-06 16:38:05 +0000 - dagster - INFO - 08_operacion_testnet_15m - 3e2ef67b-58e3-47b4-8921-c01b04b7473e - warehouse_dbt_build - [0m16:38:05  13 of 34 PASS assert_market_snapshot_raw_historical ............................ [[32mPASS[0m in 0.12s]
2026-03-06 16:38:05 +0000 - dagster - INFO - 08_operacion_testnet_15m - 3e2ef67b-58e3-47b4-8921-c01b04b7473e - warehouse_dbt_build - [0m16:38:05  14 of 34 PASS not_null_int_mlflow_runs_run_uuid ................................ [[32mPASS[0m in 0.11s]
2026-03-06 16:38:05 +0000 - dagster - INFO - 08_operacion_testnet_15m - 3e2ef67b-58e3-47b4-8921-c01b04b7473e - warehouse_dbt_build - [0m16:38:05  15 of 34 START test unique_int_mlflow_runs_run_uuid ............................ [RUN]
2026-03-06 16:38:05 +0000 - dagster - INFO - 08_operacion_testnet_15m - 3e2ef67b-58e3-47b4-8921-c01b04b7473e - warehouse_dbt_build - [0m16:38:05  16 of 34 START test not_null_int_optuna_trials_trial_id ........................ [RUN]
2026-03-06 16:38:05 +0000 - dagster - INFO - 08_operacion_testnet_15m - 3e2ef67b-58e3-47b4-8921-c01b04b7473e - warehouse_dbt_build - [0m16:38:05  16 of 34 PASS not_null_int_optuna_trials_trial_id .............................. [[32mPASS[0m in 0.10s]
2026-03-06 16:38:05 +0000 - dagster - INFO - 08_operacion_testnet_15m - 3e2ef67b-58e3-47b4-8921-c01b04b7473e - warehouse_dbt_build - [0m16:38:05  15 of 34 PASS unique_int_mlflow_runs_run_uuid .................................. [[32mPASS[0m in 0.12s]
2026-03-06 16:38:05 +0000 - dagster - INFO - 08_operacion_testnet_15m - 3e2ef67b-58e3-47b4-8921-c01b04b7473e - warehouse_dbt_build - [0m16:38:05  17 of 34 START test unique_int_optuna_trials_trial_id .......................... [RUN]
2026-03-06 16:38:05 +0000 - dagster - INFO - 08_operacion_testnet_15m - 3e2ef67b-58e3-47b4-8921-c01b04b7473e - warehouse_dbt_build - [0m16:38:05  18 of 34 START sql incremental model main.br_macro_context ..................... [RUN]
2026-03-06 16:38:05 +0000 - dagster - INFO - 08_operacion_testnet_15m - 3e2ef67b-58e3-47b4-8921-c01b04b7473e - warehouse_dbt_build - [0m16:38:05  17 of 34 PASS unique_int_optuna_trials_trial_id ................................ [[32mPASS[0m in 0.11s]
2026-03-06 16:38:05 +0000 - dagster - INFO - 08_operacion_testnet_15m - 3e2ef67b-58e3-47b4-8921-c01b04b7473e - warehouse_dbt_build - [0m16:38:05  19 of 34 START sql incremental model main.br_market_snapshot ................... [RUN]
2026-03-06 16:38:05 +0000 - dagster - INFO - 08_operacion_testnet_15m - 3e2ef67b-58e3-47b4-8921-c01b04b7473e - warehouse_dbt_build - [0m16:38:05  18 of 34 OK created sql incremental model main.br_macro_context ................ [[32mOK[0m in 0.35s]
2026-03-06 16:38:06 +0000 - dagster - INFO - 08_operacion_testnet_15m - 3e2ef67b-58e3-47b4-8921-c01b04b7473e - warehouse_dbt_build - [0m16:38:06  19 of 34 OK created sql incremental model main.br_market_snapshot .............. [[32mOK[0m in 1.33s]
2026-03-06 16:38:06 +0000 - dagster - INFO - 08_operacion_testnet_15m - 3e2ef67b-58e3-47b4-8921-c01b04b7473e - warehouse_dbt_build - [0m16:38:06  20 of 34 START test not_null_br_market_snapshot_event_time ..................... [RUN]
2026-03-06 16:38:06 +0000 - dagster - INFO - 08_operacion_testnet_15m - 3e2ef67b-58e3-47b4-8921-c01b04b7473e - warehouse_dbt_build - [0m16:38:06  21 of 34 START test not_null_br_market_snapshot_symbol ......................... [RUN]
2026-03-06 16:38:06 +0000 - dagster - INFO - 08_operacion_testnet_15m - 3e2ef67b-58e3-47b4-8921-c01b04b7473e - warehouse_dbt_build - [0m16:38:06  20 of 34 PASS not_null_br_market_snapshot_event_time ........................... [[32mPASS[0m in 0.14s]
2026-03-06 16:38:06 +0000 - dagster - INFO - 08_operacion_testnet_15m - 3e2ef67b-58e3-47b4-8921-c01b04b7473e - warehouse_dbt_build - [0m16:38:06  21 of 34 PASS not_null_br_market_snapshot_symbol ............................... [[32mPASS[0m in 0.14s]
2026-03-06 16:38:06 +0000 - dagster - INFO - 08_operacion_testnet_15m - 3e2ef67b-58e3-47b4-8921-c01b04b7473e - warehouse_dbt_build - [0m16:38:06  22 of 34 START sql incremental model main.slv_decision_features ................ [RUN]
2026-03-06 16:38:08 +0000 - dagster - INFO - 08_operacion_testnet_15m - 3e2ef67b-58e3-47b4-8921-c01b04b7473e - warehouse_dbt_build - [0m16:38:08  22 of 34 OK created sql incremental model main.slv_decision_features ........... [[32mOK[0m in 1.43s]
2026-03-06 16:38:08 +0000 - dagster - INFO - 08_operacion_testnet_15m - 3e2ef67b-58e3-47b4-8921-c01b04b7473e - warehouse_dbt_build - [0m16:38:08  23 of 34 START test not_null_slv_decision_features_event_time .................. [RUN]
2026-03-06 16:38:08 +0000 - dagster - INFO - 08_operacion_testnet_15m - 3e2ef67b-58e3-47b4-8921-c01b04b7473e - warehouse_dbt_build - [0m16:38:08  24 of 34 START test not_null_slv_decision_features_symbol ...................... [RUN]
2026-03-06 16:38:08 +0000 - dagster - INFO - 08_operacion_testnet_15m - 3e2ef67b-58e3-47b4-8921-c01b04b7473e - warehouse_dbt_build - [0m16:38:08  24 of 34 PASS not_null_slv_decision_features_symbol ............................ [[32mPASS[0m in 0.15s]
2026-03-06 16:38:08 +0000 - dagster - INFO - 08_operacion_testnet_15m - 3e2ef67b-58e3-47b4-8921-c01b04b7473e - warehouse_dbt_build - [0m16:38:08  23 of 34 PASS not_null_slv_decision_features_event_time ........................ [[32mPASS[0m in 0.16s]
2026-03-06 16:38:08 +0000 - dagster - INFO - 08_operacion_testnet_15m - 3e2ef67b-58e3-47b4-8921-c01b04b7473e - warehouse_dbt_build - [0m16:38:08  25 of 34 START sql incremental model main.decision_features .................... [RUN]
2026-03-06 16:38:08 +0000 - dagster - INFO - 08_operacion_testnet_15m - 3e2ef67b-58e3-47b4-8921-c01b04b7473e - warehouse_dbt_build - [0m16:38:08  26 of 34 START sql table model main.fct_liquidity_profile ...................... [RUN]
2026-03-06 16:38:09 +0000 - dagster - INFO - 08_operacion_testnet_15m - 3e2ef67b-58e3-47b4-8921-c01b04b7473e - warehouse_dbt_build - [0m16:38:09  26 of 34 OK created sql table model main.fct_liquidity_profile ................. [[32mOK[0m in 0.74s]
2026-03-06 16:38:09 +0000 - dagster - INFO - 08_operacion_testnet_15m - 3e2ef67b-58e3-47b4-8921-c01b04b7473e - warehouse_dbt_build - [0m16:38:09  27 of 34 START sql table model main.fct_symbol_performance ..................... [RUN]
2026-03-06 16:38:09 +0000 - dagster - INFO - 08_operacion_testnet_15m - 3e2ef67b-58e3-47b4-8921-c01b04b7473e - warehouse_dbt_build - [0m16:38:09  25 of 34 OK created sql incremental model main.decision_features ............... [[32mOK[0m in 1.43s]
2026-03-06 16:38:09 +0000 - dagster - INFO - 08_operacion_testnet_15m - 3e2ef67b-58e3-47b4-8921-c01b04b7473e - warehouse_dbt_build - [0m16:38:09  28 of 34 START test not_null_fct_decision_features_event_time .................. [RUN]
2026-03-06 16:38:10 +0000 - dagster - INFO - 08_operacion_testnet_15m - 3e2ef67b-58e3-47b4-8921-c01b04b7473e - warehouse_dbt_build - [0m16:38:10  28 of 34 PASS not_null_fct_decision_features_event_time ........................ [[32mPASS[0m in 0.07s]
2026-03-06 16:38:10 +0000 - dagster - INFO - 08_operacion_testnet_15m - 3e2ef67b-58e3-47b4-8921-c01b04b7473e - warehouse_dbt_build - [0m16:38:10  29 of 34 START test not_null_fct_decision_features_feature_id .................. [RUN]
2026-03-06 16:38:10 +0000 - dagster - INFO - 08_operacion_testnet_15m - 3e2ef67b-58e3-47b4-8921-c01b04b7473e - warehouse_dbt_build - [0m16:38:10  29 of 34 PASS not_null_fct_decision_features_feature_id ........................ [[32mPASS[0m in 0.09s]
2026-03-06 16:38:10 +0000 - dagster - INFO - 08_operacion_testnet_15m - 3e2ef67b-58e3-47b4-8921-c01b04b7473e - warehouse_dbt_build - [0m16:38:10  30 of 34 START test not_null_fct_decision_features_symbol ...................... [RUN]
2026-03-06 16:38:10 +0000 - dagster - INFO - 08_operacion_testnet_15m - 3e2ef67b-58e3-47b4-8921-c01b04b7473e - warehouse_dbt_build - [0m16:38:10  30 of 34 PASS not_null_fct_decision_features_symbol ............................ [[32mPASS[0m in 0.08s]
2026-03-06 16:38:10 +0000 - dagster - INFO - 08_operacion_testnet_15m - 3e2ef67b-58e3-47b4-8921-c01b04b7473e - warehouse_dbt_build - [0m16:38:10  31 of 34 START test unique_fct_decision_features_feature_id .................... [RUN]
2026-03-06 16:38:10 +0000 - dagster - INFO - 08_operacion_testnet_15m - 3e2ef67b-58e3-47b4-8921-c01b04b7473e - warehouse_dbt_build - [0m16:38:10  31 of 34 WARN 19 unique_fct_decision_features_feature_id ....................... [[33mWARN 19[0m in 0.20s]
2026-03-06 16:38:10 +0000 - dagster - INFO - 08_operacion_testnet_15m - 3e2ef67b-58e3-47b4-8921-c01b04b7473e - warehouse_dbt_build - [0m16:38:10  32 of 34 START sql table model main.fct_anomaly_detection ...................... [RUN]
2026-03-06 16:38:10 +0000 - dagster - INFO - 08_operacion_testnet_15m - 3e2ef67b-58e3-47b4-8921-c01b04b7473e - warehouse_dbt_build - [0m16:38:10  32 of 34 OK created sql table model main.fct_anomaly_detection ................. [[32mOK[0m in 0.40s]
2026-03-06 16:38:10 +0000 - dagster - INFO - 08_operacion_testnet_15m - 3e2ef67b-58e3-47b4-8921-c01b04b7473e - warehouse_dbt_build - [0m16:38:10  33 of 34 START sql table model main.fct_market_summary ......................... [RUN]
2026-03-06 16:38:11 +0000 - dagster - INFO - 08_operacion_testnet_15m - 3e2ef67b-58e3-47b4-8921-c01b04b7473e - warehouse_dbt_build - [0m16:38:11  33 of 34 OK created sql table model main.fct_market_summary .................... [[32mOK[0m in 0.16s]
2026-03-06 16:38:11 +0000 - dagster - INFO - 08_operacion_testnet_15m - 3e2ef67b-58e3-47b4-8921-c01b04b7473e - warehouse_dbt_build - [0m16:38:11  34 of 34 START sql table model main.fct_momentum_rankings ...................... [RUN]
2026-03-06 16:38:12 +0000 - dagster - INFO - 08_operacion_testnet_15m - 3e2ef67b-58e3-47b4-8921-c01b04b7473e - warehouse_dbt_build - [0m16:38:11  34 of 34 OK created sql table model main.fct_momentum_rankings ................. [[32mOK[0m in 0.40s]
2026-03-06 16:38:12 +0000 - dagster - INFO - 08_operacion_testnet_15m - 3e2ef67b-58e3-47b4-8921-c01b04b7473e - warehouse_dbt_build - [0m16:38:12  27 of 34 OK created sql table model main.fct_symbol_performance ................ [[32mOK[0m in 3.43s]
2026-03-06 16:38:12 +0000 - dagster - INFO - 08_operacion_testnet_15m - 3e2ef67b-58e3-47b4-8921-c01b04b7473e - warehouse_dbt_build - [0m16:38:12
2026-03-06 16:38:12 +0000 - dagster - INFO - 08_operacion_testnet_15m - 3e2ef67b-58e3-47b4-8921-c01b04b7473e - warehouse_dbt_build - [0m16:38:12  Finished running 2 view models, 5 incremental models, 9 table models, 18 data tests in 0 hours 0 minutes and 9.85 seconds (9.85s).
2026-03-06 16:38:13 +0000 - dagster - INFO - 08_operacion_testnet_15m - 3e2ef67b-58e3-47b4-8921-c01b04b7473e - warehouse_dbt_build - [0m16:38:12
2026-03-06 16:38:13 +0000 - dagster - INFO - 08_operacion_testnet_15m - 3e2ef67b-58e3-47b4-8921-c01b04b7473e - warehouse_dbt_build - [0m16:38:12  [33mCompleted with 2 warnings:[0m
2026-03-06 16:38:13 +0000 - dagster - INFO - 08_operacion_testnet_15m - 3e2ef67b-58e3-47b4-8921-c01b04b7473e - warehouse_dbt_build - [0m16:38:12
2026-03-06 16:38:13 +0000 - dagster - INFO - 08_operacion_testnet_15m - 3e2ef67b-58e3-47b4-8921-c01b04b7473e - warehouse_dbt_build - [0m16:38:12  [33mWarning in test assert_dex_snapshot_raw_historical (tests/assert_dex_snapshot_raw_historical.sql)[0m
2026-03-06 16:38:13 +0000 - dagster - INFO - 08_operacion_testnet_15m - 3e2ef67b-58e3-47b4-8921-c01b04b7473e - warehouse_dbt_build - [0m16:38:12  Got 1 result, configured to warn if != 0
2026-03-06 16:38:13 +0000 - dagster - INFO - 08_operacion_testnet_15m - 3e2ef67b-58e3-47b4-8921-c01b04b7473e - warehouse_dbt_build - [0m16:38:12
2026-03-06 16:38:13 +0000 - dagster - INFO - 08_operacion_testnet_15m - 3e2ef67b-58e3-47b4-8921-c01b04b7473e - warehouse_dbt_build - [0m16:38:12    compiled code at target/compiled/crypto_trading_lakehouse/tests/assert_dex_snapshot_raw_historical.sql
2026-03-06 16:38:13 +0000 - dagster - INFO - 08_operacion_testnet_15m - 3e2ef67b-58e3-47b4-8921-c01b04b7473e - warehouse_dbt_build - [0m16:38:12
2026-03-06 16:38:13 +0000 - dagster - INFO - 08_operacion_testnet_15m - 3e2ef67b-58e3-47b4-8921-c01b04b7473e - warehouse_dbt_build - [0m16:38:13  [33mWarning in test unique_fct_decision_features_feature_id (models/schema.yml)[0m
2026-03-06 16:38:13 +0000 - dagster - INFO - 08_operacion_testnet_15m - 3e2ef67b-58e3-47b4-8921-c01b04b7473e - warehouse_dbt_build - [0m16:38:13  Got 19 results, configured to warn if != 0
2026-03-06 16:38:13 +0000 - dagster - INFO - 08_operacion_testnet_15m - 3e2ef67b-58e3-47b4-8921-c01b04b7473e - warehouse_dbt_build - [0m16:38:13
2026-03-06 16:38:13 +0000 - dagster - INFO - 08_operacion_testnet_15m - 3e2ef67b-58e3-47b4-8921-c01b04b7473e - warehouse_dbt_build - [0m16:38:13    compiled code at target/compiled/crypto_trading_lakehouse/models/schema.yml/unique_fct_decision_features_feature_id.sql
2026-03-06 16:38:13 +0000 - dagster - INFO - 08_operacion_testnet_15m - 3e2ef67b-58e3-47b4-8921-c01b04b7473e - warehouse_dbt_build - [0m16:38:13
2026-03-06 16:38:13 +0000 - dagster - INFO - 08_operacion_testnet_15m - 3e2ef67b-58e3-47b4-8921-c01b04b7473e - warehouse_dbt_build - [0m16:38:13  Done. PASS=32 WARN=2 ERROR=0 SKIP=0 TOTAL=34
2026-03-06 16:38:13 +0000 - dagster - DEBUG - 08_operacion_testnet_15m - 3e2ef67b-58e3-47b4-8921-c01b04b7473e - 16081 - warehouse_dbt_build - STEP_OUTPUT - Yielded output "result" of type "Any". (Type check passed).
2026-03-06 16:38:13 +0000 - dagster - DEBUG - 08_operacion_testnet_15m - 3e2ef67b-58e3-47b4-8921-c01b04b7473e - 16081 - warehouse_dbt_build - ASSET_MATERIALIZATION - Materialized value warehouse_dbt_build.
2026-03-06 16:38:13 +0000 - dagster - DEBUG - 08_operacion_testnet_15m - 3e2ef67b-58e3-47b4-8921-c01b04b7473e - 16081 - warehouse_dbt_build - STEP_SUCCESS - Finished execution of step "warehouse_dbt_build" in 51.91s.
