2026-03-06 11:52:06 +0000 - dagster - DEBUG - 04_pipeline_datos_completo - f701b9c4-64a1-494b-b945-85afb891cee3 - 28743 - LOGS_CAPTURED - Started capturing logs in process (pid: 28743).
2026-03-06 11:52:06 +0000 - dagster - DEBUG - 04_pipeline_datos_completo - f701b9c4-64a1-494b-b945-85afb891cee3 - 28743 - warehouse_dbt_build - STEP_START - Started execution of step "warehouse_dbt_build".
2026-03-06 11:52:09 +0000 - dagster - INFO - 04_pipeline_datos_completo - f701b9c4-64a1-494b-b945-85afb891cee3 - warehouse_dbt_build - [0m11:52:09  Running with dbt=1.8.8
2026-03-06 11:52:10 +0000 - dagster - INFO - 04_pipeline_datos_completo - f701b9c4-64a1-494b-b945-85afb891cee3 - warehouse_dbt_build - [0m11:52:10  [[33mWARNING[0m]: Deprecated functionality
2026-03-06 11:52:10 +0000 - dagster - INFO - 04_pipeline_datos_completo - f701b9c4-64a1-494b-b945-85afb891cee3 - warehouse_dbt_build - The `tests` config has been renamed to `data_tests`. Please see
2026-03-06 11:52:10 +0000 - dagster - INFO - 04_pipeline_datos_completo - f701b9c4-64a1-494b-b945-85afb891cee3 - warehouse_dbt_build - https://docs.getdbt.com/docs/build/data-tests#new-data_tests-syntax for more
2026-03-06 11:52:10 +0000 - dagster - INFO - 04_pipeline_datos_completo - f701b9c4-64a1-494b-b945-85afb891cee3 - warehouse_dbt_build - information.
2026-03-06 11:52:10 +0000 - dagster - INFO - 04_pipeline_datos_completo - f701b9c4-64a1-494b-b945-85afb891cee3 - warehouse_dbt_build - [0m11:52:10  Registered adapter: duckdb=1.8.2
2026-03-06 11:52:10 +0000 - dagster - INFO - 04_pipeline_datos_completo - f701b9c4-64a1-494b-b945-85afb891cee3 - warehouse_dbt_build - [0m11:52:10  Unable to do partial parsing because config vars, config profile, or config target have changed
2026-03-06 11:52:15 +0000 - dagster - INFO - 04_pipeline_datos_completo - f701b9c4-64a1-494b-b945-85afb891cee3 - warehouse_dbt_build - [0m11:52:15  [[33mWARNING[0m]: Configuration paths exist in your dbt_project.yml file which do not apply to any resources.
2026-03-06 11:52:15 +0000 - dagster - INFO - 04_pipeline_datos_completo - f701b9c4-64a1-494b-b945-85afb891cee3 - warehouse_dbt_build - There are 1 unused configuration paths:
2026-03-06 11:52:15 +0000 - dagster - INFO - 04_pipeline_datos_completo - f701b9c4-64a1-494b-b945-85afb891cee3 - warehouse_dbt_build - - seeds.crypto_trading_lakehouse
2026-03-06 11:52:16 +0000 - dagster - INFO - 04_pipeline_datos_completo - f701b9c4-64a1-494b-b945-85afb891cee3 - warehouse_dbt_build - [0m11:52:16  Found 16 models, 18 data tests, 24 sources, 417 macros
2026-03-06 11:52:16 +0000 - dagster - INFO - 04_pipeline_datos_completo - f701b9c4-64a1-494b-b945-85afb891cee3 - warehouse_dbt_build - [0m11:52:16
2026-03-06 11:52:16 +0000 - dagster - INFO - 04_pipeline_datos_completo - f701b9c4-64a1-494b-b945-85afb891cee3 - warehouse_dbt_build - [0m11:52:16  Concurrency: 2 threads (target='local')
2026-03-06 11:52:16 +0000 - dagster - INFO - 04_pipeline_datos_completo - f701b9c4-64a1-494b-b945-85afb891cee3 - warehouse_dbt_build - [0m11:52:16
2026-03-06 11:52:16 +0000 - dagster - INFO - 04_pipeline_datos_completo - f701b9c4-64a1-494b-b945-85afb891cee3 - warehouse_dbt_build - [0m11:52:16  1 of 34 START sql view model main.br_news_sentiment ............................ [RUN]
2026-03-06 11:52:16 +0000 - dagster - INFO - 04_pipeline_datos_completo - f701b9c4-64a1-494b-b945-85afb891cee3 - warehouse_dbt_build - [0m11:52:16  2 of 34 START sql incremental model main.br_stock_prices ....................... [RUN]
2026-03-06 11:52:17 +0000 - dagster - INFO - 04_pipeline_datos_completo - f701b9c4-64a1-494b-b945-85afb891cee3 - warehouse_dbt_build - [0m11:52:17  1 of 34 OK created sql view model main.br_news_sentiment ....................... [[32mOK[0m in 0.56s]
2026-03-06 11:52:17 +0000 - dagster - INFO - 04_pipeline_datos_completo - f701b9c4-64a1-494b-b945-85afb891cee3 - warehouse_dbt_build - [0m11:52:17  3 of 34 START sql view model main.br_x_sentiment ............................... [RUN]
2026-03-06 11:52:17 +0000 - dagster - INFO - 04_pipeline_datos_completo - f701b9c4-64a1-494b-b945-85afb891cee3 - warehouse_dbt_build - [0m11:52:17  2 of 34 OK created sql incremental model main.br_stock_prices .................. [[32mOK[0m in 0.89s]
2026-03-06 11:52:17 +0000 - dagster - INFO - 04_pipeline_datos_completo - f701b9c4-64a1-494b-b945-85afb891cee3 - warehouse_dbt_build - [0m11:52:17  4 of 34 START sql table model main.fct_approved_orders ......................... [RUN]
2026-03-06 11:52:17 +0000 - dagster - INFO - 04_pipeline_datos_completo - f701b9c4-64a1-494b-b945-85afb891cee3 - warehouse_dbt_build - [0m11:52:17  3 of 34 OK created sql view model main.br_x_sentiment .......................... [[32mOK[0m in 0.45s]
2026-03-06 11:52:17 +0000 - dagster - INFO - 04_pipeline_datos_completo - f701b9c4-64a1-494b-b945-85afb891cee3 - warehouse_dbt_build - [0m11:52:17  5 of 34 START sql table model main.fct_raw_signals ............................. [RUN]
2026-03-06 11:52:17 +0000 - dagster - INFO - 04_pipeline_datos_completo - f701b9c4-64a1-494b-b945-85afb891cee3 - warehouse_dbt_build - [0m11:52:17  4 of 34 OK created sql table model main.fct_approved_orders .................... [[32mOK[0m in 0.37s]
2026-03-06 11:52:17 +0000 - dagster - INFO - 04_pipeline_datos_completo - f701b9c4-64a1-494b-b945-85afb891cee3 - warehouse_dbt_build - [0m11:52:17  6 of 34 START sql table model main.int_mlflow_runs ............................. [RUN]
2026-03-06 11:52:18 +0000 - dagster - INFO - 04_pipeline_datos_completo - f701b9c4-64a1-494b-b945-85afb891cee3 - warehouse_dbt_build - [0m11:52:18  5 of 34 OK created sql table model main.fct_raw_signals ........................ [[32mOK[0m in 0.42s]
2026-03-06 11:52:18 +0000 - dagster - INFO - 04_pipeline_datos_completo - f701b9c4-64a1-494b-b945-85afb891cee3 - warehouse_dbt_build - [0m11:52:18  7 of 34 START sql table model main.int_optuna_trials ........................... [RUN]
2026-03-06 11:52:18 +0000 - dagster - INFO - 04_pipeline_datos_completo - f701b9c4-64a1-494b-b945-85afb891cee3 - warehouse_dbt_build - [0m11:52:18  6 of 34 OK created sql table model main.int_mlflow_runs ........................ [[32mOK[0m in 0.43s]
2026-03-06 11:52:18 +0000 - dagster - INFO - 04_pipeline_datos_completo - f701b9c4-64a1-494b-b945-85afb891cee3 - warehouse_dbt_build - [0m11:52:18  8 of 34 START test assert_cross_exchange_snapshot_raw_historical ............... [RUN]
2026-03-06 11:52:18 +0000 - dagster - INFO - 04_pipeline_datos_completo - f701b9c4-64a1-494b-b945-85afb891cee3 - warehouse_dbt_build - [0m11:52:18  8 of 34 PASS assert_cross_exchange_snapshot_raw_historical ..................... [[32mPASS[0m in 0.11s]
2026-03-06 11:52:18 +0000 - dagster - INFO - 04_pipeline_datos_completo - f701b9c4-64a1-494b-b945-85afb891cee3 - warehouse_dbt_build - [0m11:52:18  9 of 34 START test assert_derivatives_flow_raw_historical ...................... [RUN]
2026-03-06 11:52:18 +0000 - dagster - INFO - 04_pipeline_datos_completo - f701b9c4-64a1-494b-b945-85afb891cee3 - warehouse_dbt_build - [0m11:52:18  7 of 34 OK created sql table model main.int_optuna_trials ...................... [[32mOK[0m in 0.53s]
2026-03-06 11:52:18 +0000 - dagster - INFO - 04_pipeline_datos_completo - f701b9c4-64a1-494b-b945-85afb891cee3 - warehouse_dbt_build - [0m11:52:18  10 of 34 START test assert_derivatives_snapshot_raw_historical ................. [RUN]
2026-03-06 11:52:18 +0000 - dagster - INFO - 04_pipeline_datos_completo - f701b9c4-64a1-494b-b945-85afb891cee3 - warehouse_dbt_build - [0m11:52:18  9 of 34 PASS assert_derivatives_flow_raw_historical ............................ [[32mPASS[0m in 0.33s]
2026-03-06 11:52:18 +0000 - dagster - INFO - 04_pipeline_datos_completo - f701b9c4-64a1-494b-b945-85afb891cee3 - warehouse_dbt_build - [0m11:52:18  11 of 34 START test assert_dex_snapshot_raw_historical ......................... [RUN]
2026-03-06 11:52:18 +0000 - dagster - INFO - 04_pipeline_datos_completo - f701b9c4-64a1-494b-b945-85afb891cee3 - warehouse_dbt_build - [0m11:52:18  10 of 34 PASS assert_derivatives_snapshot_raw_historical ....................... [[32mPASS[0m in 0.11s]
2026-03-06 11:52:18 +0000 - dagster - INFO - 04_pipeline_datos_completo - f701b9c4-64a1-494b-b945-85afb891cee3 - warehouse_dbt_build - [0m11:52:18  12 of 34 START test assert_fear_greed_raw_historical ........................... [RUN]
2026-03-06 11:52:18 +0000 - dagster - INFO - 04_pipeline_datos_completo - f701b9c4-64a1-494b-b945-85afb891cee3 - warehouse_dbt_build - [0m11:52:18  12 of 34 PASS assert_fear_greed_raw_historical ................................. [[32mPASS[0m in 0.13s]
2026-03-06 11:52:18 +0000 - dagster - INFO - 04_pipeline_datos_completo - f701b9c4-64a1-494b-b945-85afb891cee3 - warehouse_dbt_build - [0m11:52:18  11 of 34 WARN 1 assert_dex_snapshot_raw_historical ............................. [[33mWARN 1[0m in 0.16s]
2026-03-06 11:52:18 +0000 - dagster - INFO - 04_pipeline_datos_completo - f701b9c4-64a1-494b-b945-85afb891cee3 - warehouse_dbt_build - [0m11:52:18  13 of 34 START test assert_market_snapshot_raw_historical ...................... [RUN]
2026-03-06 11:52:18 +0000 - dagster - INFO - 04_pipeline_datos_completo - f701b9c4-64a1-494b-b945-85afb891cee3 - warehouse_dbt_build - [0m11:52:18  14 of 34 START test not_null_int_mlflow_runs_run_uuid .......................... [RUN]
2026-03-06 11:52:19 +0000 - dagster - INFO - 04_pipeline_datos_completo - f701b9c4-64a1-494b-b945-85afb891cee3 - warehouse_dbt_build - [0m11:52:19  14 of 34 PASS not_null_int_mlflow_runs_run_uuid ................................ [[32mPASS[0m in 0.12s]
2026-03-06 11:52:19 +0000 - dagster - INFO - 04_pipeline_datos_completo - f701b9c4-64a1-494b-b945-85afb891cee3 - warehouse_dbt_build - [0m11:52:19  15 of 34 START test unique_int_mlflow_runs_run_uuid ............................ [RUN]
2026-03-06 11:52:19 +0000 - dagster - INFO - 04_pipeline_datos_completo - f701b9c4-64a1-494b-b945-85afb891cee3 - warehouse_dbt_build - [0m11:52:19  13 of 34 PASS assert_market_snapshot_raw_historical ............................ [[32mPASS[0m in 0.13s]
2026-03-06 11:52:19 +0000 - dagster - INFO - 04_pipeline_datos_completo - f701b9c4-64a1-494b-b945-85afb891cee3 - warehouse_dbt_build - [0m11:52:19  16 of 34 START test not_null_int_optuna_trials_trial_id ........................ [RUN]
2026-03-06 11:52:19 +0000 - dagster - INFO - 04_pipeline_datos_completo - f701b9c4-64a1-494b-b945-85afb891cee3 - warehouse_dbt_build - [0m11:52:19  16 of 34 PASS not_null_int_optuna_trials_trial_id .............................. [[32mPASS[0m in 0.11s]
2026-03-06 11:52:19 +0000 - dagster - INFO - 04_pipeline_datos_completo - f701b9c4-64a1-494b-b945-85afb891cee3 - warehouse_dbt_build - [0m11:52:19  17 of 34 START test unique_int_optuna_trials_trial_id .......................... [RUN]
2026-03-06 11:52:19 +0000 - dagster - INFO - 04_pipeline_datos_completo - f701b9c4-64a1-494b-b945-85afb891cee3 - warehouse_dbt_build - [0m11:52:19  15 of 34 PASS unique_int_mlflow_runs_run_uuid .................................. [[32mPASS[0m in 0.13s]
2026-03-06 11:52:19 +0000 - dagster - INFO - 04_pipeline_datos_completo - f701b9c4-64a1-494b-b945-85afb891cee3 - warehouse_dbt_build - [0m11:52:19  18 of 34 START sql incremental model main.br_macro_context ..................... [RUN]
2026-03-06 11:52:19 +0000 - dagster - INFO - 04_pipeline_datos_completo - f701b9c4-64a1-494b-b945-85afb891cee3 - warehouse_dbt_build - [0m11:52:19  17 of 34 PASS unique_int_optuna_trials_trial_id ................................ [[32mPASS[0m in 0.13s]
2026-03-06 11:52:19 +0000 - dagster - INFO - 04_pipeline_datos_completo - f701b9c4-64a1-494b-b945-85afb891cee3 - warehouse_dbt_build - [0m11:52:19  19 of 34 START sql incremental model main.br_market_snapshot ................... [RUN]
2026-03-06 11:52:19 +0000 - dagster - INFO - 04_pipeline_datos_completo - f701b9c4-64a1-494b-b945-85afb891cee3 - warehouse_dbt_build - [0m11:52:19  18 of 34 OK created sql incremental model main.br_macro_context ................ [[32mOK[0m in 0.36s]
2026-03-06 11:52:20 +0000 - dagster - INFO - 04_pipeline_datos_completo - f701b9c4-64a1-494b-b945-85afb891cee3 - warehouse_dbt_build - [0m11:52:20  19 of 34 OK created sql incremental model main.br_market_snapshot .............. [[32mOK[0m in 1.50s]
2026-03-06 11:52:20 +0000 - dagster - INFO - 04_pipeline_datos_completo - f701b9c4-64a1-494b-b945-85afb891cee3 - warehouse_dbt_build - [0m11:52:20  20 of 34 START test not_null_br_market_snapshot_event_time ..................... [RUN]
2026-03-06 11:52:20 +0000 - dagster - INFO - 04_pipeline_datos_completo - f701b9c4-64a1-494b-b945-85afb891cee3 - warehouse_dbt_build - [0m11:52:20  21 of 34 START test not_null_br_market_snapshot_symbol ......................... [RUN]
2026-03-06 11:52:20 +0000 - dagster - INFO - 04_pipeline_datos_completo - f701b9c4-64a1-494b-b945-85afb891cee3 - warehouse_dbt_build - [0m11:52:20  21 of 34 PASS not_null_br_market_snapshot_symbol ............................... [[32mPASS[0m in 0.14s]
2026-03-06 11:52:21 +0000 - dagster - INFO - 04_pipeline_datos_completo - f701b9c4-64a1-494b-b945-85afb891cee3 - warehouse_dbt_build - [0m11:52:20  20 of 34 PASS not_null_br_market_snapshot_event_time ........................... [[32mPASS[0m in 0.15s]
2026-03-06 11:52:21 +0000 - dagster - INFO - 04_pipeline_datos_completo - f701b9c4-64a1-494b-b945-85afb891cee3 - warehouse_dbt_build - [0m11:52:20  22 of 34 START sql incremental model main.slv_decision_features ................ [RUN]
2026-03-06 11:52:22 +0000 - dagster - INFO - 04_pipeline_datos_completo - f701b9c4-64a1-494b-b945-85afb891cee3 - warehouse_dbt_build - [0m11:52:22  22 of 34 OK created sql incremental model main.slv_decision_features ........... [[32mOK[0m in 1.81s]
2026-03-06 11:52:22 +0000 - dagster - INFO - 04_pipeline_datos_completo - f701b9c4-64a1-494b-b945-85afb891cee3 - warehouse_dbt_build - [0m11:52:22  23 of 34 START test not_null_slv_decision_features_event_time .................. [RUN]
2026-03-06 11:52:22 +0000 - dagster - INFO - 04_pipeline_datos_completo - f701b9c4-64a1-494b-b945-85afb891cee3 - warehouse_dbt_build - [0m11:52:22  24 of 34 START test not_null_slv_decision_features_symbol ...................... [RUN]
2026-03-06 11:52:23 +0000 - dagster - INFO - 04_pipeline_datos_completo - f701b9c4-64a1-494b-b945-85afb891cee3 - warehouse_dbt_build - [0m11:52:23  24 of 34 PASS not_null_slv_decision_features_symbol ............................ [[32mPASS[0m in 0.22s]
2026-03-06 11:52:23 +0000 - dagster - INFO - 04_pipeline_datos_completo - f701b9c4-64a1-494b-b945-85afb891cee3 - warehouse_dbt_build - [0m11:52:23  23 of 34 PASS not_null_slv_decision_features_event_time ........................ [[32mPASS[0m in 0.23s]
2026-03-06 11:52:23 +0000 - dagster - INFO - 04_pipeline_datos_completo - f701b9c4-64a1-494b-b945-85afb891cee3 - warehouse_dbt_build - [0m11:52:23  25 of 34 START sql incremental model main.decision_features .................... [RUN]
2026-03-06 11:52:23 +0000 - dagster - INFO - 04_pipeline_datos_completo - f701b9c4-64a1-494b-b945-85afb891cee3 - warehouse_dbt_build - [0m11:52:23  26 of 34 START sql table model main.fct_liquidity_profile ...................... [RUN]
2026-03-06 11:52:24 +0000 - dagster - INFO - 04_pipeline_datos_completo - f701b9c4-64a1-494b-b945-85afb891cee3 - warehouse_dbt_build - [0m11:52:24  26 of 34 OK created sql table model main.fct_liquidity_profile ................. [[32mOK[0m in 0.98s]
2026-03-06 11:52:24 +0000 - dagster - INFO - 04_pipeline_datos_completo - f701b9c4-64a1-494b-b945-85afb891cee3 - warehouse_dbt_build - [0m11:52:24  27 of 34 START sql table model main.fct_symbol_performance ..................... [RUN]
2026-03-06 11:52:25 +0000 - dagster - INFO - 04_pipeline_datos_completo - f701b9c4-64a1-494b-b945-85afb891cee3 - warehouse_dbt_build - [0m11:52:25  25 of 34 OK created sql incremental model main.decision_features ............... [[32mOK[0m in 2.13s]
2026-03-06 11:52:25 +0000 - dagster - INFO - 04_pipeline_datos_completo - f701b9c4-64a1-494b-b945-85afb891cee3 - warehouse_dbt_build - [0m11:52:25  28 of 34 START test not_null_fct_decision_features_event_time .................. [RUN]
2026-03-06 11:52:25 +0000 - dagster - INFO - 04_pipeline_datos_completo - f701b9c4-64a1-494b-b945-85afb891cee3 - warehouse_dbt_build - [0m11:52:25  28 of 34 PASS not_null_fct_decision_features_event_time ........................ [[32mPASS[0m in 0.08s]
2026-03-06 11:52:25 +0000 - dagster - INFO - 04_pipeline_datos_completo - f701b9c4-64a1-494b-b945-85afb891cee3 - warehouse_dbt_build - [0m11:52:25  29 of 34 START test not_null_fct_decision_features_feature_id .................. [RUN]
2026-03-06 11:52:25 +0000 - dagster - INFO - 04_pipeline_datos_completo - f701b9c4-64a1-494b-b945-85afb891cee3 - warehouse_dbt_build - [0m11:52:25  29 of 34 PASS not_null_fct_decision_features_feature_id ........................ [[32mPASS[0m in 0.06s]
2026-03-06 11:52:25 +0000 - dagster - INFO - 04_pipeline_datos_completo - f701b9c4-64a1-494b-b945-85afb891cee3 - warehouse_dbt_build - [0m11:52:25  30 of 34 START test not_null_fct_decision_features_symbol ...................... [RUN]
2026-03-06 11:52:25 +0000 - dagster - INFO - 04_pipeline_datos_completo - f701b9c4-64a1-494b-b945-85afb891cee3 - warehouse_dbt_build - [0m11:52:25  30 of 34 PASS not_null_fct_decision_features_symbol ............................ [[32mPASS[0m in 0.06s]
2026-03-06 11:52:25 +0000 - dagster - INFO - 04_pipeline_datos_completo - f701b9c4-64a1-494b-b945-85afb891cee3 - warehouse_dbt_build - [0m11:52:25  31 of 34 START test unique_fct_decision_features_feature_id .................... [RUN]
2026-03-06 11:52:25 +0000 - dagster - INFO - 04_pipeline_datos_completo - f701b9c4-64a1-494b-b945-85afb891cee3 - warehouse_dbt_build - [0m11:52:25  31 of 34 WARN 19 unique_fct_decision_features_feature_id ....................... [[33mWARN 19[0m in 0.07s]
2026-03-06 11:52:25 +0000 - dagster - INFO - 04_pipeline_datos_completo - f701b9c4-64a1-494b-b945-85afb891cee3 - warehouse_dbt_build - [0m11:52:25  32 of 34 START sql table model main.fct_anomaly_detection ...................... [RUN]
2026-03-06 11:52:25 +0000 - dagster - INFO - 04_pipeline_datos_completo - f701b9c4-64a1-494b-b945-85afb891cee3 - warehouse_dbt_build - [0m11:52:25  32 of 34 OK created sql table model main.fct_anomaly_detection ................. [[32mOK[0m in 0.15s]
2026-03-06 11:52:25 +0000 - dagster - INFO - 04_pipeline_datos_completo - f701b9c4-64a1-494b-b945-85afb891cee3 - warehouse_dbt_build - [0m11:52:25  33 of 34 START sql table model main.fct_market_summary ......................... [RUN]
2026-03-06 11:52:25 +0000 - dagster - INFO - 04_pipeline_datos_completo - f701b9c4-64a1-494b-b945-85afb891cee3 - warehouse_dbt_build - [0m11:52:25  33 of 34 OK created sql table model main.fct_market_summary .................... [[32mOK[0m in 0.20s]
2026-03-06 11:52:25 +0000 - dagster - INFO - 04_pipeline_datos_completo - f701b9c4-64a1-494b-b945-85afb891cee3 - warehouse_dbt_build - [0m11:52:25  34 of 34 START sql table model main.fct_momentum_rankings ...................... [RUN]
2026-03-06 11:52:26 +0000 - dagster - INFO - 04_pipeline_datos_completo - f701b9c4-64a1-494b-b945-85afb891cee3 - warehouse_dbt_build - [0m11:52:26  34 of 34 OK created sql table model main.fct_momentum_rankings ................. [[32mOK[0m in 0.21s]
2026-03-06 11:52:31 +0000 - dagster - INFO - 04_pipeline_datos_completo - f701b9c4-64a1-494b-b945-85afb891cee3 - warehouse_dbt_build - [0m11:52:31  27 of 34 OK created sql table model main.fct_symbol_performance ................ [[32mOK[0m in 7.59s]
2026-03-06 11:52:31 +0000 - dagster - INFO - 04_pipeline_datos_completo - f701b9c4-64a1-494b-b945-85afb891cee3 - warehouse_dbt_build - [0m11:52:31
2026-03-06 11:52:31 +0000 - dagster - INFO - 04_pipeline_datos_completo - f701b9c4-64a1-494b-b945-85afb891cee3 - warehouse_dbt_build - [0m11:52:31  Finished running 2 view models, 5 incremental models, 9 table models, 18 data tests in 0 hours 0 minutes and 15.76 seconds (15.76s).
2026-03-06 11:52:31 +0000 - dagster - INFO - 04_pipeline_datos_completo - f701b9c4-64a1-494b-b945-85afb891cee3 - warehouse_dbt_build - [0m11:52:31
2026-03-06 11:52:31 +0000 - dagster - INFO - 04_pipeline_datos_completo - f701b9c4-64a1-494b-b945-85afb891cee3 - warehouse_dbt_build - [0m11:52:31  [33mCompleted with 2 warnings:[0m
2026-03-06 11:52:32 +0000 - dagster - INFO - 04_pipeline_datos_completo - f701b9c4-64a1-494b-b945-85afb891cee3 - warehouse_dbt_build - [0m11:52:31
2026-03-06 11:52:32 +0000 - dagster - INFO - 04_pipeline_datos_completo - f701b9c4-64a1-494b-b945-85afb891cee3 - warehouse_dbt_build - [0m11:52:31  [33mWarning in test assert_dex_snapshot_raw_historical (tests/assert_dex_snapshot_raw_historical.sql)[0m
2026-03-06 11:52:32 +0000 - dagster - INFO - 04_pipeline_datos_completo - f701b9c4-64a1-494b-b945-85afb891cee3 - warehouse_dbt_build - [0m11:52:31  Got 1 result, configured to warn if != 0
2026-03-06 11:52:32 +0000 - dagster - INFO - 04_pipeline_datos_completo - f701b9c4-64a1-494b-b945-85afb891cee3 - warehouse_dbt_build - [0m11:52:31
2026-03-06 11:52:32 +0000 - dagster - INFO - 04_pipeline_datos_completo - f701b9c4-64a1-494b-b945-85afb891cee3 - warehouse_dbt_build - [0m11:52:31    compiled code at target/compiled/crypto_trading_lakehouse/tests/assert_dex_snapshot_raw_historical.sql
2026-03-06 11:52:32 +0000 - dagster - INFO - 04_pipeline_datos_completo - f701b9c4-64a1-494b-b945-85afb891cee3 - warehouse_dbt_build - [0m11:52:31
2026-03-06 11:52:32 +0000 - dagster - INFO - 04_pipeline_datos_completo - f701b9c4-64a1-494b-b945-85afb891cee3 - warehouse_dbt_build - [0m11:52:31  [33mWarning in test unique_fct_decision_features_feature_id (models/schema.yml)[0m
2026-03-06 11:52:32 +0000 - dagster - INFO - 04_pipeline_datos_completo - f701b9c4-64a1-494b-b945-85afb891cee3 - warehouse_dbt_build - [0m11:52:31  Got 19 results, configured to warn if != 0
2026-03-06 11:52:32 +0000 - dagster - INFO - 04_pipeline_datos_completo - f701b9c4-64a1-494b-b945-85afb891cee3 - warehouse_dbt_build - [0m11:52:31
2026-03-06 11:52:32 +0000 - dagster - INFO - 04_pipeline_datos_completo - f701b9c4-64a1-494b-b945-85afb891cee3 - warehouse_dbt_build - [0m11:52:31    compiled code at target/compiled/crypto_trading_lakehouse/models/schema.yml/unique_fct_decision_features_feature_id.sql
2026-03-06 11:52:32 +0000 - dagster - INFO - 04_pipeline_datos_completo - f701b9c4-64a1-494b-b945-85afb891cee3 - warehouse_dbt_build - [0m11:52:31
2026-03-06 11:52:32 +0000 - dagster - INFO - 04_pipeline_datos_completo - f701b9c4-64a1-494b-b945-85afb891cee3 - warehouse_dbt_build - [0m11:52:31  Done. PASS=32 WARN=2 ERROR=0 SKIP=0 TOTAL=34
2026-03-06 11:52:32 +0000 - dagster - DEBUG - 04_pipeline_datos_completo - f701b9c4-64a1-494b-b945-85afb891cee3 - 28743 - warehouse_dbt_build - STEP_OUTPUT - Yielded output "result" of type "Any". (Type check passed).
2026-03-06 11:52:32 +0000 - dagster - DEBUG - 04_pipeline_datos_completo - f701b9c4-64a1-494b-b945-85afb891cee3 - 28743 - warehouse_dbt_build - ASSET_MATERIALIZATION - Materialized value warehouse_dbt_build.
2026-03-06 11:52:32 +0000 - dagster - DEBUG - 04_pipeline_datos_completo - f701b9c4-64a1-494b-b945-85afb891cee3 - 28743 - warehouse_dbt_build - STEP_SUCCESS - Finished execution of step "warehouse_dbt_build" in 26.29s.
