2026-03-08 16:56:28 +0000 - dagster - DEBUG - 07_optimizar_suite - ffdf6f53-f9f4-4bfc-8ed8-dbeda98c8bd1 - 5586 - LOGS_CAPTURED - Started capturing logs in process (pid: 5586).
2026-03-08 16:56:28 +0000 - dagster - DEBUG - 07_optimizar_suite - ffdf6f53-f9f4-4bfc-8ed8-dbeda98c8bd1 - 5586 - quant_suite_cycle - STEP_START - Started execution of step "quant_suite_cycle".
2026-03-08 16:56:29 +0000 - dagster - INFO - 07_optimizar_suite - ffdf6f53-f9f4-4bfc-8ed8-dbeda98c8bd1 - quant_suite_cycle - Running research loop: /usr/local/bin/python3.11 /app/scripts/run_suite_cycle.py --horizon 4h --lookback-days 1000 --max-cycles 10 --max-trials 500 --cycles-before-explore 2
2026-03-08 17:06:42 +0000 - dagster - INFO - 07_optimizar_suite - ffdf6f53-f9f4-4bfc-8ed8-dbeda98c8bd1 - quant_suite_cycle - stdout (last 2000):

2026-03-08 17:06:42 +0000 - dagster - INFO - 07_optimizar_suite - ffdf6f53-f9f4-4bfc-8ed8-dbeda98c8bd1 - quant_suite_cycle - stderr (last 2000):
d by drawdown limit: 0.53 >= 0.15
Blocked by drawdown limit: 0.53 >= 0.15
Blocked by drawdown limit: 0.54 >= 0.15
Blocked by drawdown limit: 0.54 >= 0.15
Blocked by drawdown limit: 0.54 >= 0.15
Blocked by drawdown limit: 0.54 >= 0.15
Blocked by drawdown limit: 0.54 >= 0.15
Blocked by drawdown limit: 0.54 >= 0.15
Blocked by drawdown limit: 0.55 >= 0.15
Blocked by drawdown limit: 0.55 >= 0.15
Blocked by open trades limit
Blocked by drawdown limit: 0.55 >= 0.15
Blocked by drawdown limit: 0.55 >= 0.15
Blocked by open trades limit
Blocked by drawdown limit: 0.56 >= 0.15
Blocked by drawdown limit: 0.56 >= 0.15
Blocked by open trades limit
Blocked by drawdown limit: 0.56 >= 0.15
Blocked by drawdown limit: 0.56 >= 0.15
Blocked by drawdown limit: 0.56 >= 0.15
Blocked by drawdown limit: 0.56 >= 0.15
Blocked by drawdown limit: 0.56 >= 0.15
Blocked by drawdown limit: 0.56 >= 0.15
Blocked by drawdown limit: 0.56 >= 0.15
Blocked by drawdown limit: 0.56 >= 0.15
Blocked by drawdown limit: 0.56 >= 0.15
Blocked by drawdown limit: 0.56 >= 0.15
Blocked by drawdown limit: 0.56 >= 0.15
Blocked by drawdown limit: 0.56 >= 0.15
Blocked by drawdown limit: 0.56 >= 0.15
Blocked by drawdown limit: 0.56 >= 0.15
Blocked by drawdown limit: 0.56 >= 0.15
Blocked by drawdown limit: 0.56 >= 0.15
Blocked by drawdown limit: 0.56 >= 0.15
Blocked by drawdown limit: 0.56 >= 0.15
Blocked by drawdown limit: 0.57 >= 0.15
Blocked by drawdown limit: 0.57 >= 0.15
Blocked by drawdown limit: 0.57 >= 0.15
Blocked by drawdown limit: 0.57 >= 0.15
Blocked by drawdown limit: 0.57 >= 0.15
Blocked by drawdown limit: 0.57 >= 0.15
Blocked by drawdown limit: 0.57 >= 0.15

================================================================================
RESEARCH LOOP FINALIZADO: 10 ciclos completados
Champion Actual: a3e3d4669bcc490e8246567e66955933 (v5)
Métricas Champion: Net=15.00%, Sharpe=0.00
Estado de Investigación: exploration (Round 349)
================================================================================


2026-03-08 17:06:42 +0000 - dagster - DEBUG - 07_optimizar_suite - ffdf6f53-f9f4-4bfc-8ed8-dbeda98c8bd1 - 5586 - quant_suite_cycle - STEP_OUTPUT - Yielded output "result" of type "Any". (Type check passed).
2026-03-08 17:06:42 +0000 - dagster - DEBUG - 07_optimizar_suite - ffdf6f53-f9f4-4bfc-8ed8-dbeda98c8bd1 - 5586 - quant_suite_cycle - ASSET_MATERIALIZATION - Materialized value quant_suite_cycle.
2026-03-08 17:06:42 +0000 - dagster - DEBUG - 07_optimizar_suite - ffdf6f53-f9f4-4bfc-8ed8-dbeda98c8bd1 - 5586 - quant_suite_cycle - STEP_SUCCESS - Finished execution of step "quant_suite_cycle" in 10m13s.
