2026-03-06 16:16:57 +0000 - dagster - DEBUG - 04_pipeline_datos_completo - 7118703f-41d7-422a-9741-c5bfd7783277 - 10206 - LOGS_CAPTURED - Started capturing logs in process (pid: 10206).
2026-03-06 16:16:57 +0000 - dagster - DEBUG - 04_pipeline_datos_completo - 7118703f-41d7-422a-9741-c5bfd7783277 - 10206 - warehouse_dbt_build - STEP_START - Started execution of step "warehouse_dbt_build".
2026-03-06 16:17:01 +0000 - dagster - INFO - 04_pipeline_datos_completo - 7118703f-41d7-422a-9741-c5bfd7783277 - warehouse_dbt_build - [0m16:17:01  Running with dbt=1.8.8
2026-03-06 16:17:01 +0000 - dagster - INFO - 04_pipeline_datos_completo - 7118703f-41d7-422a-9741-c5bfd7783277 - warehouse_dbt_build - [0m16:17:01  [[33mWARNING[0m]: Deprecated functionality
2026-03-06 16:17:02 +0000 - dagster - INFO - 04_pipeline_datos_completo - 7118703f-41d7-422a-9741-c5bfd7783277 - warehouse_dbt_build - The `tests` config has been renamed to `data_tests`. Please see
2026-03-06 16:17:02 +0000 - dagster - INFO - 04_pipeline_datos_completo - 7118703f-41d7-422a-9741-c5bfd7783277 - warehouse_dbt_build - https://docs.getdbt.com/docs/build/data-tests#new-data_tests-syntax for more
2026-03-06 16:17:02 +0000 - dagster - INFO - 04_pipeline_datos_completo - 7118703f-41d7-422a-9741-c5bfd7783277 - warehouse_dbt_build - information.
2026-03-06 16:17:02 +0000 - dagster - INFO - 04_pipeline_datos_completo - 7118703f-41d7-422a-9741-c5bfd7783277 - warehouse_dbt_build - [0m16:17:02  Registered adapter: duckdb=1.8.2
2026-03-06 16:17:03 +0000 - dagster - INFO - 04_pipeline_datos_completo - 7118703f-41d7-422a-9741-c5bfd7783277 - warehouse_dbt_build - [0m16:17:03  [[33mWARNING[0m]: Configuration paths exist in your dbt_project.yml file which do not apply to any resources.
2026-03-06 16:17:03 +0000 - dagster - INFO - 04_pipeline_datos_completo - 7118703f-41d7-422a-9741-c5bfd7783277 - warehouse_dbt_build - There are 1 unused configuration paths:
2026-03-06 16:17:03 +0000 - dagster - INFO - 04_pipeline_datos_completo - 7118703f-41d7-422a-9741-c5bfd7783277 - warehouse_dbt_build - - seeds.crypto_trading_lakehouse
2026-03-06 16:17:04 +0000 - dagster - INFO - 04_pipeline_datos_completo - 7118703f-41d7-422a-9741-c5bfd7783277 - warehouse_dbt_build - [0m16:17:04  Found 16 models, 18 data tests, 24 sources, 417 macros
2026-03-06 16:17:04 +0000 - dagster - INFO - 04_pipeline_datos_completo - 7118703f-41d7-422a-9741-c5bfd7783277 - warehouse_dbt_build - [0m16:17:04
2026-03-06 16:17:04 +0000 - dagster - INFO - 04_pipeline_datos_completo - 7118703f-41d7-422a-9741-c5bfd7783277 - warehouse_dbt_build - [0m16:17:04  Concurrency: 2 threads (target='local')
2026-03-06 16:17:04 +0000 - dagster - INFO - 04_pipeline_datos_completo - 7118703f-41d7-422a-9741-c5bfd7783277 - warehouse_dbt_build - [0m16:17:04
2026-03-06 16:17:04 +0000 - dagster - INFO - 04_pipeline_datos_completo - 7118703f-41d7-422a-9741-c5bfd7783277 - warehouse_dbt_build - [0m16:17:04  1 of 34 START sql view model main.br_news_sentiment ............................ [RUN]
2026-03-06 16:17:04 +0000 - dagster - INFO - 04_pipeline_datos_completo - 7118703f-41d7-422a-9741-c5bfd7783277 - warehouse_dbt_build - [0m16:17:04  2 of 34 START sql incremental model main.br_stock_prices ....................... [RUN]
2026-03-06 16:17:05 +0000 - dagster - INFO - 04_pipeline_datos_completo - 7118703f-41d7-422a-9741-c5bfd7783277 - warehouse_dbt_build - [0m16:17:05  1 of 34 OK created sql view model main.br_news_sentiment ....................... [[32mOK[0m in 0.74s]
2026-03-06 16:17:05 +0000 - dagster - INFO - 04_pipeline_datos_completo - 7118703f-41d7-422a-9741-c5bfd7783277 - warehouse_dbt_build - [0m16:17:05  3 of 34 START sql view model main.br_x_sentiment ............................... [RUN]
2026-03-06 16:17:05 +0000 - dagster - INFO - 04_pipeline_datos_completo - 7118703f-41d7-422a-9741-c5bfd7783277 - warehouse_dbt_build - [0m16:17:05  2 of 34 OK created sql incremental model main.br_stock_prices .................. [[32mOK[0m in 1.17s]
2026-03-06 16:17:05 +0000 - dagster - INFO - 04_pipeline_datos_completo - 7118703f-41d7-422a-9741-c5bfd7783277 - warehouse_dbt_build - [0m16:17:05  4 of 34 START sql table model main.fct_approved_orders ......................... [RUN]
2026-03-06 16:17:06 +0000 - dagster - INFO - 04_pipeline_datos_completo - 7118703f-41d7-422a-9741-c5bfd7783277 - warehouse_dbt_build - [0m16:17:06  3 of 34 OK created sql view model main.br_x_sentiment .......................... [[32mOK[0m in 0.59s]
2026-03-06 16:17:06 +0000 - dagster - INFO - 04_pipeline_datos_completo - 7118703f-41d7-422a-9741-c5bfd7783277 - warehouse_dbt_build - [0m16:17:06  5 of 34 START sql table model main.fct_raw_signals ............................. [RUN]
2026-03-06 16:17:06 +0000 - dagster - INFO - 04_pipeline_datos_completo - 7118703f-41d7-422a-9741-c5bfd7783277 - warehouse_dbt_build - [0m16:17:06  4 of 34 OK created sql table model main.fct_approved_orders .................... [[32mOK[0m in 0.51s]
2026-03-06 16:17:06 +0000 - dagster - INFO - 04_pipeline_datos_completo - 7118703f-41d7-422a-9741-c5bfd7783277 - warehouse_dbt_build - [0m16:17:06  6 of 34 START sql table model main.int_mlflow_runs ............................. [RUN]
2026-03-06 16:17:06 +0000 - dagster - INFO - 04_pipeline_datos_completo - 7118703f-41d7-422a-9741-c5bfd7783277 - warehouse_dbt_build - [0m16:17:06  5 of 34 OK created sql table model main.fct_raw_signals ........................ [[32mOK[0m in 0.59s]
2026-03-06 16:17:06 +0000 - dagster - INFO - 04_pipeline_datos_completo - 7118703f-41d7-422a-9741-c5bfd7783277 - warehouse_dbt_build - [0m16:17:06  7 of 34 START sql table model main.int_optuna_trials ........................... [RUN]
2026-03-06 16:17:07 +0000 - dagster - INFO - 04_pipeline_datos_completo - 7118703f-41d7-422a-9741-c5bfd7783277 - warehouse_dbt_build - [0m16:17:07  6 of 34 OK created sql table model main.int_mlflow_runs ........................ [[32mOK[0m in 0.60s]
2026-03-06 16:17:07 +0000 - dagster - INFO - 04_pipeline_datos_completo - 7118703f-41d7-422a-9741-c5bfd7783277 - warehouse_dbt_build - [0m16:17:07  8 of 34 START test assert_cross_exchange_snapshot_raw_historical ............... [RUN]
2026-03-06 16:17:07 +0000 - dagster - INFO - 04_pipeline_datos_completo - 7118703f-41d7-422a-9741-c5bfd7783277 - warehouse_dbt_build - [0m16:17:07  8 of 34 PASS assert_cross_exchange_snapshot_raw_historical ..................... [[32mPASS[0m in 0.17s]
2026-03-06 16:17:07 +0000 - dagster - INFO - 04_pipeline_datos_completo - 7118703f-41d7-422a-9741-c5bfd7783277 - warehouse_dbt_build - [0m16:17:07  9 of 34 START test assert_derivatives_flow_raw_historical ...................... [RUN]
2026-03-06 16:17:07 +0000 - dagster - INFO - 04_pipeline_datos_completo - 7118703f-41d7-422a-9741-c5bfd7783277 - warehouse_dbt_build - [0m16:17:07  7 of 34 OK created sql table model main.int_optuna_trials ...................... [[32mOK[0m in 0.80s]
2026-03-06 16:17:07 +0000 - dagster - INFO - 04_pipeline_datos_completo - 7118703f-41d7-422a-9741-c5bfd7783277 - warehouse_dbt_build - [0m16:17:07  10 of 34 START test assert_derivatives_snapshot_raw_historical ................. [RUN]
2026-03-06 16:17:07 +0000 - dagster - INFO - 04_pipeline_datos_completo - 7118703f-41d7-422a-9741-c5bfd7783277 - warehouse_dbt_build - [0m16:17:07  9 of 34 PASS assert_derivatives_flow_raw_historical ............................ [[32mPASS[0m in 0.42s]
2026-03-06 16:17:07 +0000 - dagster - INFO - 04_pipeline_datos_completo - 7118703f-41d7-422a-9741-c5bfd7783277 - warehouse_dbt_build - [0m16:17:07  11 of 34 START test assert_dex_snapshot_raw_historical ......................... [RUN]
2026-03-06 16:17:07 +0000 - dagster - INFO - 04_pipeline_datos_completo - 7118703f-41d7-422a-9741-c5bfd7783277 - warehouse_dbt_build - [0m16:17:07  10 of 34 PASS assert_derivatives_snapshot_raw_historical ....................... [[32mPASS[0m in 0.12s]
2026-03-06 16:17:07 +0000 - dagster - INFO - 04_pipeline_datos_completo - 7118703f-41d7-422a-9741-c5bfd7783277 - warehouse_dbt_build - [0m16:17:07  12 of 34 START test assert_fear_greed_raw_historical ........................... [RUN]
2026-03-06 16:17:07 +0000 - dagster - INFO - 04_pipeline_datos_completo - 7118703f-41d7-422a-9741-c5bfd7783277 - warehouse_dbt_build - [0m16:17:07  12 of 34 PASS assert_fear_greed_raw_historical ................................. [[32mPASS[0m in 0.14s]
2026-03-06 16:17:07 +0000 - dagster - INFO - 04_pipeline_datos_completo - 7118703f-41d7-422a-9741-c5bfd7783277 - warehouse_dbt_build - [0m16:17:07  11 of 34 WARN 1 assert_dex_snapshot_raw_historical ............................. [[33mWARN 1[0m in 0.17s]
2026-03-06 16:17:07 +0000 - dagster - INFO - 04_pipeline_datos_completo - 7118703f-41d7-422a-9741-c5bfd7783277 - warehouse_dbt_build - [0m16:17:07  13 of 34 START test assert_market_snapshot_raw_historical ...................... [RUN]
2026-03-06 16:17:07 +0000 - dagster - INFO - 04_pipeline_datos_completo - 7118703f-41d7-422a-9741-c5bfd7783277 - warehouse_dbt_build - [0m16:17:07  14 of 34 START test not_null_int_mlflow_runs_run_uuid .......................... [RUN]
2026-03-06 16:17:08 +0000 - dagster - INFO - 04_pipeline_datos_completo - 7118703f-41d7-422a-9741-c5bfd7783277 - warehouse_dbt_build - [0m16:17:08  14 of 34 PASS not_null_int_mlflow_runs_run_uuid ................................ [[32mPASS[0m in 0.16s]
2026-03-06 16:17:08 +0000 - dagster - INFO - 04_pipeline_datos_completo - 7118703f-41d7-422a-9741-c5bfd7783277 - warehouse_dbt_build - [0m16:17:08  13 of 34 PASS assert_market_snapshot_raw_historical ............................ [[32mPASS[0m in 0.19s]
2026-03-06 16:17:08 +0000 - dagster - INFO - 04_pipeline_datos_completo - 7118703f-41d7-422a-9741-c5bfd7783277 - warehouse_dbt_build - [0m16:17:08  15 of 34 START test unique_int_mlflow_runs_run_uuid ............................ [RUN]
2026-03-06 16:17:08 +0000 - dagster - INFO - 04_pipeline_datos_completo - 7118703f-41d7-422a-9741-c5bfd7783277 - warehouse_dbt_build - [0m16:17:08  16 of 34 START test not_null_int_optuna_trials_trial_id ........................ [RUN]
2026-03-06 16:17:08 +0000 - dagster - INFO - 04_pipeline_datos_completo - 7118703f-41d7-422a-9741-c5bfd7783277 - warehouse_dbt_build - [0m16:17:08  16 of 34 PASS not_null_int_optuna_trials_trial_id .............................. [[32mPASS[0m in 0.15s]
2026-03-06 16:17:08 +0000 - dagster - INFO - 04_pipeline_datos_completo - 7118703f-41d7-422a-9741-c5bfd7783277 - warehouse_dbt_build - [0m16:17:08  17 of 34 START test unique_int_optuna_trials_trial_id .......................... [RUN]
2026-03-06 16:17:08 +0000 - dagster - INFO - 04_pipeline_datos_completo - 7118703f-41d7-422a-9741-c5bfd7783277 - warehouse_dbt_build - [0m16:17:08  15 of 34 PASS unique_int_mlflow_runs_run_uuid .................................. [[32mPASS[0m in 0.19s]
2026-03-06 16:17:08 +0000 - dagster - INFO - 04_pipeline_datos_completo - 7118703f-41d7-422a-9741-c5bfd7783277 - warehouse_dbt_build - [0m16:17:08  18 of 34 START sql incremental model main.br_macro_context ..................... [RUN]
2026-03-06 16:17:08 +0000 - dagster - INFO - 04_pipeline_datos_completo - 7118703f-41d7-422a-9741-c5bfd7783277 - warehouse_dbt_build - [0m16:17:08  17 of 34 PASS unique_int_optuna_trials_trial_id ................................ [[32mPASS[0m in 0.16s]
2026-03-06 16:17:08 +0000 - dagster - INFO - 04_pipeline_datos_completo - 7118703f-41d7-422a-9741-c5bfd7783277 - warehouse_dbt_build - [0m16:17:08  19 of 34 START sql incremental model main.br_market_snapshot ................... [RUN]
2026-03-06 16:17:08 +0000 - dagster - INFO - 04_pipeline_datos_completo - 7118703f-41d7-422a-9741-c5bfd7783277 - warehouse_dbt_build - [0m16:17:08  18 of 34 OK created sql incremental model main.br_macro_context ................ [[32mOK[0m in 0.52s]
2026-03-06 16:17:10 +0000 - dagster - INFO - 04_pipeline_datos_completo - 7118703f-41d7-422a-9741-c5bfd7783277 - warehouse_dbt_build - [0m16:17:10  19 of 34 OK created sql incremental model main.br_market_snapshot .............. [[32mOK[0m in 2.09s]
2026-03-06 16:17:10 +0000 - dagster - INFO - 04_pipeline_datos_completo - 7118703f-41d7-422a-9741-c5bfd7783277 - warehouse_dbt_build - [0m16:17:10  20 of 34 START test not_null_br_market_snapshot_event_time ..................... [RUN]
2026-03-06 16:17:10 +0000 - dagster - INFO - 04_pipeline_datos_completo - 7118703f-41d7-422a-9741-c5bfd7783277 - warehouse_dbt_build - [0m16:17:10  21 of 34 START test not_null_br_market_snapshot_symbol ......................... [RUN]
2026-03-06 16:17:10 +0000 - dagster - INFO - 04_pipeline_datos_completo - 7118703f-41d7-422a-9741-c5bfd7783277 - warehouse_dbt_build - [0m16:17:10  21 of 34 PASS not_null_br_market_snapshot_symbol ............................... [[32mPASS[0m in 0.18s]
2026-03-06 16:17:10 +0000 - dagster - INFO - 04_pipeline_datos_completo - 7118703f-41d7-422a-9741-c5bfd7783277 - warehouse_dbt_build - [0m16:17:10  20 of 34 PASS not_null_br_market_snapshot_event_time ........................... [[32mPASS[0m in 0.20s]
2026-03-06 16:17:10 +0000 - dagster - INFO - 04_pipeline_datos_completo - 7118703f-41d7-422a-9741-c5bfd7783277 - warehouse_dbt_build - [0m16:17:10  22 of 34 START sql incremental model main.slv_decision_features ................ [RUN]
2026-03-06 16:17:13 +0000 - dagster - INFO - 04_pipeline_datos_completo - 7118703f-41d7-422a-9741-c5bfd7783277 - warehouse_dbt_build - [0m16:17:13  22 of 34 OK created sql incremental model main.slv_decision_features ........... [[32mOK[0m in 2.33s]
2026-03-06 16:17:13 +0000 - dagster - INFO - 04_pipeline_datos_completo - 7118703f-41d7-422a-9741-c5bfd7783277 - warehouse_dbt_build - [0m16:17:13  23 of 34 START test not_null_slv_decision_features_event_time .................. [RUN]
2026-03-06 16:17:13 +0000 - dagster - INFO - 04_pipeline_datos_completo - 7118703f-41d7-422a-9741-c5bfd7783277 - warehouse_dbt_build - [0m16:17:13  24 of 34 START test not_null_slv_decision_features_symbol ...................... [RUN]
2026-03-06 16:17:13 +0000 - dagster - INFO - 04_pipeline_datos_completo - 7118703f-41d7-422a-9741-c5bfd7783277 - warehouse_dbt_build - [0m16:17:13  24 of 34 PASS not_null_slv_decision_features_symbol ............................ [[32mPASS[0m in 0.23s]
2026-03-06 16:17:13 +0000 - dagster - INFO - 04_pipeline_datos_completo - 7118703f-41d7-422a-9741-c5bfd7783277 - warehouse_dbt_build - [0m16:17:13  23 of 34 PASS not_null_slv_decision_features_event_time ........................ [[32mPASS[0m in 0.24s]
2026-03-06 16:17:13 +0000 - dagster - INFO - 04_pipeline_datos_completo - 7118703f-41d7-422a-9741-c5bfd7783277 - warehouse_dbt_build - [0m16:17:13  25 of 34 START sql incremental model main.decision_features .................... [RUN]
2026-03-06 16:17:13 +0000 - dagster - INFO - 04_pipeline_datos_completo - 7118703f-41d7-422a-9741-c5bfd7783277 - warehouse_dbt_build - [0m16:17:13  26 of 34 START sql table model main.fct_liquidity_profile ...................... [RUN]
2026-03-06 16:17:14 +0000 - dagster - INFO - 04_pipeline_datos_completo - 7118703f-41d7-422a-9741-c5bfd7783277 - warehouse_dbt_build - [0m16:17:14  26 of 34 OK created sql table model main.fct_liquidity_profile ................. [[32mOK[0m in 1.42s]
2026-03-06 16:17:14 +0000 - dagster - INFO - 04_pipeline_datos_completo - 7118703f-41d7-422a-9741-c5bfd7783277 - warehouse_dbt_build - [0m16:17:14  27 of 34 START sql table model main.fct_symbol_performance ..................... [RUN]
2026-03-06 16:17:15 +0000 - dagster - INFO - 04_pipeline_datos_completo - 7118703f-41d7-422a-9741-c5bfd7783277 - warehouse_dbt_build - [0m16:17:15  25 of 34 OK created sql incremental model main.decision_features ............... [[32mOK[0m in 2.35s]
2026-03-06 16:17:15 +0000 - dagster - INFO - 04_pipeline_datos_completo - 7118703f-41d7-422a-9741-c5bfd7783277 - warehouse_dbt_build - [0m16:17:15  28 of 34 START test not_null_fct_decision_features_event_time .................. [RUN]
2026-03-06 16:17:15 +0000 - dagster - INFO - 04_pipeline_datos_completo - 7118703f-41d7-422a-9741-c5bfd7783277 - warehouse_dbt_build - [0m16:17:15  28 of 34 PASS not_null_fct_decision_features_event_time ........................ [[32mPASS[0m in 0.08s]
2026-03-06 16:17:15 +0000 - dagster - INFO - 04_pipeline_datos_completo - 7118703f-41d7-422a-9741-c5bfd7783277 - warehouse_dbt_build - [0m16:17:15  29 of 34 START test not_null_fct_decision_features_feature_id .................. [RUN]
2026-03-06 16:17:15 +0000 - dagster - INFO - 04_pipeline_datos_completo - 7118703f-41d7-422a-9741-c5bfd7783277 - warehouse_dbt_build - [0m16:17:15  29 of 34 PASS not_null_fct_decision_features_feature_id ........................ [[32mPASS[0m in 0.09s]
2026-03-06 16:17:15 +0000 - dagster - INFO - 04_pipeline_datos_completo - 7118703f-41d7-422a-9741-c5bfd7783277 - warehouse_dbt_build - [0m16:17:15  30 of 34 START test not_null_fct_decision_features_symbol ...................... [RUN]
2026-03-06 16:17:16 +0000 - dagster - INFO - 04_pipeline_datos_completo - 7118703f-41d7-422a-9741-c5bfd7783277 - warehouse_dbt_build - [0m16:17:16  30 of 34 PASS not_null_fct_decision_features_symbol ............................ [[32mPASS[0m in 0.13s]
2026-03-06 16:17:16 +0000 - dagster - INFO - 04_pipeline_datos_completo - 7118703f-41d7-422a-9741-c5bfd7783277 - warehouse_dbt_build - [0m16:17:16  31 of 34 START test unique_fct_decision_features_feature_id .................... [RUN]
2026-03-06 16:17:16 +0000 - dagster - INFO - 04_pipeline_datos_completo - 7118703f-41d7-422a-9741-c5bfd7783277 - warehouse_dbt_build - [0m16:17:16  31 of 34 WARN 19 unique_fct_decision_features_feature_id ....................... [[33mWARN 19[0m in 0.17s]
2026-03-06 16:17:16 +0000 - dagster - INFO - 04_pipeline_datos_completo - 7118703f-41d7-422a-9741-c5bfd7783277 - warehouse_dbt_build - [0m16:17:16  32 of 34 START sql table model main.fct_anomaly_detection ...................... [RUN]
2026-03-06 16:17:16 +0000 - dagster - INFO - 04_pipeline_datos_completo - 7118703f-41d7-422a-9741-c5bfd7783277 - warehouse_dbt_build - [0m16:17:16  32 of 34 OK created sql table model main.fct_anomaly_detection ................. [[32mOK[0m in 0.67s]
2026-03-06 16:17:17 +0000 - dagster - INFO - 04_pipeline_datos_completo - 7118703f-41d7-422a-9741-c5bfd7783277 - warehouse_dbt_build - [0m16:17:16  33 of 34 START sql table model main.fct_market_summary ......................... [RUN]
2026-03-06 16:17:17 +0000 - dagster - INFO - 04_pipeline_datos_completo - 7118703f-41d7-422a-9741-c5bfd7783277 - warehouse_dbt_build - [0m16:17:17  33 of 34 OK created sql table model main.fct_market_summary .................... [[32mOK[0m in 0.18s]
2026-03-06 16:17:17 +0000 - dagster - INFO - 04_pipeline_datos_completo - 7118703f-41d7-422a-9741-c5bfd7783277 - warehouse_dbt_build - [0m16:17:17  34 of 34 START sql table model main.fct_momentum_rankings ...................... [RUN]
2026-03-06 16:17:19 +0000 - dagster - INFO - 04_pipeline_datos_completo - 7118703f-41d7-422a-9741-c5bfd7783277 - warehouse_dbt_build - [0m16:17:17  34 of 34 OK created sql table model main.fct_momentum_rankings ................. [[32mOK[0m in 0.18s]
2026-03-06 16:17:19 +0000 - dagster - INFO - 04_pipeline_datos_completo - 7118703f-41d7-422a-9741-c5bfd7783277 - warehouse_dbt_build - [0m16:17:19  27 of 34 OK created sql table model main.fct_symbol_performance ................ [[32mOK[0m in 4.49s]
2026-03-06 16:17:19 +0000 - dagster - INFO - 04_pipeline_datos_completo - 7118703f-41d7-422a-9741-c5bfd7783277 - warehouse_dbt_build - [0m16:17:19
2026-03-06 16:17:19 +0000 - dagster - INFO - 04_pipeline_datos_completo - 7118703f-41d7-422a-9741-c5bfd7783277 - warehouse_dbt_build - [0m16:17:19  Finished running 2 view models, 5 incremental models, 9 table models, 18 data tests in 0 hours 0 minutes and 15.36 seconds (15.36s).
2026-03-06 16:17:19 +0000 - dagster - INFO - 04_pipeline_datos_completo - 7118703f-41d7-422a-9741-c5bfd7783277 - warehouse_dbt_build - [0m16:17:19
2026-03-06 16:17:19 +0000 - dagster - INFO - 04_pipeline_datos_completo - 7118703f-41d7-422a-9741-c5bfd7783277 - warehouse_dbt_build - [0m16:17:19  [33mCompleted with 2 warnings:[0m
2026-03-06 16:17:19 +0000 - dagster - INFO - 04_pipeline_datos_completo - 7118703f-41d7-422a-9741-c5bfd7783277 - warehouse_dbt_build - [0m16:17:19
2026-03-06 16:17:19 +0000 - dagster - INFO - 04_pipeline_datos_completo - 7118703f-41d7-422a-9741-c5bfd7783277 - warehouse_dbt_build - [0m16:17:19  [33mWarning in test assert_dex_snapshot_raw_historical (tests/assert_dex_snapshot_raw_historical.sql)[0m
2026-03-06 16:17:19 +0000 - dagster - INFO - 04_pipeline_datos_completo - 7118703f-41d7-422a-9741-c5bfd7783277 - warehouse_dbt_build - [0m16:17:19  Got 1 result, configured to warn if != 0
2026-03-06 16:17:19 +0000 - dagster - INFO - 04_pipeline_datos_completo - 7118703f-41d7-422a-9741-c5bfd7783277 - warehouse_dbt_build - [0m16:17:19
2026-03-06 16:17:19 +0000 - dagster - INFO - 04_pipeline_datos_completo - 7118703f-41d7-422a-9741-c5bfd7783277 - warehouse_dbt_build - [0m16:17:19    compiled code at target/compiled/crypto_trading_lakehouse/tests/assert_dex_snapshot_raw_historical.sql
2026-03-06 16:17:19 +0000 - dagster - INFO - 04_pipeline_datos_completo - 7118703f-41d7-422a-9741-c5bfd7783277 - warehouse_dbt_build - [0m16:17:19
2026-03-06 16:17:19 +0000 - dagster - INFO - 04_pipeline_datos_completo - 7118703f-41d7-422a-9741-c5bfd7783277 - warehouse_dbt_build - [0m16:17:19  [33mWarning in test unique_fct_decision_features_feature_id (models/schema.yml)[0m
2026-03-06 16:17:19 +0000 - dagster - INFO - 04_pipeline_datos_completo - 7118703f-41d7-422a-9741-c5bfd7783277 - warehouse_dbt_build - [0m16:17:19  Got 19 results, configured to warn if != 0
2026-03-06 16:17:19 +0000 - dagster - INFO - 04_pipeline_datos_completo - 7118703f-41d7-422a-9741-c5bfd7783277 - warehouse_dbt_build - [0m16:17:19
2026-03-06 16:17:19 +0000 - dagster - INFO - 04_pipeline_datos_completo - 7118703f-41d7-422a-9741-c5bfd7783277 - warehouse_dbt_build - [0m16:17:19    compiled code at target/compiled/crypto_trading_lakehouse/models/schema.yml/unique_fct_decision_features_feature_id.sql
2026-03-06 16:17:19 +0000 - dagster - INFO - 04_pipeline_datos_completo - 7118703f-41d7-422a-9741-c5bfd7783277 - warehouse_dbt_build - [0m16:17:19
2026-03-06 16:17:19 +0000 - dagster - INFO - 04_pipeline_datos_completo - 7118703f-41d7-422a-9741-c5bfd7783277 - warehouse_dbt_build - [0m16:17:19  Done. PASS=32 WARN=2 ERROR=0 SKIP=0 TOTAL=34
2026-03-06 16:17:20 +0000 - dagster - DEBUG - 04_pipeline_datos_completo - 7118703f-41d7-422a-9741-c5bfd7783277 - 10206 - warehouse_dbt_build - STEP_OUTPUT - Yielded output "result" of type "Any". (Type check passed).
2026-03-06 16:17:20 +0000 - dagster - DEBUG - 04_pipeline_datos_completo - 7118703f-41d7-422a-9741-c5bfd7783277 - 10206 - warehouse_dbt_build - ASSET_MATERIALIZATION - Materialized value warehouse_dbt_build.
2026-03-06 16:17:20 +0000 - dagster - DEBUG - 04_pipeline_datos_completo - 7118703f-41d7-422a-9741-c5bfd7783277 - 10206 - warehouse_dbt_build - STEP_SUCCESS - Finished execution of step "warehouse_dbt_build" in 23.43s.
