2026-03-07 23:20:31 +0000 - dagster - DEBUG - 01_datos_cripto - 51919e1f-e825-4b1d-aa4c-0be864d0021f - 511 - LOGS_CAPTURED - Started capturing logs in process (pid: 511).
2026-03-07 23:20:31 +0000 - dagster - DEBUG - 01_datos_cripto - 51919e1f-e825-4b1d-aa4c-0be864d0021f - 511 - bronze_high - STEP_START - Started execution of step "bronze_high".
WARNING:urllib3.connectionpool:Retrying (Retry(total=9, connect=1, read=0, redirect=None, status=None)) after connection broken by 'ReadTimeoutError("HTTPConnectionPool(host='binance-connector', port=8000): Read timed out. (read timeout=5)")': /market/ticker/BNBUSDT
WARNING:urllib3.connectionpool:Retrying (Retry(total=9, connect=1, read=0, redirect=None, status=None)) after connection broken by 'ReadTimeoutError("HTTPSConnectionPool(host='api.bybit.com', port=443): Read timed out. (read timeout=5)")': /v5/market/tickers?category=linear&symbol=LTCUSDT
WARNING:urllib3.connectionpool:Retrying (Retry(total=9, connect=1, read=0, redirect=None, status=None)) after connection broken by 'ReadTimeoutError("HTTPSConnectionPool(host='api.bybit.com', port=443): Read timed out. (read timeout=5)")': /v5/market/tickers?category=linear&symbol=UNIUSDT
WARNING:urllib3.connectionpool:Retrying (Retry(total=9, connect=1, read=0, redirect=None, status=None)) after connection broken by 'ReadTimeoutError("HTTPConnectionPool(host='binance-connector', port=8000): Read timed out. (read timeout=5)")': /futures/market/ticker/ETHUSDT
WARNING:urllib3.connectionpool:Retrying (Retry(total=9, connect=1, read=0, redirect=None, status=None)) after connection broken by 'ReadTimeoutError("HTTPSConnectionPool(host='api.bybit.com', port=443): Read timed out. (read timeout=5)")': /v5/market/tickers?category=linear&symbol=ATOMUSDT
WARNING:urllib3.connectionpool:Retrying (Retry(total=9, connect=1, read=0, redirect=None, status=None)) after connection broken by 'ReadTimeoutError("HTTPSConnectionPool(host='api.bybit.com', port=443): Read timed out. (read timeout=5)")': /v5/market/tickers?category=linear&symbol=MATICUSDT
WARNING:urllib3.connectionpool:Retrying (Retry(total=9, connect=1, read=0, redirect=None, status=None)) after connection broken by 'ReadTimeoutError("HTTPSConnectionPool(host='www.okx.com', port=443): Read timed out. (read timeout=5)")': /api/v5/market/ticker?instId=LTC-USDT-SWAP
WARNING:urllib3.connectionpool:Retrying (Retry(total=9, connect=1, read=0, redirect=None, status=None)) after connection broken by 'ReadTimeoutError("HTTPSConnectionPool(host='www.okx.com', port=443): Read timed out. (read timeout=5)")': /api/v5/market/ticker?instId=UNI-USDT-SWAP
WARNING:urllib3.connectionpool:Retrying (Retry(total=9, connect=1, read=0, redirect=None, status=None)) after connection broken by 'ReadTimeoutError("HTTPSConnectionPool(host='fapi.binance.com', port=443): Read timed out. (read timeout=5)")': /futures/data/globalLongShortAccountRatio?symbol=LINKUSDT&period=1h&limit=1
WARNING:urllib3.connectionpool:Retrying (Retry(total=9, connect=1, read=0, redirect=None, status=None)) after connection broken by 'ReadTimeoutError("HTTPConnectionPool(host='binance-connector', port=8000): Read timed out. (read timeout=5)")': /futures/market/ticker/BTCUSDT
WARNING:urllib3.connectionpool:Retrying (Retry(total=9, connect=1, read=0, redirect=None, status=None)) after connection broken by 'ReadTimeoutError("HTTPConnectionPool(host='binance-connector', port=8000): Read timed out. (read timeout=5)")': /market/ticker/XRPUSDT
WARNING:urllib3.connectionpool:Retrying (Retry(total=9, connect=1, read=0, redirect=None, status=None)) after connection broken by 'ReadTimeoutError("HTTPSConnectionPool(host='fapi.binance.com', port=443): Read timed out. (read timeout=5)")': /futures/data/globalLongShortAccountRatio?symbol=AVAXUSDT&period=1h&limit=1
WARNING:urllib3.connectionpool:Retrying (Retry(total=9, connect=1, read=0, redirect=None, status=None)) after connection broken by 'ReadTimeoutError("HTTPSConnectionPool(host='www.okx.com', port=443): Read timed out. (read timeout=5)")': /api/v5/market/ticker?instId=ETC-USDT-SWAP
WARNING:urllib3.connectionpool:Retrying (Retry(total=9, connect=1, read=0, redirect=None, status=None)) after connection broken by 'ReadTimeoutError("HTTPConnectionPool(host='binance-connector', port=8000): Read timed out. (read timeout=5)")': /market/ticker/SOLUSDT
WARNING:urllib3.connectionpool:Retrying (Retry(total=9, connect=1, read=0, redirect=None, status=None)) after connection broken by 'ReadTimeoutError("HTTPSConnectionPool(host='fapi.binance.com', port=443): Read timed out. (read timeout=5)")': /futures/data/globalLongShortAccountRatio?symbol=DOGEUSDT&period=1h&limit=1
WARNING:urllib3.connectionpool:Retrying (Retry(total=9, connect=1, read=0, redirect=None, status=None)) after connection broken by 'ReadTimeoutError("HTTPSConnectionPool(host='fapi.binance.com', port=443): Read timed out. (read timeout=5)")': /futures/data/globalLongShortAccountRatio?symbol=ADAUSDT&period=1h&limit=1
WARNING:urllib3.connectionpool:Retrying (Retry(total=9, connect=1, read=0, redirect=None, status=None)) after connection broken by 'ReadTimeoutError("HTTPSConnectionPool(host='api.bybit.com', port=443): Read timed out. (read timeout=5)")': /v5/market/tickers?category=linear&symbol=ETCUSDT
WARNING:urllib3.connectionpool:Retrying (Retry(total=9, connect=1, read=0, redirect=None, status=None)) after connection broken by 'ReadTimeoutError("HTTPSConnectionPool(host='fapi.binance.com', port=443): Read timed out. (read timeout=5)")': /futures/data/globalLongShortAccountRatio?symbol=DOTUSDT&period=1h&limit=1
WARNING:urllib3.connectionpool:Retrying (Retry(total=9, connect=1, read=0, redirect=None, status=None)) after connection broken by 'ReadTimeoutError("HTTPSConnectionPool(host='www.okx.com', port=443): Read timed out. (read timeout=5)")': /api/v5/market/ticker?instId=XLM-USDT-SWAP
WARNING:urllib3.connectionpool:Retrying (Retry(total=9, connect=1, read=0, redirect=None, status=None)) after connection broken by 'ReadTimeoutError("HTTPConnectionPool(host='binance-connector', port=8000): Read timed out. (read timeout=5)")': /futures/market/ticker/DOGEUSDT
WARNING:urllib3.connectionpool:Retrying (Retry(total=9, connect=1, read=0, redirect=None, status=None)) after connection broken by 'ReadTimeoutError("HTTPConnectionPool(host='binance-connector', port=8000): Read timed out. (read timeout=5)")': /futures/market/ticker/ADAUSDT
WARNING:urllib3.connectionpool:Retrying (Retry(total=9, connect=1, read=0, redirect=None, status=None)) after connection broken by 'ReadTimeoutError("HTTPSConnectionPool(host='www.okx.com', port=443): Read timed out. (read timeout=5)")': /api/v5/market/ticker?instId=INJ-USDT-SWAP
WARNING:urllib3.connectionpool:Retrying (Retry(total=9, connect=1, read=0, redirect=None, status=None)) after connection broken by 'ReadTimeoutError("HTTPConnectionPool(host='binance-connector', port=8000): Read timed out. (read timeout=5)")': /market/ticker/LINKUSDT
WARNING:urllib3.connectionpool:Retrying (Retry(total=9, connect=1, read=0, redirect=None, status=None)) after connection broken by 'ReadTimeoutError("HTTPConnectionPool(host='binance-connector', port=8000): Read timed out. (read timeout=5)")': /market/ticker/DOTUSDT
WARNING:urllib3.connectionpool:Retrying (Retry(total=9, connect=1, read=0, redirect=None, status=None)) after connection broken by 'ReadTimeoutError("HTTPConnectionPool(host='binance-connector', port=8000): Read timed out. (read timeout=5)")': /market/ticker/AVAXUSDT
WARNING:urllib3.connectionpool:Retrying (Retry(total=9, connect=1, read=0, redirect=None, status=None)) after connection broken by 'ReadTimeoutError("HTTPConnectionPool(host='binance-connector', port=8000): Read timed out. (read timeout=5)")': /market/ticker/MATICUSDT
WARNING:urllib3.connectionpool:Retrying (Retry(total=9, connect=1, read=0, redirect=None, status=None)) after connection broken by 'ReadTimeoutError("HTTPConnectionPool(host='binance-connector', port=8000): Read timed out. (read timeout=5)")': /market/ticker/UNIUSDT
WARNING:urllib3.connectionpool:Retrying (Retry(total=9, connect=1, read=0, redirect=None, status=None)) after connection broken by 'ReadTimeoutError("HTTPConnectionPool(host='binance-connector', port=8000): Read timed out. (read timeout=5)")': /market/ticker/ATOMUSDT
WARNING:urllib3.connectionpool:Retrying (Retry(total=9, connect=1, read=0, redirect=None, status=None)) after connection broken by 'ReadTimeoutError("HTTPConnectionPool(host='binance-connector', port=8000): Read timed out. (read timeout=5)")': /market/ticker/ETCUSDT
WARNING:urllib3.connectionpool:Retrying (Retry(total=9, connect=1, read=0, redirect=None, status=None)) after connection broken by 'ReadTimeoutError("HTTPConnectionPool(host='binance-connector', port=8000): Read timed out. (read timeout=5)")': /futures/market/ticker/LTCUSDT
WARNING:urllib3.connectionpool:Retrying (Retry(total=9, connect=1, read=0, redirect=None, status=None)) after connection broken by 'ReadTimeoutError("HTTPConnectionPool(host='binance-connector', port=8000): Read timed out. (read timeout=5)")': /market/ticker/APTUSDT
WARNING:urllib3.connectionpool:Retrying (Retry(total=9, connect=1, read=0, redirect=None, status=None)) after connection broken by 'ReadTimeoutError("HTTPConnectionPool(host='binance-connector', port=8000): Read timed out. (read timeout=5)")': /market/ticker/XLMUSDT
WARNING:urllib3.connectionpool:Retrying (Retry(total=9, connect=1, read=0, redirect=None, status=None)) after connection broken by 'ReadTimeoutError("HTTPConnectionPool(host='binance-connector', port=8000): Read timed out. (read timeout=5)")': /futures/market/ticker/APTUSDT
WARNING:urllib3.connectionpool:Retrying (Retry(total=9, connect=1, read=0, redirect=None, status=None)) after connection broken by 'ReadTimeoutError("HTTPConnectionPool(host='binance-connector', port=8000): Read timed out. (read timeout=5)")': /futures/market/ticker/ARBUSDT
WARNING:urllib3.connectionpool:Retrying (Retry(total=9, connect=1, read=0, redirect=None, status=None)) after connection broken by 'ReadTimeoutError("HTTPConnectionPool(host='binance-connector', port=8000): Read timed out. (read timeout=5)")': /futures/market/ticker/OPUSDT
WARNING:urllib3.connectionpool:Retrying (Retry(total=9, connect=1, read=0, redirect=None, status=None)) after connection broken by 'ReadTimeoutError("HTTPConnectionPool(host='binance-connector', port=8000): Read timed out. (read timeout=5)")': /market/ticker/NEARUSDT
WARNING:urllib3.connectionpool:Retrying (Retry(total=9, connect=1, read=0, redirect=None, status=None)) after connection broken by 'ReadTimeoutError("HTTPConnectionPool(host='binance-connector', port=8000): Read timed out. (read timeout=5)")': /market/ticker/SUIUSDT
WARNING:urllib3.connectionpool:Retrying (Retry(total=9, connect=1, read=0, redirect=None, status=None)) after connection broken by 'ReadTimeoutError("HTTPConnectionPool(host='binance-connector', port=8000): Read timed out. (read timeout=5)")': /market/ticker/SANDUSDT
WARNING:urllib3.connectionpool:Retrying (Retry(total=9, connect=1, read=0, redirect=None, status=None)) after connection broken by 'ReadTimeoutError("HTTPConnectionPool(host='binance-connector', port=8000): Read timed out. (read timeout=5)")': /market/ticker/MANAUSDT
WARNING:urllib3.connectionpool:Retrying (Retry(total=9, connect=1, read=0, redirect=None, status=None)) after connection broken by 'ReadTimeoutError("HTTPConnectionPool(host='binance-connector', port=8000): Read timed out. (read timeout=5)")': /market/ticker/FTMUSDT
WARNING:urllib3.connectionpool:Retrying (Retry(total=9, connect=1, read=0, redirect=None, status=None)) after connection broken by 'ReadTimeoutError("HTTPConnectionPool(host='binance-connector', port=8000): Read timed out. (read timeout=5)")': /market/ticker/INJUSDT
WARNING:urllib3.connectionpool:Retrying (Retry(total=9, connect=1, read=0, redirect=None, status=None)) after connection broken by 'ReadTimeoutError("HTTPConnectionPool(host='binance-connector', port=8000): Read timed out. (read timeout=5)")': /market/ticker/GALAUSDT
WARNING:urllib3.connectionpool:Retrying (Retry(total=9, connect=1, read=0, redirect=None, status=None)) after connection broken by 'ReadTimeoutError("HTTPConnectionPool(host='binance-connector', port=8000): Read timed out. (read timeout=5)")': /market/ticker/TIAUSDT
WARNING:urllib3.connectionpool:Retrying (Retry(total=9, connect=1, read=0, redirect=None, status=None)) after connection broken by 'ReadTimeoutError("HTTPConnectionPool(host='binance-connector', port=8000): Read timed out. (read timeout=5)")': /market/ticker/RNDRUSDT
WARNING:urllib3.connectionpool:Retrying (Retry(total=9, connect=1, read=0, redirect=None, status=None)) after connection broken by 'ReadTimeoutError("HTTPConnectionPool(host='binance-connector', port=8000): Read timed out. (read timeout=5)")': /market/ticker/AXSUSDT
WARNING:urllib3.connectionpool:Retrying (Retry(total=9, connect=1, read=0, redirect=None, status=None)) after connection broken by 'ReadTimeoutError("HTTPConnectionPool(host='binance-connector', port=8000): Read timed out. (read timeout=5)")': /market/ticker/SEIUSDT
WARNING:urllib3.connectionpool:Retrying (Retry(total=9, connect=1, read=0, redirect=None, status=None)) after connection broken by 'ReadTimeoutError("HTTPConnectionPool(host='binance-connector', port=8000): Read timed out. (read timeout=5)")': /market/ticker/WLDUSDT
WARNING:urllib3.connectionpool:Retrying (Retry(total=9, connect=1, read=0, redirect=None, status=None)) after connection broken by 'ReadTimeoutError("HTTPConnectionPool(host='binance-connector', port=8000): Read timed out. (read timeout=5)")': /market/ticker/PEPEUSDT
WARNING:urllib3.connectionpool:Retrying (Retry(total=9, connect=1, read=0, redirect=None, status=None)) after connection broken by 'ReadTimeoutError("HTTPConnectionPool(host='binance-connector', port=8000): Read timed out. (read timeout=5)")': /market/ticker/SHIBUSDT
WARNING:urllib3.connectionpool:Retrying (Retry(total=9, connect=1, read=0, redirect=None, status=None)) after connection broken by 'ReadTimeoutError("HTTPConnectionPool(host='binance-connector', port=8000): Read timed out. (read timeout=5)")': /market/ticker/FETUSDT
WARNING:urllib3.connectionpool:Retrying (Retry(total=9, connect=1, read=0, redirect=None, status=None)) after connection broken by 'ReadTimeoutError("HTTPConnectionPool(host='binance-connector', port=8000): Read timed out. (read timeout=5)")': /market/ticker/AGIXUSDT
WARNING:urllib3.connectionpool:Retrying (Retry(total=9, connect=1, read=0, redirect=None, status=None)) after connection broken by 'ReadTimeoutError("HTTPConnectionPool(host='binance-connector', port=8000): Read timed out. (read timeout=5)")': /market/ticker/ORDIUSDT
WARNING:urllib3.connectionpool:Retrying (Retry(total=9, connect=1, read=0, redirect=None, status=None)) after connection broken by 'ReadTimeoutError("HTTPConnectionPool(host='binance-connector', port=8000): Read timed out. (read timeout=5)")': /market/ticker/FILUSDT
WARNING:urllib3.connectionpool:Retrying (Retry(total=9, connect=1, read=0, redirect=None, status=None)) after connection broken by 'ReadTimeoutError("HTTPConnectionPool(host='binance-connector', port=8000): Read timed out. (read timeout=5)")': /market/ticker/LDOUSDT
WARNING:urllib3.connectionpool:Retrying (Retry(total=9, connect=1, read=0, redirect=None, status=None)) after connection broken by 'ReadTimeoutError("HTTPConnectionPool(host='binance-connector', port=8000): Read timed out. (read timeout=5)")': /market/ticker/STXUSDT
WARNING:urllib3.connectionpool:Retrying (Retry(total=9, connect=1, read=0, redirect=None, status=None)) after connection broken by 'ReadTimeoutError("HTTPConnectionPool(host='binance-connector', port=8000): Read timed out. (read timeout=5)")': /market/ticker/MKRUSDT
WARNING:urllib3.connectionpool:Retrying (Retry(total=9, connect=1, read=0, redirect=None, status=None)) after connection broken by 'ReadTimeoutError("HTTPConnectionPool(host='binance-connector', port=8000): Read timed out. (read timeout=5)")': /market/ticker/IMXUSDT
WARNING:urllib3.connectionpool:Retrying (Retry(total=9, connect=1, read=0, redirect=None, status=None)) after connection broken by 'ReadTimeoutError("HTTPConnectionPool(host='binance-connector', port=8000): Read timed out. (read timeout=5)")': /market/ticker/RUNEUSDT
WARNING:urllib3.connectionpool:Retrying (Retry(total=9, connect=1, read=0, redirect=None, status=None)) after connection broken by 'ReadTimeoutError("HTTPConnectionPool(host='binance-connector', port=8000): Read timed out. (read timeout=5)")': /market/ticker/ICPUSDT
WARNING:urllib3.connectionpool:Retrying (Retry(total=9, connect=1, read=0, redirect=None, status=None)) after connection broken by 'ReadTimeoutError("HTTPConnectionPool(host='binance-connector', port=8000): Read timed out. (read timeout=5)")': /market/ticker/AAVEUSDT
WARNING:urllib3.connectionpool:Retrying (Retry(total=9, connect=1, read=0, redirect=None, status=None)) after connection broken by 'ReadTimeoutError("HTTPConnectionPool(host='binance-connector', port=8000): Read timed out. (read timeout=5)")': /market/ticker/SNXUSDT
WARNING:urllib3.connectionpool:Retrying (Retry(total=9, connect=1, read=0, redirect=None, status=None)) after connection broken by 'ReadTimeoutError("HTTPConnectionPool(host='binance-connector', port=8000): Read timed out. (read timeout=5)")': /market/ticker/GRTUSDT
WARNING:urllib3.connectionpool:Retrying (Retry(total=9, connect=0, read=1, redirect=None, status=None)) after connection broken by 'NameResolutionError("HTTPConnection(host='binance-connector', port=8000): Failed to resolve 'binance-connector' ([Errno -3] Temporary failure in name resolution)")': /market/ticker/THETAUSDT
WARNING:urllib3.connectionpool:Retrying (Retry(total=9, connect=1, read=0, redirect=None, status=None)) after connection broken by 'ReadTimeoutError("HTTPConnectionPool(host='binance-connector', port=8000): Read timed out. (read timeout=5)")': /market/ticker/EOSUSDT
WARNING:urllib3.connectionpool:Retrying (Retry(total=9, connect=1, read=0, redirect=None, status=None)) after connection broken by 'ReadTimeoutError("HTTPConnectionPool(host='binance-connector', port=8000): Read timed out. (read timeout=5)")': /market/ticker/KAVAUSDT
WARNING:urllib3.connectionpool:Retrying (Retry(total=9, connect=1, read=0, redirect=None, status=None)) after connection broken by 'ReadTimeoutError("HTTPConnectionPool(host='binance-connector', port=8000): Read timed out. (read timeout=5)")': /market/ticker/NEOUSDT
WARNING:urllib3.connectionpool:Retrying (Retry(total=8, connect=0, read=0, redirect=None, status=None)) after connection broken by 'ReadTimeoutError("HTTPConnectionPool(host='binance-connector', port=8000): Read timed out. (read timeout=5)")': /market/ticker/THETAUSDT
2026-03-07 23:26:13 +0000 - dagster - DEBUG - 01_datos_cripto - 51919e1f-e825-4b1d-aa4c-0be864d0021f - 511 - bronze_high - STEP_OUTPUT - Yielded output "result" of type "Any". (Type check passed).
2026-03-07 23:26:39 +0000 - dagster - DEBUG - 01_datos_cripto - 51919e1f-e825-4b1d-aa4c-0be864d0021f - 511 - bronze_high - ASSET_MATERIALIZATION - Materialized value bronze_high.
2026-03-07 23:26:53 +0000 - dagster - DEBUG - 01_datos_cripto - 51919e1f-e825-4b1d-aa4c-0be864d0021f - 511 - bronze_high - STEP_SUCCESS - Finished execution of step "bronze_high" in 6m8s.
