2026-03-08 06:54:05 +0000 - dagster - DEBUG - 08_operacion_testnet_15m - ee982f21-3442-480e-bb9c-6cf892f258e7 - 11765 - LOGS_CAPTURED - Started capturing logs in process (pid: 11765).
2026-03-08 06:54:05 +0000 - dagster - DEBUG - 08_operacion_testnet_15m - ee982f21-3442-480e-bb9c-6cf892f258e7 - 11765 - bronze_high - STEP_START - Started execution of step "bronze_high".
WARNING:urllib3.connectionpool:Retrying (Retry(total=9, connect=1, read=0, redirect=None, status=None)) after connection broken by 'ReadTimeoutError("HTTPConnectionPool(host='binance-connector', port=8000): Read timed out. (read timeout=5)")': /market/ticker/RNDRUSDT
WARNING:urllib3.connectionpool:Retrying (Retry(total=9, connect=1, read=0, redirect=None, status=None)) after connection broken by 'ReadTimeoutError("HTTPConnectionPool(host='binance-connector', port=8000): Read timed out. (read timeout=5)")': /market/ticker/TIAUSDT
WARNING:urllib3.connectionpool:Retrying (Retry(total=9, connect=1, read=0, redirect=None, status=None)) after connection broken by 'ReadTimeoutError("HTTPConnectionPool(host='binance-connector', port=8000): Read timed out. (read timeout=5)")': /futures/market/ticker/GALAUSDT
WARNING:urllib3.connectionpool:Retrying (Retry(total=9, connect=1, read=0, redirect=None, status=None)) after connection broken by 'ReadTimeoutError("HTTPConnectionPool(host='binance-connector', port=8000): Read timed out. (read timeout=5)")': /futures/market/ticker/AXSUSDT
WARNING:urllib3.connectionpool:Retrying (Retry(total=9, connect=1, read=0, redirect=None, status=None)) after connection broken by 'ReadTimeoutError("HTTPConnectionPool(host='binance-connector', port=8000): Read timed out. (read timeout=5)")': /futures/market/klines/MANAUSDT?interval=1m&limit=120
WARNING:urllib3.connectionpool:Retrying (Retry(total=9, connect=1, read=0, redirect=None, status=None)) after connection broken by 'ReadTimeoutError("HTTPConnectionPool(host='binance-connector', port=8000): Read timed out. (read timeout=5)")': /market/ticker/SEIUSDT
WARNING:urllib3.connectionpool:Retrying (Retry(total=9, connect=1, read=0, redirect=None, status=None)) after connection broken by 'ReadTimeoutError("HTTPConnectionPool(host='binance-connector', port=8000): Read timed out. (read timeout=5)")': /market/ticker/WLDUSDT
WARNING:urllib3.connectionpool:Retrying (Retry(total=9, connect=1, read=0, redirect=None, status=None)) after connection broken by 'ReadTimeoutError("HTTPConnectionPool(host='binance-connector', port=8000): Read timed out. (read timeout=5)")': /market/ticker/PEPEUSDT
WARNING:urllib3.connectionpool:Retrying (Retry(total=9, connect=1, read=0, redirect=None, status=None)) after connection broken by 'ReadTimeoutError("HTTPConnectionPool(host='binance-connector', port=8000): Read timed out. (read timeout=5)")': /futures/market/ticker/STXUSDT
WARNING:urllib3.connectionpool:Retrying (Retry(total=9, connect=1, read=0, redirect=None, status=None)) after connection broken by 'ReadTimeoutError("HTTPConnectionPool(host='binance-connector', port=8000): Read timed out. (read timeout=5)")': /futures/market/ticker/ORDIUSDT
WARNING:urllib3.connectionpool:Retrying (Retry(total=9, connect=1, read=0, redirect=None, status=None)) after connection broken by 'ReadTimeoutError("HTTPConnectionPool(host='binance-connector', port=8000): Read timed out. (read timeout=5)")': /futures/market/klines/SEIUSDT?interval=1m&limit=120
WARNING:urllib3.connectionpool:Retrying (Retry(total=9, connect=1, read=0, redirect=None, status=None)) after connection broken by 'ReadTimeoutError("HTTPConnectionPool(host='binance-connector', port=8000): Read timed out. (read timeout=5)")': /futures/market/klines/WLDUSDT?interval=1m&limit=120
WARNING:urllib3.connectionpool:Retrying (Retry(total=9, connect=1, read=0, redirect=None, status=None)) after connection broken by 'ReadTimeoutError("HTTPConnectionPool(host='binance-connector', port=8000): Read timed out. (read timeout=5)")': /futures/market/ticker/LDOUSDT
WARNING:urllib3.connectionpool:Retrying (Retry(total=9, connect=1, read=0, redirect=None, status=None)) after connection broken by 'ReadTimeoutError("HTTPConnectionPool(host='binance-connector', port=8000): Read timed out. (read timeout=5)")': /market/ticker/ICPUSDT
WARNING:urllib3.connectionpool:Retrying (Retry(total=9, connect=1, read=0, redirect=None, status=None)) after connection broken by 'ReadTimeoutError("HTTPConnectionPool(host='binance-connector', port=8000): Read timed out. (read timeout=5)")': /market/ticker/FILUSDT
WARNING:urllib3.connectionpool:Retrying (Retry(total=9, connect=1, read=0, redirect=None, status=None)) after connection broken by 'ReadTimeoutError("HTTPConnectionPool(host='binance-connector', port=8000): Read timed out. (read timeout=5)")': /market/klines/STXUSDT?interval=1m&limit=120
WARNING:urllib3.connectionpool:Retrying (Retry(total=9, connect=1, read=0, redirect=None, status=None)) after connection broken by 'ReadTimeoutError("HTTPConnectionPool(host='binance-connector', port=8000): Read timed out. (read timeout=5)")': /market/ticker/AAVEUSDT
WARNING:urllib3.connectionpool:Retrying (Retry(total=9, connect=1, read=0, redirect=None, status=None)) after connection broken by 'ReadTimeoutError("HTTPConnectionPool(host='binance-connector', port=8000): Read timed out. (read timeout=5)")': /market/ticker/MKRUSDT
WARNING:urllib3.connectionpool:Retrying (Retry(total=9, connect=1, read=0, redirect=None, status=None)) after connection broken by 'ReadTimeoutError("HTTPConnectionPool(host='binance-connector', port=8000): Read timed out. (read timeout=5)")': /futures/market/ticker/AAVEUSDT
WARNING:urllib3.connectionpool:Retrying (Retry(total=9, connect=1, read=0, redirect=None, status=None)) after connection broken by 'ReadTimeoutError("HTTPConnectionPool(host='binance-connector', port=8000): Read timed out. (read timeout=5)")': /futures/market/ticker/IMXUSDT
WARNING:urllib3.connectionpool:Retrying (Retry(total=9, connect=1, read=0, redirect=None, status=None)) after connection broken by 'ReadTimeoutError("HTTPConnectionPool(host='binance-connector', port=8000): Read timed out. (read timeout=5)")': /futures/market/klines/ICPUSDT?interval=1m&limit=120
WARNING:urllib3.connectionpool:Retrying (Retry(total=9, connect=1, read=0, redirect=None, status=None)) after connection broken by 'ReadTimeoutError("HTTPConnectionPool(host='binance-connector', port=8000): Read timed out. (read timeout=5)")': /market/klines/SNXUSDT?interval=1m&limit=120
WARNING:urllib3.connectionpool:Retrying (Retry(total=9, connect=1, read=0, redirect=None, status=None)) after connection broken by 'ReadTimeoutError("HTTPConnectionPool(host='binance-connector', port=8000): Read timed out. (read timeout=5)")': /market/ticker/GRTUSDT
2026-03-08 06:56:02 +0000 - dagster - DEBUG - 08_operacion_testnet_15m - ee982f21-3442-480e-bb9c-6cf892f258e7 - 11765 - bronze_high - STEP_OUTPUT - Yielded output "result" of type "Any". (Type check passed).
2026-03-08 06:56:34 +0000 - dagster - DEBUG - 08_operacion_testnet_15m - ee982f21-3442-480e-bb9c-6cf892f258e7 - 11765 - bronze_high - ASSET_MATERIALIZATION - Materialized value bronze_high.
2026-03-08 06:56:47 +0000 - dagster - DEBUG - 08_operacion_testnet_15m - ee982f21-3442-480e-bb9c-6cf892f258e7 - 11765 - bronze_high - STEP_SUCCESS - Finished execution of step "bronze_high" in 2m29s.
