2026-03-08 08:49:29 +0000 - dagster - DEBUG - 07_optimizar_suite - 44604398-ebf7-4556-999e-35a288e10a8c - 5665 - LOGS_CAPTURED - Started capturing logs in process (pid: 5665).
2026-03-08 08:49:29 +0000 - dagster - DEBUG - 07_optimizar_suite - 44604398-ebf7-4556-999e-35a288e10a8c - 5665 - quant_suite_cycle - STEP_START - Started execution of step "quant_suite_cycle".
2026-03-08 08:49:29 +0000 - dagster - INFO - 07_optimizar_suite - 44604398-ebf7-4556-999e-35a288e10a8c - quant_suite_cycle - Running research loop: /usr/local/bin/python3.11 /app/scripts/run_suite_cycle.py --horizon 4h --lookback-days 1000 --max-cycles 10 --max-trials 500 --cycles-before-explore 2
2026-03-08 09:01:34 +0000 - dagster - INFO - 07_optimizar_suite - 44604398-ebf7-4556-999e-35a288e10a8c - quant_suite_cycle - stdout (last 2000):

2026-03-08 09:01:34 +0000 - dagster - INFO - 07_optimizar_suite - 44604398-ebf7-4556-999e-35a288e10a8c - quant_suite_cycle - stderr (last 2000):
d by drawdown limit: 0.53 >= 0.15
Blocked by drawdown limit: 0.53 >= 0.15
Blocked by drawdown limit: 0.54 >= 0.15
Blocked by drawdown limit: 0.54 >= 0.15
Blocked by drawdown limit: 0.54 >= 0.15
Blocked by drawdown limit: 0.54 >= 0.15
Blocked by drawdown limit: 0.54 >= 0.15
Blocked by drawdown limit: 0.54 >= 0.15
Blocked by drawdown limit: 0.55 >= 0.15
Blocked by drawdown limit: 0.55 >= 0.15
Blocked by open trades limit
Blocked by drawdown limit: 0.55 >= 0.15
Blocked by drawdown limit: 0.55 >= 0.15
Blocked by open trades limit
Blocked by drawdown limit: 0.56 >= 0.15
Blocked by drawdown limit: 0.56 >= 0.15
Blocked by open trades limit
Blocked by drawdown limit: 0.56 >= 0.15
Blocked by drawdown limit: 0.56 >= 0.15
Blocked by drawdown limit: 0.56 >= 0.15
Blocked by drawdown limit: 0.56 >= 0.15
Blocked by drawdown limit: 0.56 >= 0.15
Blocked by drawdown limit: 0.56 >= 0.15
Blocked by drawdown limit: 0.56 >= 0.15
Blocked by drawdown limit: 0.56 >= 0.15
Blocked by drawdown limit: 0.56 >= 0.15
Blocked by drawdown limit: 0.56 >= 0.15
Blocked by drawdown limit: 0.56 >= 0.15
Blocked by drawdown limit: 0.56 >= 0.15
Blocked by drawdown limit: 0.56 >= 0.15
Blocked by drawdown limit: 0.56 >= 0.15
Blocked by drawdown limit: 0.56 >= 0.15
Blocked by drawdown limit: 0.56 >= 0.15
Blocked by drawdown limit: 0.56 >= 0.15
Blocked by drawdown limit: 0.56 >= 0.15
Blocked by drawdown limit: 0.57 >= 0.15
Blocked by drawdown limit: 0.57 >= 0.15
Blocked by drawdown limit: 0.57 >= 0.15
Blocked by drawdown limit: 0.57 >= 0.15
Blocked by drawdown limit: 0.57 >= 0.15
Blocked by drawdown limit: 0.57 >= 0.15
Blocked by drawdown limit: 0.57 >= 0.15

================================================================================
RESEARCH LOOP FINALIZADO: 10 ciclos completados
Champion Actual: a3e3d4669bcc490e8246567e66955933 (v5)
Métricas Champion: Net=15.00%, Sharpe=0.00
Estado de Investigación: exploration (Round 284)
================================================================================


2026-03-08 09:01:34 +0000 - dagster - DEBUG - 07_optimizar_suite - 44604398-ebf7-4556-999e-35a288e10a8c - 5665 - quant_suite_cycle - STEP_OUTPUT - Yielded output "result" of type "Any". (Type check passed).
2026-03-08 09:01:34 +0000 - dagster - DEBUG - 07_optimizar_suite - 44604398-ebf7-4556-999e-35a288e10a8c - 5665 - quant_suite_cycle - ASSET_MATERIALIZATION - Materialized value quant_suite_cycle.
2026-03-08 09:01:34 +0000 - dagster - DEBUG - 07_optimizar_suite - 44604398-ebf7-4556-999e-35a288e10a8c - 5665 - quant_suite_cycle - STEP_SUCCESS - Finished execution of step "quant_suite_cycle" in 12m5s.
