2026-03-06 13:22:24 +0000 - dagster - DEBUG - 08_operacion_testnet_15m - 6f07eb94-96ea-4344-9e89-61afa2138915 - 5851 - LOGS_CAPTURED - Started capturing logs in process (pid: 5851).
2026-03-06 13:22:24 +0000 - dagster - DEBUG - 08_operacion_testnet_15m - 6f07eb94-96ea-4344-9e89-61afa2138915 - 5851 - warehouse_dbt_build - STEP_START - Started execution of step "warehouse_dbt_build".
2026-03-06 13:22:27 +0000 - dagster - INFO - 08_operacion_testnet_15m - 6f07eb94-96ea-4344-9e89-61afa2138915 - warehouse_dbt_build - [0m13:22:27  Running with dbt=1.8.8
2026-03-06 13:22:27 +0000 - dagster - INFO - 08_operacion_testnet_15m - 6f07eb94-96ea-4344-9e89-61afa2138915 - warehouse_dbt_build - [0m13:22:27  [[33mWARNING[0m]: Deprecated functionality
2026-03-06 13:22:27 +0000 - dagster - INFO - 08_operacion_testnet_15m - 6f07eb94-96ea-4344-9e89-61afa2138915 - warehouse_dbt_build - The `tests` config has been renamed to `data_tests`. Please see
2026-03-06 13:22:27 +0000 - dagster - INFO - 08_operacion_testnet_15m - 6f07eb94-96ea-4344-9e89-61afa2138915 - warehouse_dbt_build - https://docs.getdbt.com/docs/build/data-tests#new-data_tests-syntax for more
2026-03-06 13:22:27 +0000 - dagster - INFO - 08_operacion_testnet_15m - 6f07eb94-96ea-4344-9e89-61afa2138915 - warehouse_dbt_build - information.
2026-03-06 13:22:28 +0000 - dagster - INFO - 08_operacion_testnet_15m - 6f07eb94-96ea-4344-9e89-61afa2138915 - warehouse_dbt_build - [0m13:22:28  Registered adapter: duckdb=1.8.2
2026-03-06 13:22:28 +0000 - dagster - INFO - 08_operacion_testnet_15m - 6f07eb94-96ea-4344-9e89-61afa2138915 - warehouse_dbt_build - [0m13:22:28  [[33mWARNING[0m]: Configuration paths exist in your dbt_project.yml file which do not apply to any resources.
2026-03-06 13:22:28 +0000 - dagster - INFO - 08_operacion_testnet_15m - 6f07eb94-96ea-4344-9e89-61afa2138915 - warehouse_dbt_build - There are 1 unused configuration paths:
2026-03-06 13:22:28 +0000 - dagster - INFO - 08_operacion_testnet_15m - 6f07eb94-96ea-4344-9e89-61afa2138915 - warehouse_dbt_build - - seeds.crypto_trading_lakehouse
2026-03-06 13:22:29 +0000 - dagster - INFO - 08_operacion_testnet_15m - 6f07eb94-96ea-4344-9e89-61afa2138915 - warehouse_dbt_build - [0m13:22:29  Found 16 models, 18 data tests, 24 sources, 417 macros
2026-03-06 13:22:29 +0000 - dagster - INFO - 08_operacion_testnet_15m - 6f07eb94-96ea-4344-9e89-61afa2138915 - warehouse_dbt_build - [0m13:22:29
2026-03-06 13:22:29 +0000 - dagster - INFO - 08_operacion_testnet_15m - 6f07eb94-96ea-4344-9e89-61afa2138915 - warehouse_dbt_build - [0m13:22:29  Concurrency: 2 threads (target='local')
2026-03-06 13:22:29 +0000 - dagster - INFO - 08_operacion_testnet_15m - 6f07eb94-96ea-4344-9e89-61afa2138915 - warehouse_dbt_build - [0m13:22:29
2026-03-06 13:22:29 +0000 - dagster - INFO - 08_operacion_testnet_15m - 6f07eb94-96ea-4344-9e89-61afa2138915 - warehouse_dbt_build - [0m13:22:29  1 of 34 START sql view model main.br_news_sentiment ............................ [RUN]
2026-03-06 13:22:29 +0000 - dagster - INFO - 08_operacion_testnet_15m - 6f07eb94-96ea-4344-9e89-61afa2138915 - warehouse_dbt_build - [0m13:22:29  2 of 34 START sql incremental model main.br_stock_prices ....................... [RUN]
2026-03-06 13:22:30 +0000 - dagster - INFO - 08_operacion_testnet_15m - 6f07eb94-96ea-4344-9e89-61afa2138915 - warehouse_dbt_build - [0m13:22:30  1 of 34 OK created sql view model main.br_news_sentiment ....................... [[32mOK[0m in 0.48s]
2026-03-06 13:22:30 +0000 - dagster - INFO - 08_operacion_testnet_15m - 6f07eb94-96ea-4344-9e89-61afa2138915 - warehouse_dbt_build - [0m13:22:30  3 of 34 START sql view model main.br_x_sentiment ............................... [RUN]
2026-03-06 13:22:30 +0000 - dagster - INFO - 08_operacion_testnet_15m - 6f07eb94-96ea-4344-9e89-61afa2138915 - warehouse_dbt_build - [0m13:22:30  2 of 34 OK created sql incremental model main.br_stock_prices .................. [[32mOK[0m in 0.76s]
2026-03-06 13:22:30 +0000 - dagster - INFO - 08_operacion_testnet_15m - 6f07eb94-96ea-4344-9e89-61afa2138915 - warehouse_dbt_build - [0m13:22:30  4 of 34 START sql table model main.fct_approved_orders ......................... [RUN]
2026-03-06 13:22:30 +0000 - dagster - INFO - 08_operacion_testnet_15m - 6f07eb94-96ea-4344-9e89-61afa2138915 - warehouse_dbt_build - [0m13:22:30  3 of 34 OK created sql view model main.br_x_sentiment .......................... [[32mOK[0m in 0.44s]
2026-03-06 13:22:30 +0000 - dagster - INFO - 08_operacion_testnet_15m - 6f07eb94-96ea-4344-9e89-61afa2138915 - warehouse_dbt_build - [0m13:22:30  5 of 34 START sql table model main.fct_raw_signals ............................. [RUN]
2026-03-06 13:22:30 +0000 - dagster - INFO - 08_operacion_testnet_15m - 6f07eb94-96ea-4344-9e89-61afa2138915 - warehouse_dbt_build - [0m13:22:30  4 of 34 OK created sql table model main.fct_approved_orders .................... [[32mOK[0m in 0.43s]
2026-03-06 13:22:30 +0000 - dagster - INFO - 08_operacion_testnet_15m - 6f07eb94-96ea-4344-9e89-61afa2138915 - warehouse_dbt_build - [0m13:22:30  6 of 34 START sql table model main.int_mlflow_runs ............................. [RUN]
2026-03-06 13:22:30 +0000 - dagster - INFO - 08_operacion_testnet_15m - 6f07eb94-96ea-4344-9e89-61afa2138915 - warehouse_dbt_build - [0m13:22:30  5 of 34 OK created sql table model main.fct_raw_signals ........................ [[32mOK[0m in 0.42s]
2026-03-06 13:22:30 +0000 - dagster - INFO - 08_operacion_testnet_15m - 6f07eb94-96ea-4344-9e89-61afa2138915 - warehouse_dbt_build - [0m13:22:30  7 of 34 START sql table model main.int_optuna_trials ........................... [RUN]
2026-03-06 13:22:31 +0000 - dagster - INFO - 08_operacion_testnet_15m - 6f07eb94-96ea-4344-9e89-61afa2138915 - warehouse_dbt_build - [0m13:22:31  6 of 34 OK created sql table model main.int_mlflow_runs ........................ [[32mOK[0m in 0.41s]
2026-03-06 13:22:31 +0000 - dagster - INFO - 08_operacion_testnet_15m - 6f07eb94-96ea-4344-9e89-61afa2138915 - warehouse_dbt_build - [0m13:22:31  8 of 34 START test assert_cross_exchange_snapshot_raw_historical ............... [RUN]
2026-03-06 13:22:31 +0000 - dagster - INFO - 08_operacion_testnet_15m - 6f07eb94-96ea-4344-9e89-61afa2138915 - warehouse_dbt_build - [0m13:22:31  8 of 34 PASS assert_cross_exchange_snapshot_raw_historical ..................... [[32mPASS[0m in 0.14s]
2026-03-06 13:22:31 +0000 - dagster - INFO - 08_operacion_testnet_15m - 6f07eb94-96ea-4344-9e89-61afa2138915 - warehouse_dbt_build - [0m13:22:31  9 of 34 START test assert_derivatives_flow_raw_historical ...................... [RUN]
2026-03-06 13:22:31 +0000 - dagster - INFO - 08_operacion_testnet_15m - 6f07eb94-96ea-4344-9e89-61afa2138915 - warehouse_dbt_build - [0m13:22:31  7 of 34 OK created sql table model main.int_optuna_trials ...................... [[32mOK[0m in 0.70s]
2026-03-06 13:22:31 +0000 - dagster - INFO - 08_operacion_testnet_15m - 6f07eb94-96ea-4344-9e89-61afa2138915 - warehouse_dbt_build - [0m13:22:31  10 of 34 START test assert_derivatives_snapshot_raw_historical ................. [RUN]
2026-03-06 13:22:31 +0000 - dagster - INFO - 08_operacion_testnet_15m - 6f07eb94-96ea-4344-9e89-61afa2138915 - warehouse_dbt_build - [0m13:22:31  9 of 34 PASS assert_derivatives_flow_raw_historical ............................ [[32mPASS[0m in 0.41s]
2026-03-06 13:22:31 +0000 - dagster - INFO - 08_operacion_testnet_15m - 6f07eb94-96ea-4344-9e89-61afa2138915 - warehouse_dbt_build - [0m13:22:31  11 of 34 START test assert_dex_snapshot_raw_historical ......................... [RUN]
2026-03-06 13:22:31 +0000 - dagster - INFO - 08_operacion_testnet_15m - 6f07eb94-96ea-4344-9e89-61afa2138915 - warehouse_dbt_build - [0m13:22:31  10 of 34 PASS assert_derivatives_snapshot_raw_historical ....................... [[32mPASS[0m in 0.09s]
2026-03-06 13:22:31 +0000 - dagster - INFO - 08_operacion_testnet_15m - 6f07eb94-96ea-4344-9e89-61afa2138915 - warehouse_dbt_build - [0m13:22:31  12 of 34 START test assert_fear_greed_raw_historical ........................... [RUN]
2026-03-06 13:22:31 +0000 - dagster - INFO - 08_operacion_testnet_15m - 6f07eb94-96ea-4344-9e89-61afa2138915 - warehouse_dbt_build - [0m13:22:31  12 of 34 PASS assert_fear_greed_raw_historical ................................. [[32mPASS[0m in 0.13s]
2026-03-06 13:22:31 +0000 - dagster - INFO - 08_operacion_testnet_15m - 6f07eb94-96ea-4344-9e89-61afa2138915 - warehouse_dbt_build - [0m13:22:31  11 of 34 WARN 1 assert_dex_snapshot_raw_historical ............................. [[33mWARN 1[0m in 0.15s]
2026-03-06 13:22:31 +0000 - dagster - INFO - 08_operacion_testnet_15m - 6f07eb94-96ea-4344-9e89-61afa2138915 - warehouse_dbt_build - [0m13:22:31  13 of 34 START test assert_market_snapshot_raw_historical ...................... [RUN]
2026-03-06 13:22:31 +0000 - dagster - INFO - 08_operacion_testnet_15m - 6f07eb94-96ea-4344-9e89-61afa2138915 - warehouse_dbt_build - [0m13:22:31  14 of 34 START test not_null_int_mlflow_runs_run_uuid .......................... [RUN]
2026-03-06 13:22:32 +0000 - dagster - INFO - 08_operacion_testnet_15m - 6f07eb94-96ea-4344-9e89-61afa2138915 - warehouse_dbt_build - [0m13:22:32  13 of 34 PASS assert_market_snapshot_raw_historical ............................ [[32mPASS[0m in 0.15s]
2026-03-06 13:22:32 +0000 - dagster - INFO - 08_operacion_testnet_15m - 6f07eb94-96ea-4344-9e89-61afa2138915 - warehouse_dbt_build - [0m13:22:32  14 of 34 PASS not_null_int_mlflow_runs_run_uuid ................................ [[32mPASS[0m in 0.15s]
2026-03-06 13:22:32 +0000 - dagster - INFO - 08_operacion_testnet_15m - 6f07eb94-96ea-4344-9e89-61afa2138915 - warehouse_dbt_build - [0m13:22:32  15 of 34 START test unique_int_mlflow_runs_run_uuid ............................ [RUN]
2026-03-06 13:22:32 +0000 - dagster - INFO - 08_operacion_testnet_15m - 6f07eb94-96ea-4344-9e89-61afa2138915 - warehouse_dbt_build - [0m13:22:32  16 of 34 START test not_null_int_optuna_trials_trial_id ........................ [RUN]
2026-03-06 13:22:32 +0000 - dagster - INFO - 08_operacion_testnet_15m - 6f07eb94-96ea-4344-9e89-61afa2138915 - warehouse_dbt_build - [0m13:22:32  16 of 34 PASS not_null_int_optuna_trials_trial_id .............................. [[32mPASS[0m in 0.15s]
2026-03-06 13:22:32 +0000 - dagster - INFO - 08_operacion_testnet_15m - 6f07eb94-96ea-4344-9e89-61afa2138915 - warehouse_dbt_build - [0m13:22:32  17 of 34 START test unique_int_optuna_trials_trial_id .......................... [RUN]
2026-03-06 13:22:32 +0000 - dagster - INFO - 08_operacion_testnet_15m - 6f07eb94-96ea-4344-9e89-61afa2138915 - warehouse_dbt_build - [0m13:22:32  15 of 34 PASS unique_int_mlflow_runs_run_uuid .................................. [[32mPASS[0m in 0.18s]
2026-03-06 13:22:32 +0000 - dagster - INFO - 08_operacion_testnet_15m - 6f07eb94-96ea-4344-9e89-61afa2138915 - warehouse_dbt_build - [0m13:22:32  18 of 34 START sql incremental model main.br_macro_context ..................... [RUN]
2026-03-06 13:22:32 +0000 - dagster - INFO - 08_operacion_testnet_15m - 6f07eb94-96ea-4344-9e89-61afa2138915 - warehouse_dbt_build - [0m13:22:32  17 of 34 PASS unique_int_optuna_trials_trial_id ................................ [[32mPASS[0m in 0.17s]
2026-03-06 13:22:32 +0000 - dagster - INFO - 08_operacion_testnet_15m - 6f07eb94-96ea-4344-9e89-61afa2138915 - warehouse_dbt_build - [0m13:22:32  19 of 34 START sql incremental model main.br_market_snapshot ................... [RUN]
2026-03-06 13:22:32 +0000 - dagster - INFO - 08_operacion_testnet_15m - 6f07eb94-96ea-4344-9e89-61afa2138915 - warehouse_dbt_build - [0m13:22:32  18 of 34 OK created sql incremental model main.br_macro_context ................ [[32mOK[0m in 0.57s]
2026-03-06 13:22:34 +0000 - dagster - INFO - 08_operacion_testnet_15m - 6f07eb94-96ea-4344-9e89-61afa2138915 - warehouse_dbt_build - [0m13:22:34  19 of 34 OK created sql incremental model main.br_market_snapshot .............. [[32mOK[0m in 2.10s]
2026-03-06 13:22:34 +0000 - dagster - INFO - 08_operacion_testnet_15m - 6f07eb94-96ea-4344-9e89-61afa2138915 - warehouse_dbt_build - [0m13:22:34  20 of 34 START test not_null_br_market_snapshot_event_time ..................... [RUN]
2026-03-06 13:22:34 +0000 - dagster - INFO - 08_operacion_testnet_15m - 6f07eb94-96ea-4344-9e89-61afa2138915 - warehouse_dbt_build - [0m13:22:34  21 of 34 START test not_null_br_market_snapshot_symbol ......................... [RUN]
2026-03-06 13:22:34 +0000 - dagster - INFO - 08_operacion_testnet_15m - 6f07eb94-96ea-4344-9e89-61afa2138915 - warehouse_dbt_build - [0m13:22:34  20 of 34 PASS not_null_br_market_snapshot_event_time ........................... [[32mPASS[0m in 0.15s]
2026-03-06 13:22:34 +0000 - dagster - INFO - 08_operacion_testnet_15m - 6f07eb94-96ea-4344-9e89-61afa2138915 - warehouse_dbt_build - [0m13:22:34  21 of 34 PASS not_null_br_market_snapshot_symbol ............................... [[32mPASS[0m in 0.16s]
2026-03-06 13:22:34 +0000 - dagster - INFO - 08_operacion_testnet_15m - 6f07eb94-96ea-4344-9e89-61afa2138915 - warehouse_dbt_build - [0m13:22:34  22 of 34 START sql incremental model main.slv_decision_features ................ [RUN]
2026-03-06 13:22:36 +0000 - dagster - INFO - 08_operacion_testnet_15m - 6f07eb94-96ea-4344-9e89-61afa2138915 - warehouse_dbt_build - [0m13:22:36  22 of 34 OK created sql incremental model main.slv_decision_features ........... [[32mOK[0m in 1.87s]
2026-03-06 13:22:36 +0000 - dagster - INFO - 08_operacion_testnet_15m - 6f07eb94-96ea-4344-9e89-61afa2138915 - warehouse_dbt_build - [0m13:22:36  23 of 34 START test not_null_slv_decision_features_event_time .................. [RUN]
2026-03-06 13:22:36 +0000 - dagster - INFO - 08_operacion_testnet_15m - 6f07eb94-96ea-4344-9e89-61afa2138915 - warehouse_dbt_build - [0m13:22:36  24 of 34 START test not_null_slv_decision_features_symbol ...................... [RUN]
2026-03-06 13:22:36 +0000 - dagster - INFO - 08_operacion_testnet_15m - 6f07eb94-96ea-4344-9e89-61afa2138915 - warehouse_dbt_build - [0m13:22:36  24 of 34 PASS not_null_slv_decision_features_symbol ............................ [[32mPASS[0m in 0.17s]
2026-03-06 13:22:36 +0000 - dagster - INFO - 08_operacion_testnet_15m - 6f07eb94-96ea-4344-9e89-61afa2138915 - warehouse_dbt_build - [0m13:22:36  23 of 34 PASS not_null_slv_decision_features_event_time ........................ [[32mPASS[0m in 0.18s]
2026-03-06 13:22:36 +0000 - dagster - INFO - 08_operacion_testnet_15m - 6f07eb94-96ea-4344-9e89-61afa2138915 - warehouse_dbt_build - [0m13:22:36  25 of 34 START sql incremental model main.decision_features .................... [RUN]
2026-03-06 13:22:36 +0000 - dagster - INFO - 08_operacion_testnet_15m - 6f07eb94-96ea-4344-9e89-61afa2138915 - warehouse_dbt_build - [0m13:22:36  26 of 34 START sql table model main.fct_liquidity_profile ...................... [RUN]
2026-03-06 13:22:37 +0000 - dagster - INFO - 08_operacion_testnet_15m - 6f07eb94-96ea-4344-9e89-61afa2138915 - warehouse_dbt_build - [0m13:22:37  26 of 34 OK created sql table model main.fct_liquidity_profile ................. [[32mOK[0m in 1.05s]
2026-03-06 13:22:37 +0000 - dagster - INFO - 08_operacion_testnet_15m - 6f07eb94-96ea-4344-9e89-61afa2138915 - warehouse_dbt_build - [0m13:22:37  27 of 34 START sql table model main.fct_symbol_performance ..................... [RUN]
2026-03-06 13:22:38 +0000 - dagster - INFO - 08_operacion_testnet_15m - 6f07eb94-96ea-4344-9e89-61afa2138915 - warehouse_dbt_build - [0m13:22:38  25 of 34 OK created sql incremental model main.decision_features ............... [[32mOK[0m in 2.06s]
2026-03-06 13:22:38 +0000 - dagster - INFO - 08_operacion_testnet_15m - 6f07eb94-96ea-4344-9e89-61afa2138915 - warehouse_dbt_build - [0m13:22:38  28 of 34 START test not_null_fct_decision_features_event_time .................. [RUN]
2026-03-06 13:22:38 +0000 - dagster - INFO - 08_operacion_testnet_15m - 6f07eb94-96ea-4344-9e89-61afa2138915 - warehouse_dbt_build - [0m13:22:38  28 of 34 PASS not_null_fct_decision_features_event_time ........................ [[32mPASS[0m in 0.08s]
2026-03-06 13:22:38 +0000 - dagster - INFO - 08_operacion_testnet_15m - 6f07eb94-96ea-4344-9e89-61afa2138915 - warehouse_dbt_build - [0m13:22:38  29 of 34 START test not_null_fct_decision_features_feature_id .................. [RUN]
2026-03-06 13:22:39 +0000 - dagster - INFO - 08_operacion_testnet_15m - 6f07eb94-96ea-4344-9e89-61afa2138915 - warehouse_dbt_build - [0m13:22:39  29 of 34 PASS not_null_fct_decision_features_feature_id ........................ [[32mPASS[0m in 0.08s]
2026-03-06 13:22:39 +0000 - dagster - INFO - 08_operacion_testnet_15m - 6f07eb94-96ea-4344-9e89-61afa2138915 - warehouse_dbt_build - [0m13:22:39  30 of 34 START test not_null_fct_decision_features_symbol ...................... [RUN]
2026-03-06 13:22:39 +0000 - dagster - INFO - 08_operacion_testnet_15m - 6f07eb94-96ea-4344-9e89-61afa2138915 - warehouse_dbt_build - [0m13:22:39  30 of 34 PASS not_null_fct_decision_features_symbol ............................ [[32mPASS[0m in 0.08s]
2026-03-06 13:22:39 +0000 - dagster - INFO - 08_operacion_testnet_15m - 6f07eb94-96ea-4344-9e89-61afa2138915 - warehouse_dbt_build - [0m13:22:39  31 of 34 START test unique_fct_decision_features_feature_id .................... [RUN]
2026-03-06 13:22:39 +0000 - dagster - INFO - 08_operacion_testnet_15m - 6f07eb94-96ea-4344-9e89-61afa2138915 - warehouse_dbt_build - [0m13:22:39  31 of 34 WARN 19 unique_fct_decision_features_feature_id ....................... [[33mWARN 19[0m in 0.17s]
2026-03-06 13:22:39 +0000 - dagster - INFO - 08_operacion_testnet_15m - 6f07eb94-96ea-4344-9e89-61afa2138915 - warehouse_dbt_build - [0m13:22:39  32 of 34 START sql table model main.fct_anomaly_detection ...................... [RUN]
2026-03-06 13:22:40 +0000 - dagster - INFO - 08_operacion_testnet_15m - 6f07eb94-96ea-4344-9e89-61afa2138915 - warehouse_dbt_build - [0m13:22:40  32 of 34 OK created sql table model main.fct_anomaly_detection ................. [[32mOK[0m in 0.81s]
2026-03-06 13:22:40 +0000 - dagster - INFO - 08_operacion_testnet_15m - 6f07eb94-96ea-4344-9e89-61afa2138915 - warehouse_dbt_build - [0m13:22:40  33 of 34 START sql table model main.fct_market_summary ......................... [RUN]
2026-03-06 13:22:40 +0000 - dagster - INFO - 08_operacion_testnet_15m - 6f07eb94-96ea-4344-9e89-61afa2138915 - warehouse_dbt_build - [0m13:22:40  33 of 34 OK created sql table model main.fct_market_summary .................... [[32mOK[0m in 0.23s]
2026-03-06 13:22:40 +0000 - dagster - INFO - 08_operacion_testnet_15m - 6f07eb94-96ea-4344-9e89-61afa2138915 - warehouse_dbt_build - [0m13:22:40  34 of 34 START sql table model main.fct_momentum_rankings ...................... [RUN]
2026-03-06 13:22:41 +0000 - dagster - INFO - 08_operacion_testnet_15m - 6f07eb94-96ea-4344-9e89-61afa2138915 - warehouse_dbt_build - [0m13:22:41  34 of 34 OK created sql table model main.fct_momentum_rankings ................. [[32mOK[0m in 0.79s]
2026-03-06 13:22:43 +0000 - dagster - INFO - 08_operacion_testnet_15m - 6f07eb94-96ea-4344-9e89-61afa2138915 - warehouse_dbt_build - [0m13:22:43  27 of 34 OK created sql table model main.fct_symbol_performance ................ [[32mOK[0m in 5.34s]
2026-03-06 13:22:43 +0000 - dagster - INFO - 08_operacion_testnet_15m - 6f07eb94-96ea-4344-9e89-61afa2138915 - warehouse_dbt_build - [0m13:22:43
2026-03-06 13:22:44 +0000 - dagster - INFO - 08_operacion_testnet_15m - 6f07eb94-96ea-4344-9e89-61afa2138915 - warehouse_dbt_build - [0m13:22:43  Finished running 2 view models, 5 incremental models, 9 table models, 18 data tests in 0 hours 0 minutes and 14.44 seconds (14.44s).
2026-03-06 13:22:44 +0000 - dagster - INFO - 08_operacion_testnet_15m - 6f07eb94-96ea-4344-9e89-61afa2138915 - warehouse_dbt_build - [0m13:22:43
2026-03-06 13:22:44 +0000 - dagster - INFO - 08_operacion_testnet_15m - 6f07eb94-96ea-4344-9e89-61afa2138915 - warehouse_dbt_build - [0m13:22:43  [33mCompleted with 2 warnings:[0m
2026-03-06 13:22:44 +0000 - dagster - INFO - 08_operacion_testnet_15m - 6f07eb94-96ea-4344-9e89-61afa2138915 - warehouse_dbt_build - [0m13:22:43
2026-03-06 13:22:44 +0000 - dagster - INFO - 08_operacion_testnet_15m - 6f07eb94-96ea-4344-9e89-61afa2138915 - warehouse_dbt_build - [0m13:22:43  [33mWarning in test assert_dex_snapshot_raw_historical (tests/assert_dex_snapshot_raw_historical.sql)[0m
2026-03-06 13:22:45 +0000 - dagster - INFO - 08_operacion_testnet_15m - 6f07eb94-96ea-4344-9e89-61afa2138915 - warehouse_dbt_build - [0m13:22:43  Got 1 result, configured to warn if != 0
2026-03-06 13:22:45 +0000 - dagster - INFO - 08_operacion_testnet_15m - 6f07eb94-96ea-4344-9e89-61afa2138915 - warehouse_dbt_build - [0m13:22:43
2026-03-06 13:22:45 +0000 - dagster - INFO - 08_operacion_testnet_15m - 6f07eb94-96ea-4344-9e89-61afa2138915 - warehouse_dbt_build - [0m13:22:43    compiled code at target/compiled/crypto_trading_lakehouse/tests/assert_dex_snapshot_raw_historical.sql
2026-03-06 13:22:45 +0000 - dagster - INFO - 08_operacion_testnet_15m - 6f07eb94-96ea-4344-9e89-61afa2138915 - warehouse_dbt_build - [0m13:22:43
2026-03-06 13:22:45 +0000 - dagster - INFO - 08_operacion_testnet_15m - 6f07eb94-96ea-4344-9e89-61afa2138915 - warehouse_dbt_build - [0m13:22:43  [33mWarning in test unique_fct_decision_features_feature_id (models/schema.yml)[0m
2026-03-06 13:22:45 +0000 - dagster - INFO - 08_operacion_testnet_15m - 6f07eb94-96ea-4344-9e89-61afa2138915 - warehouse_dbt_build - [0m13:22:43  Got 19 results, configured to warn if != 0
2026-03-06 13:22:45 +0000 - dagster - INFO - 08_operacion_testnet_15m - 6f07eb94-96ea-4344-9e89-61afa2138915 - warehouse_dbt_build - [0m13:22:43
2026-03-06 13:22:45 +0000 - dagster - INFO - 08_operacion_testnet_15m - 6f07eb94-96ea-4344-9e89-61afa2138915 - warehouse_dbt_build - [0m13:22:43    compiled code at target/compiled/crypto_trading_lakehouse/models/schema.yml/unique_fct_decision_features_feature_id.sql
2026-03-06 13:22:45 +0000 - dagster - INFO - 08_operacion_testnet_15m - 6f07eb94-96ea-4344-9e89-61afa2138915 - warehouse_dbt_build - [0m13:22:43
2026-03-06 13:22:45 +0000 - dagster - INFO - 08_operacion_testnet_15m - 6f07eb94-96ea-4344-9e89-61afa2138915 - warehouse_dbt_build - [0m13:22:43  Done. PASS=32 WARN=2 ERROR=0 SKIP=0 TOTAL=34
2026-03-06 13:22:45 +0000 - dagster - DEBUG - 08_operacion_testnet_15m - 6f07eb94-96ea-4344-9e89-61afa2138915 - 5851 - warehouse_dbt_build - STEP_OUTPUT - Yielded output "result" of type "Any". (Type check passed).
2026-03-06 13:22:45 +0000 - dagster - DEBUG - 08_operacion_testnet_15m - 6f07eb94-96ea-4344-9e89-61afa2138915 - 5851 - warehouse_dbt_build - ASSET_MATERIALIZATION - Materialized value warehouse_dbt_build.
2026-03-06 13:22:45 +0000 - dagster - DEBUG - 08_operacion_testnet_15m - 6f07eb94-96ea-4344-9e89-61afa2138915 - 5851 - warehouse_dbt_build - STEP_SUCCESS - Finished execution of step "warehouse_dbt_build" in 20.62s.
