2026-03-06 13:07:27 +0000 - dagster - DEBUG - 08_operacion_testnet_15m - 125a1bde-6756-438f-8037-de06992b9f1b - 10339 - LOGS_CAPTURED - Started capturing logs in process (pid: 10339).
2026-03-06 13:07:27 +0000 - dagster - DEBUG - 08_operacion_testnet_15m - 125a1bde-6756-438f-8037-de06992b9f1b - 10339 - warehouse_dbt_build - STEP_START - Started execution of step "warehouse_dbt_build".
2026-03-06 13:07:30 +0000 - dagster - INFO - 08_operacion_testnet_15m - 125a1bde-6756-438f-8037-de06992b9f1b - warehouse_dbt_build - [0m13:07:30  Running with dbt=1.8.8
2026-03-06 13:07:30 +0000 - dagster - INFO - 08_operacion_testnet_15m - 125a1bde-6756-438f-8037-de06992b9f1b - warehouse_dbt_build - [0m13:07:30  [[33mWARNING[0m]: Deprecated functionality
2026-03-06 13:07:30 +0000 - dagster - INFO - 08_operacion_testnet_15m - 125a1bde-6756-438f-8037-de06992b9f1b - warehouse_dbt_build - The `tests` config has been renamed to `data_tests`. Please see
2026-03-06 13:07:30 +0000 - dagster - INFO - 08_operacion_testnet_15m - 125a1bde-6756-438f-8037-de06992b9f1b - warehouse_dbt_build - https://docs.getdbt.com/docs/build/data-tests#new-data_tests-syntax for more
2026-03-06 13:07:30 +0000 - dagster - INFO - 08_operacion_testnet_15m - 125a1bde-6756-438f-8037-de06992b9f1b - warehouse_dbt_build - information.
2026-03-06 13:07:30 +0000 - dagster - INFO - 08_operacion_testnet_15m - 125a1bde-6756-438f-8037-de06992b9f1b - warehouse_dbt_build - [0m13:07:30  Registered adapter: duckdb=1.8.2
2026-03-06 13:07:31 +0000 - dagster - INFO - 08_operacion_testnet_15m - 125a1bde-6756-438f-8037-de06992b9f1b - warehouse_dbt_build - [0m13:07:31  [[33mWARNING[0m]: Configuration paths exist in your dbt_project.yml file which do not apply to any resources.
2026-03-06 13:07:31 +0000 - dagster - INFO - 08_operacion_testnet_15m - 125a1bde-6756-438f-8037-de06992b9f1b - warehouse_dbt_build - There are 1 unused configuration paths:
2026-03-06 13:07:31 +0000 - dagster - INFO - 08_operacion_testnet_15m - 125a1bde-6756-438f-8037-de06992b9f1b - warehouse_dbt_build - - seeds.crypto_trading_lakehouse
2026-03-06 13:07:31 +0000 - dagster - INFO - 08_operacion_testnet_15m - 125a1bde-6756-438f-8037-de06992b9f1b - warehouse_dbt_build - [0m13:07:31  Found 16 models, 18 data tests, 24 sources, 417 macros
2026-03-06 13:07:31 +0000 - dagster - INFO - 08_operacion_testnet_15m - 125a1bde-6756-438f-8037-de06992b9f1b - warehouse_dbt_build - [0m13:07:31
2026-03-06 13:07:32 +0000 - dagster - INFO - 08_operacion_testnet_15m - 125a1bde-6756-438f-8037-de06992b9f1b - warehouse_dbt_build - [0m13:07:32
2026-03-06 13:07:32 +0000 - dagster - INFO - 08_operacion_testnet_15m - 125a1bde-6756-438f-8037-de06992b9f1b - warehouse_dbt_build - [0m13:07:32  Finished running  in 0 hours 0 minutes and 0.19 seconds (0.19s).
2026-03-06 13:07:32 +0000 - dagster - INFO - 08_operacion_testnet_15m - 125a1bde-6756-438f-8037-de06992b9f1b - warehouse_dbt_build - [0m13:07:32  Encountered an error:
2026-03-06 13:07:32 +0000 - dagster - INFO - 08_operacion_testnet_15m - 125a1bde-6756-438f-8037-de06992b9f1b - warehouse_dbt_build - Runtime Error
2026-03-06 13:07:32 +0000 - dagster - INFO - 08_operacion_testnet_15m - 125a1bde-6756-438f-8037-de06992b9f1b - warehouse_dbt_build - IO Error: Could not set lock on file "/app/artifacts/warehouse/crypto.duckdb": Conflicting lock is held in /usr/local/bin/python3.11 (PID 10791). See also https://duckdb.org/docs/stable/connect/concurrency
2026-03-06 13:07:32 +0000 - dagster - ERROR - 08_operacion_testnet_15m - 125a1bde-6756-438f-8037-de06992b9f1b - 10339 - warehouse_dbt_build - STEP_FAILURE - Execution of step "warehouse_dbt_build" failed.

dagster._core.errors.DagsterExecutionStepExecutionError: Error occurred while executing op "warehouse_dbt_build"::

RuntimeError: dbt build failed (exit code 2)

Stack Trace:
  File "/usr/local/lib/python3.11/site-packages/dagster/_core/execution/plan/utils.py", line 57, in op_execution_error_boundary
    yield
  File "/usr/local/lib/python3.11/site-packages/dagster/_utils/__init__.py", line 394, in iterate_with_context
    next_output = next(iterator)
                  ^^^^^^^^^^^^^^
  File "/usr/local/lib/python3.11/site-packages/dagster/_core/execution/plan/compute_generator.py", line 135, in _coerce_op_compute_fn_to_iterator
    result = invoke_compute_fn(
             ^^^^^^^^^^^^^^^^^^
  File "/usr/local/lib/python3.11/site-packages/dagster/_core/execution/plan/compute_generator.py", line 115, in invoke_compute_fn
    return fn(context, **args_to_pass) if context_arg_provided else fn(**args_to_pass)
           ^^^^^^^^^^^^^^^^^^^^^^^^^^^
  File "/app/data_platform/orchestration/dagster/assets.py", line 245, in warehouse_dbt_build
    raise RuntimeError(f"dbt build failed (exit code {return_code})")

