2026-03-06 11:56:28 +0000 - dagster - DEBUG - 08_operacion_testnet_15m - 4da26b63-1985-4f57-b99d-70f9b294b490 - 5410 - LOGS_CAPTURED - Started capturing logs in process (pid: 5410).
2026-03-06 11:56:28 +0000 - dagster - DEBUG - 08_operacion_testnet_15m - 4da26b63-1985-4f57-b99d-70f9b294b490 - 5410 - warehouse_dbt_build - STEP_START - Started execution of step "warehouse_dbt_build".
2026-03-06 11:56:31 +0000 - dagster - INFO - 08_operacion_testnet_15m - 4da26b63-1985-4f57-b99d-70f9b294b490 - warehouse_dbt_build - [0m11:56:31  Running with dbt=1.8.8
2026-03-06 11:56:31 +0000 - dagster - INFO - 08_operacion_testnet_15m - 4da26b63-1985-4f57-b99d-70f9b294b490 - warehouse_dbt_build - [0m11:56:31  [[33mWARNING[0m]: Deprecated functionality
2026-03-06 11:56:31 +0000 - dagster - INFO - 08_operacion_testnet_15m - 4da26b63-1985-4f57-b99d-70f9b294b490 - warehouse_dbt_build - The `tests` config has been renamed to `data_tests`. Please see
2026-03-06 11:56:31 +0000 - dagster - INFO - 08_operacion_testnet_15m - 4da26b63-1985-4f57-b99d-70f9b294b490 - warehouse_dbt_build - https://docs.getdbt.com/docs/build/data-tests#new-data_tests-syntax for more
2026-03-06 11:56:31 +0000 - dagster - INFO - 08_operacion_testnet_15m - 4da26b63-1985-4f57-b99d-70f9b294b490 - warehouse_dbt_build - information.
2026-03-06 11:56:31 +0000 - dagster - INFO - 08_operacion_testnet_15m - 4da26b63-1985-4f57-b99d-70f9b294b490 - warehouse_dbt_build - [0m11:56:31  Registered adapter: duckdb=1.8.2
2026-03-06 11:56:32 +0000 - dagster - INFO - 08_operacion_testnet_15m - 4da26b63-1985-4f57-b99d-70f9b294b490 - warehouse_dbt_build - [0m11:56:32  [[33mWARNING[0m]: Configuration paths exist in your dbt_project.yml file which do not apply to any resources.
2026-03-06 11:56:32 +0000 - dagster - INFO - 08_operacion_testnet_15m - 4da26b63-1985-4f57-b99d-70f9b294b490 - warehouse_dbt_build - There are 1 unused configuration paths:
2026-03-06 11:56:32 +0000 - dagster - INFO - 08_operacion_testnet_15m - 4da26b63-1985-4f57-b99d-70f9b294b490 - warehouse_dbt_build - - seeds.crypto_trading_lakehouse
2026-03-06 11:56:32 +0000 - dagster - INFO - 08_operacion_testnet_15m - 4da26b63-1985-4f57-b99d-70f9b294b490 - warehouse_dbt_build - [0m11:56:32  Found 16 models, 18 data tests, 24 sources, 417 macros
2026-03-06 11:56:32 +0000 - dagster - INFO - 08_operacion_testnet_15m - 4da26b63-1985-4f57-b99d-70f9b294b490 - warehouse_dbt_build - [0m11:56:32
2026-03-06 11:56:33 +0000 - dagster - INFO - 08_operacion_testnet_15m - 4da26b63-1985-4f57-b99d-70f9b294b490 - warehouse_dbt_build - [0m11:56:32  Concurrency: 2 threads (target='local')
2026-03-06 11:56:33 +0000 - dagster - INFO - 08_operacion_testnet_15m - 4da26b63-1985-4f57-b99d-70f9b294b490 - warehouse_dbt_build - [0m11:56:32
2026-03-06 11:56:33 +0000 - dagster - INFO - 08_operacion_testnet_15m - 4da26b63-1985-4f57-b99d-70f9b294b490 - warehouse_dbt_build - [0m11:56:33  1 of 34 START sql view model main.br_news_sentiment ............................ [RUN]
2026-03-06 11:56:33 +0000 - dagster - INFO - 08_operacion_testnet_15m - 4da26b63-1985-4f57-b99d-70f9b294b490 - warehouse_dbt_build - [0m11:56:33  2 of 34 START sql incremental model main.br_stock_prices ....................... [RUN]
2026-03-06 11:56:33 +0000 - dagster - INFO - 08_operacion_testnet_15m - 4da26b63-1985-4f57-b99d-70f9b294b490 - warehouse_dbt_build - [0m11:56:33  1 of 34 OK created sql view model main.br_news_sentiment ....................... [[32mOK[0m in 0.34s]
2026-03-06 11:56:33 +0000 - dagster - INFO - 08_operacion_testnet_15m - 4da26b63-1985-4f57-b99d-70f9b294b490 - warehouse_dbt_build - [0m11:56:33  3 of 34 START sql view model main.br_x_sentiment ............................... [RUN]
2026-03-06 11:56:33 +0000 - dagster - INFO - 08_operacion_testnet_15m - 4da26b63-1985-4f57-b99d-70f9b294b490 - warehouse_dbt_build - [0m11:56:33  2 of 34 OK created sql incremental model main.br_stock_prices .................. [[32mOK[0m in 0.58s]
2026-03-06 11:56:33 +0000 - dagster - INFO - 08_operacion_testnet_15m - 4da26b63-1985-4f57-b99d-70f9b294b490 - warehouse_dbt_build - [0m11:56:33  4 of 34 START sql table model main.fct_approved_orders ......................... [RUN]
2026-03-06 11:56:33 +0000 - dagster - INFO - 08_operacion_testnet_15m - 4da26b63-1985-4f57-b99d-70f9b294b490 - warehouse_dbt_build - [0m11:56:33  3 of 34 OK created sql view model main.br_x_sentiment .......................... [[32mOK[0m in 0.37s]
2026-03-06 11:56:33 +0000 - dagster - INFO - 08_operacion_testnet_15m - 4da26b63-1985-4f57-b99d-70f9b294b490 - warehouse_dbt_build - [0m11:56:33  5 of 34 START sql table model main.fct_raw_signals ............................. [RUN]
2026-03-06 11:56:34 +0000 - dagster - INFO - 08_operacion_testnet_15m - 4da26b63-1985-4f57-b99d-70f9b294b490 - warehouse_dbt_build - [0m11:56:33  4 of 34 OK created sql table model main.fct_approved_orders .................... [[32mOK[0m in 0.37s]
2026-03-06 11:56:34 +0000 - dagster - INFO - 08_operacion_testnet_15m - 4da26b63-1985-4f57-b99d-70f9b294b490 - warehouse_dbt_build - [0m11:56:33  6 of 34 START sql table model main.int_mlflow_runs ............................. [RUN]
2026-03-06 11:56:34 +0000 - dagster - INFO - 08_operacion_testnet_15m - 4da26b63-1985-4f57-b99d-70f9b294b490 - warehouse_dbt_build - [0m11:56:34  5 of 34 OK created sql table model main.fct_raw_signals ........................ [[32mOK[0m in 0.39s]
2026-03-06 11:56:34 +0000 - dagster - INFO - 08_operacion_testnet_15m - 4da26b63-1985-4f57-b99d-70f9b294b490 - warehouse_dbt_build - [0m11:56:34  7 of 34 START sql table model main.int_optuna_trials ........................... [RUN]
2026-03-06 11:56:34 +0000 - dagster - INFO - 08_operacion_testnet_15m - 4da26b63-1985-4f57-b99d-70f9b294b490 - warehouse_dbt_build - [0m11:56:34  6 of 34 OK created sql table model main.int_mlflow_runs ........................ [[32mOK[0m in 0.37s]
2026-03-06 11:56:34 +0000 - dagster - INFO - 08_operacion_testnet_15m - 4da26b63-1985-4f57-b99d-70f9b294b490 - warehouse_dbt_build - [0m11:56:34  8 of 34 START test assert_cross_exchange_snapshot_raw_historical ............... [RUN]
2026-03-06 11:56:34 +0000 - dagster - INFO - 08_operacion_testnet_15m - 4da26b63-1985-4f57-b99d-70f9b294b490 - warehouse_dbt_build - [0m11:56:34  8 of 34 PASS assert_cross_exchange_snapshot_raw_historical ..................... [[32mPASS[0m in 0.10s]
2026-03-06 11:56:34 +0000 - dagster - INFO - 08_operacion_testnet_15m - 4da26b63-1985-4f57-b99d-70f9b294b490 - warehouse_dbt_build - [0m11:56:34  9 of 34 START test assert_derivatives_flow_raw_historical ...................... [RUN]
2026-03-06 11:56:34 +0000 - dagster - INFO - 08_operacion_testnet_15m - 4da26b63-1985-4f57-b99d-70f9b294b490 - warehouse_dbt_build - [0m11:56:34  7 of 34 OK created sql table model main.int_optuna_trials ...................... [[32mOK[0m in 0.52s]
2026-03-06 11:56:34 +0000 - dagster - INFO - 08_operacion_testnet_15m - 4da26b63-1985-4f57-b99d-70f9b294b490 - warehouse_dbt_build - [0m11:56:34  10 of 34 START test assert_derivatives_snapshot_raw_historical ................. [RUN]
2026-03-06 11:56:34 +0000 - dagster - INFO - 08_operacion_testnet_15m - 4da26b63-1985-4f57-b99d-70f9b294b490 - warehouse_dbt_build - [0m11:56:34  9 of 34 PASS assert_derivatives_flow_raw_historical ............................ [[32mPASS[0m in 0.29s]
2026-03-06 11:56:34 +0000 - dagster - INFO - 08_operacion_testnet_15m - 4da26b63-1985-4f57-b99d-70f9b294b490 - warehouse_dbt_build - [0m11:56:34  10 of 34 PASS assert_derivatives_snapshot_raw_historical ....................... [[32mPASS[0m in 0.08s]
2026-03-06 11:56:34 +0000 - dagster - INFO - 08_operacion_testnet_15m - 4da26b63-1985-4f57-b99d-70f9b294b490 - warehouse_dbt_build - [0m11:56:34  11 of 34 START test assert_dex_snapshot_raw_historical ......................... [RUN]
2026-03-06 11:56:34 +0000 - dagster - INFO - 08_operacion_testnet_15m - 4da26b63-1985-4f57-b99d-70f9b294b490 - warehouse_dbt_build - [0m11:56:34  12 of 34 START test assert_fear_greed_raw_historical ........................... [RUN]
2026-03-06 11:56:34 +0000 - dagster - INFO - 08_operacion_testnet_15m - 4da26b63-1985-4f57-b99d-70f9b294b490 - warehouse_dbt_build - [0m11:56:34  12 of 34 PASS assert_fear_greed_raw_historical ................................. [[32mPASS[0m in 0.11s]
2026-03-06 11:56:34 +0000 - dagster - INFO - 08_operacion_testnet_15m - 4da26b63-1985-4f57-b99d-70f9b294b490 - warehouse_dbt_build - [0m11:56:34  11 of 34 WARN 1 assert_dex_snapshot_raw_historical ............................. [[33mWARN 1[0m in 0.13s]
2026-03-06 11:56:34 +0000 - dagster - INFO - 08_operacion_testnet_15m - 4da26b63-1985-4f57-b99d-70f9b294b490 - warehouse_dbt_build - [0m11:56:34  13 of 34 START test assert_market_snapshot_raw_historical ...................... [RUN]
2026-03-06 11:56:34 +0000 - dagster - INFO - 08_operacion_testnet_15m - 4da26b63-1985-4f57-b99d-70f9b294b490 - warehouse_dbt_build - [0m11:56:34  14 of 34 START test not_null_int_mlflow_runs_run_uuid .......................... [RUN]
2026-03-06 11:56:35 +0000 - dagster - INFO - 08_operacion_testnet_15m - 4da26b63-1985-4f57-b99d-70f9b294b490 - warehouse_dbt_build - [0m11:56:35  13 of 34 PASS assert_market_snapshot_raw_historical ............................ [[32mPASS[0m in 0.13s]
2026-03-06 11:56:35 +0000 - dagster - INFO - 08_operacion_testnet_15m - 4da26b63-1985-4f57-b99d-70f9b294b490 - warehouse_dbt_build - [0m11:56:35  14 of 34 PASS not_null_int_mlflow_runs_run_uuid ................................ [[32mPASS[0m in 0.12s]
2026-03-06 11:56:35 +0000 - dagster - INFO - 08_operacion_testnet_15m - 4da26b63-1985-4f57-b99d-70f9b294b490 - warehouse_dbt_build - [0m11:56:35  15 of 34 START test unique_int_mlflow_runs_run_uuid ............................ [RUN]
2026-03-06 11:56:35 +0000 - dagster - INFO - 08_operacion_testnet_15m - 4da26b63-1985-4f57-b99d-70f9b294b490 - warehouse_dbt_build - [0m11:56:35  16 of 34 START test not_null_int_optuna_trials_trial_id ........................ [RUN]
2026-03-06 11:56:35 +0000 - dagster - INFO - 08_operacion_testnet_15m - 4da26b63-1985-4f57-b99d-70f9b294b490 - warehouse_dbt_build - [0m11:56:35  16 of 34 PASS not_null_int_optuna_trials_trial_id .............................. [[32mPASS[0m in 0.11s]
2026-03-06 11:56:35 +0000 - dagster - INFO - 08_operacion_testnet_15m - 4da26b63-1985-4f57-b99d-70f9b294b490 - warehouse_dbt_build - [0m11:56:35  17 of 34 START test unique_int_optuna_trials_trial_id .......................... [RUN]
2026-03-06 11:56:35 +0000 - dagster - INFO - 08_operacion_testnet_15m - 4da26b63-1985-4f57-b99d-70f9b294b490 - warehouse_dbt_build - [0m11:56:35  15 of 34 PASS unique_int_mlflow_runs_run_uuid .................................. [[32mPASS[0m in 0.13s]
2026-03-06 11:56:35 +0000 - dagster - INFO - 08_operacion_testnet_15m - 4da26b63-1985-4f57-b99d-70f9b294b490 - warehouse_dbt_build - [0m11:56:35  18 of 34 START sql incremental model main.br_macro_context ..................... [RUN]
2026-03-06 11:56:35 +0000 - dagster - INFO - 08_operacion_testnet_15m - 4da26b63-1985-4f57-b99d-70f9b294b490 - warehouse_dbt_build - [0m11:56:35  17 of 34 PASS unique_int_optuna_trials_trial_id ................................ [[32mPASS[0m in 0.12s]
2026-03-06 11:56:35 +0000 - dagster - INFO - 08_operacion_testnet_15m - 4da26b63-1985-4f57-b99d-70f9b294b490 - warehouse_dbt_build - [0m11:56:35  19 of 34 START sql incremental model main.br_market_snapshot ................... [RUN]
2026-03-06 11:56:35 +0000 - dagster - INFO - 08_operacion_testnet_15m - 4da26b63-1985-4f57-b99d-70f9b294b490 - warehouse_dbt_build - [0m11:56:35  18 of 34 OK created sql incremental model main.br_macro_context ................ [[32mOK[0m in 0.42s]
2026-03-06 11:56:37 +0000 - dagster - INFO - 08_operacion_testnet_15m - 4da26b63-1985-4f57-b99d-70f9b294b490 - warehouse_dbt_build - [0m11:56:37  19 of 34 OK created sql incremental model main.br_market_snapshot .............. [[32mOK[0m in 1.77s]
2026-03-06 11:56:37 +0000 - dagster - INFO - 08_operacion_testnet_15m - 4da26b63-1985-4f57-b99d-70f9b294b490 - warehouse_dbt_build - [0m11:56:37  20 of 34 START test not_null_br_market_snapshot_event_time ..................... [RUN]
2026-03-06 11:56:37 +0000 - dagster - INFO - 08_operacion_testnet_15m - 4da26b63-1985-4f57-b99d-70f9b294b490 - warehouse_dbt_build - [0m11:56:37  21 of 34 START test not_null_br_market_snapshot_symbol ......................... [RUN]
2026-03-06 11:56:37 +0000 - dagster - INFO - 08_operacion_testnet_15m - 4da26b63-1985-4f57-b99d-70f9b294b490 - warehouse_dbt_build - [0m11:56:37  20 of 34 PASS not_null_br_market_snapshot_event_time ........................... [[32mPASS[0m in 0.14s]
2026-03-06 11:56:37 +0000 - dagster - INFO - 08_operacion_testnet_15m - 4da26b63-1985-4f57-b99d-70f9b294b490 - warehouse_dbt_build - [0m11:56:37  21 of 34 PASS not_null_br_market_snapshot_symbol ............................... [[32mPASS[0m in 0.14s]
2026-03-06 11:56:37 +0000 - dagster - INFO - 08_operacion_testnet_15m - 4da26b63-1985-4f57-b99d-70f9b294b490 - warehouse_dbt_build - [0m11:56:37  22 of 34 START sql incremental model main.slv_decision_features ................ [RUN]
2026-03-06 11:56:39 +0000 - dagster - INFO - 08_operacion_testnet_15m - 4da26b63-1985-4f57-b99d-70f9b294b490 - warehouse_dbt_build - [0m11:56:38  22 of 34 OK created sql incremental model main.slv_decision_features ........... [[32mOK[0m in 1.72s]
2026-03-06 11:56:39 +0000 - dagster - INFO - 08_operacion_testnet_15m - 4da26b63-1985-4f57-b99d-70f9b294b490 - warehouse_dbt_build - [0m11:56:38  23 of 34 START test not_null_slv_decision_features_event_time .................. [RUN]
2026-03-06 11:56:39 +0000 - dagster - INFO - 08_operacion_testnet_15m - 4da26b63-1985-4f57-b99d-70f9b294b490 - warehouse_dbt_build - [0m11:56:39  24 of 34 START test not_null_slv_decision_features_symbol ...................... [RUN]
2026-03-06 11:56:39 +0000 - dagster - INFO - 08_operacion_testnet_15m - 4da26b63-1985-4f57-b99d-70f9b294b490 - warehouse_dbt_build - [0m11:56:39  24 of 34 PASS not_null_slv_decision_features_symbol ............................ [[32mPASS[0m in 0.22s]
2026-03-06 11:56:39 +0000 - dagster - INFO - 08_operacion_testnet_15m - 4da26b63-1985-4f57-b99d-70f9b294b490 - warehouse_dbt_build - [0m11:56:39  23 of 34 PASS not_null_slv_decision_features_event_time ........................ [[32mPASS[0m in 0.23s]
2026-03-06 11:56:39 +0000 - dagster - INFO - 08_operacion_testnet_15m - 4da26b63-1985-4f57-b99d-70f9b294b490 - warehouse_dbt_build - [0m11:56:39  25 of 34 START sql incremental model main.decision_features .................... [RUN]
2026-03-06 11:56:39 +0000 - dagster - INFO - 08_operacion_testnet_15m - 4da26b63-1985-4f57-b99d-70f9b294b490 - warehouse_dbt_build - [0m11:56:39  26 of 34 START sql table model main.fct_liquidity_profile ...................... [RUN]
2026-03-06 11:56:40 +0000 - dagster - INFO - 08_operacion_testnet_15m - 4da26b63-1985-4f57-b99d-70f9b294b490 - warehouse_dbt_build - [0m11:56:40  26 of 34 OK created sql table model main.fct_liquidity_profile ................. [[32mOK[0m in 1.03s]
2026-03-06 11:56:40 +0000 - dagster - INFO - 08_operacion_testnet_15m - 4da26b63-1985-4f57-b99d-70f9b294b490 - warehouse_dbt_build - [0m11:56:40  27 of 34 START sql table model main.fct_symbol_performance ..................... [RUN]
2026-03-06 11:56:41 +0000 - dagster - INFO - 08_operacion_testnet_15m - 4da26b63-1985-4f57-b99d-70f9b294b490 - warehouse_dbt_build - [0m11:56:41  25 of 34 OK created sql incremental model main.decision_features ............... [[32mOK[0m in 1.90s]
2026-03-06 11:56:41 +0000 - dagster - INFO - 08_operacion_testnet_15m - 4da26b63-1985-4f57-b99d-70f9b294b490 - warehouse_dbt_build - [0m11:56:41  28 of 34 START test not_null_fct_decision_features_event_time .................. [RUN]
2026-03-06 11:56:41 +0000 - dagster - INFO - 08_operacion_testnet_15m - 4da26b63-1985-4f57-b99d-70f9b294b490 - warehouse_dbt_build - [0m11:56:41  28 of 34 PASS not_null_fct_decision_features_event_time ........................ [[32mPASS[0m in 0.07s]
2026-03-06 11:56:41 +0000 - dagster - INFO - 08_operacion_testnet_15m - 4da26b63-1985-4f57-b99d-70f9b294b490 - warehouse_dbt_build - [0m11:56:41  29 of 34 START test not_null_fct_decision_features_feature_id .................. [RUN]
2026-03-06 11:56:41 +0000 - dagster - INFO - 08_operacion_testnet_15m - 4da26b63-1985-4f57-b99d-70f9b294b490 - warehouse_dbt_build - [0m11:56:41  29 of 34 PASS not_null_fct_decision_features_feature_id ........................ [[32mPASS[0m in 0.06s]
2026-03-06 11:56:41 +0000 - dagster - INFO - 08_operacion_testnet_15m - 4da26b63-1985-4f57-b99d-70f9b294b490 - warehouse_dbt_build - [0m11:56:41  30 of 34 START test not_null_fct_decision_features_symbol ...................... [RUN]
2026-03-06 11:56:41 +0000 - dagster - INFO - 08_operacion_testnet_15m - 4da26b63-1985-4f57-b99d-70f9b294b490 - warehouse_dbt_build - [0m11:56:41  30 of 34 PASS not_null_fct_decision_features_symbol ............................ [[32mPASS[0m in 0.10s]
2026-03-06 11:56:41 +0000 - dagster - INFO - 08_operacion_testnet_15m - 4da26b63-1985-4f57-b99d-70f9b294b490 - warehouse_dbt_build - [0m11:56:41  31 of 34 START test unique_fct_decision_features_feature_id .................... [RUN]
2026-03-06 11:56:41 +0000 - dagster - INFO - 08_operacion_testnet_15m - 4da26b63-1985-4f57-b99d-70f9b294b490 - warehouse_dbt_build - [0m11:56:41  31 of 34 WARN 19 unique_fct_decision_features_feature_id ....................... [[33mWARN 19[0m in 0.17s]
2026-03-06 11:56:41 +0000 - dagster - INFO - 08_operacion_testnet_15m - 4da26b63-1985-4f57-b99d-70f9b294b490 - warehouse_dbt_build - [0m11:56:41  32 of 34 START sql table model main.fct_anomaly_detection ...................... [RUN]
2026-03-06 11:56:42 +0000 - dagster - INFO - 08_operacion_testnet_15m - 4da26b63-1985-4f57-b99d-70f9b294b490 - warehouse_dbt_build - [0m11:56:42  32 of 34 OK created sql table model main.fct_anomaly_detection ................. [[32mOK[0m in 0.62s]
2026-03-06 11:56:42 +0000 - dagster - INFO - 08_operacion_testnet_15m - 4da26b63-1985-4f57-b99d-70f9b294b490 - warehouse_dbt_build - [0m11:56:42  33 of 34 START sql table model main.fct_market_summary ......................... [RUN]
2026-03-06 11:56:42 +0000 - dagster - INFO - 08_operacion_testnet_15m - 4da26b63-1985-4f57-b99d-70f9b294b490 - warehouse_dbt_build - [0m11:56:42  33 of 34 OK created sql table model main.fct_market_summary .................... [[32mOK[0m in 0.26s]
2026-03-06 11:56:42 +0000 - dagster - INFO - 08_operacion_testnet_15m - 4da26b63-1985-4f57-b99d-70f9b294b490 - warehouse_dbt_build - [0m11:56:42  34 of 34 START sql table model main.fct_momentum_rankings ...................... [RUN]
2026-03-06 11:56:43 +0000 - dagster - INFO - 08_operacion_testnet_15m - 4da26b63-1985-4f57-b99d-70f9b294b490 - warehouse_dbt_build - [0m11:56:43  34 of 34 OK created sql table model main.fct_momentum_rankings ................. [[32mOK[0m in 0.59s]
2026-03-06 11:56:44 +0000 - dagster - INFO - 08_operacion_testnet_15m - 4da26b63-1985-4f57-b99d-70f9b294b490 - warehouse_dbt_build - [0m11:56:44  27 of 34 OK created sql table model main.fct_symbol_performance ................ [[32mOK[0m in 3.78s]
2026-03-06 11:56:44 +0000 - dagster - INFO - 08_operacion_testnet_15m - 4da26b63-1985-4f57-b99d-70f9b294b490 - warehouse_dbt_build - [0m11:56:44
2026-03-06 11:56:44 +0000 - dagster - INFO - 08_operacion_testnet_15m - 4da26b63-1985-4f57-b99d-70f9b294b490 - warehouse_dbt_build - [0m11:56:44  Finished running 2 view models, 5 incremental models, 9 table models, 18 data tests in 0 hours 0 minutes and 11.57 seconds (11.57s).
2026-03-06 11:56:44 +0000 - dagster - INFO - 08_operacion_testnet_15m - 4da26b63-1985-4f57-b99d-70f9b294b490 - warehouse_dbt_build - [0m11:56:44
2026-03-06 11:56:44 +0000 - dagster - INFO - 08_operacion_testnet_15m - 4da26b63-1985-4f57-b99d-70f9b294b490 - warehouse_dbt_build - [0m11:56:44  [33mCompleted with 2 warnings:[0m
2026-03-06 11:56:44 +0000 - dagster - INFO - 08_operacion_testnet_15m - 4da26b63-1985-4f57-b99d-70f9b294b490 - warehouse_dbt_build - [0m11:56:44
2026-03-06 11:56:44 +0000 - dagster - INFO - 08_operacion_testnet_15m - 4da26b63-1985-4f57-b99d-70f9b294b490 - warehouse_dbt_build - [0m11:56:44  [33mWarning in test assert_dex_snapshot_raw_historical (tests/assert_dex_snapshot_raw_historical.sql)[0m
2026-03-06 11:56:44 +0000 - dagster - INFO - 08_operacion_testnet_15m - 4da26b63-1985-4f57-b99d-70f9b294b490 - warehouse_dbt_build - [0m11:56:44  Got 1 result, configured to warn if != 0
2026-03-06 11:56:44 +0000 - dagster - INFO - 08_operacion_testnet_15m - 4da26b63-1985-4f57-b99d-70f9b294b490 - warehouse_dbt_build - [0m11:56:44
2026-03-06 11:56:44 +0000 - dagster - INFO - 08_operacion_testnet_15m - 4da26b63-1985-4f57-b99d-70f9b294b490 - warehouse_dbt_build - [0m11:56:44    compiled code at target/compiled/crypto_trading_lakehouse/tests/assert_dex_snapshot_raw_historical.sql
2026-03-06 11:56:44 +0000 - dagster - INFO - 08_operacion_testnet_15m - 4da26b63-1985-4f57-b99d-70f9b294b490 - warehouse_dbt_build - [0m11:56:44
2026-03-06 11:56:44 +0000 - dagster - INFO - 08_operacion_testnet_15m - 4da26b63-1985-4f57-b99d-70f9b294b490 - warehouse_dbt_build - [0m11:56:44  [33mWarning in test unique_fct_decision_features_feature_id (models/schema.yml)[0m
2026-03-06 11:56:44 +0000 - dagster - INFO - 08_operacion_testnet_15m - 4da26b63-1985-4f57-b99d-70f9b294b490 - warehouse_dbt_build - [0m11:56:44  Got 19 results, configured to warn if != 0
2026-03-06 11:56:44 +0000 - dagster - INFO - 08_operacion_testnet_15m - 4da26b63-1985-4f57-b99d-70f9b294b490 - warehouse_dbt_build - [0m11:56:44
2026-03-06 11:56:45 +0000 - dagster - INFO - 08_operacion_testnet_15m - 4da26b63-1985-4f57-b99d-70f9b294b490 - warehouse_dbt_build - [0m11:56:44    compiled code at target/compiled/crypto_trading_lakehouse/models/schema.yml/unique_fct_decision_features_feature_id.sql
2026-03-06 11:56:45 +0000 - dagster - INFO - 08_operacion_testnet_15m - 4da26b63-1985-4f57-b99d-70f9b294b490 - warehouse_dbt_build - [0m11:56:44
2026-03-06 11:56:45 +0000 - dagster - INFO - 08_operacion_testnet_15m - 4da26b63-1985-4f57-b99d-70f9b294b490 - warehouse_dbt_build - [0m11:56:44  Done. PASS=32 WARN=2 ERROR=0 SKIP=0 TOTAL=34
2026-03-06 11:56:45 +0000 - dagster - DEBUG - 08_operacion_testnet_15m - 4da26b63-1985-4f57-b99d-70f9b294b490 - 5410 - warehouse_dbt_build - STEP_OUTPUT - Yielded output "result" of type "Any". (Type check passed).
2026-03-06 11:56:45 +0000 - dagster - DEBUG - 08_operacion_testnet_15m - 4da26b63-1985-4f57-b99d-70f9b294b490 - 5410 - warehouse_dbt_build - ASSET_MATERIALIZATION - Materialized value warehouse_dbt_build.
2026-03-06 11:56:45 +0000 - dagster - DEBUG - 08_operacion_testnet_15m - 4da26b63-1985-4f57-b99d-70f9b294b490 - 5410 - warehouse_dbt_build - STEP_SUCCESS - Finished execution of step "warehouse_dbt_build" in 16.75s.
