2026-03-07 23:08:25 +0000 - dagster - DEBUG - 08_operacion_testnet_15m - c37b9c76-3bcb-4f64-9e33-bba564c4d6c7 - 4001 - LOGS_CAPTURED - Started capturing logs in process (pid: 4001).
2026-03-07 23:09:06 +0000 - dagster - DEBUG - 08_operacion_testnet_15m - c37b9c76-3bcb-4f64-9e33-bba564c4d6c7 - 4001 - bronze_high - STEP_START - Started execution of step "bronze_high".
WARNING:urllib3.connectionpool:Retrying (Retry(total=9, connect=1, read=0, redirect=None, status=None)) after connection broken by 'ReadTimeoutError("HTTPConnectionPool(host='binance-connector', port=8000): Read timed out. (read timeout=2)")': /health
WARNING:urllib3.connectionpool:Retrying (Retry(total=9, connect=0, read=1, redirect=None, status=None)) after connection broken by 'NameResolutionError("HTTPSConnection(host='api.bybit.com', port=443): Failed to resolve 'api.bybit.com' ([Errno -3] Temporary failure in name resolution)")': /v5/market/tickers?category=linear&symbol=ETHUSDT
WARNING:urllib3.connectionpool:Retrying (Retry(total=9, connect=0, read=1, redirect=None, status=None)) after connection broken by 'NameResolutionError("HTTPSConnection(host='api.bybit.com', port=443): Failed to resolve 'api.bybit.com' ([Errno -3] Temporary failure in name resolution)")': /v5/market/tickers?category=linear&symbol=SOLUSDT
WARNING:urllib3.connectionpool:Retrying (Retry(total=9, connect=0, read=1, redirect=None, status=None)) after connection broken by 'NameResolutionError("HTTPSConnection(host='www.okx.com', port=443): Failed to resolve 'www.okx.com' ([Errno -3] Temporary failure in name resolution)")': /api/v5/market/ticker?instId=XRP-USDT-SWAP
WARNING:urllib3.connectionpool:Retrying (Retry(total=9, connect=0, read=1, redirect=None, status=None)) after connection broken by 'NameResolutionError("HTTPSConnection(host='www.okx.com', port=443): Failed to resolve 'www.okx.com' ([Errno -3] Temporary failure in name resolution)")': /api/v5/market/ticker?instId=SOL-USDT-SWAP
WARNING:urllib3.connectionpool:Retrying (Retry(total=9, connect=0, read=1, redirect=None, status=None)) after connection broken by 'NameResolutionError("HTTPSConnection(host='www.okx.com', port=443): Failed to resolve 'www.okx.com' ([Errno -3] Temporary failure in name resolution)")': /api/v5/market/ticker?instId=BNB-USDT-SWAP
WARNING:urllib3.connectionpool:Retrying (Retry(total=9, connect=1, read=1, redirect=None, status=None)) after connection broken by 'SSLError(SSLEOFError(8, '[SSL: UNEXPECTED_EOF_WHILE_READING] EOF occurred in violation of protocol (_ssl.c:1016)'))': /fapi/v1/premiumIndex
WARNING:urllib3.connectionpool:Retrying (Retry(total=9, connect=1, read=1, redirect=None, status=None)) after connection broken by 'SSLError(SSLEOFError(8, '[SSL: UNEXPECTED_EOF_WHILE_READING] EOF occurred in violation of protocol (_ssl.c:1016)'))': /v5/market/tickers?category=linear&symbol=BNBUSDT
WARNING:urllib3.connectionpool:Retrying (Retry(total=9, connect=1, read=1, redirect=None, status=None)) after connection broken by 'SSLError(SSLEOFError(8, '[SSL: UNEXPECTED_EOF_WHILE_READING] EOF occurred in violation of protocol (_ssl.c:1016)'))': /futures/data/globalLongShortAccountRatio?symbol=ETHUSDT&period=1h&limit=1
WARNING:urllib3.connectionpool:Retrying (Retry(total=9, connect=1, read=1, redirect=None, status=None)) after connection broken by 'SSLError(SSLEOFError(8, '[SSL: UNEXPECTED_EOF_WHILE_READING] EOF occurred in violation of protocol (_ssl.c:1016)'))': /v5/market/tickers?category=linear&symbol=BTCUSDT
WARNING:urllib3.connectionpool:Retrying (Retry(total=9, connect=1, read=1, redirect=None, status=None)) after connection broken by 'SSLError(SSLEOFError(8, '[SSL: UNEXPECTED_EOF_WHILE_READING] EOF occurred in violation of protocol (_ssl.c:1016)'))': /info
WARNING:urllib3.connectionpool:Retrying (Retry(total=9, connect=1, read=1, redirect=None, status=None)) after connection broken by 'SSLError(SSLEOFError(8, '[SSL: UNEXPECTED_EOF_WHILE_READING] EOF occurred in violation of protocol (_ssl.c:1016)'))': /api/v5/market/ticker?instId=BTC-USDT-SWAP
WARNING:urllib3.connectionpool:Retrying (Retry(total=9, connect=1, read=1, redirect=None, status=None)) after connection broken by 'SSLError(SSLEOFError(8, '[SSL: UNEXPECTED_EOF_WHILE_READING] EOF occurred in violation of protocol (_ssl.c:1016)'))': /futures/data/globalLongShortAccountRatio?symbol=XRPUSDT&period=1h&limit=1
WARNING:urllib3.connectionpool:Retrying (Retry(total=9, connect=1, read=1, redirect=None, status=None)) after connection broken by 'SSLError(SSLEOFError(8, '[SSL: UNEXPECTED_EOF_WHILE_READING] EOF occurred in violation of protocol (_ssl.c:1016)'))': /api/v5/market/ticker?instId=ETH-USDT-SWAP
WARNING:urllib3.connectionpool:Retrying (Retry(total=8, connect=0, read=0, redirect=None, status=None)) after connection broken by 'ReadTimeoutError("HTTPSConnectionPool(host='www.okx.com', port=443): Read timed out. (read timeout=5)")': /api/v5/market/ticker?instId=BNB-USDT-SWAP
WARNING:urllib3.connectionpool:Retrying (Retry(total=8, connect=0, read=0, redirect=None, status=None)) after connection broken by 'ReadTimeoutError("HTTPSConnectionPool(host='www.okx.com', port=443): Read timed out. (read timeout=5)")': /api/v5/market/ticker?instId=SOL-USDT-SWAP
WARNING:urllib3.connectionpool:Retrying (Retry(total=8, connect=0, read=0, redirect=None, status=None)) after connection broken by 'ReadTimeoutError("HTTPSConnectionPool(host='www.okx.com', port=443): Read timed out. (read timeout=5)")': /api/v5/market/ticker?instId=XRP-USDT-SWAP
WARNING:urllib3.connectionpool:Retrying (Retry(total=8, connect=0, read=0, redirect=None, status=None)) after connection broken by 'ReadTimeoutError("HTTPSConnectionPool(host='api.bybit.com', port=443): Read timed out. (read timeout=5)")': /v5/market/tickers?category=linear&symbol=SOLUSDT
WARNING:urllib3.connectionpool:Retrying (Retry(total=9, connect=1, read=0, redirect=None, status=None)) after connection broken by 'ReadTimeoutError("HTTPSConnectionPool(host='api.bybit.com', port=443): Read timed out. (read timeout=5)")': /v5/market/tickers?category=linear&symbol=RNDRUSDT
WARNING:urllib3.connectionpool:Retrying (Retry(total=9, connect=1, read=0, redirect=None, status=None)) after connection broken by 'ReadTimeoutError("HTTPSConnectionPool(host='api.bybit.com', port=443): Read timed out. (read timeout=5)")': /v5/market/tickers?category=linear&symbol=TIAUSDT
WARNING:urllib3.connectionpool:Retrying (Retry(total=9, connect=1, read=0, redirect=None, status=None)) after connection broken by 'ReadTimeoutError("HTTPSConnectionPool(host='www.okx.com', port=443): Read timed out. (read timeout=5)")': /api/v5/market/ticker?instId=ETC-USDT-SWAP
WARNING:urllib3.connectionpool:Retrying (Retry(total=9, connect=1, read=0, redirect=None, status=None)) after connection broken by 'ReadTimeoutError("HTTPSConnectionPool(host='fapi.binance.com', port=443): Read timed out. (read timeout=5)")': /futures/data/takerlongshortRatio?symbol=UNIUSDT&period=1h&limit=1
WARNING:urllib3.connectionpool:Retrying (Retry(total=9, connect=1, read=0, redirect=None, status=None)) after connection broken by 'ReadTimeoutError("HTTPSConnectionPool(host='fapi.binance.com', port=443): Read timed out. (read timeout=5)")': /futures/data/takerlongshortRatio?symbol=MATICUSDT&period=1h&limit=1
WARNING:urllib3.connectionpool:Retrying (Retry(total=9, connect=1, read=0, redirect=None, status=None)) after connection broken by 'ReadTimeoutError("HTTPSConnectionPool(host='fapi.binance.com', port=443): Read timed out. (read timeout=5)")': /futures/data/takerlongshortRatio?symbol=LTCUSDT&period=1h&limit=1
WARNING:urllib3.connectionpool:Retrying (Retry(total=9, connect=1, read=0, redirect=None, status=None)) after connection broken by 'ReadTimeoutError("HTTPSConnectionPool(host='api.bybit.com', port=443): Read timed out. (read timeout=5)")': /v5/market/tickers?category=linear&symbol=SEIUSDT
WARNING:urllib3.connectionpool:Retrying (Retry(total=9, connect=1, read=0, redirect=None, status=None)) after connection broken by 'ReadTimeoutError("HTTPSConnectionPool(host='fapi.binance.com', port=443): Read timed out. (read timeout=5)")': /futures/data/takerlongshortRatio?symbol=ATOMUSDT&period=1h&limit=1
WARNING:urllib3.connectionpool:Retrying (Retry(total=9, connect=1, read=0, redirect=None, status=None)) after connection broken by 'ReadTimeoutError("HTTPSConnectionPool(host='fapi.binance.com', port=443): Read timed out. (read timeout=5)")': /futures/data/globalLongShortAccountRatio?symbol=ETCUSDT&period=1h&limit=1
WARNING:urllib3.connectionpool:Retrying (Retry(total=9, connect=1, read=0, redirect=None, status=None)) after connection broken by 'ReadTimeoutError("HTTPSConnectionPool(host='api.bybit.com', port=443): Read timed out. (read timeout=5)")': /v5/market/tickers?category=linear&symbol=WLDUSDT
WARNING:urllib3.connectionpool:Retrying (Retry(total=9, connect=1, read=0, redirect=None, status=None)) after connection broken by 'ReadTimeoutError("HTTPSConnectionPool(host='fapi.binance.com', port=443): Read timed out. (read timeout=10)")': /fapi/v1/openInterest?symbol=BTCUSDT
WARNING:urllib3.connectionpool:Retrying (Retry(total=9, connect=1, read=0, redirect=None, status=None)) after connection broken by 'ReadTimeoutError("HTTPSConnectionPool(host='www.okx.com', port=443): Read timed out. (read timeout=5)")': /api/v5/market/ticker?instId=OP-USDT-SWAP
WARNING:urllib3.connectionpool:Retrying (Retry(total=9, connect=1, read=0, redirect=None, status=None)) after connection broken by 'ReadTimeoutError("HTTPSConnectionPool(host='www.okx.com', port=443): Read timed out. (read timeout=5)")': /api/v5/market/ticker?instId=NEAR-USDT-SWAP
WARNING:urllib3.connectionpool:Retrying (Retry(total=9, connect=1, read=0, redirect=None, status=None)) after connection broken by 'ReadTimeoutError("HTTPSConnectionPool(host='www.okx.com', port=443): Read timed out. (read timeout=5)")': /api/v5/market/ticker?instId=SAND-USDT-SWAP
WARNING:urllib3.connectionpool:Retrying (Retry(total=9, connect=1, read=0, redirect=None, status=None)) after connection broken by 'ReadTimeoutError("HTTPSConnectionPool(host='api.bybit.com', port=443): Read timed out. (read timeout=5)")': /v5/market/tickers?category=linear&symbol=ICPUSDT
WARNING:urllib3.connectionpool:Retrying (Retry(total=9, connect=1, read=0, redirect=None, status=None)) after connection broken by 'ReadTimeoutError("HTTPSConnectionPool(host='api.bybit.com', port=443): Read timed out. (read timeout=5)")': /v5/market/tickers?category=linear&symbol=AAVEUSDT
WARNING:urllib3.connectionpool:Retrying (Retry(total=9, connect=1, read=0, redirect=None, status=None)) after connection broken by 'ReadTimeoutError("HTTPSConnectionPool(host='www.okx.com', port=443): Read timed out. (read timeout=5)")': /api/v5/market/ticker?instId=INJ-USDT-SWAP
WARNING:urllib3.connectionpool:Retrying (Retry(total=8, connect=1, read=0, redirect=None, status=None)) after connection broken by 'SSLError(SSLEOFError(8, '[SSL: UNEXPECTED_EOF_WHILE_READING] EOF occurred in violation of protocol (_ssl.c:1016)'))': /api/v5/market/ticker?instId=ETC-USDT-SWAP
WARNING:urllib3.connectionpool:Retrying (Retry(total=9, connect=0, read=1, redirect=None, status=None)) after connection broken by 'NameResolutionError("HTTPSConnection(host='api.bybit.com', port=443): Failed to resolve 'api.bybit.com' ([Errno -3] Temporary failure in name resolution)")': /v5/market/tickers?category=linear&symbol=MKRUSDT
WARNING:urllib3.connectionpool:Retrying (Retry(total=9, connect=1, read=1, redirect=None, status=None)) after connection broken by 'SSLError(SSLEOFError(8, '[SSL: UNEXPECTED_EOF_WHILE_READING] EOF occurred in violation of protocol (_ssl.c:1016)'))': /v5/market/tickers?category=linear&symbol=ORDIUSDT
WARNING:urllib3.connectionpool:Retrying (Retry(total=9, connect=1, read=0, redirect=None, status=None)) after connection broken by 'ReadTimeoutError("HTTPSConnectionPool(host='fapi.binance.com', port=443): Read timed out. (read timeout=5)")': /futures/data/globalLongShortAccountRatio?symbol=SUIUSDT&period=1h&limit=1
WARNING:urllib3.connectionpool:Retrying (Retry(total=8, connect=0, read=0, redirect=None, status=None)) after connection broken by 'NameResolutionError("HTTPSConnection(host='api.bybit.com', port=443): Failed to resolve 'api.bybit.com' ([Errno -3] Temporary failure in name resolution)")': /v5/market/tickers?category=linear&symbol=AAVEUSDT
WARNING:urllib3.connectionpool:Retrying (Retry(total=8, connect=0, read=0, redirect=None, status=None)) after connection broken by 'ReadTimeoutError("HTTPSConnectionPool(host='api.bybit.com', port=443): Read timed out. (read timeout=5)")': /v5/market/tickers?category=linear&symbol=MKRUSDT
WARNING:urllib3.connectionpool:Retrying (Retry(total=8, connect=0, read=0, redirect=None, status=None)) after connection broken by 'NameResolutionError("HTTPSConnection(host='fapi.binance.com', port=443): Failed to resolve 'fapi.binance.com' ([Errno -3] Temporary failure in name resolution)")': /futures/data/globalLongShortAccountRatio?symbol=SUIUSDT&period=1h&limit=1
WARNING:urllib3.connectionpool:Retrying (Retry(total=9, connect=1, read=1, redirect=None, status=None)) after connection broken by 'SSLError(SSLEOFError(8, '[SSL: UNEXPECTED_EOF_WHILE_READING] EOF occurred in violation of protocol (_ssl.c:1016)'))': /v5/market/tickers?category=linear&symbol=RUNEUSDT
WARNING:urllib3.connectionpool:Retrying (Retry(total=9, connect=1, read=1, redirect=None, status=None)) after connection broken by 'SSLError(SSLEOFError(8, '[SSL: UNEXPECTED_EOF_WHILE_READING] EOF occurred in violation of protocol (_ssl.c:1016)'))': /futures/data/globalLongShortAccountRatio?symbol=APTUSDT&period=1h&limit=1
WARNING:urllib3.connectionpool:Retrying (Retry(total=9, connect=0, read=1, redirect=None, status=None)) after connection broken by 'NameResolutionError("HTTPSConnection(host='www.okx.com', port=443): Failed to resolve 'www.okx.com' ([Errno -3] Temporary failure in name resolution)")': /api/v5/market/ticker?instId=MANA-USDT-SWAP
WARNING:urllib3.connectionpool:Retrying (Retry(total=9, connect=1, read=1, redirect=None, status=None)) after connection broken by 'SSLError(SSLEOFError(8, '[SSL: UNEXPECTED_EOF_WHILE_READING] EOF occurred in violation of protocol (_ssl.c:1016)'))': /futures/data/globalLongShortAccountRatio?symbol=XLMUSDT&period=1h&limit=1
WARNING:urllib3.connectionpool:Retrying (Retry(total=9, connect=1, read=1, redirect=None, status=None)) after connection broken by 'SSLError(SSLEOFError(8, '[SSL: UNEXPECTED_EOF_WHILE_READING] EOF occurred in violation of protocol (_ssl.c:1016)'))': /fapi/v1/openInterest?symbol=ETHUSDT
WARNING:urllib3.connectionpool:Retrying (Retry(total=8, connect=1, read=0, redirect=None, status=None)) after connection broken by 'SSLError(SSLEOFError(8, '[SSL: UNEXPECTED_EOF_WHILE_READING] EOF occurred in violation of protocol (_ssl.c:1016)'))': /api/v5/market/ticker?instId=NEAR-USDT-SWAP
WARNING:urllib3.connectionpool:Retrying (Retry(total=7, connect=1, read=0, redirect=None, status=None)) after connection broken by 'SSLError(SSLEOFError(8, '[SSL: UNEXPECTED_EOF_WHILE_READING] EOF occurred in violation of protocol (_ssl.c:1016)'))': /api/v5/market/ticker?instId=ETC-USDT-SWAP
WARNING:urllib3.connectionpool:Retrying (Retry(total=9, connect=0, read=1, redirect=None, status=None)) after connection broken by 'NameResolutionError("HTTPSConnection(host='www.okx.com', port=443): Failed to resolve 'www.okx.com' ([Errno -3] Temporary failure in name resolution)")': /api/v5/market/ticker?instId=GALA-USDT-SWAP
WARNING:urllib3.connectionpool:Retrying (Retry(total=8, connect=1, read=0, redirect=None, status=None)) after connection broken by 'SSLError(SSLEOFError(8, '[SSL: UNEXPECTED_EOF_WHILE_READING] EOF occurred in violation of protocol (_ssl.c:1016)'))': /v5/market/tickers?category=linear&symbol=ICPUSDT
WARNING:urllib3.connectionpool:Retrying (Retry(total=8, connect=1, read=1, redirect=None, status=None)) after connection broken by 'SSLError(SSLEOFError(8, '[SSL: UNEXPECTED_EOF_WHILE_READING] EOF occurred in violation of protocol (_ssl.c:1016)'))': /v5/market/tickers?category=linear&symbol=RUNEUSDT
WARNING:urllib3.connectionpool:Retrying (Retry(total=8, connect=1, read=1, redirect=None, status=None)) after connection broken by 'SSLError(SSLEOFError(8, '[SSL: UNEXPECTED_EOF_WHILE_READING] EOF occurred in violation of protocol (_ssl.c:1016)'))': /futures/data/globalLongShortAccountRatio?symbol=APTUSDT&period=1h&limit=1
WARNING:urllib3.connectionpool:Retrying (Retry(total=8, connect=1, read=1, redirect=None, status=None)) after connection broken by 'SSLError(SSLEOFError(8, '[SSL: UNEXPECTED_EOF_WHILE_READING] EOF occurred in violation of protocol (_ssl.c:1016)'))': /v5/market/tickers?category=linear&symbol=ORDIUSDT
WARNING:urllib3.connectionpool:Retrying (Retry(total=7, connect=0, read=0, redirect=None, status=None)) after connection broken by 'NameResolutionError("HTTPSConnection(host='api.bybit.com', port=443): Failed to resolve 'api.bybit.com' ([Errno -3] Temporary failure in name resolution)")': /v5/market/tickers?category=linear&symbol=ICPUSDT
WARNING:urllib3.connectionpool:Retrying (Retry(total=9, connect=1, read=0, redirect=None, status=None)) after connection broken by 'ReadTimeoutError("HTTPSConnectionPool(host='fapi.binance.com', port=443): Read timed out. (read timeout=5)")': /futures/data/globalLongShortAccountRatio?symbol=OPUSDT&period=1h&limit=1
WARNING:urllib3.connectionpool:Retrying (Retry(total=8, connect=0, read=1, redirect=None, status=None)) after connection broken by 'SSLError(SSLEOFError(8, '[SSL: UNEXPECTED_EOF_WHILE_READING] EOF occurred in violation of protocol (_ssl.c:1016)'))': /api/v5/market/ticker?instId=MANA-USDT-SWAP
WARNING:urllib3.connectionpool:Retrying (Retry(total=7, connect=0, read=0, redirect=None, status=None)) after connection broken by 'SSLError(SSLEOFError(8, '[SSL: UNEXPECTED_EOF_WHILE_READING] EOF occurred in violation of protocol (_ssl.c:1016)'))': /futures/data/globalLongShortAccountRatio?symbol=SUIUSDT&period=1h&limit=1
WARNING:urllib3.connectionpool:Retrying (Retry(total=7, connect=0, read=0, redirect=None, status=None)) after connection broken by 'SSLError(SSLEOFError(8, '[SSL: UNEXPECTED_EOF_WHILE_READING] EOF occurred in violation of protocol (_ssl.c:1016)'))': /v5/market/tickers?category=linear&symbol=MKRUSDT
WARNING:urllib3.connectionpool:Retrying (Retry(total=7, connect=1, read=0, redirect=None, status=None)) after connection broken by 'SSLError(SSLEOFError(8, '[SSL: UNEXPECTED_EOF_WHILE_READING] EOF occurred in violation of protocol (_ssl.c:1016)'))': /api/v5/market/ticker?instId=NEAR-USDT-SWAP
WARNING:urllib3.connectionpool:Retrying (Retry(total=6, connect=1, read=0, redirect=None, status=None)) after connection broken by 'SSLError(SSLEOFError(8, '[SSL: UNEXPECTED_EOF_WHILE_READING] EOF occurred in violation of protocol (_ssl.c:1016)'))': /api/v5/market/ticker?instId=ETC-USDT-SWAP
WARNING:urllib3.connectionpool:Retrying (Retry(total=9, connect=1, read=0, redirect=None, status=None)) after connection broken by 'ReadTimeoutError("HTTPSConnectionPool(host='fapi.binance.com', port=443): Read timed out. (read timeout=5)")': /futures/data/globalLongShortAccountRatio?symbol=ARBUSDT&period=1h&limit=1
WARNING:urllib3.connectionpool:Retrying (Retry(total=8, connect=0, read=1, redirect=None, status=None)) after connection broken by 'SSLError(SSLEOFError(8, '[SSL: UNEXPECTED_EOF_WHILE_READING] EOF occurred in violation of protocol (_ssl.c:1016)'))': /api/v5/market/ticker?instId=GALA-USDT-SWAP
WARNING:urllib3.connectionpool:Retrying (Retry(total=8, connect=1, read=1, redirect=None, status=None)) after connection broken by 'SSLError(SSLEOFError(8, '[SSL: UNEXPECTED_EOF_WHILE_READING] EOF occurred in violation of protocol (_ssl.c:1016)'))': /futures/data/globalLongShortAccountRatio?symbol=XLMUSDT&period=1h&limit=1
WARNING:urllib3.connectionpool:Retrying (Retry(total=8, connect=1, read=1, redirect=None, status=None)) after connection broken by 'SSLError(SSLEOFError(8, '[SSL: UNEXPECTED_EOF_WHILE_READING] EOF occurred in violation of protocol (_ssl.c:1016)'))': /fapi/v1/openInterest?symbol=ETHUSDT
WARNING:urllib3.connectionpool:Retrying (Retry(total=9, connect=0, read=1, redirect=None, status=None)) after connection broken by 'NameResolutionError("HTTPSConnection(host='www.okx.com', port=443): Failed to resolve 'www.okx.com' ([Errno -3] Temporary failure in name resolution)")': /api/v5/market/ticker?instId=AXS-USDT-SWAP
WARNING:urllib3.connectionpool:Retrying (Retry(total=9, connect=1, read=0, redirect=None, status=None)) after connection broken by 'ReadTimeoutError("HTTPSConnectionPool(host='api.bybit.com', port=443): Read timed out. (read timeout=5)")': /v5/market/tickers?category=linear&symbol=IMXUSDT
WARNING:urllib3.connectionpool:Retrying (Retry(total=7, connect=1, read=0, redirect=None, status=None)) after connection broken by 'ReadTimeoutError("HTTPSConnectionPool(host='api.bybit.com', port=443): Read timed out. (read timeout=5)")': /v5/market/tickers?category=linear&symbol=RUNEUSDT
WARNING:urllib3.connectionpool:Retrying (Retry(total=9, connect=1, read=0, redirect=None, status=None)) after connection broken by 'ReadTimeoutError("HTTPSConnectionPool(host='api.bybit.com', port=443): Read timed out. (read timeout=5)")': /v5/market/tickers?category=linear&symbol=GRTUSDT
WARNING:urllib3.connectionpool:Retrying (Retry(total=9, connect=1, read=0, redirect=None, status=None)) after connection broken by 'ReadTimeoutError("HTTPSConnectionPool(host='fapi.binance.com', port=443): Read timed out. (read timeout=5)")': /futures/data/takerlongshortRatio?symbol=OPUSDT&period=1h&limit=1
WARNING:urllib3.connectionpool:Retrying (Retry(total=9, connect=1, read=0, redirect=None, status=None)) after connection broken by 'ReadTimeoutError("HTTPSConnectionPool(host='fapi.binance.com', port=443): Read timed out. (read timeout=5)")': /futures/data/takerlongshortRatio?symbol=APTUSDT&period=1h&limit=1
WARNING:urllib3.connectionpool:Retrying (Retry(total=9, connect=1, read=0, redirect=None, status=None)) after connection broken by 'ReadTimeoutError("HTTPSConnectionPool(host='www.okx.com', port=443): Read timed out. (read timeout=5)")': /api/v5/market/ticker?instId=RNDR-USDT-SWAP
WARNING:urllib3.connectionpool:Retrying (Retry(total=9, connect=1, read=0, redirect=None, status=None)) after connection broken by 'ReadTimeoutError("HTTPSConnectionPool(host='www.okx.com', port=443): Read timed out. (read timeout=5)")': /api/v5/market/ticker?instId=TIA-USDT-SWAP
WARNING:urllib3.connectionpool:Retrying (Retry(total=9, connect=1, read=0, redirect=None, status=None)) after connection broken by 'ReadTimeoutError("HTTPSConnectionPool(host='fapi.binance.com', port=443): Read timed out. (read timeout=5)")': /futures/data/globalLongShortAccountRatio?symbol=NEARUSDT&period=1h&limit=1
WARNING:urllib3.connectionpool:Retrying (Retry(total=7, connect=1, read=0, redirect=None, status=None)) after connection broken by 'ReadTimeoutError("HTTPSConnectionPool(host='fapi.binance.com', port=443): Read timed out. (read timeout=10)")': /fapi/v1/openInterest?symbol=ETHUSDT
WARNING:urllib3.connectionpool:Retrying (Retry(total=7, connect=0, read=0, redirect=None, status=None)) after connection broken by 'ReadTimeoutError("HTTPSConnectionPool(host='www.okx.com', port=443): Read timed out. (read timeout=5)")': /api/v5/market/ticker?instId=GALA-USDT-SWAP
WARNING:urllib3.connectionpool:Retrying (Retry(total=8, connect=1, read=0, redirect=None, status=None)) after connection broken by 'SSLError(SSLEOFError(8, '[SSL: UNEXPECTED_EOF_WHILE_READING] EOF occurred in violation of protocol (_ssl.c:1016)'))': /v5/market/tickers?category=linear&symbol=IMXUSDT
WARNING:urllib3.connectionpool:Retrying (Retry(total=7, connect=1, read=0, redirect=None, status=None)) after connection broken by 'ReadTimeoutError("HTTPSConnectionPool(host='fapi.binance.com', port=443): Read timed out. (read timeout=5)")': /futures/data/globalLongShortAccountRatio?symbol=XLMUSDT&period=1h&limit=1
WARNING:urllib3.connectionpool:Retrying (Retry(total=9, connect=1, read=0, redirect=None, status=None)) after connection broken by 'RemoteDisconnected('Remote end closed connection without response')': /v5/market/tickers?category=linear&symbol=SNXUSDT
WARNING:urllib3.connectionpool:Retrying (Retry(total=8, connect=0, read=1, redirect=None, status=None)) after connection broken by 'SSLError(SSLEOFError(8, '[SSL: UNEXPECTED_EOF_WHILE_READING] EOF occurred in violation of protocol (_ssl.c:1016)'))': /api/v5/market/ticker?instId=AXS-USDT-SWAP
WARNING:urllib3.connectionpool:Retrying (Retry(total=6, connect=1, read=0, redirect=None, status=None)) after connection broken by 'SSLError(SSLEOFError(8, '[SSL: UNEXPECTED_EOF_WHILE_READING] EOF occurred in violation of protocol (_ssl.c:1016)'))': /v5/market/tickers?category=linear&symbol=RUNEUSDT
WARNING:urllib3.connectionpool:Retrying (Retry(total=9, connect=1, read=0, redirect=None, status=None)) after connection broken by 'ReadTimeoutError("HTTPSConnectionPool(host='fapi.binance.com', port=443): Read timed out. (read timeout=5)")': /futures/data/globalLongShortAccountRatio?symbol=FTMUSDT&period=1h&limit=1
WARNING:urllib3.connectionpool:Retrying (Retry(total=9, connect=1, read=0, redirect=None, status=None)) after connection broken by 'ReadTimeoutError("HTTPSConnectionPool(host='api.bybit.com', port=443): Read timed out. (read timeout=5)")': /v5/market/tickers?category=linear&symbol=KAVAUSDT
WARNING:urllib3.connectionpool:Retrying (Retry(total=7, connect=0, read=0, redirect=None, status=None)) after connection broken by 'ReadTimeoutError("HTTPSConnectionPool(host='www.okx.com', port=443): Read timed out. (read timeout=5)")': /api/v5/market/ticker?instId=AXS-USDT-SWAP
