2026-03-06 13:59:15 +0000 - dagster - DEBUG - 08_operacion_testnet_15m - e9e81286-e0c3-4963-aa80-00b3d27ae127 - 9894 - LOGS_CAPTURED - Started capturing logs in process (pid: 9894).
2026-03-06 13:59:15 +0000 - dagster - DEBUG - 08_operacion_testnet_15m - e9e81286-e0c3-4963-aa80-00b3d27ae127 - 9894 - warehouse_dbt_build - STEP_START - Started execution of step "warehouse_dbt_build".
2026-03-06 13:59:17 +0000 - dagster - INFO - 08_operacion_testnet_15m - e9e81286-e0c3-4963-aa80-00b3d27ae127 - warehouse_dbt_build - [0m13:59:17  Running with dbt=1.8.8
2026-03-06 13:59:17 +0000 - dagster - INFO - 08_operacion_testnet_15m - e9e81286-e0c3-4963-aa80-00b3d27ae127 - warehouse_dbt_build - [0m13:59:17  [[33mWARNING[0m]: Deprecated functionality
2026-03-06 13:59:17 +0000 - dagster - INFO - 08_operacion_testnet_15m - e9e81286-e0c3-4963-aa80-00b3d27ae127 - warehouse_dbt_build - The `tests` config has been renamed to `data_tests`. Please see
2026-03-06 13:59:17 +0000 - dagster - INFO - 08_operacion_testnet_15m - e9e81286-e0c3-4963-aa80-00b3d27ae127 - warehouse_dbt_build - https://docs.getdbt.com/docs/build/data-tests#new-data_tests-syntax for more
2026-03-06 13:59:17 +0000 - dagster - INFO - 08_operacion_testnet_15m - e9e81286-e0c3-4963-aa80-00b3d27ae127 - warehouse_dbt_build - information.
2026-03-06 13:59:18 +0000 - dagster - INFO - 08_operacion_testnet_15m - e9e81286-e0c3-4963-aa80-00b3d27ae127 - warehouse_dbt_build - [0m13:59:18  Registered adapter: duckdb=1.8.2
2026-03-06 13:59:18 +0000 - dagster - INFO - 08_operacion_testnet_15m - e9e81286-e0c3-4963-aa80-00b3d27ae127 - warehouse_dbt_build - [0m13:59:18  [[33mWARNING[0m]: Configuration paths exist in your dbt_project.yml file which do not apply to any resources.
2026-03-06 13:59:18 +0000 - dagster - INFO - 08_operacion_testnet_15m - e9e81286-e0c3-4963-aa80-00b3d27ae127 - warehouse_dbt_build - There are 1 unused configuration paths:
2026-03-06 13:59:18 +0000 - dagster - INFO - 08_operacion_testnet_15m - e9e81286-e0c3-4963-aa80-00b3d27ae127 - warehouse_dbt_build - - seeds.crypto_trading_lakehouse
2026-03-06 13:59:18 +0000 - dagster - INFO - 08_operacion_testnet_15m - e9e81286-e0c3-4963-aa80-00b3d27ae127 - warehouse_dbt_build - [0m13:59:18  Found 16 models, 18 data tests, 24 sources, 417 macros
2026-03-06 13:59:18 +0000 - dagster - INFO - 08_operacion_testnet_15m - e9e81286-e0c3-4963-aa80-00b3d27ae127 - warehouse_dbt_build - [0m13:59:18
2026-03-06 13:59:19 +0000 - dagster - INFO - 08_operacion_testnet_15m - e9e81286-e0c3-4963-aa80-00b3d27ae127 - warehouse_dbt_build - [0m13:59:19  Concurrency: 2 threads (target='local')
2026-03-06 13:59:19 +0000 - dagster - INFO - 08_operacion_testnet_15m - e9e81286-e0c3-4963-aa80-00b3d27ae127 - warehouse_dbt_build - [0m13:59:19
2026-03-06 13:59:19 +0000 - dagster - INFO - 08_operacion_testnet_15m - e9e81286-e0c3-4963-aa80-00b3d27ae127 - warehouse_dbt_build - [0m13:59:19  1 of 34 START sql view model main.br_news_sentiment ............................ [RUN]
2026-03-06 13:59:19 +0000 - dagster - INFO - 08_operacion_testnet_15m - e9e81286-e0c3-4963-aa80-00b3d27ae127 - warehouse_dbt_build - [0m13:59:19  2 of 34 START sql incremental model main.br_stock_prices ....................... [RUN]
2026-03-06 13:59:19 +0000 - dagster - INFO - 08_operacion_testnet_15m - e9e81286-e0c3-4963-aa80-00b3d27ae127 - warehouse_dbt_build - [0m13:59:19  1 of 34 OK created sql view model main.br_news_sentiment ....................... [[32mOK[0m in 0.45s]
2026-03-06 13:59:19 +0000 - dagster - INFO - 08_operacion_testnet_15m - e9e81286-e0c3-4963-aa80-00b3d27ae127 - warehouse_dbt_build - [0m13:59:19  3 of 34 START sql view model main.br_x_sentiment ............................... [RUN]
2026-03-06 13:59:20 +0000 - dagster - INFO - 08_operacion_testnet_15m - e9e81286-e0c3-4963-aa80-00b3d27ae127 - warehouse_dbt_build - [0m13:59:20  2 of 34 OK created sql incremental model main.br_stock_prices .................. [[32mOK[0m in 0.67s]
2026-03-06 13:59:20 +0000 - dagster - INFO - 08_operacion_testnet_15m - e9e81286-e0c3-4963-aa80-00b3d27ae127 - warehouse_dbt_build - [0m13:59:20  4 of 34 START sql table model main.fct_approved_orders ......................... [RUN]
2026-03-06 13:59:20 +0000 - dagster - INFO - 08_operacion_testnet_15m - e9e81286-e0c3-4963-aa80-00b3d27ae127 - warehouse_dbt_build - [0m13:59:20  3 of 34 OK created sql view model main.br_x_sentiment .......................... [[32mOK[0m in 0.44s]
2026-03-06 13:59:20 +0000 - dagster - INFO - 08_operacion_testnet_15m - e9e81286-e0c3-4963-aa80-00b3d27ae127 - warehouse_dbt_build - [0m13:59:20  5 of 34 START sql table model main.fct_raw_signals ............................. [RUN]
2026-03-06 13:59:20 +0000 - dagster - INFO - 08_operacion_testnet_15m - e9e81286-e0c3-4963-aa80-00b3d27ae127 - warehouse_dbt_build - [0m13:59:20  4 of 34 OK created sql table model main.fct_approved_orders .................... [[32mOK[0m in 0.49s]
2026-03-06 13:59:20 +0000 - dagster - INFO - 08_operacion_testnet_15m - e9e81286-e0c3-4963-aa80-00b3d27ae127 - warehouse_dbt_build - [0m13:59:20  6 of 34 START sql table model main.int_mlflow_runs ............................. [RUN]
2026-03-06 13:59:20 +0000 - dagster - INFO - 08_operacion_testnet_15m - e9e81286-e0c3-4963-aa80-00b3d27ae127 - warehouse_dbt_build - [0m13:59:20  5 of 34 OK created sql table model main.fct_raw_signals ........................ [[32mOK[0m in 0.45s]
2026-03-06 13:59:20 +0000 - dagster - INFO - 08_operacion_testnet_15m - e9e81286-e0c3-4963-aa80-00b3d27ae127 - warehouse_dbt_build - [0m13:59:20  7 of 34 START sql table model main.int_optuna_trials ........................... [RUN]
2026-03-06 13:59:21 +0000 - dagster - INFO - 08_operacion_testnet_15m - e9e81286-e0c3-4963-aa80-00b3d27ae127 - warehouse_dbt_build - [0m13:59:21  6 of 34 OK created sql table model main.int_mlflow_runs ........................ [[32mOK[0m in 0.47s]
2026-03-06 13:59:21 +0000 - dagster - INFO - 08_operacion_testnet_15m - e9e81286-e0c3-4963-aa80-00b3d27ae127 - warehouse_dbt_build - [0m13:59:21  8 of 34 START test assert_cross_exchange_snapshot_raw_historical ............... [RUN]
2026-03-06 13:59:21 +0000 - dagster - INFO - 08_operacion_testnet_15m - e9e81286-e0c3-4963-aa80-00b3d27ae127 - warehouse_dbt_build - [0m13:59:21  8 of 34 PASS assert_cross_exchange_snapshot_raw_historical ..................... [[32mPASS[0m in 0.20s]
2026-03-06 13:59:21 +0000 - dagster - INFO - 08_operacion_testnet_15m - e9e81286-e0c3-4963-aa80-00b3d27ae127 - warehouse_dbt_build - [0m13:59:21  9 of 34 START test assert_derivatives_flow_raw_historical ...................... [RUN]
2026-03-06 13:59:21 +0000 - dagster - INFO - 08_operacion_testnet_15m - e9e81286-e0c3-4963-aa80-00b3d27ae127 - warehouse_dbt_build - [0m13:59:21  7 of 34 OK created sql table model main.int_optuna_trials ...................... [[32mOK[0m in 0.77s]
2026-03-06 13:59:21 +0000 - dagster - INFO - 08_operacion_testnet_15m - e9e81286-e0c3-4963-aa80-00b3d27ae127 - warehouse_dbt_build - [0m13:59:21  10 of 34 START test assert_derivatives_snapshot_raw_historical ................. [RUN]
2026-03-06 13:59:21 +0000 - dagster - INFO - 08_operacion_testnet_15m - e9e81286-e0c3-4963-aa80-00b3d27ae127 - warehouse_dbt_build - [0m13:59:21  9 of 34 PASS assert_derivatives_flow_raw_historical ............................ [[32mPASS[0m in 0.38s]
2026-03-06 13:59:21 +0000 - dagster - INFO - 08_operacion_testnet_15m - e9e81286-e0c3-4963-aa80-00b3d27ae127 - warehouse_dbt_build - [0m13:59:21  11 of 34 START test assert_dex_snapshot_raw_historical ......................... [RUN]
2026-03-06 13:59:21 +0000 - dagster - INFO - 08_operacion_testnet_15m - e9e81286-e0c3-4963-aa80-00b3d27ae127 - warehouse_dbt_build - [0m13:59:21  10 of 34 PASS assert_derivatives_snapshot_raw_historical ....................... [[32mPASS[0m in 0.11s]
2026-03-06 13:59:21 +0000 - dagster - INFO - 08_operacion_testnet_15m - e9e81286-e0c3-4963-aa80-00b3d27ae127 - warehouse_dbt_build - [0m13:59:21  12 of 34 START test assert_fear_greed_raw_historical ........................... [RUN]
2026-03-06 13:59:21 +0000 - dagster - INFO - 08_operacion_testnet_15m - e9e81286-e0c3-4963-aa80-00b3d27ae127 - warehouse_dbt_build - [0m13:59:21  12 of 34 PASS assert_fear_greed_raw_historical ................................. [[32mPASS[0m in 0.14s]
2026-03-06 13:59:21 +0000 - dagster - INFO - 08_operacion_testnet_15m - e9e81286-e0c3-4963-aa80-00b3d27ae127 - warehouse_dbt_build - [0m13:59:21  13 of 34 START test assert_market_snapshot_raw_historical ...................... [RUN]
2026-03-06 13:59:21 +0000 - dagster - INFO - 08_operacion_testnet_15m - e9e81286-e0c3-4963-aa80-00b3d27ae127 - warehouse_dbt_build - [0m13:59:21  11 of 34 WARN 1 assert_dex_snapshot_raw_historical ............................. [[33mWARN 1[0m in 0.18s]
2026-03-06 13:59:21 +0000 - dagster - INFO - 08_operacion_testnet_15m - e9e81286-e0c3-4963-aa80-00b3d27ae127 - warehouse_dbt_build - [0m13:59:21  14 of 34 START test not_null_int_mlflow_runs_run_uuid .......................... [RUN]
2026-03-06 13:59:22 +0000 - dagster - INFO - 08_operacion_testnet_15m - e9e81286-e0c3-4963-aa80-00b3d27ae127 - warehouse_dbt_build - [0m13:59:22  14 of 34 PASS not_null_int_mlflow_runs_run_uuid ................................ [[32mPASS[0m in 0.15s]
2026-03-06 13:59:22 +0000 - dagster - INFO - 08_operacion_testnet_15m - e9e81286-e0c3-4963-aa80-00b3d27ae127 - warehouse_dbt_build - [0m13:59:22  13 of 34 PASS assert_market_snapshot_raw_historical ............................ [[32mPASS[0m in 0.18s]
2026-03-06 13:59:22 +0000 - dagster - INFO - 08_operacion_testnet_15m - e9e81286-e0c3-4963-aa80-00b3d27ae127 - warehouse_dbt_build - [0m13:59:22  15 of 34 START test unique_int_mlflow_runs_run_uuid ............................ [RUN]
2026-03-06 13:59:22 +0000 - dagster - INFO - 08_operacion_testnet_15m - e9e81286-e0c3-4963-aa80-00b3d27ae127 - warehouse_dbt_build - [0m13:59:22  16 of 34 START test not_null_int_optuna_trials_trial_id ........................ [RUN]
2026-03-06 13:59:22 +0000 - dagster - INFO - 08_operacion_testnet_15m - e9e81286-e0c3-4963-aa80-00b3d27ae127 - warehouse_dbt_build - [0m13:59:22  16 of 34 PASS not_null_int_optuna_trials_trial_id .............................. [[32mPASS[0m in 0.13s]
2026-03-06 13:59:22 +0000 - dagster - INFO - 08_operacion_testnet_15m - e9e81286-e0c3-4963-aa80-00b3d27ae127 - warehouse_dbt_build - [0m13:59:22  17 of 34 START test unique_int_optuna_trials_trial_id .......................... [RUN]
2026-03-06 13:59:22 +0000 - dagster - INFO - 08_operacion_testnet_15m - e9e81286-e0c3-4963-aa80-00b3d27ae127 - warehouse_dbt_build - [0m13:59:22  15 of 34 PASS unique_int_mlflow_runs_run_uuid .................................. [[32mPASS[0m in 0.17s]
2026-03-06 13:59:22 +0000 - dagster - INFO - 08_operacion_testnet_15m - e9e81286-e0c3-4963-aa80-00b3d27ae127 - warehouse_dbt_build - [0m13:59:22  18 of 34 START sql incremental model main.br_macro_context ..................... [RUN]
2026-03-06 13:59:22 +0000 - dagster - INFO - 08_operacion_testnet_15m - e9e81286-e0c3-4963-aa80-00b3d27ae127 - warehouse_dbt_build - [0m13:59:22  17 of 34 PASS unique_int_optuna_trials_trial_id ................................ [[32mPASS[0m in 0.28s]
2026-03-06 13:59:22 +0000 - dagster - INFO - 08_operacion_testnet_15m - e9e81286-e0c3-4963-aa80-00b3d27ae127 - warehouse_dbt_build - [0m13:59:22  19 of 34 START sql incremental model main.br_market_snapshot ................... [RUN]
2026-03-06 13:59:23 +0000 - dagster - INFO - 08_operacion_testnet_15m - e9e81286-e0c3-4963-aa80-00b3d27ae127 - warehouse_dbt_build - [0m13:59:23  18 of 34 OK created sql incremental model main.br_macro_context ................ [[32mOK[0m in 0.89s]
2026-03-06 13:59:25 +0000 - dagster - INFO - 08_operacion_testnet_15m - e9e81286-e0c3-4963-aa80-00b3d27ae127 - warehouse_dbt_build - [0m13:59:25  19 of 34 OK created sql incremental model main.br_market_snapshot .............. [[32mOK[0m in 2.66s]
2026-03-06 13:59:25 +0000 - dagster - INFO - 08_operacion_testnet_15m - e9e81286-e0c3-4963-aa80-00b3d27ae127 - warehouse_dbt_build - [0m13:59:25  20 of 34 START test not_null_br_market_snapshot_event_time ..................... [RUN]
2026-03-06 13:59:25 +0000 - dagster - INFO - 08_operacion_testnet_15m - e9e81286-e0c3-4963-aa80-00b3d27ae127 - warehouse_dbt_build - [0m13:59:25  21 of 34 START test not_null_br_market_snapshot_symbol ......................... [RUN]
2026-03-06 13:59:25 +0000 - dagster - INFO - 08_operacion_testnet_15m - e9e81286-e0c3-4963-aa80-00b3d27ae127 - warehouse_dbt_build - [0m13:59:25  21 of 34 PASS not_null_br_market_snapshot_symbol ............................... [[32mPASS[0m in 0.27s]
2026-03-06 13:59:25 +0000 - dagster - INFO - 08_operacion_testnet_15m - e9e81286-e0c3-4963-aa80-00b3d27ae127 - warehouse_dbt_build - [0m13:59:25  20 of 34 PASS not_null_br_market_snapshot_event_time ........................... [[32mPASS[0m in 0.29s]
2026-03-06 13:59:25 +0000 - dagster - INFO - 08_operacion_testnet_15m - e9e81286-e0c3-4963-aa80-00b3d27ae127 - warehouse_dbt_build - [0m13:59:25  22 of 34 START sql incremental model main.slv_decision_features ................ [RUN]
2026-03-06 13:59:30 +0000 - dagster - INFO - 08_operacion_testnet_15m - e9e81286-e0c3-4963-aa80-00b3d27ae127 - warehouse_dbt_build - [0m13:59:30  22 of 34 OK created sql incremental model main.slv_decision_features ........... [[32mOK[0m in 4.85s]
2026-03-06 13:59:30 +0000 - dagster - INFO - 08_operacion_testnet_15m - e9e81286-e0c3-4963-aa80-00b3d27ae127 - warehouse_dbt_build - [0m13:59:30  23 of 34 START test not_null_slv_decision_features_event_time .................. [RUN]
2026-03-06 13:59:30 +0000 - dagster - INFO - 08_operacion_testnet_15m - e9e81286-e0c3-4963-aa80-00b3d27ae127 - warehouse_dbt_build - [0m13:59:30  24 of 34 START test not_null_slv_decision_features_symbol ...................... [RUN]
2026-03-06 13:59:30 +0000 - dagster - INFO - 08_operacion_testnet_15m - e9e81286-e0c3-4963-aa80-00b3d27ae127 - warehouse_dbt_build - [0m13:59:30  23 of 34 PASS not_null_slv_decision_features_event_time ........................ [[32mPASS[0m in 0.36s]
2026-03-06 13:59:30 +0000 - dagster - INFO - 08_operacion_testnet_15m - e9e81286-e0c3-4963-aa80-00b3d27ae127 - warehouse_dbt_build - [0m13:59:30  24 of 34 PASS not_null_slv_decision_features_symbol ............................ [[32mPASS[0m in 0.37s]
2026-03-06 13:59:30 +0000 - dagster - INFO - 08_operacion_testnet_15m - e9e81286-e0c3-4963-aa80-00b3d27ae127 - warehouse_dbt_build - [0m13:59:30  25 of 34 START sql incremental model main.decision_features .................... [RUN]
2026-03-06 13:59:30 +0000 - dagster - INFO - 08_operacion_testnet_15m - e9e81286-e0c3-4963-aa80-00b3d27ae127 - warehouse_dbt_build - [0m13:59:30  26 of 34 START sql table model main.fct_liquidity_profile ...................... [RUN]
2026-03-06 13:59:32 +0000 - dagster - INFO - 08_operacion_testnet_15m - e9e81286-e0c3-4963-aa80-00b3d27ae127 - warehouse_dbt_build - [0m13:59:32  26 of 34 OK created sql table model main.fct_liquidity_profile ................. [[32mOK[0m in 2.00s]
2026-03-06 13:59:32 +0000 - dagster - INFO - 08_operacion_testnet_15m - e9e81286-e0c3-4963-aa80-00b3d27ae127 - warehouse_dbt_build - [0m13:59:32  27 of 34 START sql table model main.fct_symbol_performance ..................... [RUN]
2026-03-06 13:59:46 +0000 - dagster - INFO - 08_operacion_testnet_15m - e9e81286-e0c3-4963-aa80-00b3d27ae127 - warehouse_dbt_build - [0m13:59:46  25 of 34 OK created sql incremental model main.decision_features ............... [[32mOK[0m in 15.65s]
2026-03-06 13:59:46 +0000 - dagster - INFO - 08_operacion_testnet_15m - e9e81286-e0c3-4963-aa80-00b3d27ae127 - warehouse_dbt_build - [0m13:59:46  28 of 34 START test not_null_fct_decision_features_event_time .................. [RUN]
2026-03-06 13:59:49 +0000 - dagster - INFO - 08_operacion_testnet_15m - e9e81286-e0c3-4963-aa80-00b3d27ae127 - warehouse_dbt_build - [0m13:59:49  28 of 34 PASS not_null_fct_decision_features_event_time ........................ [[32mPASS[0m in 2.96s]
2026-03-06 13:59:50 +0000 - dagster - INFO - 08_operacion_testnet_15m - e9e81286-e0c3-4963-aa80-00b3d27ae127 - warehouse_dbt_build - [0m13:59:49  29 of 34 START test not_null_fct_decision_features_feature_id .................. [RUN]
2026-03-06 13:59:52 +0000 - dagster - INFO - 08_operacion_testnet_15m - e9e81286-e0c3-4963-aa80-00b3d27ae127 - warehouse_dbt_build - [0m13:59:52  29 of 34 PASS not_null_fct_decision_features_feature_id ........................ [[32mPASS[0m in 3.17s]
2026-03-06 13:59:54 +0000 - dagster - INFO - 08_operacion_testnet_15m - e9e81286-e0c3-4963-aa80-00b3d27ae127 - warehouse_dbt_build - [0m13:59:54  30 of 34 START test not_null_fct_decision_features_symbol ...................... [RUN]
2026-03-06 13:59:59 +0000 - dagster - INFO - 08_operacion_testnet_15m - e9e81286-e0c3-4963-aa80-00b3d27ae127 - warehouse_dbt_build - [0m13:59:59  27 of 34 OK created sql table model main.fct_symbol_performance ................ [[32mOK[0m in 26.71s]
2026-03-06 13:59:59 +0000 - dagster - INFO - 08_operacion_testnet_15m - e9e81286-e0c3-4963-aa80-00b3d27ae127 - warehouse_dbt_build - [0m13:59:59  31 of 34 START test unique_fct_decision_features_feature_id .................... [RUN]
2026-03-06 13:59:59 +0000 - dagster - INFO - 08_operacion_testnet_15m - e9e81286-e0c3-4963-aa80-00b3d27ae127 - warehouse_dbt_build - [0m13:59:59  30 of 34 PASS not_null_fct_decision_features_symbol ............................ [[32mPASS[0m in 4.63s]
2026-03-06 13:59:59 +0000 - dagster - INFO - 08_operacion_testnet_15m - e9e81286-e0c3-4963-aa80-00b3d27ae127 - warehouse_dbt_build - [0m13:59:59  31 of 34 WARN 19 unique_fct_decision_features_feature_id ....................... [[33mWARN 19[0m in 0.26s]
2026-03-06 13:59:59 +0000 - dagster - INFO - 08_operacion_testnet_15m - e9e81286-e0c3-4963-aa80-00b3d27ae127 - warehouse_dbt_build - [0m13:59:59  32 of 34 START sql table model main.fct_anomaly_detection ...................... [RUN]
2026-03-06 14:00:00 +0000 - dagster - INFO - 08_operacion_testnet_15m - e9e81286-e0c3-4963-aa80-00b3d27ae127 - warehouse_dbt_build - [0m13:59:59  33 of 34 START sql table model main.fct_market_summary ......................... [RUN]
2026-03-06 14:00:00 +0000 - dagster - INFO - 08_operacion_testnet_15m - e9e81286-e0c3-4963-aa80-00b3d27ae127 - warehouse_dbt_build - [0m14:00:00  33 of 34 OK created sql table model main.fct_market_summary .................... [[32mOK[0m in 0.53s]
2026-03-06 14:00:00 +0000 - dagster - INFO - 08_operacion_testnet_15m - e9e81286-e0c3-4963-aa80-00b3d27ae127 - warehouse_dbt_build - [0m14:00:00  34 of 34 START sql table model main.fct_momentum_rankings ...................... [RUN]
2026-03-06 14:00:00 +0000 - dagster - INFO - 08_operacion_testnet_15m - e9e81286-e0c3-4963-aa80-00b3d27ae127 - warehouse_dbt_build - [0m14:00:00  32 of 34 OK created sql table model main.fct_anomaly_detection ................. [[32mOK[0m in 0.92s]
2026-03-06 14:00:01 +0000 - dagster - INFO - 08_operacion_testnet_15m - e9e81286-e0c3-4963-aa80-00b3d27ae127 - warehouse_dbt_build - [0m14:00:01  34 of 34 OK created sql table model main.fct_momentum_rankings ................. [[32mOK[0m in 0.94s]
2026-03-06 14:00:01 +0000 - dagster - INFO - 08_operacion_testnet_15m - e9e81286-e0c3-4963-aa80-00b3d27ae127 - warehouse_dbt_build - [0m14:00:01
2026-03-06 14:00:01 +0000 - dagster - INFO - 08_operacion_testnet_15m - e9e81286-e0c3-4963-aa80-00b3d27ae127 - warehouse_dbt_build - [0m14:00:01  Finished running 2 view models, 5 incremental models, 9 table models, 18 data tests in 0 hours 0 minutes and 42.61 seconds (42.61s).
2026-03-06 14:00:01 +0000 - dagster - INFO - 08_operacion_testnet_15m - e9e81286-e0c3-4963-aa80-00b3d27ae127 - warehouse_dbt_build - [0m14:00:01
2026-03-06 14:00:01 +0000 - dagster - INFO - 08_operacion_testnet_15m - e9e81286-e0c3-4963-aa80-00b3d27ae127 - warehouse_dbt_build - [0m14:00:01  [33mCompleted with 2 warnings:[0m
2026-03-06 14:00:01 +0000 - dagster - INFO - 08_operacion_testnet_15m - e9e81286-e0c3-4963-aa80-00b3d27ae127 - warehouse_dbt_build - [0m14:00:01
2026-03-06 14:00:01 +0000 - dagster - INFO - 08_operacion_testnet_15m - e9e81286-e0c3-4963-aa80-00b3d27ae127 - warehouse_dbt_build - [0m14:00:01  [33mWarning in test assert_dex_snapshot_raw_historical (tests/assert_dex_snapshot_raw_historical.sql)[0m
2026-03-06 14:00:01 +0000 - dagster - INFO - 08_operacion_testnet_15m - e9e81286-e0c3-4963-aa80-00b3d27ae127 - warehouse_dbt_build - [0m14:00:01  Got 1 result, configured to warn if != 0
2026-03-06 14:00:01 +0000 - dagster - INFO - 08_operacion_testnet_15m - e9e81286-e0c3-4963-aa80-00b3d27ae127 - warehouse_dbt_build - [0m14:00:01
2026-03-06 14:00:01 +0000 - dagster - INFO - 08_operacion_testnet_15m - e9e81286-e0c3-4963-aa80-00b3d27ae127 - warehouse_dbt_build - [0m14:00:01    compiled code at target/compiled/crypto_trading_lakehouse/tests/assert_dex_snapshot_raw_historical.sql
2026-03-06 14:00:01 +0000 - dagster - INFO - 08_operacion_testnet_15m - e9e81286-e0c3-4963-aa80-00b3d27ae127 - warehouse_dbt_build - [0m14:00:01
2026-03-06 14:00:01 +0000 - dagster - INFO - 08_operacion_testnet_15m - e9e81286-e0c3-4963-aa80-00b3d27ae127 - warehouse_dbt_build - [0m14:00:01  [33mWarning in test unique_fct_decision_features_feature_id (models/schema.yml)[0m
2026-03-06 14:00:01 +0000 - dagster - INFO - 08_operacion_testnet_15m - e9e81286-e0c3-4963-aa80-00b3d27ae127 - warehouse_dbt_build - [0m14:00:01  Got 19 results, configured to warn if != 0
2026-03-06 14:00:02 +0000 - dagster - INFO - 08_operacion_testnet_15m - e9e81286-e0c3-4963-aa80-00b3d27ae127 - warehouse_dbt_build - [0m14:00:01
2026-03-06 14:00:02 +0000 - dagster - INFO - 08_operacion_testnet_15m - e9e81286-e0c3-4963-aa80-00b3d27ae127 - warehouse_dbt_build - [0m14:00:01    compiled code at target/compiled/crypto_trading_lakehouse/models/schema.yml/unique_fct_decision_features_feature_id.sql
2026-03-06 14:00:02 +0000 - dagster - INFO - 08_operacion_testnet_15m - e9e81286-e0c3-4963-aa80-00b3d27ae127 - warehouse_dbt_build - [0m14:00:01
2026-03-06 14:00:02 +0000 - dagster - INFO - 08_operacion_testnet_15m - e9e81286-e0c3-4963-aa80-00b3d27ae127 - warehouse_dbt_build - [0m14:00:01  Done. PASS=32 WARN=2 ERROR=0 SKIP=0 TOTAL=34
2026-03-06 14:00:03 +0000 - dagster - DEBUG - 08_operacion_testnet_15m - e9e81286-e0c3-4963-aa80-00b3d27ae127 - 9894 - warehouse_dbt_build - STEP_OUTPUT - Yielded output "result" of type "Any". (Type check passed).
2026-03-06 14:00:04 +0000 - dagster - DEBUG - 08_operacion_testnet_15m - e9e81286-e0c3-4963-aa80-00b3d27ae127 - 9894 - warehouse_dbt_build - ASSET_MATERIALIZATION - Materialized value warehouse_dbt_build.
2026-03-06 14:00:04 +0000 - dagster - DEBUG - 08_operacion_testnet_15m - e9e81286-e0c3-4963-aa80-00b3d27ae127 - 9894 - warehouse_dbt_build - STEP_SUCCESS - Finished execution of step "warehouse_dbt_build" in 49.2s.
