2026-03-06 16:52:24 +0000 - dagster - DEBUG - 08_operacion_testnet_15m - a41ea4e3-6832-44ff-ab29-fa161ce0fbfe - 12449 - LOGS_CAPTURED - Started capturing logs in process (pid: 12449).
2026-03-06 16:52:24 +0000 - dagster - DEBUG - 08_operacion_testnet_15m - a41ea4e3-6832-44ff-ab29-fa161ce0fbfe - 12449 - warehouse_dbt_build - STEP_START - Started execution of step "warehouse_dbt_build".
2026-03-06 16:52:26 +0000 - dagster - INFO - 08_operacion_testnet_15m - a41ea4e3-6832-44ff-ab29-fa161ce0fbfe - warehouse_dbt_build - [0m16:52:26  Running with dbt=1.8.8
2026-03-06 16:52:26 +0000 - dagster - INFO - 08_operacion_testnet_15m - a41ea4e3-6832-44ff-ab29-fa161ce0fbfe - warehouse_dbt_build - [0m16:52:26  [[33mWARNING[0m]: Deprecated functionality
2026-03-06 16:52:26 +0000 - dagster - INFO - 08_operacion_testnet_15m - a41ea4e3-6832-44ff-ab29-fa161ce0fbfe - warehouse_dbt_build - The `tests` config has been renamed to `data_tests`. Please see
2026-03-06 16:52:26 +0000 - dagster - INFO - 08_operacion_testnet_15m - a41ea4e3-6832-44ff-ab29-fa161ce0fbfe - warehouse_dbt_build - https://docs.getdbt.com/docs/build/data-tests#new-data_tests-syntax for more
2026-03-06 16:52:26 +0000 - dagster - INFO - 08_operacion_testnet_15m - a41ea4e3-6832-44ff-ab29-fa161ce0fbfe - warehouse_dbt_build - information.
2026-03-06 16:52:26 +0000 - dagster - INFO - 08_operacion_testnet_15m - a41ea4e3-6832-44ff-ab29-fa161ce0fbfe - warehouse_dbt_build - [0m16:52:26  Registered adapter: duckdb=1.8.2
2026-03-06 16:52:27 +0000 - dagster - INFO - 08_operacion_testnet_15m - a41ea4e3-6832-44ff-ab29-fa161ce0fbfe - warehouse_dbt_build - [0m16:52:27  [[33mWARNING[0m]: Configuration paths exist in your dbt_project.yml file which do not apply to any resources.
2026-03-06 16:52:27 +0000 - dagster - INFO - 08_operacion_testnet_15m - a41ea4e3-6832-44ff-ab29-fa161ce0fbfe - warehouse_dbt_build - There are 1 unused configuration paths:
2026-03-06 16:52:27 +0000 - dagster - INFO - 08_operacion_testnet_15m - a41ea4e3-6832-44ff-ab29-fa161ce0fbfe - warehouse_dbt_build - - seeds.crypto_trading_lakehouse
2026-03-06 16:52:27 +0000 - dagster - INFO - 08_operacion_testnet_15m - a41ea4e3-6832-44ff-ab29-fa161ce0fbfe - warehouse_dbt_build - [0m16:52:27  Found 16 models, 18 data tests, 24 sources, 417 macros
2026-03-06 16:52:27 +0000 - dagster - INFO - 08_operacion_testnet_15m - a41ea4e3-6832-44ff-ab29-fa161ce0fbfe - warehouse_dbt_build - [0m16:52:27
2026-03-06 16:52:27 +0000 - dagster - INFO - 08_operacion_testnet_15m - a41ea4e3-6832-44ff-ab29-fa161ce0fbfe - warehouse_dbt_build - [0m16:52:27
2026-03-06 16:52:27 +0000 - dagster - INFO - 08_operacion_testnet_15m - a41ea4e3-6832-44ff-ab29-fa161ce0fbfe - warehouse_dbt_build - [0m16:52:27  Finished running  in 0 hours 0 minutes and 0.13 seconds (0.13s).
2026-03-06 16:52:27 +0000 - dagster - INFO - 08_operacion_testnet_15m - a41ea4e3-6832-44ff-ab29-fa161ce0fbfe - warehouse_dbt_build - [0m16:52:27  Encountered an error:
2026-03-06 16:52:27 +0000 - dagster - INFO - 08_operacion_testnet_15m - a41ea4e3-6832-44ff-ab29-fa161ce0fbfe - warehouse_dbt_build - Runtime Error
2026-03-06 16:52:28 +0000 - dagster - INFO - 08_operacion_testnet_15m - a41ea4e3-6832-44ff-ab29-fa161ce0fbfe - warehouse_dbt_build - IO Error: Could not set lock on file "/app/artifacts/warehouse/crypto.duckdb": Conflicting lock is held in /usr/local/bin/python3.11 (PID 12252). See also https://duckdb.org/docs/stable/connect/concurrency
2026-03-06 16:52:28 +0000 - dagster - WARNING - 08_operacion_testnet_15m - a41ea4e3-6832-44ff-ab29-fa161ce0fbfe - warehouse_dbt_build - DuckDB lock conflict, retrying in 8s (attempt 1/5)
2026-03-06 16:52:39 +0000 - dagster - INFO - 08_operacion_testnet_15m - a41ea4e3-6832-44ff-ab29-fa161ce0fbfe - warehouse_dbt_build - [0m16:52:39  Running with dbt=1.8.8
2026-03-06 16:52:39 +0000 - dagster - INFO - 08_operacion_testnet_15m - a41ea4e3-6832-44ff-ab29-fa161ce0fbfe - warehouse_dbt_build - [0m16:52:39  [[33mWARNING[0m]: Deprecated functionality
2026-03-06 16:52:39 +0000 - dagster - INFO - 08_operacion_testnet_15m - a41ea4e3-6832-44ff-ab29-fa161ce0fbfe - warehouse_dbt_build - The `tests` config has been renamed to `data_tests`. Please see
2026-03-06 16:52:39 +0000 - dagster - INFO - 08_operacion_testnet_15m - a41ea4e3-6832-44ff-ab29-fa161ce0fbfe - warehouse_dbt_build - https://docs.getdbt.com/docs/build/data-tests#new-data_tests-syntax for more
2026-03-06 16:52:39 +0000 - dagster - INFO - 08_operacion_testnet_15m - a41ea4e3-6832-44ff-ab29-fa161ce0fbfe - warehouse_dbt_build - information.
2026-03-06 16:52:39 +0000 - dagster - INFO - 08_operacion_testnet_15m - a41ea4e3-6832-44ff-ab29-fa161ce0fbfe - warehouse_dbt_build - [0m16:52:39  Registered adapter: duckdb=1.8.2
2026-03-06 16:52:40 +0000 - dagster - INFO - 08_operacion_testnet_15m - a41ea4e3-6832-44ff-ab29-fa161ce0fbfe - warehouse_dbt_build - [0m16:52:40  [[33mWARNING[0m]: Configuration paths exist in your dbt_project.yml file which do not apply to any resources.
2026-03-06 16:52:40 +0000 - dagster - INFO - 08_operacion_testnet_15m - a41ea4e3-6832-44ff-ab29-fa161ce0fbfe - warehouse_dbt_build - There are 1 unused configuration paths:
2026-03-06 16:52:40 +0000 - dagster - INFO - 08_operacion_testnet_15m - a41ea4e3-6832-44ff-ab29-fa161ce0fbfe - warehouse_dbt_build - - seeds.crypto_trading_lakehouse
2026-03-06 16:52:40 +0000 - dagster - INFO - 08_operacion_testnet_15m - a41ea4e3-6832-44ff-ab29-fa161ce0fbfe - warehouse_dbt_build - [0m16:52:40  Found 16 models, 18 data tests, 24 sources, 417 macros
2026-03-06 16:52:40 +0000 - dagster - INFO - 08_operacion_testnet_15m - a41ea4e3-6832-44ff-ab29-fa161ce0fbfe - warehouse_dbt_build - [0m16:52:40
2026-03-06 16:52:40 +0000 - dagster - INFO - 08_operacion_testnet_15m - a41ea4e3-6832-44ff-ab29-fa161ce0fbfe - warehouse_dbt_build - [0m16:52:40
2026-03-06 16:52:40 +0000 - dagster - INFO - 08_operacion_testnet_15m - a41ea4e3-6832-44ff-ab29-fa161ce0fbfe - warehouse_dbt_build - [0m16:52:40  Finished running  in 0 hours 0 minutes and 0.10 seconds (0.10s).
2026-03-06 16:52:40 +0000 - dagster - INFO - 08_operacion_testnet_15m - a41ea4e3-6832-44ff-ab29-fa161ce0fbfe - warehouse_dbt_build - [0m16:52:40  Encountered an error:
2026-03-06 16:52:40 +0000 - dagster - INFO - 08_operacion_testnet_15m - a41ea4e3-6832-44ff-ab29-fa161ce0fbfe - warehouse_dbt_build - Runtime Error
2026-03-06 16:52:40 +0000 - dagster - INFO - 08_operacion_testnet_15m - a41ea4e3-6832-44ff-ab29-fa161ce0fbfe - warehouse_dbt_build - IO Error: Could not set lock on file "/app/artifacts/warehouse/crypto.duckdb": Conflicting lock is held in /usr/local/bin/python3.11 (PID 13150). See also https://duckdb.org/docs/stable/connect/concurrency
2026-03-06 16:52:41 +0000 - dagster - WARNING - 08_operacion_testnet_15m - a41ea4e3-6832-44ff-ab29-fa161ce0fbfe - warehouse_dbt_build - DuckDB lock conflict, retrying in 8s (attempt 2/5)
2026-03-06 16:52:50 +0000 - dagster - INFO - 08_operacion_testnet_15m - a41ea4e3-6832-44ff-ab29-fa161ce0fbfe - warehouse_dbt_build - [0m16:52:50  Running with dbt=1.8.8
2026-03-06 16:52:51 +0000 - dagster - INFO - 08_operacion_testnet_15m - a41ea4e3-6832-44ff-ab29-fa161ce0fbfe - warehouse_dbt_build - [0m16:52:51  [[33mWARNING[0m]: Deprecated functionality
2026-03-06 16:52:51 +0000 - dagster - INFO - 08_operacion_testnet_15m - a41ea4e3-6832-44ff-ab29-fa161ce0fbfe - warehouse_dbt_build - The `tests` config has been renamed to `data_tests`. Please see
2026-03-06 16:52:51 +0000 - dagster - INFO - 08_operacion_testnet_15m - a41ea4e3-6832-44ff-ab29-fa161ce0fbfe - warehouse_dbt_build - https://docs.getdbt.com/docs/build/data-tests#new-data_tests-syntax for more
2026-03-06 16:52:51 +0000 - dagster - INFO - 08_operacion_testnet_15m - a41ea4e3-6832-44ff-ab29-fa161ce0fbfe - warehouse_dbt_build - information.
2026-03-06 16:52:51 +0000 - dagster - INFO - 08_operacion_testnet_15m - a41ea4e3-6832-44ff-ab29-fa161ce0fbfe - warehouse_dbt_build - [0m16:52:51  Registered adapter: duckdb=1.8.2
2026-03-06 16:52:52 +0000 - dagster - INFO - 08_operacion_testnet_15m - a41ea4e3-6832-44ff-ab29-fa161ce0fbfe - warehouse_dbt_build - [0m16:52:52  [[33mWARNING[0m]: Configuration paths exist in your dbt_project.yml file which do not apply to any resources.
2026-03-06 16:52:52 +0000 - dagster - INFO - 08_operacion_testnet_15m - a41ea4e3-6832-44ff-ab29-fa161ce0fbfe - warehouse_dbt_build - There are 1 unused configuration paths:
2026-03-06 16:52:52 +0000 - dagster - INFO - 08_operacion_testnet_15m - a41ea4e3-6832-44ff-ab29-fa161ce0fbfe - warehouse_dbt_build - - seeds.crypto_trading_lakehouse
2026-03-06 16:52:52 +0000 - dagster - INFO - 08_operacion_testnet_15m - a41ea4e3-6832-44ff-ab29-fa161ce0fbfe - warehouse_dbt_build - [0m16:52:52  Found 16 models, 18 data tests, 24 sources, 417 macros
2026-03-06 16:52:52 +0000 - dagster - INFO - 08_operacion_testnet_15m - a41ea4e3-6832-44ff-ab29-fa161ce0fbfe - warehouse_dbt_build - [0m16:52:52
2026-03-06 16:52:52 +0000 - dagster - INFO - 08_operacion_testnet_15m - a41ea4e3-6832-44ff-ab29-fa161ce0fbfe - warehouse_dbt_build - [0m16:52:52
2026-03-06 16:52:52 +0000 - dagster - INFO - 08_operacion_testnet_15m - a41ea4e3-6832-44ff-ab29-fa161ce0fbfe - warehouse_dbt_build - [0m16:52:52  Finished running  in 0 hours 0 minutes and 0.10 seconds (0.10s).
2026-03-06 16:52:52 +0000 - dagster - INFO - 08_operacion_testnet_15m - a41ea4e3-6832-44ff-ab29-fa161ce0fbfe - warehouse_dbt_build - [0m16:52:52  Encountered an error:
2026-03-06 16:52:52 +0000 - dagster - INFO - 08_operacion_testnet_15m - a41ea4e3-6832-44ff-ab29-fa161ce0fbfe - warehouse_dbt_build - Runtime Error
2026-03-06 16:52:52 +0000 - dagster - INFO - 08_operacion_testnet_15m - a41ea4e3-6832-44ff-ab29-fa161ce0fbfe - warehouse_dbt_build - IO Error: Could not set lock on file "/app/artifacts/warehouse/crypto.duckdb": Conflicting lock is held in /usr/local/bin/python3.11 (PID 13261). See also https://duckdb.org/docs/stable/connect/concurrency
2026-03-06 16:52:53 +0000 - dagster - WARNING - 08_operacion_testnet_15m - a41ea4e3-6832-44ff-ab29-fa161ce0fbfe - warehouse_dbt_build - DuckDB lock conflict, retrying in 8s (attempt 3/5)
2026-03-06 16:53:02 +0000 - dagster - INFO - 08_operacion_testnet_15m - a41ea4e3-6832-44ff-ab29-fa161ce0fbfe - warehouse_dbt_build - [0m16:53:02  Running with dbt=1.8.8
2026-03-06 16:53:03 +0000 - dagster - INFO - 08_operacion_testnet_15m - a41ea4e3-6832-44ff-ab29-fa161ce0fbfe - warehouse_dbt_build - [0m16:53:02  [[33mWARNING[0m]: Deprecated functionality
2026-03-06 16:53:03 +0000 - dagster - INFO - 08_operacion_testnet_15m - a41ea4e3-6832-44ff-ab29-fa161ce0fbfe - warehouse_dbt_build - The `tests` config has been renamed to `data_tests`. Please see
2026-03-06 16:53:03 +0000 - dagster - INFO - 08_operacion_testnet_15m - a41ea4e3-6832-44ff-ab29-fa161ce0fbfe - warehouse_dbt_build - https://docs.getdbt.com/docs/build/data-tests#new-data_tests-syntax for more
2026-03-06 16:53:03 +0000 - dagster - INFO - 08_operacion_testnet_15m - a41ea4e3-6832-44ff-ab29-fa161ce0fbfe - warehouse_dbt_build - information.
2026-03-06 16:53:03 +0000 - dagster - INFO - 08_operacion_testnet_15m - a41ea4e3-6832-44ff-ab29-fa161ce0fbfe - warehouse_dbt_build - [0m16:53:03  Registered adapter: duckdb=1.8.2
2026-03-06 16:53:03 +0000 - dagster - INFO - 08_operacion_testnet_15m - a41ea4e3-6832-44ff-ab29-fa161ce0fbfe - warehouse_dbt_build - [0m16:53:03  [[33mWARNING[0m]: Configuration paths exist in your dbt_project.yml file which do not apply to any resources.
2026-03-06 16:53:03 +0000 - dagster - INFO - 08_operacion_testnet_15m - a41ea4e3-6832-44ff-ab29-fa161ce0fbfe - warehouse_dbt_build - There are 1 unused configuration paths:
2026-03-06 16:53:03 +0000 - dagster - INFO - 08_operacion_testnet_15m - a41ea4e3-6832-44ff-ab29-fa161ce0fbfe - warehouse_dbt_build - - seeds.crypto_trading_lakehouse
2026-03-06 16:53:03 +0000 - dagster - INFO - 08_operacion_testnet_15m - a41ea4e3-6832-44ff-ab29-fa161ce0fbfe - warehouse_dbt_build - [0m16:53:03  Found 16 models, 18 data tests, 24 sources, 417 macros
2026-03-06 16:53:03 +0000 - dagster - INFO - 08_operacion_testnet_15m - a41ea4e3-6832-44ff-ab29-fa161ce0fbfe - warehouse_dbt_build - [0m16:53:03
2026-03-06 16:53:04 +0000 - dagster - INFO - 08_operacion_testnet_15m - a41ea4e3-6832-44ff-ab29-fa161ce0fbfe - warehouse_dbt_build - [0m16:53:04  Concurrency: 2 threads (target='local')
2026-03-06 16:53:04 +0000 - dagster - INFO - 08_operacion_testnet_15m - a41ea4e3-6832-44ff-ab29-fa161ce0fbfe - warehouse_dbt_build - [0m16:53:04
2026-03-06 16:53:04 +0000 - dagster - INFO - 08_operacion_testnet_15m - a41ea4e3-6832-44ff-ab29-fa161ce0fbfe - warehouse_dbt_build - [0m16:53:04  1 of 34 START sql view model main.br_news_sentiment ............................ [RUN]
2026-03-06 16:53:04 +0000 - dagster - INFO - 08_operacion_testnet_15m - a41ea4e3-6832-44ff-ab29-fa161ce0fbfe - warehouse_dbt_build - [0m16:53:04  2 of 34 START sql incremental model main.br_stock_prices ....................... [RUN]
2026-03-06 16:53:04 +0000 - dagster - INFO - 08_operacion_testnet_15m - a41ea4e3-6832-44ff-ab29-fa161ce0fbfe - warehouse_dbt_build - [0m16:53:04  1 of 34 OK created sql view model main.br_news_sentiment ....................... [[32mOK[0m in 0.42s]
2026-03-06 16:53:04 +0000 - dagster - INFO - 08_operacion_testnet_15m - a41ea4e3-6832-44ff-ab29-fa161ce0fbfe - warehouse_dbt_build - [0m16:53:04  3 of 34 START sql view model main.br_x_sentiment ............................... [RUN]
2026-03-06 16:53:04 +0000 - dagster - INFO - 08_operacion_testnet_15m - a41ea4e3-6832-44ff-ab29-fa161ce0fbfe - warehouse_dbt_build - [0m16:53:04  2 of 34 OK created sql incremental model main.br_stock_prices .................. [[32mOK[0m in 0.63s]
2026-03-06 16:53:05 +0000 - dagster - INFO - 08_operacion_testnet_15m - a41ea4e3-6832-44ff-ab29-fa161ce0fbfe - warehouse_dbt_build - [0m16:53:04  4 of 34 START sql table model main.fct_approved_orders ......................... [RUN]
2026-03-06 16:53:05 +0000 - dagster - INFO - 08_operacion_testnet_15m - a41ea4e3-6832-44ff-ab29-fa161ce0fbfe - warehouse_dbt_build - [0m16:53:05  3 of 34 OK created sql view model main.br_x_sentiment .......................... [[32mOK[0m in 0.35s]
2026-03-06 16:53:05 +0000 - dagster - INFO - 08_operacion_testnet_15m - a41ea4e3-6832-44ff-ab29-fa161ce0fbfe - warehouse_dbt_build - [0m16:53:05  5 of 34 START sql table model main.fct_raw_signals ............................. [RUN]
2026-03-06 16:53:05 +0000 - dagster - INFO - 08_operacion_testnet_15m - a41ea4e3-6832-44ff-ab29-fa161ce0fbfe - warehouse_dbt_build - [0m16:53:05  4 of 34 OK created sql table model main.fct_approved_orders .................... [[32mOK[0m in 0.38s]
2026-03-06 16:53:05 +0000 - dagster - INFO - 08_operacion_testnet_15m - a41ea4e3-6832-44ff-ab29-fa161ce0fbfe - warehouse_dbt_build - [0m16:53:05  6 of 34 START sql table model main.int_mlflow_runs ............................. [RUN]
2026-03-06 16:53:05 +0000 - dagster - INFO - 08_operacion_testnet_15m - a41ea4e3-6832-44ff-ab29-fa161ce0fbfe - warehouse_dbt_build - [0m16:53:05  5 of 34 OK created sql table model main.fct_raw_signals ........................ [[32mOK[0m in 0.36s]
2026-03-06 16:53:05 +0000 - dagster - INFO - 08_operacion_testnet_15m - a41ea4e3-6832-44ff-ab29-fa161ce0fbfe - warehouse_dbt_build - [0m16:53:05  7 of 34 START sql table model main.int_optuna_trials ........................... [RUN]
2026-03-06 16:53:05 +0000 - dagster - INFO - 08_operacion_testnet_15m - a41ea4e3-6832-44ff-ab29-fa161ce0fbfe - warehouse_dbt_build - [0m16:53:05  6 of 34 OK created sql table model main.int_mlflow_runs ........................ [[32mOK[0m in 0.30s]
2026-03-06 16:53:05 +0000 - dagster - INFO - 08_operacion_testnet_15m - a41ea4e3-6832-44ff-ab29-fa161ce0fbfe - warehouse_dbt_build - [0m16:53:05  8 of 34 START test assert_cross_exchange_snapshot_raw_historical ............... [RUN]
2026-03-06 16:53:05 +0000 - dagster - INFO - 08_operacion_testnet_15m - a41ea4e3-6832-44ff-ab29-fa161ce0fbfe - warehouse_dbt_build - [0m16:53:05  8 of 34 PASS assert_cross_exchange_snapshot_raw_historical ..................... [[32mPASS[0m in 0.10s]
2026-03-06 16:53:05 +0000 - dagster - INFO - 08_operacion_testnet_15m - a41ea4e3-6832-44ff-ab29-fa161ce0fbfe - warehouse_dbt_build - [0m16:53:05  9 of 34 START test assert_derivatives_flow_raw_historical ...................... [RUN]
2026-03-06 16:53:05 +0000 - dagster - INFO - 08_operacion_testnet_15m - a41ea4e3-6832-44ff-ab29-fa161ce0fbfe - warehouse_dbt_build - [0m16:53:05  7 of 34 OK created sql table model main.int_optuna_trials ...................... [[32mOK[0m in 0.47s]
2026-03-06 16:53:06 +0000 - dagster - INFO - 08_operacion_testnet_15m - a41ea4e3-6832-44ff-ab29-fa161ce0fbfe - warehouse_dbt_build - [0m16:53:05  10 of 34 START test assert_derivatives_snapshot_raw_historical ................. [RUN]
2026-03-06 16:53:06 +0000 - dagster - INFO - 08_operacion_testnet_15m - a41ea4e3-6832-44ff-ab29-fa161ce0fbfe - warehouse_dbt_build - [0m16:53:06  9 of 34 PASS assert_derivatives_flow_raw_historical ............................ [[32mPASS[0m in 0.26s]
2026-03-06 16:53:06 +0000 - dagster - INFO - 08_operacion_testnet_15m - a41ea4e3-6832-44ff-ab29-fa161ce0fbfe - warehouse_dbt_build - [0m16:53:06  10 of 34 PASS assert_derivatives_snapshot_raw_historical ....................... [[32mPASS[0m in 0.06s]
2026-03-06 16:53:06 +0000 - dagster - INFO - 08_operacion_testnet_15m - a41ea4e3-6832-44ff-ab29-fa161ce0fbfe - warehouse_dbt_build - [0m16:53:06  11 of 34 START test assert_dex_snapshot_raw_historical ......................... [RUN]
2026-03-06 16:53:06 +0000 - dagster - INFO - 08_operacion_testnet_15m - a41ea4e3-6832-44ff-ab29-fa161ce0fbfe - warehouse_dbt_build - [0m16:53:06  12 of 34 START test assert_fear_greed_raw_historical ........................... [RUN]
2026-03-06 16:53:06 +0000 - dagster - INFO - 08_operacion_testnet_15m - a41ea4e3-6832-44ff-ab29-fa161ce0fbfe - warehouse_dbt_build - [0m16:53:06  12 of 34 PASS assert_fear_greed_raw_historical ................................. [[32mPASS[0m in 0.10s]
2026-03-06 16:53:06 +0000 - dagster - INFO - 08_operacion_testnet_15m - a41ea4e3-6832-44ff-ab29-fa161ce0fbfe - warehouse_dbt_build - [0m16:53:06  11 of 34 WARN 1 assert_dex_snapshot_raw_historical ............................. [[33mWARN 1[0m in 0.12s]
2026-03-06 16:53:06 +0000 - dagster - INFO - 08_operacion_testnet_15m - a41ea4e3-6832-44ff-ab29-fa161ce0fbfe - warehouse_dbt_build - [0m16:53:06  13 of 34 START test assert_market_snapshot_raw_historical ...................... [RUN]
2026-03-06 16:53:06 +0000 - dagster - INFO - 08_operacion_testnet_15m - a41ea4e3-6832-44ff-ab29-fa161ce0fbfe - warehouse_dbt_build - [0m16:53:06  14 of 34 START test not_null_int_mlflow_runs_run_uuid .......................... [RUN]
2026-03-06 16:53:06 +0000 - dagster - INFO - 08_operacion_testnet_15m - a41ea4e3-6832-44ff-ab29-fa161ce0fbfe - warehouse_dbt_build - [0m16:53:06  13 of 34 PASS assert_market_snapshot_raw_historical ............................ [[32mPASS[0m in 0.12s]
2026-03-06 16:53:06 +0000 - dagster - INFO - 08_operacion_testnet_15m - a41ea4e3-6832-44ff-ab29-fa161ce0fbfe - warehouse_dbt_build - [0m16:53:06  14 of 34 PASS not_null_int_mlflow_runs_run_uuid ................................ [[32mPASS[0m in 0.11s]
2026-03-06 16:53:06 +0000 - dagster - INFO - 08_operacion_testnet_15m - a41ea4e3-6832-44ff-ab29-fa161ce0fbfe - warehouse_dbt_build - [0m16:53:06  15 of 34 START test unique_int_mlflow_runs_run_uuid ............................ [RUN]
2026-03-06 16:53:06 +0000 - dagster - INFO - 08_operacion_testnet_15m - a41ea4e3-6832-44ff-ab29-fa161ce0fbfe - warehouse_dbt_build - [0m16:53:06  16 of 34 START test not_null_int_optuna_trials_trial_id ........................ [RUN]
2026-03-06 16:53:06 +0000 - dagster - INFO - 08_operacion_testnet_15m - a41ea4e3-6832-44ff-ab29-fa161ce0fbfe - warehouse_dbt_build - [0m16:53:06  16 of 34 PASS not_null_int_optuna_trials_trial_id .............................. [[32mPASS[0m in 0.10s]
2026-03-06 16:53:06 +0000 - dagster - INFO - 08_operacion_testnet_15m - a41ea4e3-6832-44ff-ab29-fa161ce0fbfe - warehouse_dbt_build - [0m16:53:06  17 of 34 START test unique_int_optuna_trials_trial_id .......................... [RUN]
2026-03-06 16:53:06 +0000 - dagster - INFO - 08_operacion_testnet_15m - a41ea4e3-6832-44ff-ab29-fa161ce0fbfe - warehouse_dbt_build - [0m16:53:06  15 of 34 PASS unique_int_mlflow_runs_run_uuid .................................. [[32mPASS[0m in 0.13s]
2026-03-06 16:53:06 +0000 - dagster - INFO - 08_operacion_testnet_15m - a41ea4e3-6832-44ff-ab29-fa161ce0fbfe - warehouse_dbt_build - [0m16:53:06  18 of 34 START sql incremental model main.br_macro_context ..................... [RUN]
2026-03-06 16:53:06 +0000 - dagster - INFO - 08_operacion_testnet_15m - a41ea4e3-6832-44ff-ab29-fa161ce0fbfe - warehouse_dbt_build - [0m16:53:06  17 of 34 PASS unique_int_optuna_trials_trial_id ................................ [[32mPASS[0m in 0.11s]
2026-03-06 16:53:06 +0000 - dagster - INFO - 08_operacion_testnet_15m - a41ea4e3-6832-44ff-ab29-fa161ce0fbfe - warehouse_dbt_build - [0m16:53:06  19 of 34 START sql incremental model main.br_market_snapshot ................... [RUN]
2026-03-06 16:53:06 +0000 - dagster - INFO - 08_operacion_testnet_15m - a41ea4e3-6832-44ff-ab29-fa161ce0fbfe - warehouse_dbt_build - [0m16:53:06  18 of 34 OK created sql incremental model main.br_macro_context ................ [[32mOK[0m in 0.40s]
2026-03-06 16:53:08 +0000 - dagster - INFO - 08_operacion_testnet_15m - a41ea4e3-6832-44ff-ab29-fa161ce0fbfe - warehouse_dbt_build - [0m16:53:08  19 of 34 OK created sql incremental model main.br_market_snapshot .............. [[32mOK[0m in 1.53s]
2026-03-06 16:53:08 +0000 - dagster - INFO - 08_operacion_testnet_15m - a41ea4e3-6832-44ff-ab29-fa161ce0fbfe - warehouse_dbt_build - [0m16:53:08  20 of 34 START test not_null_br_market_snapshot_event_time ..................... [RUN]
2026-03-06 16:53:08 +0000 - dagster - INFO - 08_operacion_testnet_15m - a41ea4e3-6832-44ff-ab29-fa161ce0fbfe - warehouse_dbt_build - [0m16:53:08  21 of 34 START test not_null_br_market_snapshot_symbol ......................... [RUN]
2026-03-06 16:53:08 +0000 - dagster - INFO - 08_operacion_testnet_15m - a41ea4e3-6832-44ff-ab29-fa161ce0fbfe - warehouse_dbt_build - [0m16:53:08  20 of 34 PASS not_null_br_market_snapshot_event_time ........................... [[32mPASS[0m in 0.15s]
2026-03-06 16:53:08 +0000 - dagster - INFO - 08_operacion_testnet_15m - a41ea4e3-6832-44ff-ab29-fa161ce0fbfe - warehouse_dbt_build - [0m16:53:08  21 of 34 PASS not_null_br_market_snapshot_symbol ............................... [[32mPASS[0m in 0.16s]
2026-03-06 16:53:08 +0000 - dagster - INFO - 08_operacion_testnet_15m - a41ea4e3-6832-44ff-ab29-fa161ce0fbfe - warehouse_dbt_build - [0m16:53:08  22 of 34 START sql incremental model main.slv_decision_features ................ [RUN]
2026-03-06 16:53:09 +0000 - dagster - INFO - 08_operacion_testnet_15m - a41ea4e3-6832-44ff-ab29-fa161ce0fbfe - warehouse_dbt_build - [0m16:53:09  22 of 34 OK created sql incremental model main.slv_decision_features ........... [[32mOK[0m in 1.68s]
2026-03-06 16:53:09 +0000 - dagster - INFO - 08_operacion_testnet_15m - a41ea4e3-6832-44ff-ab29-fa161ce0fbfe - warehouse_dbt_build - [0m16:53:09  23 of 34 START test not_null_slv_decision_features_event_time .................. [RUN]
2026-03-06 16:53:09 +0000 - dagster - INFO - 08_operacion_testnet_15m - a41ea4e3-6832-44ff-ab29-fa161ce0fbfe - warehouse_dbt_build - [0m16:53:09  24 of 34 START test not_null_slv_decision_features_symbol ...................... [RUN]
2026-03-06 16:53:10 +0000 - dagster - INFO - 08_operacion_testnet_15m - a41ea4e3-6832-44ff-ab29-fa161ce0fbfe - warehouse_dbt_build - [0m16:53:10  23 of 34 PASS not_null_slv_decision_features_event_time ........................ [[32mPASS[0m in 0.15s]
2026-03-06 16:53:10 +0000 - dagster - INFO - 08_operacion_testnet_15m - a41ea4e3-6832-44ff-ab29-fa161ce0fbfe - warehouse_dbt_build - [0m16:53:10  24 of 34 PASS not_null_slv_decision_features_symbol ............................ [[32mPASS[0m in 0.15s]
2026-03-06 16:53:10 +0000 - dagster - INFO - 08_operacion_testnet_15m - a41ea4e3-6832-44ff-ab29-fa161ce0fbfe - warehouse_dbt_build - [0m16:53:10  25 of 34 START sql incremental model main.decision_features .................... [RUN]
2026-03-06 16:53:10 +0000 - dagster - INFO - 08_operacion_testnet_15m - a41ea4e3-6832-44ff-ab29-fa161ce0fbfe - warehouse_dbt_build - [0m16:53:10  26 of 34 START sql table model main.fct_liquidity_profile ...................... [RUN]
2026-03-06 16:53:10 +0000 - dagster - INFO - 08_operacion_testnet_15m - a41ea4e3-6832-44ff-ab29-fa161ce0fbfe - warehouse_dbt_build - [0m16:53:10  26 of 34 OK created sql table model main.fct_liquidity_profile ................. [[32mOK[0m in 0.77s]
2026-03-06 16:53:10 +0000 - dagster - INFO - 08_operacion_testnet_15m - a41ea4e3-6832-44ff-ab29-fa161ce0fbfe - warehouse_dbt_build - [0m16:53:10  27 of 34 START sql table model main.fct_symbol_performance ..................... [RUN]
2026-03-06 16:53:11 +0000 - dagster - INFO - 08_operacion_testnet_15m - a41ea4e3-6832-44ff-ab29-fa161ce0fbfe - warehouse_dbt_build - [0m16:53:11  25 of 34 OK created sql incremental model main.decision_features ............... [[32mOK[0m in 1.39s]
2026-03-06 16:53:11 +0000 - dagster - INFO - 08_operacion_testnet_15m - a41ea4e3-6832-44ff-ab29-fa161ce0fbfe - warehouse_dbt_build - [0m16:53:11  28 of 34 START test not_null_fct_decision_features_event_time .................. [RUN]
2026-03-06 16:53:11 +0000 - dagster - INFO - 08_operacion_testnet_15m - a41ea4e3-6832-44ff-ab29-fa161ce0fbfe - warehouse_dbt_build - [0m16:53:11  28 of 34 PASS not_null_fct_decision_features_event_time ........................ [[32mPASS[0m in 0.06s]
2026-03-06 16:53:11 +0000 - dagster - INFO - 08_operacion_testnet_15m - a41ea4e3-6832-44ff-ab29-fa161ce0fbfe - warehouse_dbt_build - [0m16:53:11  29 of 34 START test not_null_fct_decision_features_feature_id .................. [RUN]
2026-03-06 16:53:11 +0000 - dagster - INFO - 08_operacion_testnet_15m - a41ea4e3-6832-44ff-ab29-fa161ce0fbfe - warehouse_dbt_build - [0m16:53:11  29 of 34 PASS not_null_fct_decision_features_feature_id ........................ [[32mPASS[0m in 0.07s]
2026-03-06 16:53:11 +0000 - dagster - INFO - 08_operacion_testnet_15m - a41ea4e3-6832-44ff-ab29-fa161ce0fbfe - warehouse_dbt_build - [0m16:53:11  30 of 34 START test not_null_fct_decision_features_symbol ...................... [RUN]
2026-03-06 16:53:11 +0000 - dagster - INFO - 08_operacion_testnet_15m - a41ea4e3-6832-44ff-ab29-fa161ce0fbfe - warehouse_dbt_build - [0m16:53:11  30 of 34 PASS not_null_fct_decision_features_symbol ............................ [[32mPASS[0m in 0.08s]
2026-03-06 16:53:11 +0000 - dagster - INFO - 08_operacion_testnet_15m - a41ea4e3-6832-44ff-ab29-fa161ce0fbfe - warehouse_dbt_build - [0m16:53:11  31 of 34 START test unique_fct_decision_features_feature_id .................... [RUN]
2026-03-06 16:53:11 +0000 - dagster - INFO - 08_operacion_testnet_15m - a41ea4e3-6832-44ff-ab29-fa161ce0fbfe - warehouse_dbt_build - [0m16:53:11  31 of 34 WARN 19 unique_fct_decision_features_feature_id ....................... [[33mWARN 19[0m in 0.17s]
2026-03-06 16:53:12 +0000 - dagster - INFO - 08_operacion_testnet_15m - a41ea4e3-6832-44ff-ab29-fa161ce0fbfe - warehouse_dbt_build - [0m16:53:11  32 of 34 START sql table model main.fct_anomaly_detection ...................... [RUN]
2026-03-06 16:53:12 +0000 - dagster - INFO - 08_operacion_testnet_15m - a41ea4e3-6832-44ff-ab29-fa161ce0fbfe - warehouse_dbt_build - [0m16:53:12  32 of 34 OK created sql table model main.fct_anomaly_detection ................. [[32mOK[0m in 0.28s]
2026-03-06 16:53:12 +0000 - dagster - INFO - 08_operacion_testnet_15m - a41ea4e3-6832-44ff-ab29-fa161ce0fbfe - warehouse_dbt_build - [0m16:53:12  33 of 34 START sql table model main.fct_market_summary ......................... [RUN]
2026-03-06 16:53:12 +0000 - dagster - INFO - 08_operacion_testnet_15m - a41ea4e3-6832-44ff-ab29-fa161ce0fbfe - warehouse_dbt_build - [0m16:53:12  33 of 34 OK created sql table model main.fct_market_summary .................... [[32mOK[0m in 0.15s]
2026-03-06 16:53:12 +0000 - dagster - INFO - 08_operacion_testnet_15m - a41ea4e3-6832-44ff-ab29-fa161ce0fbfe - warehouse_dbt_build - [0m16:53:12  34 of 34 START sql table model main.fct_momentum_rankings ...................... [RUN]
2026-03-06 16:53:12 +0000 - dagster - INFO - 08_operacion_testnet_15m - a41ea4e3-6832-44ff-ab29-fa161ce0fbfe - warehouse_dbt_build - [0m16:53:12  34 of 34 OK created sql table model main.fct_momentum_rankings ................. [[32mOK[0m in 0.28s]
2026-03-06 16:53:14 +0000 - dagster - INFO - 08_operacion_testnet_15m - a41ea4e3-6832-44ff-ab29-fa161ce0fbfe - warehouse_dbt_build - [0m16:53:14  27 of 34 OK created sql table model main.fct_symbol_performance ................ [[32mOK[0m in 3.08s]
2026-03-06 16:53:14 +0000 - dagster - INFO - 08_operacion_testnet_15m - a41ea4e3-6832-44ff-ab29-fa161ce0fbfe - warehouse_dbt_build - [0m16:53:14
2026-03-06 16:53:14 +0000 - dagster - INFO - 08_operacion_testnet_15m - a41ea4e3-6832-44ff-ab29-fa161ce0fbfe - warehouse_dbt_build - [0m16:53:14  Finished running 2 view models, 5 incremental models, 9 table models, 18 data tests in 0 hours 0 minutes and 10.16 seconds (10.16s).
2026-03-06 16:53:14 +0000 - dagster - INFO - 08_operacion_testnet_15m - a41ea4e3-6832-44ff-ab29-fa161ce0fbfe - warehouse_dbt_build - [0m16:53:14
2026-03-06 16:53:14 +0000 - dagster - INFO - 08_operacion_testnet_15m - a41ea4e3-6832-44ff-ab29-fa161ce0fbfe - warehouse_dbt_build - [0m16:53:14  [33mCompleted with 2 warnings:[0m
2026-03-06 16:53:14 +0000 - dagster - INFO - 08_operacion_testnet_15m - a41ea4e3-6832-44ff-ab29-fa161ce0fbfe - warehouse_dbt_build - [0m16:53:14
2026-03-06 16:53:14 +0000 - dagster - INFO - 08_operacion_testnet_15m - a41ea4e3-6832-44ff-ab29-fa161ce0fbfe - warehouse_dbt_build - [0m16:53:14  [33mWarning in test assert_dex_snapshot_raw_historical (tests/assert_dex_snapshot_raw_historical.sql)[0m
2026-03-06 16:53:14 +0000 - dagster - INFO - 08_operacion_testnet_15m - a41ea4e3-6832-44ff-ab29-fa161ce0fbfe - warehouse_dbt_build - [0m16:53:14  Got 1 result, configured to warn if != 0
2026-03-06 16:53:14 +0000 - dagster - INFO - 08_operacion_testnet_15m - a41ea4e3-6832-44ff-ab29-fa161ce0fbfe - warehouse_dbt_build - [0m16:53:14
2026-03-06 16:53:14 +0000 - dagster - INFO - 08_operacion_testnet_15m - a41ea4e3-6832-44ff-ab29-fa161ce0fbfe - warehouse_dbt_build - [0m16:53:14    compiled code at target/compiled/crypto_trading_lakehouse/tests/assert_dex_snapshot_raw_historical.sql
2026-03-06 16:53:14 +0000 - dagster - INFO - 08_operacion_testnet_15m - a41ea4e3-6832-44ff-ab29-fa161ce0fbfe - warehouse_dbt_build - [0m16:53:14
2026-03-06 16:53:14 +0000 - dagster - INFO - 08_operacion_testnet_15m - a41ea4e3-6832-44ff-ab29-fa161ce0fbfe - warehouse_dbt_build - [0m16:53:14  [33mWarning in test unique_fct_decision_features_feature_id (models/schema.yml)[0m
2026-03-06 16:53:14 +0000 - dagster - INFO - 08_operacion_testnet_15m - a41ea4e3-6832-44ff-ab29-fa161ce0fbfe - warehouse_dbt_build - [0m16:53:14  Got 19 results, configured to warn if != 0
2026-03-06 16:53:14 +0000 - dagster - INFO - 08_operacion_testnet_15m - a41ea4e3-6832-44ff-ab29-fa161ce0fbfe - warehouse_dbt_build - [0m16:53:14
2026-03-06 16:53:14 +0000 - dagster - INFO - 08_operacion_testnet_15m - a41ea4e3-6832-44ff-ab29-fa161ce0fbfe - warehouse_dbt_build - [0m16:53:14    compiled code at target/compiled/crypto_trading_lakehouse/models/schema.yml/unique_fct_decision_features_feature_id.sql
2026-03-06 16:53:14 +0000 - dagster - INFO - 08_operacion_testnet_15m - a41ea4e3-6832-44ff-ab29-fa161ce0fbfe - warehouse_dbt_build - [0m16:53:14
2026-03-06 16:53:14 +0000 - dagster - INFO - 08_operacion_testnet_15m - a41ea4e3-6832-44ff-ab29-fa161ce0fbfe - warehouse_dbt_build - [0m16:53:14  Done. PASS=32 WARN=2 ERROR=0 SKIP=0 TOTAL=34
2026-03-06 16:53:15 +0000 - dagster - DEBUG - 08_operacion_testnet_15m - a41ea4e3-6832-44ff-ab29-fa161ce0fbfe - 12449 - warehouse_dbt_build - STEP_OUTPUT - Yielded output "result" of type "Any". (Type check passed).
2026-03-06 16:53:15 +0000 - dagster - DEBUG - 08_operacion_testnet_15m - a41ea4e3-6832-44ff-ab29-fa161ce0fbfe - 12449 - warehouse_dbt_build - ASSET_MATERIALIZATION - Materialized value warehouse_dbt_build.
2026-03-06 16:53:15 +0000 - dagster - DEBUG - 08_operacion_testnet_15m - a41ea4e3-6832-44ff-ab29-fa161ce0fbfe - 12449 - warehouse_dbt_build - STEP_SUCCESS - Finished execution of step "warehouse_dbt_build" in 51.18s.
