2026-03-06 15:37:21 +0000 - dagster - DEBUG - 08_operacion_testnet_15m - 42f87334-3bd2-4f90-9ffc-a7e09ff7b84f - 30654 - LOGS_CAPTURED - Started capturing logs in process (pid: 30654).
2026-03-06 15:37:21 +0000 - dagster - DEBUG - 08_operacion_testnet_15m - 42f87334-3bd2-4f90-9ffc-a7e09ff7b84f - 30654 - warehouse_dbt_build - STEP_START - Started execution of step "warehouse_dbt_build".
2026-03-06 15:37:23 +0000 - dagster - INFO - 08_operacion_testnet_15m - 42f87334-3bd2-4f90-9ffc-a7e09ff7b84f - warehouse_dbt_build - [0m15:37:23  Running with dbt=1.8.8
2026-03-06 15:37:23 +0000 - dagster - INFO - 08_operacion_testnet_15m - 42f87334-3bd2-4f90-9ffc-a7e09ff7b84f - warehouse_dbt_build - [0m15:37:23  [[33mWARNING[0m]: Deprecated functionality
2026-03-06 15:37:23 +0000 - dagster - INFO - 08_operacion_testnet_15m - 42f87334-3bd2-4f90-9ffc-a7e09ff7b84f - warehouse_dbt_build - The `tests` config has been renamed to `data_tests`. Please see
2026-03-06 15:37:23 +0000 - dagster - INFO - 08_operacion_testnet_15m - 42f87334-3bd2-4f90-9ffc-a7e09ff7b84f - warehouse_dbt_build - https://docs.getdbt.com/docs/build/data-tests#new-data_tests-syntax for more
2026-03-06 15:37:23 +0000 - dagster - INFO - 08_operacion_testnet_15m - 42f87334-3bd2-4f90-9ffc-a7e09ff7b84f - warehouse_dbt_build - information.
2026-03-06 15:37:23 +0000 - dagster - INFO - 08_operacion_testnet_15m - 42f87334-3bd2-4f90-9ffc-a7e09ff7b84f - warehouse_dbt_build - [0m15:37:23  Registered adapter: duckdb=1.8.2
2026-03-06 15:37:24 +0000 - dagster - INFO - 08_operacion_testnet_15m - 42f87334-3bd2-4f90-9ffc-a7e09ff7b84f - warehouse_dbt_build - [0m15:37:24  [[33mWARNING[0m]: Configuration paths exist in your dbt_project.yml file which do not apply to any resources.
2026-03-06 15:37:24 +0000 - dagster - INFO - 08_operacion_testnet_15m - 42f87334-3bd2-4f90-9ffc-a7e09ff7b84f - warehouse_dbt_build - There are 1 unused configuration paths:
2026-03-06 15:37:24 +0000 - dagster - INFO - 08_operacion_testnet_15m - 42f87334-3bd2-4f90-9ffc-a7e09ff7b84f - warehouse_dbt_build - - seeds.crypto_trading_lakehouse
2026-03-06 15:37:24 +0000 - dagster - INFO - 08_operacion_testnet_15m - 42f87334-3bd2-4f90-9ffc-a7e09ff7b84f - warehouse_dbt_build - [0m15:37:24  Found 16 models, 18 data tests, 24 sources, 417 macros
2026-03-06 15:37:24 +0000 - dagster - INFO - 08_operacion_testnet_15m - 42f87334-3bd2-4f90-9ffc-a7e09ff7b84f - warehouse_dbt_build - [0m15:37:24
2026-03-06 15:37:24 +0000 - dagster - INFO - 08_operacion_testnet_15m - 42f87334-3bd2-4f90-9ffc-a7e09ff7b84f - warehouse_dbt_build - [0m15:37:24
2026-03-06 15:37:24 +0000 - dagster - INFO - 08_operacion_testnet_15m - 42f87334-3bd2-4f90-9ffc-a7e09ff7b84f - warehouse_dbt_build - [0m15:37:24  Finished running  in 0 hours 0 minutes and 0.26 seconds (0.26s).
2026-03-06 15:37:24 +0000 - dagster - INFO - 08_operacion_testnet_15m - 42f87334-3bd2-4f90-9ffc-a7e09ff7b84f - warehouse_dbt_build - [0m15:37:24  Encountered an error:
2026-03-06 15:37:25 +0000 - dagster - INFO - 08_operacion_testnet_15m - 42f87334-3bd2-4f90-9ffc-a7e09ff7b84f - warehouse_dbt_build - Runtime Error
2026-03-06 15:37:25 +0000 - dagster - INFO - 08_operacion_testnet_15m - 42f87334-3bd2-4f90-9ffc-a7e09ff7b84f - warehouse_dbt_build - IO Error: Could not set lock on file "/app/artifacts/warehouse/crypto.duckdb": Conflicting lock is held in /usr/local/bin/python3.11 (PID 30463). See also https://duckdb.org/docs/stable/connect/concurrency
2026-03-06 15:37:25 +0000 - dagster - WARNING - 08_operacion_testnet_15m - 42f87334-3bd2-4f90-9ffc-a7e09ff7b84f - warehouse_dbt_build - DuckDB lock conflict, retrying in 8s (attempt 1/5)
2026-03-06 15:37:35 +0000 - dagster - INFO - 08_operacion_testnet_15m - 42f87334-3bd2-4f90-9ffc-a7e09ff7b84f - warehouse_dbt_build - [0m15:37:35  Running with dbt=1.8.8
2026-03-06 15:37:35 +0000 - dagster - INFO - 08_operacion_testnet_15m - 42f87334-3bd2-4f90-9ffc-a7e09ff7b84f - warehouse_dbt_build - [0m15:37:35  [[33mWARNING[0m]: Deprecated functionality
2026-03-06 15:37:35 +0000 - dagster - INFO - 08_operacion_testnet_15m - 42f87334-3bd2-4f90-9ffc-a7e09ff7b84f - warehouse_dbt_build - The `tests` config has been renamed to `data_tests`. Please see
2026-03-06 15:37:35 +0000 - dagster - INFO - 08_operacion_testnet_15m - 42f87334-3bd2-4f90-9ffc-a7e09ff7b84f - warehouse_dbt_build - https://docs.getdbt.com/docs/build/data-tests#new-data_tests-syntax for more
2026-03-06 15:37:35 +0000 - dagster - INFO - 08_operacion_testnet_15m - 42f87334-3bd2-4f90-9ffc-a7e09ff7b84f - warehouse_dbt_build - information.
2026-03-06 15:37:35 +0000 - dagster - INFO - 08_operacion_testnet_15m - 42f87334-3bd2-4f90-9ffc-a7e09ff7b84f - warehouse_dbt_build - [0m15:37:35  Registered adapter: duckdb=1.8.2
2026-03-06 15:37:36 +0000 - dagster - INFO - 08_operacion_testnet_15m - 42f87334-3bd2-4f90-9ffc-a7e09ff7b84f - warehouse_dbt_build - [0m15:37:36  [[33mWARNING[0m]: Configuration paths exist in your dbt_project.yml file which do not apply to any resources.
2026-03-06 15:37:36 +0000 - dagster - INFO - 08_operacion_testnet_15m - 42f87334-3bd2-4f90-9ffc-a7e09ff7b84f - warehouse_dbt_build - There are 1 unused configuration paths:
2026-03-06 15:37:36 +0000 - dagster - INFO - 08_operacion_testnet_15m - 42f87334-3bd2-4f90-9ffc-a7e09ff7b84f - warehouse_dbt_build - - seeds.crypto_trading_lakehouse
2026-03-06 15:37:36 +0000 - dagster - INFO - 08_operacion_testnet_15m - 42f87334-3bd2-4f90-9ffc-a7e09ff7b84f - warehouse_dbt_build - [0m15:37:36  Found 16 models, 18 data tests, 24 sources, 417 macros
2026-03-06 15:37:36 +0000 - dagster - INFO - 08_operacion_testnet_15m - 42f87334-3bd2-4f90-9ffc-a7e09ff7b84f - warehouse_dbt_build - [0m15:37:36
2026-03-06 15:37:36 +0000 - dagster - INFO - 08_operacion_testnet_15m - 42f87334-3bd2-4f90-9ffc-a7e09ff7b84f - warehouse_dbt_build - [0m15:37:36
2026-03-06 15:37:36 +0000 - dagster - INFO - 08_operacion_testnet_15m - 42f87334-3bd2-4f90-9ffc-a7e09ff7b84f - warehouse_dbt_build - [0m15:37:36  Finished running  in 0 hours 0 minutes and 0.08 seconds (0.08s).
2026-03-06 15:37:36 +0000 - dagster - INFO - 08_operacion_testnet_15m - 42f87334-3bd2-4f90-9ffc-a7e09ff7b84f - warehouse_dbt_build - [0m15:37:36  Encountered an error:
2026-03-06 15:37:36 +0000 - dagster - INFO - 08_operacion_testnet_15m - 42f87334-3bd2-4f90-9ffc-a7e09ff7b84f - warehouse_dbt_build - Runtime Error
2026-03-06 15:37:36 +0000 - dagster - INFO - 08_operacion_testnet_15m - 42f87334-3bd2-4f90-9ffc-a7e09ff7b84f - warehouse_dbt_build - IO Error: Could not set lock on file "/app/artifacts/warehouse/crypto.duckdb": Conflicting lock is held in /usr/local/bin/python3.11 (PID 31379). See also https://duckdb.org/docs/stable/connect/concurrency
2026-03-06 15:37:37 +0000 - dagster - WARNING - 08_operacion_testnet_15m - 42f87334-3bd2-4f90-9ffc-a7e09ff7b84f - warehouse_dbt_build - DuckDB lock conflict, retrying in 8s (attempt 2/5)
2026-03-06 15:37:47 +0000 - dagster - INFO - 08_operacion_testnet_15m - 42f87334-3bd2-4f90-9ffc-a7e09ff7b84f - warehouse_dbt_build - [0m15:37:47  Running with dbt=1.8.8
2026-03-06 15:37:47 +0000 - dagster - INFO - 08_operacion_testnet_15m - 42f87334-3bd2-4f90-9ffc-a7e09ff7b84f - warehouse_dbt_build - [0m15:37:47  [[33mWARNING[0m]: Deprecated functionality
2026-03-06 15:37:47 +0000 - dagster - INFO - 08_operacion_testnet_15m - 42f87334-3bd2-4f90-9ffc-a7e09ff7b84f - warehouse_dbt_build - The `tests` config has been renamed to `data_tests`. Please see
2026-03-06 15:37:47 +0000 - dagster - INFO - 08_operacion_testnet_15m - 42f87334-3bd2-4f90-9ffc-a7e09ff7b84f - warehouse_dbt_build - https://docs.getdbt.com/docs/build/data-tests#new-data_tests-syntax for more
2026-03-06 15:37:47 +0000 - dagster - INFO - 08_operacion_testnet_15m - 42f87334-3bd2-4f90-9ffc-a7e09ff7b84f - warehouse_dbt_build - information.
2026-03-06 15:37:48 +0000 - dagster - INFO - 08_operacion_testnet_15m - 42f87334-3bd2-4f90-9ffc-a7e09ff7b84f - warehouse_dbt_build - [0m15:37:48  Registered adapter: duckdb=1.8.2
2026-03-06 15:37:48 +0000 - dagster - INFO - 08_operacion_testnet_15m - 42f87334-3bd2-4f90-9ffc-a7e09ff7b84f - warehouse_dbt_build - [0m15:37:48  [[33mWARNING[0m]: Configuration paths exist in your dbt_project.yml file which do not apply to any resources.
2026-03-06 15:37:48 +0000 - dagster - INFO - 08_operacion_testnet_15m - 42f87334-3bd2-4f90-9ffc-a7e09ff7b84f - warehouse_dbt_build - There are 1 unused configuration paths:
2026-03-06 15:37:48 +0000 - dagster - INFO - 08_operacion_testnet_15m - 42f87334-3bd2-4f90-9ffc-a7e09ff7b84f - warehouse_dbt_build - - seeds.crypto_trading_lakehouse
2026-03-06 15:37:48 +0000 - dagster - INFO - 08_operacion_testnet_15m - 42f87334-3bd2-4f90-9ffc-a7e09ff7b84f - warehouse_dbt_build - [0m15:37:48  Found 16 models, 18 data tests, 24 sources, 417 macros
2026-03-06 15:37:48 +0000 - dagster - INFO - 08_operacion_testnet_15m - 42f87334-3bd2-4f90-9ffc-a7e09ff7b84f - warehouse_dbt_build - [0m15:37:48
2026-03-06 15:37:48 +0000 - dagster - INFO - 08_operacion_testnet_15m - 42f87334-3bd2-4f90-9ffc-a7e09ff7b84f - warehouse_dbt_build - [0m15:37:48
2026-03-06 15:37:48 +0000 - dagster - INFO - 08_operacion_testnet_15m - 42f87334-3bd2-4f90-9ffc-a7e09ff7b84f - warehouse_dbt_build - [0m15:37:48  Finished running  in 0 hours 0 minutes and 0.09 seconds (0.09s).
2026-03-06 15:37:48 +0000 - dagster - INFO - 08_operacion_testnet_15m - 42f87334-3bd2-4f90-9ffc-a7e09ff7b84f - warehouse_dbt_build - [0m15:37:48  Encountered an error:
2026-03-06 15:37:48 +0000 - dagster - INFO - 08_operacion_testnet_15m - 42f87334-3bd2-4f90-9ffc-a7e09ff7b84f - warehouse_dbt_build - Runtime Error
2026-03-06 15:37:48 +0000 - dagster - INFO - 08_operacion_testnet_15m - 42f87334-3bd2-4f90-9ffc-a7e09ff7b84f - warehouse_dbt_build - IO Error: Could not set lock on file "/app/artifacts/warehouse/crypto.duckdb": Conflicting lock is held in /usr/local/bin/python3.11 (PID 31517). See also https://duckdb.org/docs/stable/connect/concurrency
2026-03-06 15:37:49 +0000 - dagster - WARNING - 08_operacion_testnet_15m - 42f87334-3bd2-4f90-9ffc-a7e09ff7b84f - warehouse_dbt_build - DuckDB lock conflict, retrying in 8s (attempt 3/5)
2026-03-06 15:37:59 +0000 - dagster - INFO - 08_operacion_testnet_15m - 42f87334-3bd2-4f90-9ffc-a7e09ff7b84f - warehouse_dbt_build - [0m15:37:59  Running with dbt=1.8.8
2026-03-06 15:37:59 +0000 - dagster - INFO - 08_operacion_testnet_15m - 42f87334-3bd2-4f90-9ffc-a7e09ff7b84f - warehouse_dbt_build - [0m15:37:59  [[33mWARNING[0m]: Deprecated functionality
2026-03-06 15:37:59 +0000 - dagster - INFO - 08_operacion_testnet_15m - 42f87334-3bd2-4f90-9ffc-a7e09ff7b84f - warehouse_dbt_build - The `tests` config has been renamed to `data_tests`. Please see
2026-03-06 15:37:59 +0000 - dagster - INFO - 08_operacion_testnet_15m - 42f87334-3bd2-4f90-9ffc-a7e09ff7b84f - warehouse_dbt_build - https://docs.getdbt.com/docs/build/data-tests#new-data_tests-syntax for more
2026-03-06 15:37:59 +0000 - dagster - INFO - 08_operacion_testnet_15m - 42f87334-3bd2-4f90-9ffc-a7e09ff7b84f - warehouse_dbt_build - information.
2026-03-06 15:37:59 +0000 - dagster - INFO - 08_operacion_testnet_15m - 42f87334-3bd2-4f90-9ffc-a7e09ff7b84f - warehouse_dbt_build - [0m15:37:59  Registered adapter: duckdb=1.8.2
2026-03-06 15:38:00 +0000 - dagster - INFO - 08_operacion_testnet_15m - 42f87334-3bd2-4f90-9ffc-a7e09ff7b84f - warehouse_dbt_build - [0m15:38:00  [[33mWARNING[0m]: Configuration paths exist in your dbt_project.yml file which do not apply to any resources.
2026-03-06 15:38:00 +0000 - dagster - INFO - 08_operacion_testnet_15m - 42f87334-3bd2-4f90-9ffc-a7e09ff7b84f - warehouse_dbt_build - There are 1 unused configuration paths:
2026-03-06 15:38:00 +0000 - dagster - INFO - 08_operacion_testnet_15m - 42f87334-3bd2-4f90-9ffc-a7e09ff7b84f - warehouse_dbt_build - - seeds.crypto_trading_lakehouse
2026-03-06 15:38:00 +0000 - dagster - INFO - 08_operacion_testnet_15m - 42f87334-3bd2-4f90-9ffc-a7e09ff7b84f - warehouse_dbt_build - [0m15:38:00  Found 16 models, 18 data tests, 24 sources, 417 macros
2026-03-06 15:38:00 +0000 - dagster - INFO - 08_operacion_testnet_15m - 42f87334-3bd2-4f90-9ffc-a7e09ff7b84f - warehouse_dbt_build - [0m15:38:00
2026-03-06 15:38:00 +0000 - dagster - INFO - 08_operacion_testnet_15m - 42f87334-3bd2-4f90-9ffc-a7e09ff7b84f - warehouse_dbt_build - [0m15:38:00  Concurrency: 2 threads (target='local')
2026-03-06 15:38:00 +0000 - dagster - INFO - 08_operacion_testnet_15m - 42f87334-3bd2-4f90-9ffc-a7e09ff7b84f - warehouse_dbt_build - [0m15:38:00
2026-03-06 15:38:00 +0000 - dagster - INFO - 08_operacion_testnet_15m - 42f87334-3bd2-4f90-9ffc-a7e09ff7b84f - warehouse_dbt_build - [0m15:38:00  1 of 34 START sql view model main.br_news_sentiment ............................ [RUN]
2026-03-06 15:38:00 +0000 - dagster - INFO - 08_operacion_testnet_15m - 42f87334-3bd2-4f90-9ffc-a7e09ff7b84f - warehouse_dbt_build - [0m15:38:00  2 of 34 START sql incremental model main.br_stock_prices ....................... [RUN]
2026-03-06 15:38:01 +0000 - dagster - INFO - 08_operacion_testnet_15m - 42f87334-3bd2-4f90-9ffc-a7e09ff7b84f - warehouse_dbt_build - [0m15:38:01  1 of 34 OK created sql view model main.br_news_sentiment ....................... [[32mOK[0m in 0.39s]
2026-03-06 15:38:01 +0000 - dagster - INFO - 08_operacion_testnet_15m - 42f87334-3bd2-4f90-9ffc-a7e09ff7b84f - warehouse_dbt_build - [0m15:38:01  3 of 34 START sql view model main.br_x_sentiment ............................... [RUN]
2026-03-06 15:38:01 +0000 - dagster - INFO - 08_operacion_testnet_15m - 42f87334-3bd2-4f90-9ffc-a7e09ff7b84f - warehouse_dbt_build - [0m15:38:01  2 of 34 OK created sql incremental model main.br_stock_prices .................. [[32mOK[0m in 0.59s]
2026-03-06 15:38:01 +0000 - dagster - INFO - 08_operacion_testnet_15m - 42f87334-3bd2-4f90-9ffc-a7e09ff7b84f - warehouse_dbt_build - [0m15:38:01  4 of 34 START sql table model main.fct_approved_orders ......................... [RUN]
2026-03-06 15:38:01 +0000 - dagster - INFO - 08_operacion_testnet_15m - 42f87334-3bd2-4f90-9ffc-a7e09ff7b84f - warehouse_dbt_build - [0m15:38:01  3 of 34 OK created sql view model main.br_x_sentiment .......................... [[32mOK[0m in 0.33s]
2026-03-06 15:38:01 +0000 - dagster - INFO - 08_operacion_testnet_15m - 42f87334-3bd2-4f90-9ffc-a7e09ff7b84f - warehouse_dbt_build - [0m15:38:01  5 of 34 START sql table model main.fct_raw_signals ............................. [RUN]
2026-03-06 15:38:01 +0000 - dagster - INFO - 08_operacion_testnet_15m - 42f87334-3bd2-4f90-9ffc-a7e09ff7b84f - warehouse_dbt_build - [0m15:38:01  4 of 34 OK created sql table model main.fct_approved_orders .................... [[32mOK[0m in 0.32s]
2026-03-06 15:38:01 +0000 - dagster - INFO - 08_operacion_testnet_15m - 42f87334-3bd2-4f90-9ffc-a7e09ff7b84f - warehouse_dbt_build - [0m15:38:01  6 of 34 START sql table model main.int_mlflow_runs ............................. [RUN]
2026-03-06 15:38:01 +0000 - dagster - INFO - 08_operacion_testnet_15m - 42f87334-3bd2-4f90-9ffc-a7e09ff7b84f - warehouse_dbt_build - [0m15:38:01  5 of 34 OK created sql table model main.fct_raw_signals ........................ [[32mOK[0m in 0.31s]
2026-03-06 15:38:01 +0000 - dagster - INFO - 08_operacion_testnet_15m - 42f87334-3bd2-4f90-9ffc-a7e09ff7b84f - warehouse_dbt_build - [0m15:38:01  7 of 34 START sql table model main.int_optuna_trials ........................... [RUN]
2026-03-06 15:38:01 +0000 - dagster - INFO - 08_operacion_testnet_15m - 42f87334-3bd2-4f90-9ffc-a7e09ff7b84f - warehouse_dbt_build - [0m15:38:01  6 of 34 OK created sql table model main.int_mlflow_runs ........................ [[32mOK[0m in 0.34s]
2026-03-06 15:38:01 +0000 - dagster - INFO - 08_operacion_testnet_15m - 42f87334-3bd2-4f90-9ffc-a7e09ff7b84f - warehouse_dbt_build - [0m15:38:01  8 of 34 START test assert_cross_exchange_snapshot_raw_historical ............... [RUN]
2026-03-06 15:38:02 +0000 - dagster - INFO - 08_operacion_testnet_15m - 42f87334-3bd2-4f90-9ffc-a7e09ff7b84f - warehouse_dbt_build - [0m15:38:02  8 of 34 PASS assert_cross_exchange_snapshot_raw_historical ..................... [[32mPASS[0m in 0.09s]
2026-03-06 15:38:02 +0000 - dagster - INFO - 08_operacion_testnet_15m - 42f87334-3bd2-4f90-9ffc-a7e09ff7b84f - warehouse_dbt_build - [0m15:38:02  9 of 34 START test assert_derivatives_flow_raw_historical ...................... [RUN]
2026-03-06 15:38:02 +0000 - dagster - INFO - 08_operacion_testnet_15m - 42f87334-3bd2-4f90-9ffc-a7e09ff7b84f - warehouse_dbt_build - [0m15:38:02  7 of 34 OK created sql table model main.int_optuna_trials ...................... [[32mOK[0m in 0.50s]
2026-03-06 15:38:02 +0000 - dagster - INFO - 08_operacion_testnet_15m - 42f87334-3bd2-4f90-9ffc-a7e09ff7b84f - warehouse_dbt_build - [0m15:38:02  10 of 34 START test assert_derivatives_snapshot_raw_historical ................. [RUN]
2026-03-06 15:38:02 +0000 - dagster - INFO - 08_operacion_testnet_15m - 42f87334-3bd2-4f90-9ffc-a7e09ff7b84f - warehouse_dbt_build - [0m15:38:02  9 of 34 PASS assert_derivatives_flow_raw_historical ............................ [[32mPASS[0m in 0.26s]
2026-03-06 15:38:02 +0000 - dagster - INFO - 08_operacion_testnet_15m - 42f87334-3bd2-4f90-9ffc-a7e09ff7b84f - warehouse_dbt_build - [0m15:38:02  10 of 34 PASS assert_derivatives_snapshot_raw_historical ....................... [[32mPASS[0m in 0.07s]
2026-03-06 15:38:02 +0000 - dagster - INFO - 08_operacion_testnet_15m - 42f87334-3bd2-4f90-9ffc-a7e09ff7b84f - warehouse_dbt_build - [0m15:38:02  11 of 34 START test assert_dex_snapshot_raw_historical ......................... [RUN]
2026-03-06 15:38:02 +0000 - dagster - INFO - 08_operacion_testnet_15m - 42f87334-3bd2-4f90-9ffc-a7e09ff7b84f - warehouse_dbt_build - [0m15:38:02  12 of 34 START test assert_fear_greed_raw_historical ........................... [RUN]
2026-03-06 15:38:02 +0000 - dagster - INFO - 08_operacion_testnet_15m - 42f87334-3bd2-4f90-9ffc-a7e09ff7b84f - warehouse_dbt_build - [0m15:38:02  12 of 34 PASS assert_fear_greed_raw_historical ................................. [[32mPASS[0m in 0.10s]
2026-03-06 15:38:02 +0000 - dagster - INFO - 08_operacion_testnet_15m - 42f87334-3bd2-4f90-9ffc-a7e09ff7b84f - warehouse_dbt_build - [0m15:38:02  13 of 34 START test assert_market_snapshot_raw_historical ...................... [RUN]
2026-03-06 15:38:02 +0000 - dagster - INFO - 08_operacion_testnet_15m - 42f87334-3bd2-4f90-9ffc-a7e09ff7b84f - warehouse_dbt_build - [0m15:38:02  11 of 34 WARN 1 assert_dex_snapshot_raw_historical ............................. [[33mWARN 1[0m in 0.12s]
2026-03-06 15:38:02 +0000 - dagster - INFO - 08_operacion_testnet_15m - 42f87334-3bd2-4f90-9ffc-a7e09ff7b84f - warehouse_dbt_build - [0m15:38:02  14 of 34 START test not_null_int_mlflow_runs_run_uuid .......................... [RUN]
2026-03-06 15:38:02 +0000 - dagster - INFO - 08_operacion_testnet_15m - 42f87334-3bd2-4f90-9ffc-a7e09ff7b84f - warehouse_dbt_build - [0m15:38:02  13 of 34 PASS assert_market_snapshot_raw_historical ............................ [[32mPASS[0m in 0.13s]
2026-03-06 15:38:02 +0000 - dagster - INFO - 08_operacion_testnet_15m - 42f87334-3bd2-4f90-9ffc-a7e09ff7b84f - warehouse_dbt_build - [0m15:38:02  14 of 34 PASS not_null_int_mlflow_runs_run_uuid ................................ [[32mPASS[0m in 0.12s]
2026-03-06 15:38:02 +0000 - dagster - INFO - 08_operacion_testnet_15m - 42f87334-3bd2-4f90-9ffc-a7e09ff7b84f - warehouse_dbt_build - [0m15:38:02  15 of 34 START test unique_int_mlflow_runs_run_uuid ............................ [RUN]
2026-03-06 15:38:02 +0000 - dagster - INFO - 08_operacion_testnet_15m - 42f87334-3bd2-4f90-9ffc-a7e09ff7b84f - warehouse_dbt_build - [0m15:38:02  16 of 34 START test not_null_int_optuna_trials_trial_id ........................ [RUN]
2026-03-06 15:38:02 +0000 - dagster - INFO - 08_operacion_testnet_15m - 42f87334-3bd2-4f90-9ffc-a7e09ff7b84f - warehouse_dbt_build - [0m15:38:02  16 of 34 PASS not_null_int_optuna_trials_trial_id .............................. [[32mPASS[0m in 0.10s]
2026-03-06 15:38:02 +0000 - dagster - INFO - 08_operacion_testnet_15m - 42f87334-3bd2-4f90-9ffc-a7e09ff7b84f - warehouse_dbt_build - [0m15:38:02  17 of 34 START test unique_int_optuna_trials_trial_id .......................... [RUN]
2026-03-06 15:38:02 +0000 - dagster - INFO - 08_operacion_testnet_15m - 42f87334-3bd2-4f90-9ffc-a7e09ff7b84f - warehouse_dbt_build - [0m15:38:02  15 of 34 PASS unique_int_mlflow_runs_run_uuid .................................. [[32mPASS[0m in 0.13s]
2026-03-06 15:38:02 +0000 - dagster - INFO - 08_operacion_testnet_15m - 42f87334-3bd2-4f90-9ffc-a7e09ff7b84f - warehouse_dbt_build - [0m15:38:02  18 of 34 START sql incremental model main.br_macro_context ..................... [RUN]
2026-03-06 15:38:02 +0000 - dagster - INFO - 08_operacion_testnet_15m - 42f87334-3bd2-4f90-9ffc-a7e09ff7b84f - warehouse_dbt_build - [0m15:38:02  17 of 34 PASS unique_int_optuna_trials_trial_id ................................ [[32mPASS[0m in 0.13s]
2026-03-06 15:38:02 +0000 - dagster - INFO - 08_operacion_testnet_15m - 42f87334-3bd2-4f90-9ffc-a7e09ff7b84f - warehouse_dbt_build - [0m15:38:02  19 of 34 START sql incremental model main.br_market_snapshot ................... [RUN]
2026-03-06 15:38:03 +0000 - dagster - INFO - 08_operacion_testnet_15m - 42f87334-3bd2-4f90-9ffc-a7e09ff7b84f - warehouse_dbt_build - [0m15:38:03  18 of 34 OK created sql incremental model main.br_macro_context ................ [[32mOK[0m in 0.35s]
2026-03-06 15:38:04 +0000 - dagster - INFO - 08_operacion_testnet_15m - 42f87334-3bd2-4f90-9ffc-a7e09ff7b84f - warehouse_dbt_build - [0m15:38:04  19 of 34 OK created sql incremental model main.br_market_snapshot .............. [[32mOK[0m in 1.21s]
2026-03-06 15:38:04 +0000 - dagster - INFO - 08_operacion_testnet_15m - 42f87334-3bd2-4f90-9ffc-a7e09ff7b84f - warehouse_dbt_build - [0m15:38:04  20 of 34 START test not_null_br_market_snapshot_event_time ..................... [RUN]
2026-03-06 15:38:04 +0000 - dagster - INFO - 08_operacion_testnet_15m - 42f87334-3bd2-4f90-9ffc-a7e09ff7b84f - warehouse_dbt_build - [0m15:38:04  21 of 34 START test not_null_br_market_snapshot_symbol ......................... [RUN]
2026-03-06 15:38:04 +0000 - dagster - INFO - 08_operacion_testnet_15m - 42f87334-3bd2-4f90-9ffc-a7e09ff7b84f - warehouse_dbt_build - [0m15:38:04  21 of 34 PASS not_null_br_market_snapshot_symbol ............................... [[32mPASS[0m in 0.11s]
2026-03-06 15:38:04 +0000 - dagster - INFO - 08_operacion_testnet_15m - 42f87334-3bd2-4f90-9ffc-a7e09ff7b84f - warehouse_dbt_build - [0m15:38:04  20 of 34 PASS not_null_br_market_snapshot_event_time ........................... [[32mPASS[0m in 0.12s]
2026-03-06 15:38:04 +0000 - dagster - INFO - 08_operacion_testnet_15m - 42f87334-3bd2-4f90-9ffc-a7e09ff7b84f - warehouse_dbt_build - [0m15:38:04  22 of 34 START sql incremental model main.slv_decision_features ................ [RUN]
2026-03-06 15:38:05 +0000 - dagster - INFO - 08_operacion_testnet_15m - 42f87334-3bd2-4f90-9ffc-a7e09ff7b84f - warehouse_dbt_build - [0m15:38:05  22 of 34 OK created sql incremental model main.slv_decision_features ........... [[32mOK[0m in 1.24s]
2026-03-06 15:38:05 +0000 - dagster - INFO - 08_operacion_testnet_15m - 42f87334-3bd2-4f90-9ffc-a7e09ff7b84f - warehouse_dbt_build - [0m15:38:05  23 of 34 START test not_null_slv_decision_features_event_time .................. [RUN]
2026-03-06 15:38:05 +0000 - dagster - INFO - 08_operacion_testnet_15m - 42f87334-3bd2-4f90-9ffc-a7e09ff7b84f - warehouse_dbt_build - [0m15:38:05  24 of 34 START test not_null_slv_decision_features_symbol ...................... [RUN]
2026-03-06 15:38:05 +0000 - dagster - INFO - 08_operacion_testnet_15m - 42f87334-3bd2-4f90-9ffc-a7e09ff7b84f - warehouse_dbt_build - [0m15:38:05  24 of 34 PASS not_null_slv_decision_features_symbol ............................ [[32mPASS[0m in 0.11s]
2026-03-06 15:38:05 +0000 - dagster - INFO - 08_operacion_testnet_15m - 42f87334-3bd2-4f90-9ffc-a7e09ff7b84f - warehouse_dbt_build - [0m15:38:05  23 of 34 PASS not_null_slv_decision_features_event_time ........................ [[32mPASS[0m in 0.12s]
2026-03-06 15:38:05 +0000 - dagster - INFO - 08_operacion_testnet_15m - 42f87334-3bd2-4f90-9ffc-a7e09ff7b84f - warehouse_dbt_build - [0m15:38:05  25 of 34 START sql incremental model main.decision_features .................... [RUN]
2026-03-06 15:38:05 +0000 - dagster - INFO - 08_operacion_testnet_15m - 42f87334-3bd2-4f90-9ffc-a7e09ff7b84f - warehouse_dbt_build - [0m15:38:05  26 of 34 START sql table model main.fct_liquidity_profile ...................... [RUN]
2026-03-06 15:38:06 +0000 - dagster - INFO - 08_operacion_testnet_15m - 42f87334-3bd2-4f90-9ffc-a7e09ff7b84f - warehouse_dbt_build - [0m15:38:06  26 of 34 OK created sql table model main.fct_liquidity_profile ................. [[32mOK[0m in 0.64s]
2026-03-06 15:38:06 +0000 - dagster - INFO - 08_operacion_testnet_15m - 42f87334-3bd2-4f90-9ffc-a7e09ff7b84f - warehouse_dbt_build - [0m15:38:06  27 of 34 START sql table model main.fct_symbol_performance ..................... [RUN]
2026-03-06 15:38:06 +0000 - dagster - INFO - 08_operacion_testnet_15m - 42f87334-3bd2-4f90-9ffc-a7e09ff7b84f - warehouse_dbt_build - [0m15:38:06  25 of 34 OK created sql incremental model main.decision_features ............... [[32mOK[0m in 1.14s]
2026-03-06 15:38:06 +0000 - dagster - INFO - 08_operacion_testnet_15m - 42f87334-3bd2-4f90-9ffc-a7e09ff7b84f - warehouse_dbt_build - [0m15:38:06  28 of 34 START test not_null_fct_decision_features_event_time .................. [RUN]
2026-03-06 15:38:06 +0000 - dagster - INFO - 08_operacion_testnet_15m - 42f87334-3bd2-4f90-9ffc-a7e09ff7b84f - warehouse_dbt_build - [0m15:38:06  28 of 34 PASS not_null_fct_decision_features_event_time ........................ [[32mPASS[0m in 0.05s]
2026-03-06 15:38:06 +0000 - dagster - INFO - 08_operacion_testnet_15m - 42f87334-3bd2-4f90-9ffc-a7e09ff7b84f - warehouse_dbt_build - [0m15:38:06  29 of 34 START test not_null_fct_decision_features_feature_id .................. [RUN]
2026-03-06 15:38:06 +0000 - dagster - INFO - 08_operacion_testnet_15m - 42f87334-3bd2-4f90-9ffc-a7e09ff7b84f - warehouse_dbt_build - [0m15:38:06  29 of 34 PASS not_null_fct_decision_features_feature_id ........................ [[32mPASS[0m in 0.07s]
2026-03-06 15:38:06 +0000 - dagster - INFO - 08_operacion_testnet_15m - 42f87334-3bd2-4f90-9ffc-a7e09ff7b84f - warehouse_dbt_build - [0m15:38:06  30 of 34 START test not_null_fct_decision_features_symbol ...................... [RUN]
2026-03-06 15:38:06 +0000 - dagster - INFO - 08_operacion_testnet_15m - 42f87334-3bd2-4f90-9ffc-a7e09ff7b84f - warehouse_dbt_build - [0m15:38:06  30 of 34 PASS not_null_fct_decision_features_symbol ............................ [[32mPASS[0m in 0.08s]
2026-03-06 15:38:07 +0000 - dagster - INFO - 08_operacion_testnet_15m - 42f87334-3bd2-4f90-9ffc-a7e09ff7b84f - warehouse_dbt_build - [0m15:38:06  31 of 34 START test unique_fct_decision_features_feature_id .................... [RUN]
2026-03-06 15:38:07 +0000 - dagster - INFO - 08_operacion_testnet_15m - 42f87334-3bd2-4f90-9ffc-a7e09ff7b84f - warehouse_dbt_build - [0m15:38:07  31 of 34 WARN 19 unique_fct_decision_features_feature_id ....................... [[33mWARN 19[0m in 0.18s]
2026-03-06 15:38:07 +0000 - dagster - INFO - 08_operacion_testnet_15m - 42f87334-3bd2-4f90-9ffc-a7e09ff7b84f - warehouse_dbt_build - [0m15:38:07  32 of 34 START sql table model main.fct_anomaly_detection ...................... [RUN]
2026-03-06 15:38:07 +0000 - dagster - INFO - 08_operacion_testnet_15m - 42f87334-3bd2-4f90-9ffc-a7e09ff7b84f - warehouse_dbt_build - [0m15:38:07  32 of 34 OK created sql table model main.fct_anomaly_detection ................. [[32mOK[0m in 0.27s]
2026-03-06 15:38:07 +0000 - dagster - INFO - 08_operacion_testnet_15m - 42f87334-3bd2-4f90-9ffc-a7e09ff7b84f - warehouse_dbt_build - [0m15:38:07  33 of 34 START sql table model main.fct_market_summary ......................... [RUN]
2026-03-06 15:38:07 +0000 - dagster - INFO - 08_operacion_testnet_15m - 42f87334-3bd2-4f90-9ffc-a7e09ff7b84f - warehouse_dbt_build - [0m15:38:07  33 of 34 OK created sql table model main.fct_market_summary .................... [[32mOK[0m in 0.17s]
2026-03-06 15:38:07 +0000 - dagster - INFO - 08_operacion_testnet_15m - 42f87334-3bd2-4f90-9ffc-a7e09ff7b84f - warehouse_dbt_build - [0m15:38:07  34 of 34 START sql table model main.fct_momentum_rankings ...................... [RUN]
2026-03-06 15:38:08 +0000 - dagster - INFO - 08_operacion_testnet_15m - 42f87334-3bd2-4f90-9ffc-a7e09ff7b84f - warehouse_dbt_build - [0m15:38:08  34 of 34 OK created sql table model main.fct_momentum_rankings ................. [[32mOK[0m in 0.47s]
2026-03-06 15:38:08 +0000 - dagster - INFO - 08_operacion_testnet_15m - 42f87334-3bd2-4f90-9ffc-a7e09ff7b84f - warehouse_dbt_build - [0m15:38:08  27 of 34 OK created sql table model main.fct_symbol_performance ................ [[32mOK[0m in 2.55s]
2026-03-06 15:38:08 +0000 - dagster - INFO - 08_operacion_testnet_15m - 42f87334-3bd2-4f90-9ffc-a7e09ff7b84f - warehouse_dbt_build - [0m15:38:08
2026-03-06 15:38:08 +0000 - dagster - INFO - 08_operacion_testnet_15m - 42f87334-3bd2-4f90-9ffc-a7e09ff7b84f - warehouse_dbt_build - [0m15:38:08  Finished running 2 view models, 5 incremental models, 9 table models, 18 data tests in 0 hours 0 minutes and 8.58 seconds (8.58s).
2026-03-06 15:38:09 +0000 - dagster - INFO - 08_operacion_testnet_15m - 42f87334-3bd2-4f90-9ffc-a7e09ff7b84f - warehouse_dbt_build - [0m15:38:08
2026-03-06 15:38:09 +0000 - dagster - INFO - 08_operacion_testnet_15m - 42f87334-3bd2-4f90-9ffc-a7e09ff7b84f - warehouse_dbt_build - [0m15:38:08  [33mCompleted with 2 warnings:[0m
2026-03-06 15:38:09 +0000 - dagster - INFO - 08_operacion_testnet_15m - 42f87334-3bd2-4f90-9ffc-a7e09ff7b84f - warehouse_dbt_build - [0m15:38:08
2026-03-06 15:38:09 +0000 - dagster - INFO - 08_operacion_testnet_15m - 42f87334-3bd2-4f90-9ffc-a7e09ff7b84f - warehouse_dbt_build - [0m15:38:08  [33mWarning in test assert_dex_snapshot_raw_historical (tests/assert_dex_snapshot_raw_historical.sql)[0m
2026-03-06 15:38:09 +0000 - dagster - INFO - 08_operacion_testnet_15m - 42f87334-3bd2-4f90-9ffc-a7e09ff7b84f - warehouse_dbt_build - [0m15:38:09  Got 1 result, configured to warn if != 0
2026-03-06 15:38:09 +0000 - dagster - INFO - 08_operacion_testnet_15m - 42f87334-3bd2-4f90-9ffc-a7e09ff7b84f - warehouse_dbt_build - [0m15:38:09
2026-03-06 15:38:09 +0000 - dagster - INFO - 08_operacion_testnet_15m - 42f87334-3bd2-4f90-9ffc-a7e09ff7b84f - warehouse_dbt_build - [0m15:38:09    compiled code at target/compiled/crypto_trading_lakehouse/tests/assert_dex_snapshot_raw_historical.sql
2026-03-06 15:38:09 +0000 - dagster - INFO - 08_operacion_testnet_15m - 42f87334-3bd2-4f90-9ffc-a7e09ff7b84f - warehouse_dbt_build - [0m15:38:09
2026-03-06 15:38:09 +0000 - dagster - INFO - 08_operacion_testnet_15m - 42f87334-3bd2-4f90-9ffc-a7e09ff7b84f - warehouse_dbt_build - [0m15:38:09  [33mWarning in test unique_fct_decision_features_feature_id (models/schema.yml)[0m
2026-03-06 15:38:09 +0000 - dagster - INFO - 08_operacion_testnet_15m - 42f87334-3bd2-4f90-9ffc-a7e09ff7b84f - warehouse_dbt_build - [0m15:38:09  Got 19 results, configured to warn if != 0
2026-03-06 15:38:09 +0000 - dagster - INFO - 08_operacion_testnet_15m - 42f87334-3bd2-4f90-9ffc-a7e09ff7b84f - warehouse_dbt_build - [0m15:38:09
2026-03-06 15:38:09 +0000 - dagster - INFO - 08_operacion_testnet_15m - 42f87334-3bd2-4f90-9ffc-a7e09ff7b84f - warehouse_dbt_build - [0m15:38:09    compiled code at target/compiled/crypto_trading_lakehouse/models/schema.yml/unique_fct_decision_features_feature_id.sql
2026-03-06 15:38:09 +0000 - dagster - INFO - 08_operacion_testnet_15m - 42f87334-3bd2-4f90-9ffc-a7e09ff7b84f - warehouse_dbt_build - [0m15:38:09
2026-03-06 15:38:09 +0000 - dagster - INFO - 08_operacion_testnet_15m - 42f87334-3bd2-4f90-9ffc-a7e09ff7b84f - warehouse_dbt_build - [0m15:38:09  Done. PASS=32 WARN=2 ERROR=0 SKIP=0 TOTAL=34
2026-03-06 15:38:09 +0000 - dagster - DEBUG - 08_operacion_testnet_15m - 42f87334-3bd2-4f90-9ffc-a7e09ff7b84f - 30654 - warehouse_dbt_build - STEP_OUTPUT - Yielded output "result" of type "Any". (Type check passed).
2026-03-06 15:38:09 +0000 - dagster - DEBUG - 08_operacion_testnet_15m - 42f87334-3bd2-4f90-9ffc-a7e09ff7b84f - 30654 - warehouse_dbt_build - ASSET_MATERIALIZATION - Materialized value warehouse_dbt_build.
2026-03-06 15:38:09 +0000 - dagster - DEBUG - 08_operacion_testnet_15m - 42f87334-3bd2-4f90-9ffc-a7e09ff7b84f - 30654 - warehouse_dbt_build - STEP_SUCCESS - Finished execution of step "warehouse_dbt_build" in 48.48s.
