2026-03-06 14:41:37 +0000 - dagster - DEBUG - 08_operacion_testnet_15m - 391dd594-3eda-43fc-a482-f1fd34741d00 - 23930 - LOGS_CAPTURED - Started capturing logs in process (pid: 23930).
2026-03-06 14:41:37 +0000 - dagster - DEBUG - 08_operacion_testnet_15m - 391dd594-3eda-43fc-a482-f1fd34741d00 - 23930 - warehouse_dbt_build - STEP_START - Started execution of step "warehouse_dbt_build".
2026-03-06 14:41:39 +0000 - dagster - INFO - 08_operacion_testnet_15m - 391dd594-3eda-43fc-a482-f1fd34741d00 - warehouse_dbt_build - [0m14:41:39  Running with dbt=1.8.8
2026-03-06 14:41:39 +0000 - dagster - INFO - 08_operacion_testnet_15m - 391dd594-3eda-43fc-a482-f1fd34741d00 - warehouse_dbt_build - [0m14:41:39  [[33mWARNING[0m]: Deprecated functionality
2026-03-06 14:41:39 +0000 - dagster - INFO - 08_operacion_testnet_15m - 391dd594-3eda-43fc-a482-f1fd34741d00 - warehouse_dbt_build - The `tests` config has been renamed to `data_tests`. Please see
2026-03-06 14:41:39 +0000 - dagster - INFO - 08_operacion_testnet_15m - 391dd594-3eda-43fc-a482-f1fd34741d00 - warehouse_dbt_build - https://docs.getdbt.com/docs/build/data-tests#new-data_tests-syntax for more
2026-03-06 14:41:39 +0000 - dagster - INFO - 08_operacion_testnet_15m - 391dd594-3eda-43fc-a482-f1fd34741d00 - warehouse_dbt_build - information.
2026-03-06 14:41:39 +0000 - dagster - INFO - 08_operacion_testnet_15m - 391dd594-3eda-43fc-a482-f1fd34741d00 - warehouse_dbt_build - [0m14:41:39  Registered adapter: duckdb=1.8.2
2026-03-06 14:41:40 +0000 - dagster - INFO - 08_operacion_testnet_15m - 391dd594-3eda-43fc-a482-f1fd34741d00 - warehouse_dbt_build - [0m14:41:40  [[33mWARNING[0m]: Configuration paths exist in your dbt_project.yml file which do not apply to any resources.
2026-03-06 14:41:40 +0000 - dagster - INFO - 08_operacion_testnet_15m - 391dd594-3eda-43fc-a482-f1fd34741d00 - warehouse_dbt_build - There are 1 unused configuration paths:
2026-03-06 14:41:40 +0000 - dagster - INFO - 08_operacion_testnet_15m - 391dd594-3eda-43fc-a482-f1fd34741d00 - warehouse_dbt_build - - seeds.crypto_trading_lakehouse
2026-03-06 14:41:40 +0000 - dagster - INFO - 08_operacion_testnet_15m - 391dd594-3eda-43fc-a482-f1fd34741d00 - warehouse_dbt_build - [0m14:41:40  Found 16 models, 18 data tests, 24 sources, 417 macros
2026-03-06 14:41:40 +0000 - dagster - INFO - 08_operacion_testnet_15m - 391dd594-3eda-43fc-a482-f1fd34741d00 - warehouse_dbt_build - [0m14:41:40
2026-03-06 14:41:40 +0000 - dagster - INFO - 08_operacion_testnet_15m - 391dd594-3eda-43fc-a482-f1fd34741d00 - warehouse_dbt_build - [0m14:41:40  Concurrency: 2 threads (target='local')
2026-03-06 14:41:40 +0000 - dagster - INFO - 08_operacion_testnet_15m - 391dd594-3eda-43fc-a482-f1fd34741d00 - warehouse_dbt_build - [0m14:41:40
2026-03-06 14:41:40 +0000 - dagster - INFO - 08_operacion_testnet_15m - 391dd594-3eda-43fc-a482-f1fd34741d00 - warehouse_dbt_build - [0m14:41:40  1 of 34 START sql view model main.br_news_sentiment ............................ [RUN]
2026-03-06 14:41:40 +0000 - dagster - INFO - 08_operacion_testnet_15m - 391dd594-3eda-43fc-a482-f1fd34741d00 - warehouse_dbt_build - [0m14:41:40  2 of 34 START sql incremental model main.br_stock_prices ....................... [RUN]
2026-03-06 14:41:41 +0000 - dagster - INFO - 08_operacion_testnet_15m - 391dd594-3eda-43fc-a482-f1fd34741d00 - warehouse_dbt_build - [0m14:41:41  1 of 34 OK created sql view model main.br_news_sentiment ....................... [[32mOK[0m in 0.35s]
2026-03-06 14:41:41 +0000 - dagster - INFO - 08_operacion_testnet_15m - 391dd594-3eda-43fc-a482-f1fd34741d00 - warehouse_dbt_build - [0m14:41:41  3 of 34 START sql view model main.br_x_sentiment ............................... [RUN]
2026-03-06 14:41:41 +0000 - dagster - INFO - 08_operacion_testnet_15m - 391dd594-3eda-43fc-a482-f1fd34741d00 - warehouse_dbt_build - [0m14:41:41  2 of 34 OK created sql incremental model main.br_stock_prices .................. [[32mOK[0m in 0.57s]
2026-03-06 14:41:41 +0000 - dagster - INFO - 08_operacion_testnet_15m - 391dd594-3eda-43fc-a482-f1fd34741d00 - warehouse_dbt_build - [0m14:41:41  4 of 34 START sql table model main.fct_approved_orders ......................... [RUN]
2026-03-06 14:41:41 +0000 - dagster - INFO - 08_operacion_testnet_15m - 391dd594-3eda-43fc-a482-f1fd34741d00 - warehouse_dbt_build - [0m14:41:41  3 of 34 OK created sql view model main.br_x_sentiment .......................... [[32mOK[0m in 0.32s]
2026-03-06 14:41:41 +0000 - dagster - INFO - 08_operacion_testnet_15m - 391dd594-3eda-43fc-a482-f1fd34741d00 - warehouse_dbt_build - [0m14:41:41  5 of 34 START sql table model main.fct_raw_signals ............................. [RUN]
2026-03-06 14:41:41 +0000 - dagster - INFO - 08_operacion_testnet_15m - 391dd594-3eda-43fc-a482-f1fd34741d00 - warehouse_dbt_build - [0m14:41:41  4 of 34 OK created sql table model main.fct_approved_orders .................... [[32mOK[0m in 0.28s]
2026-03-06 14:41:41 +0000 - dagster - INFO - 08_operacion_testnet_15m - 391dd594-3eda-43fc-a482-f1fd34741d00 - warehouse_dbt_build - [0m14:41:41  6 of 34 START sql table model main.int_mlflow_runs ............................. [RUN]
2026-03-06 14:41:41 +0000 - dagster - INFO - 08_operacion_testnet_15m - 391dd594-3eda-43fc-a482-f1fd34741d00 - warehouse_dbt_build - [0m14:41:41  5 of 34 OK created sql table model main.fct_raw_signals ........................ [[32mOK[0m in 0.28s]
2026-03-06 14:41:41 +0000 - dagster - INFO - 08_operacion_testnet_15m - 391dd594-3eda-43fc-a482-f1fd34741d00 - warehouse_dbt_build - [0m14:41:41  7 of 34 START sql table model main.int_optuna_trials ........................... [RUN]
2026-03-06 14:41:41 +0000 - dagster - INFO - 08_operacion_testnet_15m - 391dd594-3eda-43fc-a482-f1fd34741d00 - warehouse_dbt_build - [0m14:41:41  6 of 34 OK created sql table model main.int_mlflow_runs ........................ [[32mOK[0m in 0.27s]
2026-03-06 14:41:41 +0000 - dagster - INFO - 08_operacion_testnet_15m - 391dd594-3eda-43fc-a482-f1fd34741d00 - warehouse_dbt_build - [0m14:41:41  8 of 34 START test assert_cross_exchange_snapshot_raw_historical ............... [RUN]
2026-03-06 14:41:41 +0000 - dagster - INFO - 08_operacion_testnet_15m - 391dd594-3eda-43fc-a482-f1fd34741d00 - warehouse_dbt_build - [0m14:41:41  8 of 34 PASS assert_cross_exchange_snapshot_raw_historical ..................... [[32mPASS[0m in 0.09s]
2026-03-06 14:41:41 +0000 - dagster - INFO - 08_operacion_testnet_15m - 391dd594-3eda-43fc-a482-f1fd34741d00 - warehouse_dbt_build - [0m14:41:41  9 of 34 START test assert_derivatives_flow_raw_historical ...................... [RUN]
2026-03-06 14:41:42 +0000 - dagster - INFO - 08_operacion_testnet_15m - 391dd594-3eda-43fc-a482-f1fd34741d00 - warehouse_dbt_build - [0m14:41:42  7 of 34 OK created sql table model main.int_optuna_trials ...................... [[32mOK[0m in 0.43s]
2026-03-06 14:41:42 +0000 - dagster - INFO - 08_operacion_testnet_15m - 391dd594-3eda-43fc-a482-f1fd34741d00 - warehouse_dbt_build - [0m14:41:42  10 of 34 START test assert_derivatives_snapshot_raw_historical ................. [RUN]
2026-03-06 14:41:42 +0000 - dagster - INFO - 08_operacion_testnet_15m - 391dd594-3eda-43fc-a482-f1fd34741d00 - warehouse_dbt_build - [0m14:41:42  10 of 34 PASS assert_derivatives_snapshot_raw_historical ....................... [[32mPASS[0m in 0.06s]
2026-03-06 14:41:42 +0000 - dagster - INFO - 08_operacion_testnet_15m - 391dd594-3eda-43fc-a482-f1fd34741d00 - warehouse_dbt_build - [0m14:41:42  9 of 34 PASS assert_derivatives_flow_raw_historical ............................ [[32mPASS[0m in 0.26s]
2026-03-06 14:41:42 +0000 - dagster - INFO - 08_operacion_testnet_15m - 391dd594-3eda-43fc-a482-f1fd34741d00 - warehouse_dbt_build - [0m14:41:42  11 of 34 START test assert_dex_snapshot_raw_historical ......................... [RUN]
2026-03-06 14:41:42 +0000 - dagster - INFO - 08_operacion_testnet_15m - 391dd594-3eda-43fc-a482-f1fd34741d00 - warehouse_dbt_build - [0m14:41:42  12 of 34 START test assert_fear_greed_raw_historical ........................... [RUN]
2026-03-06 14:41:42 +0000 - dagster - INFO - 08_operacion_testnet_15m - 391dd594-3eda-43fc-a482-f1fd34741d00 - warehouse_dbt_build - [0m14:41:42  12 of 34 PASS assert_fear_greed_raw_historical ................................. [[32mPASS[0m in 0.10s]
2026-03-06 14:41:42 +0000 - dagster - INFO - 08_operacion_testnet_15m - 391dd594-3eda-43fc-a482-f1fd34741d00 - warehouse_dbt_build - [0m14:41:42  13 of 34 START test assert_market_snapshot_raw_historical ...................... [RUN]
2026-03-06 14:41:42 +0000 - dagster - INFO - 08_operacion_testnet_15m - 391dd594-3eda-43fc-a482-f1fd34741d00 - warehouse_dbt_build - [0m14:41:42  11 of 34 WARN 1 assert_dex_snapshot_raw_historical ............................. [[33mWARN 1[0m in 0.12s]
2026-03-06 14:41:42 +0000 - dagster - INFO - 08_operacion_testnet_15m - 391dd594-3eda-43fc-a482-f1fd34741d00 - warehouse_dbt_build - [0m14:41:42  14 of 34 START test not_null_int_mlflow_runs_run_uuid .......................... [RUN]
2026-03-06 14:41:42 +0000 - dagster - INFO - 08_operacion_testnet_15m - 391dd594-3eda-43fc-a482-f1fd34741d00 - warehouse_dbt_build - [0m14:41:42  13 of 34 PASS assert_market_snapshot_raw_historical ............................ [[32mPASS[0m in 0.14s]
2026-03-06 14:41:42 +0000 - dagster - INFO - 08_operacion_testnet_15m - 391dd594-3eda-43fc-a482-f1fd34741d00 - warehouse_dbt_build - [0m14:41:42  14 of 34 PASS not_null_int_mlflow_runs_run_uuid ................................ [[32mPASS[0m in 0.13s]
2026-03-06 14:41:42 +0000 - dagster - INFO - 08_operacion_testnet_15m - 391dd594-3eda-43fc-a482-f1fd34741d00 - warehouse_dbt_build - [0m14:41:42  15 of 34 START test unique_int_mlflow_runs_run_uuid ............................ [RUN]
2026-03-06 14:41:42 +0000 - dagster - INFO - 08_operacion_testnet_15m - 391dd594-3eda-43fc-a482-f1fd34741d00 - warehouse_dbt_build - [0m14:41:42  16 of 34 START test not_null_int_optuna_trials_trial_id ........................ [RUN]
2026-03-06 14:41:42 +0000 - dagster - INFO - 08_operacion_testnet_15m - 391dd594-3eda-43fc-a482-f1fd34741d00 - warehouse_dbt_build - [0m14:41:42  16 of 34 PASS not_null_int_optuna_trials_trial_id .............................. [[32mPASS[0m in 0.11s]
2026-03-06 14:41:42 +0000 - dagster - INFO - 08_operacion_testnet_15m - 391dd594-3eda-43fc-a482-f1fd34741d00 - warehouse_dbt_build - [0m14:41:42  17 of 34 START test unique_int_optuna_trials_trial_id .......................... [RUN]
2026-03-06 14:41:42 +0000 - dagster - INFO - 08_operacion_testnet_15m - 391dd594-3eda-43fc-a482-f1fd34741d00 - warehouse_dbt_build - [0m14:41:42  15 of 34 PASS unique_int_mlflow_runs_run_uuid .................................. [[32mPASS[0m in 0.13s]
2026-03-06 14:41:42 +0000 - dagster - INFO - 08_operacion_testnet_15m - 391dd594-3eda-43fc-a482-f1fd34741d00 - warehouse_dbt_build - [0m14:41:42  18 of 34 START sql incremental model main.br_macro_context ..................... [RUN]
2026-03-06 14:41:42 +0000 - dagster - INFO - 08_operacion_testnet_15m - 391dd594-3eda-43fc-a482-f1fd34741d00 - warehouse_dbt_build - [0m14:41:42  17 of 34 PASS unique_int_optuna_trials_trial_id ................................ [[32mPASS[0m in 0.11s]
2026-03-06 14:41:42 +0000 - dagster - INFO - 08_operacion_testnet_15m - 391dd594-3eda-43fc-a482-f1fd34741d00 - warehouse_dbt_build - [0m14:41:42  19 of 34 START sql incremental model main.br_market_snapshot ................... [RUN]
2026-03-06 14:41:43 +0000 - dagster - INFO - 08_operacion_testnet_15m - 391dd594-3eda-43fc-a482-f1fd34741d00 - warehouse_dbt_build - [0m14:41:42  18 of 34 OK created sql incremental model main.br_macro_context ................ [[32mOK[0m in 0.35s]
2026-03-06 14:41:44 +0000 - dagster - INFO - 08_operacion_testnet_15m - 391dd594-3eda-43fc-a482-f1fd34741d00 - warehouse_dbt_build - [0m14:41:44  19 of 34 OK created sql incremental model main.br_market_snapshot .............. [[32mOK[0m in 1.30s]
2026-03-06 14:41:44 +0000 - dagster - INFO - 08_operacion_testnet_15m - 391dd594-3eda-43fc-a482-f1fd34741d00 - warehouse_dbt_build - [0m14:41:44  20 of 34 START test not_null_br_market_snapshot_event_time ..................... [RUN]
2026-03-06 14:41:44 +0000 - dagster - INFO - 08_operacion_testnet_15m - 391dd594-3eda-43fc-a482-f1fd34741d00 - warehouse_dbt_build - [0m14:41:44  21 of 34 START test not_null_br_market_snapshot_symbol ......................... [RUN]
2026-03-06 14:41:44 +0000 - dagster - INFO - 08_operacion_testnet_15m - 391dd594-3eda-43fc-a482-f1fd34741d00 - warehouse_dbt_build - [0m14:41:44  20 of 34 PASS not_null_br_market_snapshot_event_time ........................... [[32mPASS[0m in 0.12s]
2026-03-06 14:41:44 +0000 - dagster - INFO - 08_operacion_testnet_15m - 391dd594-3eda-43fc-a482-f1fd34741d00 - warehouse_dbt_build - [0m14:41:44  21 of 34 PASS not_null_br_market_snapshot_symbol ............................... [[32mPASS[0m in 0.12s]
2026-03-06 14:41:44 +0000 - dagster - INFO - 08_operacion_testnet_15m - 391dd594-3eda-43fc-a482-f1fd34741d00 - warehouse_dbt_build - [0m14:41:44  22 of 34 START sql incremental model main.slv_decision_features ................ [RUN]
2026-03-06 14:41:45 +0000 - dagster - INFO - 08_operacion_testnet_15m - 391dd594-3eda-43fc-a482-f1fd34741d00 - warehouse_dbt_build - [0m14:41:45  22 of 34 OK created sql incremental model main.slv_decision_features ........... [[32mOK[0m in 1.24s]
2026-03-06 14:41:45 +0000 - dagster - INFO - 08_operacion_testnet_15m - 391dd594-3eda-43fc-a482-f1fd34741d00 - warehouse_dbt_build - [0m14:41:45  23 of 34 START test not_null_slv_decision_features_event_time .................. [RUN]
2026-03-06 14:41:45 +0000 - dagster - INFO - 08_operacion_testnet_15m - 391dd594-3eda-43fc-a482-f1fd34741d00 - warehouse_dbt_build - [0m14:41:45  24 of 34 START test not_null_slv_decision_features_symbol ...................... [RUN]
2026-03-06 14:41:45 +0000 - dagster - INFO - 08_operacion_testnet_15m - 391dd594-3eda-43fc-a482-f1fd34741d00 - warehouse_dbt_build - [0m14:41:45  24 of 34 PASS not_null_slv_decision_features_symbol ............................ [[32mPASS[0m in 0.13s]
2026-03-06 14:41:45 +0000 - dagster - INFO - 08_operacion_testnet_15m - 391dd594-3eda-43fc-a482-f1fd34741d00 - warehouse_dbt_build - [0m14:41:45  23 of 34 PASS not_null_slv_decision_features_event_time ........................ [[32mPASS[0m in 0.14s]
2026-03-06 14:41:45 +0000 - dagster - INFO - 08_operacion_testnet_15m - 391dd594-3eda-43fc-a482-f1fd34741d00 - warehouse_dbt_build - [0m14:41:45  25 of 34 START sql incremental model main.decision_features .................... [RUN]
2026-03-06 14:41:45 +0000 - dagster - INFO - 08_operacion_testnet_15m - 391dd594-3eda-43fc-a482-f1fd34741d00 - warehouse_dbt_build - [0m14:41:45  26 of 34 START sql table model main.fct_liquidity_profile ...................... [RUN]
2026-03-06 14:41:46 +0000 - dagster - INFO - 08_operacion_testnet_15m - 391dd594-3eda-43fc-a482-f1fd34741d00 - warehouse_dbt_build - [0m14:41:46  26 of 34 OK created sql table model main.fct_liquidity_profile ................. [[32mOK[0m in 0.65s]
2026-03-06 14:41:46 +0000 - dagster - INFO - 08_operacion_testnet_15m - 391dd594-3eda-43fc-a482-f1fd34741d00 - warehouse_dbt_build - [0m14:41:46  27 of 34 START sql table model main.fct_symbol_performance ..................... [RUN]
2026-03-06 14:41:46 +0000 - dagster - INFO - 08_operacion_testnet_15m - 391dd594-3eda-43fc-a482-f1fd34741d00 - warehouse_dbt_build - [0m14:41:46  25 of 34 OK created sql incremental model main.decision_features ............... [[32mOK[0m in 1.22s]
2026-03-06 14:41:46 +0000 - dagster - INFO - 08_operacion_testnet_15m - 391dd594-3eda-43fc-a482-f1fd34741d00 - warehouse_dbt_build - [0m14:41:46  28 of 34 START test not_null_fct_decision_features_event_time .................. [RUN]
2026-03-06 14:41:46 +0000 - dagster - INFO - 08_operacion_testnet_15m - 391dd594-3eda-43fc-a482-f1fd34741d00 - warehouse_dbt_build - [0m14:41:46  28 of 34 PASS not_null_fct_decision_features_event_time ........................ [[32mPASS[0m in 0.07s]
2026-03-06 14:41:46 +0000 - dagster - INFO - 08_operacion_testnet_15m - 391dd594-3eda-43fc-a482-f1fd34741d00 - warehouse_dbt_build - [0m14:41:46  29 of 34 START test not_null_fct_decision_features_feature_id .................. [RUN]
2026-03-06 14:41:46 +0000 - dagster - INFO - 08_operacion_testnet_15m - 391dd594-3eda-43fc-a482-f1fd34741d00 - warehouse_dbt_build - [0m14:41:46  29 of 34 PASS not_null_fct_decision_features_feature_id ........................ [[32mPASS[0m in 0.07s]
2026-03-06 14:41:47 +0000 - dagster - INFO - 08_operacion_testnet_15m - 391dd594-3eda-43fc-a482-f1fd34741d00 - warehouse_dbt_build - [0m14:41:46  30 of 34 START test not_null_fct_decision_features_symbol ...................... [RUN]
2026-03-06 14:41:47 +0000 - dagster - INFO - 08_operacion_testnet_15m - 391dd594-3eda-43fc-a482-f1fd34741d00 - warehouse_dbt_build - [0m14:41:47  30 of 34 PASS not_null_fct_decision_features_symbol ............................ [[32mPASS[0m in 0.10s]
2026-03-06 14:41:47 +0000 - dagster - INFO - 08_operacion_testnet_15m - 391dd594-3eda-43fc-a482-f1fd34741d00 - warehouse_dbt_build - [0m14:41:47  31 of 34 START test unique_fct_decision_features_feature_id .................... [RUN]
2026-03-06 14:41:47 +0000 - dagster - INFO - 08_operacion_testnet_15m - 391dd594-3eda-43fc-a482-f1fd34741d00 - warehouse_dbt_build - [0m14:41:47  31 of 34 WARN 19 unique_fct_decision_features_feature_id ....................... [[33mWARN 19[0m in 0.11s]
2026-03-06 14:41:47 +0000 - dagster - INFO - 08_operacion_testnet_15m - 391dd594-3eda-43fc-a482-f1fd34741d00 - warehouse_dbt_build - [0m14:41:47  32 of 34 START sql table model main.fct_anomaly_detection ...................... [RUN]
2026-03-06 14:41:47 +0000 - dagster - INFO - 08_operacion_testnet_15m - 391dd594-3eda-43fc-a482-f1fd34741d00 - warehouse_dbt_build - [0m14:41:47  32 of 34 OK created sql table model main.fct_anomaly_detection ................. [[32mOK[0m in 0.34s]
2026-03-06 14:41:47 +0000 - dagster - INFO - 08_operacion_testnet_15m - 391dd594-3eda-43fc-a482-f1fd34741d00 - warehouse_dbt_build - [0m14:41:47  33 of 34 START sql table model main.fct_market_summary ......................... [RUN]
2026-03-06 14:41:47 +0000 - dagster - INFO - 08_operacion_testnet_15m - 391dd594-3eda-43fc-a482-f1fd34741d00 - warehouse_dbt_build - [0m14:41:47  33 of 34 OK created sql table model main.fct_market_summary .................... [[32mOK[0m in 0.18s]
2026-03-06 14:41:47 +0000 - dagster - INFO - 08_operacion_testnet_15m - 391dd594-3eda-43fc-a482-f1fd34741d00 - warehouse_dbt_build - [0m14:41:47  34 of 34 START sql table model main.fct_momentum_rankings ...................... [RUN]
2026-03-06 14:41:47 +0000 - dagster - INFO - 08_operacion_testnet_15m - 391dd594-3eda-43fc-a482-f1fd34741d00 - warehouse_dbt_build - [0m14:41:47  34 of 34 OK created sql table model main.fct_momentum_rankings ................. [[32mOK[0m in 0.15s]
2026-03-06 14:41:49 +0000 - dagster - INFO - 08_operacion_testnet_15m - 391dd594-3eda-43fc-a482-f1fd34741d00 - warehouse_dbt_build - [0m14:41:49  27 of 34 OK created sql table model main.fct_symbol_performance ................ [[32mOK[0m in 3.35s]
2026-03-06 14:41:49 +0000 - dagster - INFO - 08_operacion_testnet_15m - 391dd594-3eda-43fc-a482-f1fd34741d00 - warehouse_dbt_build - [0m14:41:49
2026-03-06 14:41:49 +0000 - dagster - INFO - 08_operacion_testnet_15m - 391dd594-3eda-43fc-a482-f1fd34741d00 - warehouse_dbt_build - [0m14:41:49  Finished running 2 view models, 5 incremental models, 9 table models, 18 data tests in 0 hours 0 minutes and 9.38 seconds (9.38s).
2026-03-06 14:41:49 +0000 - dagster - INFO - 08_operacion_testnet_15m - 391dd594-3eda-43fc-a482-f1fd34741d00 - warehouse_dbt_build - [0m14:41:49
2026-03-06 14:41:49 +0000 - dagster - INFO - 08_operacion_testnet_15m - 391dd594-3eda-43fc-a482-f1fd34741d00 - warehouse_dbt_build - [0m14:41:49  [33mCompleted with 2 warnings:[0m
2026-03-06 14:41:49 +0000 - dagster - INFO - 08_operacion_testnet_15m - 391dd594-3eda-43fc-a482-f1fd34741d00 - warehouse_dbt_build - [0m14:41:49
2026-03-06 14:41:49 +0000 - dagster - INFO - 08_operacion_testnet_15m - 391dd594-3eda-43fc-a482-f1fd34741d00 - warehouse_dbt_build - [0m14:41:49  [33mWarning in test assert_dex_snapshot_raw_historical (tests/assert_dex_snapshot_raw_historical.sql)[0m
2026-03-06 14:41:49 +0000 - dagster - INFO - 08_operacion_testnet_15m - 391dd594-3eda-43fc-a482-f1fd34741d00 - warehouse_dbt_build - [0m14:41:49  Got 1 result, configured to warn if != 0
2026-03-06 14:41:49 +0000 - dagster - INFO - 08_operacion_testnet_15m - 391dd594-3eda-43fc-a482-f1fd34741d00 - warehouse_dbt_build - [0m14:41:49
2026-03-06 14:41:49 +0000 - dagster - INFO - 08_operacion_testnet_15m - 391dd594-3eda-43fc-a482-f1fd34741d00 - warehouse_dbt_build - [0m14:41:49    compiled code at target/compiled/crypto_trading_lakehouse/tests/assert_dex_snapshot_raw_historical.sql
2026-03-06 14:41:50 +0000 - dagster - INFO - 08_operacion_testnet_15m - 391dd594-3eda-43fc-a482-f1fd34741d00 - warehouse_dbt_build - [0m14:41:49
2026-03-06 14:41:50 +0000 - dagster - INFO - 08_operacion_testnet_15m - 391dd594-3eda-43fc-a482-f1fd34741d00 - warehouse_dbt_build - [0m14:41:49  [33mWarning in test unique_fct_decision_features_feature_id (models/schema.yml)[0m
2026-03-06 14:41:50 +0000 - dagster - INFO - 08_operacion_testnet_15m - 391dd594-3eda-43fc-a482-f1fd34741d00 - warehouse_dbt_build - [0m14:41:49  Got 19 results, configured to warn if != 0
2026-03-06 14:41:50 +0000 - dagster - INFO - 08_operacion_testnet_15m - 391dd594-3eda-43fc-a482-f1fd34741d00 - warehouse_dbt_build - [0m14:41:49
2026-03-06 14:41:50 +0000 - dagster - INFO - 08_operacion_testnet_15m - 391dd594-3eda-43fc-a482-f1fd34741d00 - warehouse_dbt_build - [0m14:41:49    compiled code at target/compiled/crypto_trading_lakehouse/models/schema.yml/unique_fct_decision_features_feature_id.sql
2026-03-06 14:41:50 +0000 - dagster - INFO - 08_operacion_testnet_15m - 391dd594-3eda-43fc-a482-f1fd34741d00 - warehouse_dbt_build - [0m14:41:49
2026-03-06 14:41:50 +0000 - dagster - INFO - 08_operacion_testnet_15m - 391dd594-3eda-43fc-a482-f1fd34741d00 - warehouse_dbt_build - [0m14:41:49  Done. PASS=32 WARN=2 ERROR=0 SKIP=0 TOTAL=34
2026-03-06 14:41:50 +0000 - dagster - DEBUG - 08_operacion_testnet_15m - 391dd594-3eda-43fc-a482-f1fd34741d00 - 23930 - warehouse_dbt_build - STEP_OUTPUT - Yielded output "result" of type "Any". (Type check passed).
2026-03-06 14:41:50 +0000 - dagster - DEBUG - 08_operacion_testnet_15m - 391dd594-3eda-43fc-a482-f1fd34741d00 - 23930 - warehouse_dbt_build - ASSET_MATERIALIZATION - Materialized value warehouse_dbt_build.
2026-03-06 14:41:50 +0000 - dagster - DEBUG - 08_operacion_testnet_15m - 391dd594-3eda-43fc-a482-f1fd34741d00 - 23930 - warehouse_dbt_build - STEP_SUCCESS - Finished execution of step "warehouse_dbt_build" in 13.65s.
