2026-03-06 16:31:56 +0000 - dagster - DEBUG - 04_pipeline_datos_completo - 4eb8ea81-2b64-4877-b349-726d3d98960f - 5518 - LOGS_CAPTURED - Started capturing logs in process (pid: 5518).
2026-03-06 16:31:56 +0000 - dagster - DEBUG - 04_pipeline_datos_completo - 4eb8ea81-2b64-4877-b349-726d3d98960f - 5518 - warehouse_dbt_build - STEP_START - Started execution of step "warehouse_dbt_build".
2026-03-06 16:31:58 +0000 - dagster - INFO - 04_pipeline_datos_completo - 4eb8ea81-2b64-4877-b349-726d3d98960f - warehouse_dbt_build - [0m16:31:58  Running with dbt=1.8.8
2026-03-06 16:31:59 +0000 - dagster - INFO - 04_pipeline_datos_completo - 4eb8ea81-2b64-4877-b349-726d3d98960f - warehouse_dbt_build - [0m16:31:59  [[33mWARNING[0m]: Deprecated functionality
2026-03-06 16:31:59 +0000 - dagster - INFO - 04_pipeline_datos_completo - 4eb8ea81-2b64-4877-b349-726d3d98960f - warehouse_dbt_build - The `tests` config has been renamed to `data_tests`. Please see
2026-03-06 16:31:59 +0000 - dagster - INFO - 04_pipeline_datos_completo - 4eb8ea81-2b64-4877-b349-726d3d98960f - warehouse_dbt_build - https://docs.getdbt.com/docs/build/data-tests#new-data_tests-syntax for more
2026-03-06 16:31:59 +0000 - dagster - INFO - 04_pipeline_datos_completo - 4eb8ea81-2b64-4877-b349-726d3d98960f - warehouse_dbt_build - information.
2026-03-06 16:31:59 +0000 - dagster - INFO - 04_pipeline_datos_completo - 4eb8ea81-2b64-4877-b349-726d3d98960f - warehouse_dbt_build - [0m16:31:59  Registered adapter: duckdb=1.8.2
2026-03-06 16:32:00 +0000 - dagster - INFO - 04_pipeline_datos_completo - 4eb8ea81-2b64-4877-b349-726d3d98960f - warehouse_dbt_build - [0m16:32:00  [[33mWARNING[0m]: Configuration paths exist in your dbt_project.yml file which do not apply to any resources.
2026-03-06 16:32:00 +0000 - dagster - INFO - 04_pipeline_datos_completo - 4eb8ea81-2b64-4877-b349-726d3d98960f - warehouse_dbt_build - There are 1 unused configuration paths:
2026-03-06 16:32:00 +0000 - dagster - INFO - 04_pipeline_datos_completo - 4eb8ea81-2b64-4877-b349-726d3d98960f - warehouse_dbt_build - - seeds.crypto_trading_lakehouse
2026-03-06 16:32:00 +0000 - dagster - INFO - 04_pipeline_datos_completo - 4eb8ea81-2b64-4877-b349-726d3d98960f - warehouse_dbt_build - [0m16:32:00  Found 16 models, 18 data tests, 24 sources, 417 macros
2026-03-06 16:32:00 +0000 - dagster - INFO - 04_pipeline_datos_completo - 4eb8ea81-2b64-4877-b349-726d3d98960f - warehouse_dbt_build - [0m16:32:00
2026-03-06 16:32:00 +0000 - dagster - INFO - 04_pipeline_datos_completo - 4eb8ea81-2b64-4877-b349-726d3d98960f - warehouse_dbt_build - [0m16:32:00  Concurrency: 2 threads (target='local')
2026-03-06 16:32:00 +0000 - dagster - INFO - 04_pipeline_datos_completo - 4eb8ea81-2b64-4877-b349-726d3d98960f - warehouse_dbt_build - [0m16:32:00
2026-03-06 16:32:00 +0000 - dagster - INFO - 04_pipeline_datos_completo - 4eb8ea81-2b64-4877-b349-726d3d98960f - warehouse_dbt_build - [0m16:32:00  1 of 34 START sql view model main.br_news_sentiment ............................ [RUN]
2026-03-06 16:32:00 +0000 - dagster - INFO - 04_pipeline_datos_completo - 4eb8ea81-2b64-4877-b349-726d3d98960f - warehouse_dbt_build - [0m16:32:00  2 of 34 START sql incremental model main.br_stock_prices ....................... [RUN]
2026-03-06 16:32:01 +0000 - dagster - INFO - 04_pipeline_datos_completo - 4eb8ea81-2b64-4877-b349-726d3d98960f - warehouse_dbt_build - [0m16:32:01  1 of 34 OK created sql view model main.br_news_sentiment ....................... [[32mOK[0m in 0.42s]
2026-03-06 16:32:01 +0000 - dagster - INFO - 04_pipeline_datos_completo - 4eb8ea81-2b64-4877-b349-726d3d98960f - warehouse_dbt_build - [0m16:32:01  3 of 34 START sql view model main.br_x_sentiment ............................... [RUN]
2026-03-06 16:32:01 +0000 - dagster - INFO - 04_pipeline_datos_completo - 4eb8ea81-2b64-4877-b349-726d3d98960f - warehouse_dbt_build - [0m16:32:01  2 of 34 OK created sql incremental model main.br_stock_prices .................. [[32mOK[0m in 0.62s]
2026-03-06 16:32:01 +0000 - dagster - INFO - 04_pipeline_datos_completo - 4eb8ea81-2b64-4877-b349-726d3d98960f - warehouse_dbt_build - [0m16:32:01  4 of 34 START sql table model main.fct_approved_orders ......................... [RUN]
2026-03-06 16:32:01 +0000 - dagster - INFO - 04_pipeline_datos_completo - 4eb8ea81-2b64-4877-b349-726d3d98960f - warehouse_dbt_build - [0m16:32:01  3 of 34 OK created sql view model main.br_x_sentiment .......................... [[32mOK[0m in 0.32s]
2026-03-06 16:32:01 +0000 - dagster - INFO - 04_pipeline_datos_completo - 4eb8ea81-2b64-4877-b349-726d3d98960f - warehouse_dbt_build - [0m16:32:01  5 of 34 START sql table model main.fct_raw_signals ............................. [RUN]
2026-03-06 16:32:01 +0000 - dagster - INFO - 04_pipeline_datos_completo - 4eb8ea81-2b64-4877-b349-726d3d98960f - warehouse_dbt_build - [0m16:32:01  4 of 34 OK created sql table model main.fct_approved_orders .................... [[32mOK[0m in 0.32s]
2026-03-06 16:32:01 +0000 - dagster - INFO - 04_pipeline_datos_completo - 4eb8ea81-2b64-4877-b349-726d3d98960f - warehouse_dbt_build - [0m16:32:01  6 of 34 START sql table model main.int_mlflow_runs ............................. [RUN]
2026-03-06 16:32:01 +0000 - dagster - INFO - 04_pipeline_datos_completo - 4eb8ea81-2b64-4877-b349-726d3d98960f - warehouse_dbt_build - [0m16:32:01  5 of 34 OK created sql table model main.fct_raw_signals ........................ [[32mOK[0m in 0.35s]
2026-03-06 16:32:02 +0000 - dagster - INFO - 04_pipeline_datos_completo - 4eb8ea81-2b64-4877-b349-726d3d98960f - warehouse_dbt_build - [0m16:32:01  7 of 34 START sql table model main.int_optuna_trials ........................... [RUN]
2026-03-06 16:32:02 +0000 - dagster - INFO - 04_pipeline_datos_completo - 4eb8ea81-2b64-4877-b349-726d3d98960f - warehouse_dbt_build - [0m16:32:02  6 of 34 OK created sql table model main.int_mlflow_runs ........................ [[32mOK[0m in 0.34s]
2026-03-06 16:32:02 +0000 - dagster - INFO - 04_pipeline_datos_completo - 4eb8ea81-2b64-4877-b349-726d3d98960f - warehouse_dbt_build - [0m16:32:02  8 of 34 START test assert_cross_exchange_snapshot_raw_historical ............... [RUN]
2026-03-06 16:32:02 +0000 - dagster - INFO - 04_pipeline_datos_completo - 4eb8ea81-2b64-4877-b349-726d3d98960f - warehouse_dbt_build - [0m16:32:02  8 of 34 PASS assert_cross_exchange_snapshot_raw_historical ..................... [[32mPASS[0m in 0.10s]
2026-03-06 16:32:02 +0000 - dagster - INFO - 04_pipeline_datos_completo - 4eb8ea81-2b64-4877-b349-726d3d98960f - warehouse_dbt_build - [0m16:32:02  9 of 34 START test assert_derivatives_flow_raw_historical ...................... [RUN]
2026-03-06 16:32:02 +0000 - dagster - INFO - 04_pipeline_datos_completo - 4eb8ea81-2b64-4877-b349-726d3d98960f - warehouse_dbt_build - [0m16:32:02  7 of 34 OK created sql table model main.int_optuna_trials ...................... [[32mOK[0m in 0.51s]
2026-03-06 16:32:02 +0000 - dagster - INFO - 04_pipeline_datos_completo - 4eb8ea81-2b64-4877-b349-726d3d98960f - warehouse_dbt_build - [0m16:32:02  10 of 34 START test assert_derivatives_snapshot_raw_historical ................. [RUN]
2026-03-06 16:32:02 +0000 - dagster - INFO - 04_pipeline_datos_completo - 4eb8ea81-2b64-4877-b349-726d3d98960f - warehouse_dbt_build - [0m16:32:02  9 of 34 PASS assert_derivatives_flow_raw_historical ............................ [[32mPASS[0m in 0.29s]
2026-03-06 16:32:02 +0000 - dagster - INFO - 04_pipeline_datos_completo - 4eb8ea81-2b64-4877-b349-726d3d98960f - warehouse_dbt_build - [0m16:32:02  10 of 34 PASS assert_derivatives_snapshot_raw_historical ....................... [[32mPASS[0m in 0.08s]
2026-03-06 16:32:02 +0000 - dagster - INFO - 04_pipeline_datos_completo - 4eb8ea81-2b64-4877-b349-726d3d98960f - warehouse_dbt_build - [0m16:32:02  11 of 34 START test assert_dex_snapshot_raw_historical ......................... [RUN]
2026-03-06 16:32:02 +0000 - dagster - INFO - 04_pipeline_datos_completo - 4eb8ea81-2b64-4877-b349-726d3d98960f - warehouse_dbt_build - [0m16:32:02  12 of 34 START test assert_fear_greed_raw_historical ........................... [RUN]
2026-03-06 16:32:02 +0000 - dagster - INFO - 04_pipeline_datos_completo - 4eb8ea81-2b64-4877-b349-726d3d98960f - warehouse_dbt_build - [0m16:32:02  12 of 34 PASS assert_fear_greed_raw_historical ................................. [[32mPASS[0m in 0.12s]
2026-03-06 16:32:02 +0000 - dagster - INFO - 04_pipeline_datos_completo - 4eb8ea81-2b64-4877-b349-726d3d98960f - warehouse_dbt_build - [0m16:32:02  11 of 34 WARN 1 assert_dex_snapshot_raw_historical ............................. [[33mWARN 1[0m in 0.14s]
2026-03-06 16:32:02 +0000 - dagster - INFO - 04_pipeline_datos_completo - 4eb8ea81-2b64-4877-b349-726d3d98960f - warehouse_dbt_build - [0m16:32:02  13 of 34 START test assert_market_snapshot_raw_historical ...................... [RUN]
2026-03-06 16:32:02 +0000 - dagster - INFO - 04_pipeline_datos_completo - 4eb8ea81-2b64-4877-b349-726d3d98960f - warehouse_dbt_build - [0m16:32:02  14 of 34 START test not_null_int_mlflow_runs_run_uuid .......................... [RUN]
2026-03-06 16:32:02 +0000 - dagster - INFO - 04_pipeline_datos_completo - 4eb8ea81-2b64-4877-b349-726d3d98960f - warehouse_dbt_build - [0m16:32:02  14 of 34 PASS not_null_int_mlflow_runs_run_uuid ................................ [[32mPASS[0m in 0.13s]
2026-03-06 16:32:02 +0000 - dagster - INFO - 04_pipeline_datos_completo - 4eb8ea81-2b64-4877-b349-726d3d98960f - warehouse_dbt_build - [0m16:32:02  13 of 34 PASS assert_market_snapshot_raw_historical ............................ [[32mPASS[0m in 0.15s]
2026-03-06 16:32:02 +0000 - dagster - INFO - 04_pipeline_datos_completo - 4eb8ea81-2b64-4877-b349-726d3d98960f - warehouse_dbt_build - [0m16:32:02  15 of 34 START test unique_int_mlflow_runs_run_uuid ............................ [RUN]
2026-03-06 16:32:02 +0000 - dagster - INFO - 04_pipeline_datos_completo - 4eb8ea81-2b64-4877-b349-726d3d98960f - warehouse_dbt_build - [0m16:32:02  16 of 34 START test not_null_int_optuna_trials_trial_id ........................ [RUN]
2026-03-06 16:32:03 +0000 - dagster - INFO - 04_pipeline_datos_completo - 4eb8ea81-2b64-4877-b349-726d3d98960f - warehouse_dbt_build - [0m16:32:03  16 of 34 PASS not_null_int_optuna_trials_trial_id .............................. [[32mPASS[0m in 0.14s]
2026-03-06 16:32:03 +0000 - dagster - INFO - 04_pipeline_datos_completo - 4eb8ea81-2b64-4877-b349-726d3d98960f - warehouse_dbt_build - [0m16:32:03  17 of 34 START test unique_int_optuna_trials_trial_id .......................... [RUN]
2026-03-06 16:32:03 +0000 - dagster - INFO - 04_pipeline_datos_completo - 4eb8ea81-2b64-4877-b349-726d3d98960f - warehouse_dbt_build - [0m16:32:03  15 of 34 PASS unique_int_mlflow_runs_run_uuid .................................. [[32mPASS[0m in 0.17s]
2026-03-06 16:32:03 +0000 - dagster - INFO - 04_pipeline_datos_completo - 4eb8ea81-2b64-4877-b349-726d3d98960f - warehouse_dbt_build - [0m16:32:03  18 of 34 START sql incremental model main.br_macro_context ..................... [RUN]
2026-03-06 16:32:03 +0000 - dagster - INFO - 04_pipeline_datos_completo - 4eb8ea81-2b64-4877-b349-726d3d98960f - warehouse_dbt_build - [0m16:32:03  17 of 34 PASS unique_int_optuna_trials_trial_id ................................ [[32mPASS[0m in 0.13s]
2026-03-06 16:32:03 +0000 - dagster - INFO - 04_pipeline_datos_completo - 4eb8ea81-2b64-4877-b349-726d3d98960f - warehouse_dbt_build - [0m16:32:03  19 of 34 START sql incremental model main.br_market_snapshot ................... [RUN]
2026-03-06 16:32:03 +0000 - dagster - INFO - 04_pipeline_datos_completo - 4eb8ea81-2b64-4877-b349-726d3d98960f - warehouse_dbt_build - [0m16:32:03  18 of 34 OK created sql incremental model main.br_macro_context ................ [[32mOK[0m in 0.34s]
2026-03-06 16:32:04 +0000 - dagster - INFO - 04_pipeline_datos_completo - 4eb8ea81-2b64-4877-b349-726d3d98960f - warehouse_dbt_build - [0m16:32:04  19 of 34 OK created sql incremental model main.br_market_snapshot .............. [[32mOK[0m in 1.51s]
2026-03-06 16:32:04 +0000 - dagster - INFO - 04_pipeline_datos_completo - 4eb8ea81-2b64-4877-b349-726d3d98960f - warehouse_dbt_build - [0m16:32:04  20 of 34 START test not_null_br_market_snapshot_event_time ..................... [RUN]
2026-03-06 16:32:04 +0000 - dagster - INFO - 04_pipeline_datos_completo - 4eb8ea81-2b64-4877-b349-726d3d98960f - warehouse_dbt_build - [0m16:32:04  21 of 34 START test not_null_br_market_snapshot_symbol ......................... [RUN]
2026-03-06 16:32:04 +0000 - dagster - INFO - 04_pipeline_datos_completo - 4eb8ea81-2b64-4877-b349-726d3d98960f - warehouse_dbt_build - [0m16:32:04  20 of 34 PASS not_null_br_market_snapshot_event_time ........................... [[32mPASS[0m in 0.13s]
2026-03-06 16:32:04 +0000 - dagster - INFO - 04_pipeline_datos_completo - 4eb8ea81-2b64-4877-b349-726d3d98960f - warehouse_dbt_build - [0m16:32:04  21 of 34 PASS not_null_br_market_snapshot_symbol ............................... [[32mPASS[0m in 0.13s]
2026-03-06 16:32:04 +0000 - dagster - INFO - 04_pipeline_datos_completo - 4eb8ea81-2b64-4877-b349-726d3d98960f - warehouse_dbt_build - [0m16:32:04  22 of 34 START sql incremental model main.slv_decision_features ................ [RUN]
2026-03-06 16:32:06 +0000 - dagster - INFO - 04_pipeline_datos_completo - 4eb8ea81-2b64-4877-b349-726d3d98960f - warehouse_dbt_build - [0m16:32:06  22 of 34 OK created sql incremental model main.slv_decision_features ........... [[32mOK[0m in 1.50s]
2026-03-06 16:32:06 +0000 - dagster - INFO - 04_pipeline_datos_completo - 4eb8ea81-2b64-4877-b349-726d3d98960f - warehouse_dbt_build - [0m16:32:06  23 of 34 START test not_null_slv_decision_features_event_time .................. [RUN]
2026-03-06 16:32:06 +0000 - dagster - INFO - 04_pipeline_datos_completo - 4eb8ea81-2b64-4877-b349-726d3d98960f - warehouse_dbt_build - [0m16:32:06  24 of 34 START test not_null_slv_decision_features_symbol ...................... [RUN]
2026-03-06 16:32:06 +0000 - dagster - INFO - 04_pipeline_datos_completo - 4eb8ea81-2b64-4877-b349-726d3d98960f - warehouse_dbt_build - [0m16:32:06  23 of 34 PASS not_null_slv_decision_features_event_time ........................ [[32mPASS[0m in 0.13s]
2026-03-06 16:32:06 +0000 - dagster - INFO - 04_pipeline_datos_completo - 4eb8ea81-2b64-4877-b349-726d3d98960f - warehouse_dbt_build - [0m16:32:06  24 of 34 PASS not_null_slv_decision_features_symbol ............................ [[32mPASS[0m in 0.14s]
2026-03-06 16:32:06 +0000 - dagster - INFO - 04_pipeline_datos_completo - 4eb8ea81-2b64-4877-b349-726d3d98960f - warehouse_dbt_build - [0m16:32:06  25 of 34 START sql incremental model main.decision_features .................... [RUN]
2026-03-06 16:32:06 +0000 - dagster - INFO - 04_pipeline_datos_completo - 4eb8ea81-2b64-4877-b349-726d3d98960f - warehouse_dbt_build - [0m16:32:06  26 of 34 START sql table model main.fct_liquidity_profile ...................... [RUN]
2026-03-06 16:32:07 +0000 - dagster - INFO - 04_pipeline_datos_completo - 4eb8ea81-2b64-4877-b349-726d3d98960f - warehouse_dbt_build - [0m16:32:07  26 of 34 OK created sql table model main.fct_liquidity_profile ................. [[32mOK[0m in 0.85s]
2026-03-06 16:32:07 +0000 - dagster - INFO - 04_pipeline_datos_completo - 4eb8ea81-2b64-4877-b349-726d3d98960f - warehouse_dbt_build - [0m16:32:07  27 of 34 START sql table model main.fct_symbol_performance ..................... [RUN]
2026-03-06 16:32:08 +0000 - dagster - INFO - 04_pipeline_datos_completo - 4eb8ea81-2b64-4877-b349-726d3d98960f - warehouse_dbt_build - [0m16:32:08  25 of 34 OK created sql incremental model main.decision_features ............... [[32mOK[0m in 1.93s]
2026-03-06 16:32:08 +0000 - dagster - INFO - 04_pipeline_datos_completo - 4eb8ea81-2b64-4877-b349-726d3d98960f - warehouse_dbt_build - [0m16:32:08  28 of 34 START test not_null_fct_decision_features_event_time .................. [RUN]
2026-03-06 16:32:08 +0000 - dagster - INFO - 04_pipeline_datos_completo - 4eb8ea81-2b64-4877-b349-726d3d98960f - warehouse_dbt_build - [0m16:32:08  28 of 34 PASS not_null_fct_decision_features_event_time ........................ [[32mPASS[0m in 0.08s]
2026-03-06 16:32:08 +0000 - dagster - INFO - 04_pipeline_datos_completo - 4eb8ea81-2b64-4877-b349-726d3d98960f - warehouse_dbt_build - [0m16:32:08  29 of 34 START test not_null_fct_decision_features_feature_id .................. [RUN]
2026-03-06 16:32:08 +0000 - dagster - INFO - 04_pipeline_datos_completo - 4eb8ea81-2b64-4877-b349-726d3d98960f - warehouse_dbt_build - [0m16:32:08  29 of 34 PASS not_null_fct_decision_features_feature_id ........................ [[32mPASS[0m in 0.07s]
2026-03-06 16:32:08 +0000 - dagster - INFO - 04_pipeline_datos_completo - 4eb8ea81-2b64-4877-b349-726d3d98960f - warehouse_dbt_build - [0m16:32:08  30 of 34 START test not_null_fct_decision_features_symbol ...................... [RUN]
2026-03-06 16:32:09 +0000 - dagster - INFO - 04_pipeline_datos_completo - 4eb8ea81-2b64-4877-b349-726d3d98960f - warehouse_dbt_build - [0m16:32:08  30 of 34 PASS not_null_fct_decision_features_symbol ............................ [[32mPASS[0m in 0.26s]
2026-03-06 16:32:09 +0000 - dagster - INFO - 04_pipeline_datos_completo - 4eb8ea81-2b64-4877-b349-726d3d98960f - warehouse_dbt_build - [0m16:32:08  31 of 34 START test unique_fct_decision_features_feature_id .................... [RUN]
2026-03-06 16:32:09 +0000 - dagster - INFO - 04_pipeline_datos_completo - 4eb8ea81-2b64-4877-b349-726d3d98960f - warehouse_dbt_build - [0m16:32:09  31 of 34 WARN 19 unique_fct_decision_features_feature_id ....................... [[33mWARN 19[0m in 0.24s]
2026-03-06 16:32:09 +0000 - dagster - INFO - 04_pipeline_datos_completo - 4eb8ea81-2b64-4877-b349-726d3d98960f - warehouse_dbt_build - [0m16:32:09  32 of 34 START sql table model main.fct_anomaly_detection ...................... [RUN]
2026-03-06 16:32:09 +0000 - dagster - INFO - 04_pipeline_datos_completo - 4eb8ea81-2b64-4877-b349-726d3d98960f - warehouse_dbt_build - [0m16:32:09  32 of 34 OK created sql table model main.fct_anomaly_detection ................. [[32mOK[0m in 0.38s]
2026-03-06 16:32:09 +0000 - dagster - INFO - 04_pipeline_datos_completo - 4eb8ea81-2b64-4877-b349-726d3d98960f - warehouse_dbt_build - [0m16:32:09  33 of 34 START sql table model main.fct_market_summary ......................... [RUN]
2026-03-06 16:32:09 +0000 - dagster - INFO - 04_pipeline_datos_completo - 4eb8ea81-2b64-4877-b349-726d3d98960f - warehouse_dbt_build - [0m16:32:09  33 of 34 OK created sql table model main.fct_market_summary .................... [[32mOK[0m in 0.15s]
2026-03-06 16:32:09 +0000 - dagster - INFO - 04_pipeline_datos_completo - 4eb8ea81-2b64-4877-b349-726d3d98960f - warehouse_dbt_build - [0m16:32:09  34 of 34 START sql table model main.fct_momentum_rankings ...................... [RUN]
2026-03-06 16:32:10 +0000 - dagster - INFO - 04_pipeline_datos_completo - 4eb8ea81-2b64-4877-b349-726d3d98960f - warehouse_dbt_build - [0m16:32:10  34 of 34 OK created sql table model main.fct_momentum_rankings ................. [[32mOK[0m in 0.40s]
2026-03-06 16:32:12 +0000 - dagster - INFO - 04_pipeline_datos_completo - 4eb8ea81-2b64-4877-b349-726d3d98960f - warehouse_dbt_build - [0m16:32:12  27 of 34 OK created sql table model main.fct_symbol_performance ................ [[32mOK[0m in 4.57s]
2026-03-06 16:32:12 +0000 - dagster - INFO - 04_pipeline_datos_completo - 4eb8ea81-2b64-4877-b349-726d3d98960f - warehouse_dbt_build - [0m16:32:12
2026-03-06 16:32:12 +0000 - dagster - INFO - 04_pipeline_datos_completo - 4eb8ea81-2b64-4877-b349-726d3d98960f - warehouse_dbt_build - [0m16:32:12  Finished running 2 view models, 5 incremental models, 9 table models, 18 data tests in 0 hours 0 minutes and 11.94 seconds (11.94s).
2026-03-06 16:32:12 +0000 - dagster - INFO - 04_pipeline_datos_completo - 4eb8ea81-2b64-4877-b349-726d3d98960f - warehouse_dbt_build - [0m16:32:12
2026-03-06 16:32:12 +0000 - dagster - INFO - 04_pipeline_datos_completo - 4eb8ea81-2b64-4877-b349-726d3d98960f - warehouse_dbt_build - [0m16:32:12  [33mCompleted with 2 warnings:[0m
2026-03-06 16:32:12 +0000 - dagster - INFO - 04_pipeline_datos_completo - 4eb8ea81-2b64-4877-b349-726d3d98960f - warehouse_dbt_build - [0m16:32:12
2026-03-06 16:32:12 +0000 - dagster - INFO - 04_pipeline_datos_completo - 4eb8ea81-2b64-4877-b349-726d3d98960f - warehouse_dbt_build - [0m16:32:12  [33mWarning in test assert_dex_snapshot_raw_historical (tests/assert_dex_snapshot_raw_historical.sql)[0m
2026-03-06 16:32:12 +0000 - dagster - INFO - 04_pipeline_datos_completo - 4eb8ea81-2b64-4877-b349-726d3d98960f - warehouse_dbt_build - [0m16:32:12  Got 1 result, configured to warn if != 0
2026-03-06 16:32:12 +0000 - dagster - INFO - 04_pipeline_datos_completo - 4eb8ea81-2b64-4877-b349-726d3d98960f - warehouse_dbt_build - [0m16:32:12
2026-03-06 16:32:12 +0000 - dagster - INFO - 04_pipeline_datos_completo - 4eb8ea81-2b64-4877-b349-726d3d98960f - warehouse_dbt_build - [0m16:32:12    compiled code at target/compiled/crypto_trading_lakehouse/tests/assert_dex_snapshot_raw_historical.sql
2026-03-06 16:32:12 +0000 - dagster - INFO - 04_pipeline_datos_completo - 4eb8ea81-2b64-4877-b349-726d3d98960f - warehouse_dbt_build - [0m16:32:12
2026-03-06 16:32:12 +0000 - dagster - INFO - 04_pipeline_datos_completo - 4eb8ea81-2b64-4877-b349-726d3d98960f - warehouse_dbt_build - [0m16:32:12  [33mWarning in test unique_fct_decision_features_feature_id (models/schema.yml)[0m
2026-03-06 16:32:12 +0000 - dagster - INFO - 04_pipeline_datos_completo - 4eb8ea81-2b64-4877-b349-726d3d98960f - warehouse_dbt_build - [0m16:32:12  Got 19 results, configured to warn if != 0
2026-03-06 16:32:12 +0000 - dagster - INFO - 04_pipeline_datos_completo - 4eb8ea81-2b64-4877-b349-726d3d98960f - warehouse_dbt_build - [0m16:32:12
2026-03-06 16:32:12 +0000 - dagster - INFO - 04_pipeline_datos_completo - 4eb8ea81-2b64-4877-b349-726d3d98960f - warehouse_dbt_build - [0m16:32:12    compiled code at target/compiled/crypto_trading_lakehouse/models/schema.yml/unique_fct_decision_features_feature_id.sql
2026-03-06 16:32:12 +0000 - dagster - INFO - 04_pipeline_datos_completo - 4eb8ea81-2b64-4877-b349-726d3d98960f - warehouse_dbt_build - [0m16:32:12
2026-03-06 16:32:12 +0000 - dagster - INFO - 04_pipeline_datos_completo - 4eb8ea81-2b64-4877-b349-726d3d98960f - warehouse_dbt_build - [0m16:32:12  Done. PASS=32 WARN=2 ERROR=0 SKIP=0 TOTAL=34
2026-03-06 16:32:13 +0000 - dagster - DEBUG - 04_pipeline_datos_completo - 4eb8ea81-2b64-4877-b349-726d3d98960f - 5518 - warehouse_dbt_build - STEP_OUTPUT - Yielded output "result" of type "Any". (Type check passed).
2026-03-06 16:32:13 +0000 - dagster - DEBUG - 04_pipeline_datos_completo - 4eb8ea81-2b64-4877-b349-726d3d98960f - 5518 - warehouse_dbt_build - ASSET_MATERIALIZATION - Materialized value warehouse_dbt_build.
2026-03-06 16:32:13 +0000 - dagster - DEBUG - 04_pipeline_datos_completo - 4eb8ea81-2b64-4877-b349-726d3d98960f - 5518 - warehouse_dbt_build - STEP_SUCCESS - Finished execution of step "warehouse_dbt_build" in 17.47s.
