2026-03-06 13:37:32 +0000 - dagster - DEBUG - 08_operacion_testnet_15m - 0391b224-d896-45f3-a6c0-453f19d71955 - 1998 - LOGS_CAPTURED - Started capturing logs in process (pid: 1998).
2026-03-06 13:37:32 +0000 - dagster - DEBUG - 08_operacion_testnet_15m - 0391b224-d896-45f3-a6c0-453f19d71955 - 1998 - warehouse_dbt_build - STEP_START - Started execution of step "warehouse_dbt_build".
2026-03-06 13:37:35 +0000 - dagster - INFO - 08_operacion_testnet_15m - 0391b224-d896-45f3-a6c0-453f19d71955 - warehouse_dbt_build - [0m13:37:35  Running with dbt=1.8.8
2026-03-06 13:37:36 +0000 - dagster - INFO - 08_operacion_testnet_15m - 0391b224-d896-45f3-a6c0-453f19d71955 - warehouse_dbt_build - [0m13:37:35  [[33mWARNING[0m]: Deprecated functionality
2026-03-06 13:37:36 +0000 - dagster - INFO - 08_operacion_testnet_15m - 0391b224-d896-45f3-a6c0-453f19d71955 - warehouse_dbt_build - The `tests` config has been renamed to `data_tests`. Please see
2026-03-06 13:37:36 +0000 - dagster - INFO - 08_operacion_testnet_15m - 0391b224-d896-45f3-a6c0-453f19d71955 - warehouse_dbt_build - https://docs.getdbt.com/docs/build/data-tests#new-data_tests-syntax for more
2026-03-06 13:37:36 +0000 - dagster - INFO - 08_operacion_testnet_15m - 0391b224-d896-45f3-a6c0-453f19d71955 - warehouse_dbt_build - information.
2026-03-06 13:37:36 +0000 - dagster - INFO - 08_operacion_testnet_15m - 0391b224-d896-45f3-a6c0-453f19d71955 - warehouse_dbt_build - [0m13:37:36  Registered adapter: duckdb=1.8.2
2026-03-06 13:37:36 +0000 - dagster - INFO - 08_operacion_testnet_15m - 0391b224-d896-45f3-a6c0-453f19d71955 - warehouse_dbt_build - [0m13:37:36  [[33mWARNING[0m]: Configuration paths exist in your dbt_project.yml file which do not apply to any resources.
2026-03-06 13:37:36 +0000 - dagster - INFO - 08_operacion_testnet_15m - 0391b224-d896-45f3-a6c0-453f19d71955 - warehouse_dbt_build - There are 1 unused configuration paths:
2026-03-06 13:37:36 +0000 - dagster - INFO - 08_operacion_testnet_15m - 0391b224-d896-45f3-a6c0-453f19d71955 - warehouse_dbt_build - - seeds.crypto_trading_lakehouse
2026-03-06 13:37:37 +0000 - dagster - INFO - 08_operacion_testnet_15m - 0391b224-d896-45f3-a6c0-453f19d71955 - warehouse_dbt_build - [0m13:37:37  Found 16 models, 18 data tests, 24 sources, 417 macros
2026-03-06 13:37:37 +0000 - dagster - INFO - 08_operacion_testnet_15m - 0391b224-d896-45f3-a6c0-453f19d71955 - warehouse_dbt_build - [0m13:37:37
2026-03-06 13:37:37 +0000 - dagster - INFO - 08_operacion_testnet_15m - 0391b224-d896-45f3-a6c0-453f19d71955 - warehouse_dbt_build - [0m13:37:37  Concurrency: 2 threads (target='local')
2026-03-06 13:37:37 +0000 - dagster - INFO - 08_operacion_testnet_15m - 0391b224-d896-45f3-a6c0-453f19d71955 - warehouse_dbt_build - [0m13:37:37
2026-03-06 13:37:37 +0000 - dagster - INFO - 08_operacion_testnet_15m - 0391b224-d896-45f3-a6c0-453f19d71955 - warehouse_dbt_build - [0m13:37:37  1 of 34 START sql view model main.br_news_sentiment ............................ [RUN]
2026-03-06 13:37:37 +0000 - dagster - INFO - 08_operacion_testnet_15m - 0391b224-d896-45f3-a6c0-453f19d71955 - warehouse_dbt_build - [0m13:37:37  2 of 34 START sql incremental model main.br_stock_prices ....................... [RUN]
2026-03-06 13:37:38 +0000 - dagster - INFO - 08_operacion_testnet_15m - 0391b224-d896-45f3-a6c0-453f19d71955 - warehouse_dbt_build - [0m13:37:38  1 of 34 OK created sql view model main.br_news_sentiment ....................... [[32mOK[0m in 0.68s]
2026-03-06 13:37:38 +0000 - dagster - INFO - 08_operacion_testnet_15m - 0391b224-d896-45f3-a6c0-453f19d71955 - warehouse_dbt_build - [0m13:37:38  3 of 34 START sql view model main.br_x_sentiment ............................... [RUN]
2026-03-06 13:37:38 +0000 - dagster - INFO - 08_operacion_testnet_15m - 0391b224-d896-45f3-a6c0-453f19d71955 - warehouse_dbt_build - [0m13:37:38  2 of 34 OK created sql incremental model main.br_stock_prices .................. [[32mOK[0m in 0.85s]
2026-03-06 13:37:38 +0000 - dagster - INFO - 08_operacion_testnet_15m - 0391b224-d896-45f3-a6c0-453f19d71955 - warehouse_dbt_build - [0m13:37:38  4 of 34 START sql table model main.fct_approved_orders ......................... [RUN]
2026-03-06 13:37:39 +0000 - dagster - INFO - 08_operacion_testnet_15m - 0391b224-d896-45f3-a6c0-453f19d71955 - warehouse_dbt_build - [0m13:37:39  3 of 34 OK created sql view model main.br_x_sentiment .......................... [[32mOK[0m in 0.55s]
2026-03-06 13:37:39 +0000 - dagster - INFO - 08_operacion_testnet_15m - 0391b224-d896-45f3-a6c0-453f19d71955 - warehouse_dbt_build - [0m13:37:39  5 of 34 START sql table model main.fct_raw_signals ............................. [RUN]
2026-03-06 13:37:39 +0000 - dagster - INFO - 08_operacion_testnet_15m - 0391b224-d896-45f3-a6c0-453f19d71955 - warehouse_dbt_build - [0m13:37:39  4 of 34 OK created sql table model main.fct_approved_orders .................... [[32mOK[0m in 0.67s]
2026-03-06 13:37:39 +0000 - dagster - INFO - 08_operacion_testnet_15m - 0391b224-d896-45f3-a6c0-453f19d71955 - warehouse_dbt_build - [0m13:37:39  6 of 34 START sql table model main.int_mlflow_runs ............................. [RUN]
2026-03-06 13:37:39 +0000 - dagster - INFO - 08_operacion_testnet_15m - 0391b224-d896-45f3-a6c0-453f19d71955 - warehouse_dbt_build - [0m13:37:39  5 of 34 OK created sql table model main.fct_raw_signals ........................ [[32mOK[0m in 0.52s]
2026-03-06 13:37:39 +0000 - dagster - INFO - 08_operacion_testnet_15m - 0391b224-d896-45f3-a6c0-453f19d71955 - warehouse_dbt_build - [0m13:37:39  7 of 34 START sql table model main.int_optuna_trials ........................... [RUN]
2026-03-06 13:37:39 +0000 - dagster - INFO - 08_operacion_testnet_15m - 0391b224-d896-45f3-a6c0-453f19d71955 - warehouse_dbt_build - [0m13:37:39  7 of 34 OK created sql table model main.int_optuna_trials ...................... [[32mOK[0m in 0.23s]
2026-03-06 13:37:39 +0000 - dagster - INFO - 08_operacion_testnet_15m - 0391b224-d896-45f3-a6c0-453f19d71955 - warehouse_dbt_build - [0m13:37:39  8 of 34 START test assert_cross_exchange_snapshot_raw_historical ............... [RUN]
2026-03-06 13:37:40 +0000 - dagster - INFO - 08_operacion_testnet_15m - 0391b224-d896-45f3-a6c0-453f19d71955 - warehouse_dbt_build - [0m13:37:40  6 of 34 OK created sql table model main.int_mlflow_runs ........................ [[32mOK[0m in 0.73s]
2026-03-06 13:37:40 +0000 - dagster - INFO - 08_operacion_testnet_15m - 0391b224-d896-45f3-a6c0-453f19d71955 - warehouse_dbt_build - [0m13:37:40  9 of 34 START test assert_derivatives_flow_raw_historical ...................... [RUN]
2026-03-06 13:37:40 +0000 - dagster - INFO - 08_operacion_testnet_15m - 0391b224-d896-45f3-a6c0-453f19d71955 - warehouse_dbt_build - [0m13:37:40  8 of 34 PASS assert_cross_exchange_snapshot_raw_historical ..................... [[32mPASS[0m in 0.38s]
2026-03-06 13:37:40 +0000 - dagster - INFO - 08_operacion_testnet_15m - 0391b224-d896-45f3-a6c0-453f19d71955 - warehouse_dbt_build - [0m13:37:40  9 of 34 PASS assert_derivatives_flow_raw_historical ............................ [[32mPASS[0m in 0.13s]
2026-03-06 13:37:40 +0000 - dagster - INFO - 08_operacion_testnet_15m - 0391b224-d896-45f3-a6c0-453f19d71955 - warehouse_dbt_build - [0m13:37:40  10 of 34 START test assert_derivatives_snapshot_raw_historical ................. [RUN]
2026-03-06 13:37:40 +0000 - dagster - INFO - 08_operacion_testnet_15m - 0391b224-d896-45f3-a6c0-453f19d71955 - warehouse_dbt_build - [0m13:37:40  11 of 34 START test assert_dex_snapshot_raw_historical ......................... [RUN]
2026-03-06 13:37:40 +0000 - dagster - INFO - 08_operacion_testnet_15m - 0391b224-d896-45f3-a6c0-453f19d71955 - warehouse_dbt_build - [0m13:37:40  10 of 34 PASS assert_derivatives_snapshot_raw_historical ....................... [[32mPASS[0m in 0.17s]
2026-03-06 13:37:40 +0000 - dagster - INFO - 08_operacion_testnet_15m - 0391b224-d896-45f3-a6c0-453f19d71955 - warehouse_dbt_build - [0m13:37:40  12 of 34 START test assert_fear_greed_raw_historical ........................... [RUN]
2026-03-06 13:37:40 +0000 - dagster - INFO - 08_operacion_testnet_15m - 0391b224-d896-45f3-a6c0-453f19d71955 - warehouse_dbt_build - [0m13:37:40  11 of 34 WARN 1 assert_dex_snapshot_raw_historical ............................. [[33mWARN 1[0m in 0.17s]
2026-03-06 13:37:40 +0000 - dagster - INFO - 08_operacion_testnet_15m - 0391b224-d896-45f3-a6c0-453f19d71955 - warehouse_dbt_build - [0m13:37:40  13 of 34 START test assert_market_snapshot_raw_historical ...................... [RUN]
2026-03-06 13:37:40 +0000 - dagster - INFO - 08_operacion_testnet_15m - 0391b224-d896-45f3-a6c0-453f19d71955 - warehouse_dbt_build - [0m13:37:40  12 of 34 PASS assert_fear_greed_raw_historical ................................. [[32mPASS[0m in 0.14s]
2026-03-06 13:37:40 +0000 - dagster - INFO - 08_operacion_testnet_15m - 0391b224-d896-45f3-a6c0-453f19d71955 - warehouse_dbt_build - [0m13:37:40  13 of 34 PASS assert_market_snapshot_raw_historical ............................ [[32mPASS[0m in 0.13s]
2026-03-06 13:37:40 +0000 - dagster - INFO - 08_operacion_testnet_15m - 0391b224-d896-45f3-a6c0-453f19d71955 - warehouse_dbt_build - [0m13:37:40  14 of 34 START test not_null_int_optuna_trials_trial_id ........................ [RUN]
2026-03-06 13:37:40 +0000 - dagster - INFO - 08_operacion_testnet_15m - 0391b224-d896-45f3-a6c0-453f19d71955 - warehouse_dbt_build - [0m13:37:40  15 of 34 START test unique_int_optuna_trials_trial_id .......................... [RUN]
2026-03-06 13:37:40 +0000 - dagster - INFO - 08_operacion_testnet_15m - 0391b224-d896-45f3-a6c0-453f19d71955 - warehouse_dbt_build - [0m13:37:40  14 of 34 PASS not_null_int_optuna_trials_trial_id .............................. [[32mPASS[0m in 0.16s]
2026-03-06 13:37:40 +0000 - dagster - INFO - 08_operacion_testnet_15m - 0391b224-d896-45f3-a6c0-453f19d71955 - warehouse_dbt_build - [0m13:37:40  16 of 34 START test not_null_int_mlflow_runs_run_uuid .......................... [RUN]
2026-03-06 13:37:40 +0000 - dagster - INFO - 08_operacion_testnet_15m - 0391b224-d896-45f3-a6c0-453f19d71955 - warehouse_dbt_build - [0m13:37:40  15 of 34 PASS unique_int_optuna_trials_trial_id ................................ [[32mPASS[0m in 0.15s]
2026-03-06 13:37:40 +0000 - dagster - INFO - 08_operacion_testnet_15m - 0391b224-d896-45f3-a6c0-453f19d71955 - warehouse_dbt_build - [0m13:37:40  17 of 34 START test unique_int_mlflow_runs_run_uuid ............................ [RUN]
2026-03-06 13:37:41 +0000 - dagster - INFO - 08_operacion_testnet_15m - 0391b224-d896-45f3-a6c0-453f19d71955 - warehouse_dbt_build - [0m13:37:41  16 of 34 PASS not_null_int_mlflow_runs_run_uuid ................................ [[32mPASS[0m in 0.23s]
2026-03-06 13:37:41 +0000 - dagster - INFO - 08_operacion_testnet_15m - 0391b224-d896-45f3-a6c0-453f19d71955 - warehouse_dbt_build - [0m13:37:41  18 of 34 START sql incremental model main.br_macro_context ..................... [RUN]
2026-03-06 13:37:41 +0000 - dagster - INFO - 08_operacion_testnet_15m - 0391b224-d896-45f3-a6c0-453f19d71955 - warehouse_dbt_build - [0m13:37:41  17 of 34 PASS unique_int_mlflow_runs_run_uuid .................................. [[32mPASS[0m in 0.22s]
2026-03-06 13:37:41 +0000 - dagster - INFO - 08_operacion_testnet_15m - 0391b224-d896-45f3-a6c0-453f19d71955 - warehouse_dbt_build - [0m13:37:41  19 of 34 START sql incremental model main.br_market_snapshot ................... [RUN]
2026-03-06 13:37:41 +0000 - dagster - INFO - 08_operacion_testnet_15m - 0391b224-d896-45f3-a6c0-453f19d71955 - warehouse_dbt_build - [0m13:37:41  18 of 34 OK created sql incremental model main.br_macro_context ................ [[32mOK[0m in 0.66s]
2026-03-06 13:37:43 +0000 - dagster - INFO - 08_operacion_testnet_15m - 0391b224-d896-45f3-a6c0-453f19d71955 - warehouse_dbt_build - [0m13:37:43  19 of 34 OK created sql incremental model main.br_market_snapshot .............. [[32mOK[0m in 1.93s]
2026-03-06 13:37:43 +0000 - dagster - INFO - 08_operacion_testnet_15m - 0391b224-d896-45f3-a6c0-453f19d71955 - warehouse_dbt_build - [0m13:37:43  20 of 34 START test not_null_br_market_snapshot_event_time ..................... [RUN]
2026-03-06 13:37:43 +0000 - dagster - INFO - 08_operacion_testnet_15m - 0391b224-d896-45f3-a6c0-453f19d71955 - warehouse_dbt_build - [0m13:37:43  21 of 34 START test not_null_br_market_snapshot_symbol ......................... [RUN]
2026-03-06 13:37:43 +0000 - dagster - INFO - 08_operacion_testnet_15m - 0391b224-d896-45f3-a6c0-453f19d71955 - warehouse_dbt_build - [0m13:37:43  20 of 34 PASS not_null_br_market_snapshot_event_time ........................... [[32mPASS[0m in 0.14s]
2026-03-06 13:37:43 +0000 - dagster - INFO - 08_operacion_testnet_15m - 0391b224-d896-45f3-a6c0-453f19d71955 - warehouse_dbt_build - [0m13:37:43  21 of 34 PASS not_null_br_market_snapshot_symbol ............................... [[32mPASS[0m in 0.15s]
2026-03-06 13:37:43 +0000 - dagster - INFO - 08_operacion_testnet_15m - 0391b224-d896-45f3-a6c0-453f19d71955 - warehouse_dbt_build - [0m13:37:43  22 of 34 START sql incremental model main.slv_decision_features ................ [RUN]
2026-03-06 13:37:45 +0000 - dagster - INFO - 08_operacion_testnet_15m - 0391b224-d896-45f3-a6c0-453f19d71955 - warehouse_dbt_build - [0m13:37:45  22 of 34 OK created sql incremental model main.slv_decision_features ........... [[32mOK[0m in 1.96s]
2026-03-06 13:37:45 +0000 - dagster - INFO - 08_operacion_testnet_15m - 0391b224-d896-45f3-a6c0-453f19d71955 - warehouse_dbt_build - [0m13:37:45  23 of 34 START test not_null_slv_decision_features_event_time .................. [RUN]
2026-03-06 13:37:45 +0000 - dagster - INFO - 08_operacion_testnet_15m - 0391b224-d896-45f3-a6c0-453f19d71955 - warehouse_dbt_build - [0m13:37:45  24 of 34 START test not_null_slv_decision_features_symbol ...................... [RUN]
2026-03-06 13:37:45 +0000 - dagster - INFO - 08_operacion_testnet_15m - 0391b224-d896-45f3-a6c0-453f19d71955 - warehouse_dbt_build - [0m13:37:45  24 of 34 PASS not_null_slv_decision_features_symbol ............................ [[32mPASS[0m in 0.18s]
2026-03-06 13:37:45 +0000 - dagster - INFO - 08_operacion_testnet_15m - 0391b224-d896-45f3-a6c0-453f19d71955 - warehouse_dbt_build - [0m13:37:45  23 of 34 PASS not_null_slv_decision_features_event_time ........................ [[32mPASS[0m in 0.19s]
2026-03-06 13:37:45 +0000 - dagster - INFO - 08_operacion_testnet_15m - 0391b224-d896-45f3-a6c0-453f19d71955 - warehouse_dbt_build - [0m13:37:45  25 of 34 START sql incremental model main.decision_features .................... [RUN]
2026-03-06 13:37:45 +0000 - dagster - INFO - 08_operacion_testnet_15m - 0391b224-d896-45f3-a6c0-453f19d71955 - warehouse_dbt_build - [0m13:37:45  26 of 34 START sql table model main.fct_liquidity_profile ...................... [RUN]
2026-03-06 13:37:46 +0000 - dagster - INFO - 08_operacion_testnet_15m - 0391b224-d896-45f3-a6c0-453f19d71955 - warehouse_dbt_build - [0m13:37:46  26 of 34 OK created sql table model main.fct_liquidity_profile ................. [[32mOK[0m in 1.00s]
2026-03-06 13:37:46 +0000 - dagster - INFO - 08_operacion_testnet_15m - 0391b224-d896-45f3-a6c0-453f19d71955 - warehouse_dbt_build - [0m13:37:46  27 of 34 START sql table model main.fct_symbol_performance ..................... [RUN]
2026-03-06 13:37:47 +0000 - dagster - INFO - 08_operacion_testnet_15m - 0391b224-d896-45f3-a6c0-453f19d71955 - warehouse_dbt_build - [0m13:37:47  25 of 34 OK created sql incremental model main.decision_features ............... [[32mOK[0m in 1.95s]
2026-03-06 13:37:47 +0000 - dagster - INFO - 08_operacion_testnet_15m - 0391b224-d896-45f3-a6c0-453f19d71955 - warehouse_dbt_build - [0m13:37:47  28 of 34 START test not_null_fct_decision_features_event_time .................. [RUN]
2026-03-06 13:37:47 +0000 - dagster - INFO - 08_operacion_testnet_15m - 0391b224-d896-45f3-a6c0-453f19d71955 - warehouse_dbt_build - [0m13:37:47  28 of 34 PASS not_null_fct_decision_features_event_time ........................ [[32mPASS[0m in 0.07s]
2026-03-06 13:37:47 +0000 - dagster - INFO - 08_operacion_testnet_15m - 0391b224-d896-45f3-a6c0-453f19d71955 - warehouse_dbt_build - [0m13:37:47  29 of 34 START test not_null_fct_decision_features_feature_id .................. [RUN]
2026-03-06 13:37:47 +0000 - dagster - INFO - 08_operacion_testnet_15m - 0391b224-d896-45f3-a6c0-453f19d71955 - warehouse_dbt_build - [0m13:37:47  29 of 34 PASS not_null_fct_decision_features_feature_id ........................ [[32mPASS[0m in 0.10s]
2026-03-06 13:37:47 +0000 - dagster - INFO - 08_operacion_testnet_15m - 0391b224-d896-45f3-a6c0-453f19d71955 - warehouse_dbt_build - [0m13:37:47  30 of 34 START test not_null_fct_decision_features_symbol ...................... [RUN]
2026-03-06 13:37:47 +0000 - dagster - INFO - 08_operacion_testnet_15m - 0391b224-d896-45f3-a6c0-453f19d71955 - warehouse_dbt_build - [0m13:37:47  30 of 34 PASS not_null_fct_decision_features_symbol ............................ [[32mPASS[0m in 0.11s]
2026-03-06 13:37:47 +0000 - dagster - INFO - 08_operacion_testnet_15m - 0391b224-d896-45f3-a6c0-453f19d71955 - warehouse_dbt_build - [0m13:37:47  31 of 34 START test unique_fct_decision_features_feature_id .................... [RUN]
2026-03-06 13:37:47 +0000 - dagster - INFO - 08_operacion_testnet_15m - 0391b224-d896-45f3-a6c0-453f19d71955 - warehouse_dbt_build - [0m13:37:47  31 of 34 WARN 19 unique_fct_decision_features_feature_id ....................... [[33mWARN 19[0m in 0.21s]
2026-03-06 13:37:47 +0000 - dagster - INFO - 08_operacion_testnet_15m - 0391b224-d896-45f3-a6c0-453f19d71955 - warehouse_dbt_build - [0m13:37:47  32 of 34 START sql table model main.fct_anomaly_detection ...................... [RUN]
2026-03-06 13:37:48 +0000 - dagster - INFO - 08_operacion_testnet_15m - 0391b224-d896-45f3-a6c0-453f19d71955 - warehouse_dbt_build - [0m13:37:48  32 of 34 OK created sql table model main.fct_anomaly_detection ................. [[32mOK[0m in 0.46s]
2026-03-06 13:37:48 +0000 - dagster - INFO - 08_operacion_testnet_15m - 0391b224-d896-45f3-a6c0-453f19d71955 - warehouse_dbt_build - [0m13:37:48  33 of 34 START sql table model main.fct_market_summary ......................... [RUN]
2026-03-06 13:37:48 +0000 - dagster - INFO - 08_operacion_testnet_15m - 0391b224-d896-45f3-a6c0-453f19d71955 - warehouse_dbt_build - [0m13:37:48  33 of 34 OK created sql table model main.fct_market_summary .................... [[32mOK[0m in 0.18s]
2026-03-06 13:37:48 +0000 - dagster - INFO - 08_operacion_testnet_15m - 0391b224-d896-45f3-a6c0-453f19d71955 - warehouse_dbt_build - [0m13:37:48  34 of 34 START sql table model main.fct_momentum_rankings ...................... [RUN]
2026-03-06 13:37:50 +0000 - dagster - INFO - 08_operacion_testnet_15m - 0391b224-d896-45f3-a6c0-453f19d71955 - warehouse_dbt_build - [0m13:37:48  34 of 34 OK created sql table model main.fct_momentum_rankings ................. [[32mOK[0m in 0.23s]
2026-03-06 13:37:50 +0000 - dagster - INFO - 08_operacion_testnet_15m - 0391b224-d896-45f3-a6c0-453f19d71955 - warehouse_dbt_build - [0m13:37:50  27 of 34 OK created sql table model main.fct_symbol_performance ................ [[32mOK[0m in 4.06s]
2026-03-06 13:37:51 +0000 - dagster - INFO - 08_operacion_testnet_15m - 0391b224-d896-45f3-a6c0-453f19d71955 - warehouse_dbt_build - [0m13:37:50
2026-03-06 13:37:51 +0000 - dagster - INFO - 08_operacion_testnet_15m - 0391b224-d896-45f3-a6c0-453f19d71955 - warehouse_dbt_build - [0m13:37:50  Finished running 2 view models, 5 incremental models, 9 table models, 18 data tests in 0 hours 0 minutes and 13.47 seconds (13.47s).
2026-03-06 13:37:51 +0000 - dagster - INFO - 08_operacion_testnet_15m - 0391b224-d896-45f3-a6c0-453f19d71955 - warehouse_dbt_build - [0m13:37:50
2026-03-06 13:37:51 +0000 - dagster - INFO - 08_operacion_testnet_15m - 0391b224-d896-45f3-a6c0-453f19d71955 - warehouse_dbt_build - [0m13:37:50  [33mCompleted with 2 warnings:[0m
2026-03-06 13:37:51 +0000 - dagster - INFO - 08_operacion_testnet_15m - 0391b224-d896-45f3-a6c0-453f19d71955 - warehouse_dbt_build - [0m13:37:50
2026-03-06 13:37:51 +0000 - dagster - INFO - 08_operacion_testnet_15m - 0391b224-d896-45f3-a6c0-453f19d71955 - warehouse_dbt_build - [0m13:37:50  [33mWarning in test assert_dex_snapshot_raw_historical (tests/assert_dex_snapshot_raw_historical.sql)[0m
2026-03-06 13:37:51 +0000 - dagster - INFO - 08_operacion_testnet_15m - 0391b224-d896-45f3-a6c0-453f19d71955 - warehouse_dbt_build - [0m13:37:50  Got 1 result, configured to warn if != 0
2026-03-06 13:37:51 +0000 - dagster - INFO - 08_operacion_testnet_15m - 0391b224-d896-45f3-a6c0-453f19d71955 - warehouse_dbt_build - [0m13:37:50
2026-03-06 13:37:51 +0000 - dagster - INFO - 08_operacion_testnet_15m - 0391b224-d896-45f3-a6c0-453f19d71955 - warehouse_dbt_build - [0m13:37:50    compiled code at target/compiled/crypto_trading_lakehouse/tests/assert_dex_snapshot_raw_historical.sql
2026-03-06 13:37:51 +0000 - dagster - INFO - 08_operacion_testnet_15m - 0391b224-d896-45f3-a6c0-453f19d71955 - warehouse_dbt_build - [0m13:37:50
2026-03-06 13:37:51 +0000 - dagster - INFO - 08_operacion_testnet_15m - 0391b224-d896-45f3-a6c0-453f19d71955 - warehouse_dbt_build - [0m13:37:50  [33mWarning in test unique_fct_decision_features_feature_id (models/schema.yml)[0m
2026-03-06 13:37:51 +0000 - dagster - INFO - 08_operacion_testnet_15m - 0391b224-d896-45f3-a6c0-453f19d71955 - warehouse_dbt_build - [0m13:37:50  Got 19 results, configured to warn if != 0
2026-03-06 13:37:51 +0000 - dagster - INFO - 08_operacion_testnet_15m - 0391b224-d896-45f3-a6c0-453f19d71955 - warehouse_dbt_build - [0m13:37:50
2026-03-06 13:37:51 +0000 - dagster - INFO - 08_operacion_testnet_15m - 0391b224-d896-45f3-a6c0-453f19d71955 - warehouse_dbt_build - [0m13:37:50    compiled code at target/compiled/crypto_trading_lakehouse/models/schema.yml/unique_fct_decision_features_feature_id.sql
2026-03-06 13:37:51 +0000 - dagster - INFO - 08_operacion_testnet_15m - 0391b224-d896-45f3-a6c0-453f19d71955 - warehouse_dbt_build - [0m13:37:50
2026-03-06 13:37:52 +0000 - dagster - INFO - 08_operacion_testnet_15m - 0391b224-d896-45f3-a6c0-453f19d71955 - warehouse_dbt_build - [0m13:37:50  Done. PASS=32 WARN=2 ERROR=0 SKIP=0 TOTAL=34
2026-03-06 13:37:52 +0000 - dagster - DEBUG - 08_operacion_testnet_15m - 0391b224-d896-45f3-a6c0-453f19d71955 - 1998 - warehouse_dbt_build - STEP_OUTPUT - Yielded output "result" of type "Any". (Type check passed).
2026-03-06 13:37:52 +0000 - dagster - DEBUG - 08_operacion_testnet_15m - 0391b224-d896-45f3-a6c0-453f19d71955 - 1998 - warehouse_dbt_build - ASSET_MATERIALIZATION - Materialized value warehouse_dbt_build.
2026-03-06 13:37:52 +0000 - dagster - DEBUG - 08_operacion_testnet_15m - 0391b224-d896-45f3-a6c0-453f19d71955 - 1998 - warehouse_dbt_build - STEP_SUCCESS - Finished execution of step "warehouse_dbt_build" in 19.54s.
