2026-03-06 12:52:34 +0000 - dagster - DEBUG - 08_operacion_testnet_15m - 5cb9506b-47b9-44ac-9d62-da2d5426e78e - 14771 - LOGS_CAPTURED - Started capturing logs in process (pid: 14771).
2026-03-06 12:52:34 +0000 - dagster - DEBUG - 08_operacion_testnet_15m - 5cb9506b-47b9-44ac-9d62-da2d5426e78e - 14771 - warehouse_dbt_build - STEP_START - Started execution of step "warehouse_dbt_build".
2026-03-06 12:52:36 +0000 - dagster - INFO - 08_operacion_testnet_15m - 5cb9506b-47b9-44ac-9d62-da2d5426e78e - warehouse_dbt_build - [0m12:52:36  Running with dbt=1.8.8
2026-03-06 12:52:36 +0000 - dagster - INFO - 08_operacion_testnet_15m - 5cb9506b-47b9-44ac-9d62-da2d5426e78e - warehouse_dbt_build - [0m12:52:36  [[33mWARNING[0m]: Deprecated functionality
2026-03-06 12:52:36 +0000 - dagster - INFO - 08_operacion_testnet_15m - 5cb9506b-47b9-44ac-9d62-da2d5426e78e - warehouse_dbt_build - The `tests` config has been renamed to `data_tests`. Please see
2026-03-06 12:52:36 +0000 - dagster - INFO - 08_operacion_testnet_15m - 5cb9506b-47b9-44ac-9d62-da2d5426e78e - warehouse_dbt_build - https://docs.getdbt.com/docs/build/data-tests#new-data_tests-syntax for more
2026-03-06 12:52:36 +0000 - dagster - INFO - 08_operacion_testnet_15m - 5cb9506b-47b9-44ac-9d62-da2d5426e78e - warehouse_dbt_build - information.
2026-03-06 12:52:36 +0000 - dagster - INFO - 08_operacion_testnet_15m - 5cb9506b-47b9-44ac-9d62-da2d5426e78e - warehouse_dbt_build - [0m12:52:36  Registered adapter: duckdb=1.8.2
2026-03-06 12:52:37 +0000 - dagster - INFO - 08_operacion_testnet_15m - 5cb9506b-47b9-44ac-9d62-da2d5426e78e - warehouse_dbt_build - [0m12:52:37  [[33mWARNING[0m]: Configuration paths exist in your dbt_project.yml file which do not apply to any resources.
2026-03-06 12:52:37 +0000 - dagster - INFO - 08_operacion_testnet_15m - 5cb9506b-47b9-44ac-9d62-da2d5426e78e - warehouse_dbt_build - There are 1 unused configuration paths:
2026-03-06 12:52:37 +0000 - dagster - INFO - 08_operacion_testnet_15m - 5cb9506b-47b9-44ac-9d62-da2d5426e78e - warehouse_dbt_build - - seeds.crypto_trading_lakehouse
2026-03-06 12:52:38 +0000 - dagster - INFO - 08_operacion_testnet_15m - 5cb9506b-47b9-44ac-9d62-da2d5426e78e - warehouse_dbt_build - [0m12:52:38  Found 16 models, 18 data tests, 24 sources, 417 macros
2026-03-06 12:52:38 +0000 - dagster - INFO - 08_operacion_testnet_15m - 5cb9506b-47b9-44ac-9d62-da2d5426e78e - warehouse_dbt_build - [0m12:52:38
2026-03-06 12:52:38 +0000 - dagster - INFO - 08_operacion_testnet_15m - 5cb9506b-47b9-44ac-9d62-da2d5426e78e - warehouse_dbt_build - [0m12:52:38  Concurrency: 2 threads (target='local')
2026-03-06 12:52:38 +0000 - dagster - INFO - 08_operacion_testnet_15m - 5cb9506b-47b9-44ac-9d62-da2d5426e78e - warehouse_dbt_build - [0m12:52:38
2026-03-06 12:52:38 +0000 - dagster - INFO - 08_operacion_testnet_15m - 5cb9506b-47b9-44ac-9d62-da2d5426e78e - warehouse_dbt_build - [0m12:52:38  1 of 34 START sql view model main.br_news_sentiment ............................ [RUN]
2026-03-06 12:52:38 +0000 - dagster - INFO - 08_operacion_testnet_15m - 5cb9506b-47b9-44ac-9d62-da2d5426e78e - warehouse_dbt_build - [0m12:52:38  2 of 34 START sql incremental model main.br_stock_prices ....................... [RUN]
2026-03-06 12:52:39 +0000 - dagster - INFO - 08_operacion_testnet_15m - 5cb9506b-47b9-44ac-9d62-da2d5426e78e - warehouse_dbt_build - [0m12:52:39  1 of 34 OK created sql view model main.br_news_sentiment ....................... [[32mOK[0m in 0.51s]
2026-03-06 12:52:39 +0000 - dagster - INFO - 08_operacion_testnet_15m - 5cb9506b-47b9-44ac-9d62-da2d5426e78e - warehouse_dbt_build - [0m12:52:39  3 of 34 START sql view model main.br_x_sentiment ............................... [RUN]
2026-03-06 12:52:39 +0000 - dagster - INFO - 08_operacion_testnet_15m - 5cb9506b-47b9-44ac-9d62-da2d5426e78e - warehouse_dbt_build - [0m12:52:39  2 of 34 OK created sql incremental model main.br_stock_prices .................. [[32mOK[0m in 0.81s]
2026-03-06 12:52:39 +0000 - dagster - INFO - 08_operacion_testnet_15m - 5cb9506b-47b9-44ac-9d62-da2d5426e78e - warehouse_dbt_build - [0m12:52:39  4 of 34 START sql table model main.fct_approved_orders ......................... [RUN]
2026-03-06 12:52:39 +0000 - dagster - INFO - 08_operacion_testnet_15m - 5cb9506b-47b9-44ac-9d62-da2d5426e78e - warehouse_dbt_build - [0m12:52:39  3 of 34 OK created sql view model main.br_x_sentiment .......................... [[32mOK[0m in 0.48s]
2026-03-06 12:52:39 +0000 - dagster - INFO - 08_operacion_testnet_15m - 5cb9506b-47b9-44ac-9d62-da2d5426e78e - warehouse_dbt_build - [0m12:52:39  5 of 34 START sql table model main.fct_raw_signals ............................. [RUN]
2026-03-06 12:52:39 +0000 - dagster - INFO - 08_operacion_testnet_15m - 5cb9506b-47b9-44ac-9d62-da2d5426e78e - warehouse_dbt_build - [0m12:52:39  4 of 34 OK created sql table model main.fct_approved_orders .................... [[32mOK[0m in 0.42s]
2026-03-06 12:52:39 +0000 - dagster - INFO - 08_operacion_testnet_15m - 5cb9506b-47b9-44ac-9d62-da2d5426e78e - warehouse_dbt_build - [0m12:52:39  6 of 34 START sql table model main.int_mlflow_runs ............................. [RUN]
2026-03-06 12:52:40 +0000 - dagster - INFO - 08_operacion_testnet_15m - 5cb9506b-47b9-44ac-9d62-da2d5426e78e - warehouse_dbt_build - [0m12:52:40  5 of 34 OK created sql table model main.fct_raw_signals ........................ [[32mOK[0m in 0.40s]
2026-03-06 12:52:40 +0000 - dagster - INFO - 08_operacion_testnet_15m - 5cb9506b-47b9-44ac-9d62-da2d5426e78e - warehouse_dbt_build - [0m12:52:40  7 of 34 START sql table model main.int_optuna_trials ........................... [RUN]
2026-03-06 12:52:40 +0000 - dagster - INFO - 08_operacion_testnet_15m - 5cb9506b-47b9-44ac-9d62-da2d5426e78e - warehouse_dbt_build - [0m12:52:40  6 of 34 OK created sql table model main.int_mlflow_runs ........................ [[32mOK[0m in 0.38s]
2026-03-06 12:52:40 +0000 - dagster - INFO - 08_operacion_testnet_15m - 5cb9506b-47b9-44ac-9d62-da2d5426e78e - warehouse_dbt_build - [0m12:52:40  8 of 34 START test assert_cross_exchange_snapshot_raw_historical ............... [RUN]
2026-03-06 12:52:40 +0000 - dagster - INFO - 08_operacion_testnet_15m - 5cb9506b-47b9-44ac-9d62-da2d5426e78e - warehouse_dbt_build - [0m12:52:40  8 of 34 PASS assert_cross_exchange_snapshot_raw_historical ..................... [[32mPASS[0m in 0.11s]
2026-03-06 12:52:40 +0000 - dagster - INFO - 08_operacion_testnet_15m - 5cb9506b-47b9-44ac-9d62-da2d5426e78e - warehouse_dbt_build - [0m12:52:40  9 of 34 START test assert_derivatives_flow_raw_historical ...................... [RUN]
2026-03-06 12:52:40 +0000 - dagster - INFO - 08_operacion_testnet_15m - 5cb9506b-47b9-44ac-9d62-da2d5426e78e - warehouse_dbt_build - [0m12:52:40  7 of 34 OK created sql table model main.int_optuna_trials ...................... [[32mOK[0m in 0.56s]
2026-03-06 12:52:40 +0000 - dagster - INFO - 08_operacion_testnet_15m - 5cb9506b-47b9-44ac-9d62-da2d5426e78e - warehouse_dbt_build - [0m12:52:40  10 of 34 START test assert_derivatives_snapshot_raw_historical ................. [RUN]
2026-03-06 12:52:40 +0000 - dagster - INFO - 08_operacion_testnet_15m - 5cb9506b-47b9-44ac-9d62-da2d5426e78e - warehouse_dbt_build - [0m12:52:40  9 of 34 PASS assert_derivatives_flow_raw_historical ............................ [[32mPASS[0m in 0.33s]
2026-03-06 12:52:40 +0000 - dagster - INFO - 08_operacion_testnet_15m - 5cb9506b-47b9-44ac-9d62-da2d5426e78e - warehouse_dbt_build - [0m12:52:40  10 of 34 PASS assert_derivatives_snapshot_raw_historical ....................... [[32mPASS[0m in 0.11s]
2026-03-06 12:52:40 +0000 - dagster - INFO - 08_operacion_testnet_15m - 5cb9506b-47b9-44ac-9d62-da2d5426e78e - warehouse_dbt_build - [0m12:52:40  11 of 34 START test assert_dex_snapshot_raw_historical ......................... [RUN]
2026-03-06 12:52:40 +0000 - dagster - INFO - 08_operacion_testnet_15m - 5cb9506b-47b9-44ac-9d62-da2d5426e78e - warehouse_dbt_build - [0m12:52:40  12 of 34 START test assert_fear_greed_raw_historical ........................... [RUN]
2026-03-06 12:52:40 +0000 - dagster - INFO - 08_operacion_testnet_15m - 5cb9506b-47b9-44ac-9d62-da2d5426e78e - warehouse_dbt_build - [0m12:52:40  12 of 34 PASS assert_fear_greed_raw_historical ................................. [[32mPASS[0m in 0.15s]
2026-03-06 12:52:41 +0000 - dagster - INFO - 08_operacion_testnet_15m - 5cb9506b-47b9-44ac-9d62-da2d5426e78e - warehouse_dbt_build - [0m12:52:40  11 of 34 WARN 1 assert_dex_snapshot_raw_historical ............................. [[33mWARN 1[0m in 0.17s]
2026-03-06 12:52:41 +0000 - dagster - INFO - 08_operacion_testnet_15m - 5cb9506b-47b9-44ac-9d62-da2d5426e78e - warehouse_dbt_build - [0m12:52:40  13 of 34 START test assert_market_snapshot_raw_historical ...................... [RUN]
2026-03-06 12:52:41 +0000 - dagster - INFO - 08_operacion_testnet_15m - 5cb9506b-47b9-44ac-9d62-da2d5426e78e - warehouse_dbt_build - [0m12:52:40  14 of 34 START test not_null_int_mlflow_runs_run_uuid .......................... [RUN]
2026-03-06 12:52:41 +0000 - dagster - INFO - 08_operacion_testnet_15m - 5cb9506b-47b9-44ac-9d62-da2d5426e78e - warehouse_dbt_build - [0m12:52:41  14 of 34 PASS not_null_int_mlflow_runs_run_uuid ................................ [[32mPASS[0m in 0.15s]
2026-03-06 12:52:41 +0000 - dagster - INFO - 08_operacion_testnet_15m - 5cb9506b-47b9-44ac-9d62-da2d5426e78e - warehouse_dbt_build - [0m12:52:41  13 of 34 PASS assert_market_snapshot_raw_historical ............................ [[32mPASS[0m in 0.18s]
2026-03-06 12:52:41 +0000 - dagster - INFO - 08_operacion_testnet_15m - 5cb9506b-47b9-44ac-9d62-da2d5426e78e - warehouse_dbt_build - [0m12:52:41  15 of 34 START test unique_int_mlflow_runs_run_uuid ............................ [RUN]
2026-03-06 12:52:41 +0000 - dagster - INFO - 08_operacion_testnet_15m - 5cb9506b-47b9-44ac-9d62-da2d5426e78e - warehouse_dbt_build - [0m12:52:41  16 of 34 START test not_null_int_optuna_trials_trial_id ........................ [RUN]
2026-03-06 12:52:41 +0000 - dagster - INFO - 08_operacion_testnet_15m - 5cb9506b-47b9-44ac-9d62-da2d5426e78e - warehouse_dbt_build - [0m12:52:41  15 of 34 ERROR unique_int_mlflow_runs_run_uuid ................................. [[31mERROR[0m in 0.10s]
2026-03-06 12:52:41 +0000 - dagster - INFO - 08_operacion_testnet_15m - 5cb9506b-47b9-44ac-9d62-da2d5426e78e - warehouse_dbt_build - [0m12:52:41  17 of 34 START test unique_int_optuna_trials_trial_id .......................... [RUN]
2026-03-06 12:52:41 +0000 - dagster - INFO - 08_operacion_testnet_15m - 5cb9506b-47b9-44ac-9d62-da2d5426e78e - warehouse_dbt_build - [0m12:52:41  16 of 34 PASS not_null_int_optuna_trials_trial_id .............................. [[32mPASS[0m in 0.17s]
2026-03-06 12:52:41 +0000 - dagster - INFO - 08_operacion_testnet_15m - 5cb9506b-47b9-44ac-9d62-da2d5426e78e - warehouse_dbt_build - [0m12:52:41  18 of 34 START sql incremental model main.br_macro_context ..................... [RUN]
2026-03-06 12:52:41 +0000 - dagster - INFO - 08_operacion_testnet_15m - 5cb9506b-47b9-44ac-9d62-da2d5426e78e - warehouse_dbt_build - [0m12:52:41  17 of 34 PASS unique_int_optuna_trials_trial_id ................................ [[32mPASS[0m in 0.12s]
2026-03-06 12:52:41 +0000 - dagster - INFO - 08_operacion_testnet_15m - 5cb9506b-47b9-44ac-9d62-da2d5426e78e - warehouse_dbt_build - [0m12:52:41  19 of 34 START sql incremental model main.br_market_snapshot ................... [RUN]
2026-03-06 12:52:41 +0000 - dagster - INFO - 08_operacion_testnet_15m - 5cb9506b-47b9-44ac-9d62-da2d5426e78e - warehouse_dbt_build - [0m12:52:41  18 of 34 OK created sql incremental model main.br_macro_context ................ [[32mOK[0m in 0.58s]
2026-03-06 12:52:43 +0000 - dagster - INFO - 08_operacion_testnet_15m - 5cb9506b-47b9-44ac-9d62-da2d5426e78e - warehouse_dbt_build - [0m12:52:43  19 of 34 OK created sql incremental model main.br_market_snapshot .............. [[32mOK[0m in 2.04s]
2026-03-06 12:52:43 +0000 - dagster - INFO - 08_operacion_testnet_15m - 5cb9506b-47b9-44ac-9d62-da2d5426e78e - warehouse_dbt_build - [0m12:52:43  20 of 34 START test not_null_br_market_snapshot_event_time ..................... [RUN]
2026-03-06 12:52:43 +0000 - dagster - INFO - 08_operacion_testnet_15m - 5cb9506b-47b9-44ac-9d62-da2d5426e78e - warehouse_dbt_build - [0m12:52:43  21 of 34 START test not_null_br_market_snapshot_symbol ......................... [RUN]
2026-03-06 12:52:43 +0000 - dagster - INFO - 08_operacion_testnet_15m - 5cb9506b-47b9-44ac-9d62-da2d5426e78e - warehouse_dbt_build - [0m12:52:43  20 of 34 PASS not_null_br_market_snapshot_event_time ........................... [[32mPASS[0m in 0.20s]
2026-03-06 12:52:43 +0000 - dagster - INFO - 08_operacion_testnet_15m - 5cb9506b-47b9-44ac-9d62-da2d5426e78e - warehouse_dbt_build - [0m12:52:43  21 of 34 PASS not_null_br_market_snapshot_symbol ............................... [[32mPASS[0m in 0.21s]
2026-03-06 12:52:43 +0000 - dagster - INFO - 08_operacion_testnet_15m - 5cb9506b-47b9-44ac-9d62-da2d5426e78e - warehouse_dbt_build - [0m12:52:43  22 of 34 START sql incremental model main.slv_decision_features ................ [RUN]
2026-03-06 12:52:45 +0000 - dagster - INFO - 08_operacion_testnet_15m - 5cb9506b-47b9-44ac-9d62-da2d5426e78e - warehouse_dbt_build - [0m12:52:45  22 of 34 OK created sql incremental model main.slv_decision_features ........... [[32mOK[0m in 2.24s]
2026-03-06 12:52:45 +0000 - dagster - INFO - 08_operacion_testnet_15m - 5cb9506b-47b9-44ac-9d62-da2d5426e78e - warehouse_dbt_build - [0m12:52:45  23 of 34 START test not_null_slv_decision_features_event_time .................. [RUN]
2026-03-06 12:52:45 +0000 - dagster - INFO - 08_operacion_testnet_15m - 5cb9506b-47b9-44ac-9d62-da2d5426e78e - warehouse_dbt_build - [0m12:52:45  24 of 34 START test not_null_slv_decision_features_symbol ...................... [RUN]
2026-03-06 12:52:46 +0000 - dagster - INFO - 08_operacion_testnet_15m - 5cb9506b-47b9-44ac-9d62-da2d5426e78e - warehouse_dbt_build - [0m12:52:46  24 of 34 PASS not_null_slv_decision_features_symbol ............................ [[32mPASS[0m in 0.17s]
2026-03-06 12:52:46 +0000 - dagster - INFO - 08_operacion_testnet_15m - 5cb9506b-47b9-44ac-9d62-da2d5426e78e - warehouse_dbt_build - [0m12:52:46  23 of 34 PASS not_null_slv_decision_features_event_time ........................ [[32mPASS[0m in 0.19s]
2026-03-06 12:52:46 +0000 - dagster - INFO - 08_operacion_testnet_15m - 5cb9506b-47b9-44ac-9d62-da2d5426e78e - warehouse_dbt_build - [0m12:52:46  25 of 34 START sql incremental model main.decision_features .................... [RUN]
2026-03-06 12:52:46 +0000 - dagster - INFO - 08_operacion_testnet_15m - 5cb9506b-47b9-44ac-9d62-da2d5426e78e - warehouse_dbt_build - [0m12:52:46  26 of 34 START sql table model main.fct_liquidity_profile ...................... [RUN]
2026-03-06 12:52:47 +0000 - dagster - INFO - 08_operacion_testnet_15m - 5cb9506b-47b9-44ac-9d62-da2d5426e78e - warehouse_dbt_build - [0m12:52:47  26 of 34 OK created sql table model main.fct_liquidity_profile ................. [[32mOK[0m in 1.09s]
2026-03-06 12:52:47 +0000 - dagster - INFO - 08_operacion_testnet_15m - 5cb9506b-47b9-44ac-9d62-da2d5426e78e - warehouse_dbt_build - [0m12:52:47  27 of 34 START sql table model main.fct_symbol_performance ..................... [RUN]
2026-03-06 12:52:48 +0000 - dagster - INFO - 08_operacion_testnet_15m - 5cb9506b-47b9-44ac-9d62-da2d5426e78e - warehouse_dbt_build - [0m12:52:48  25 of 34 OK created sql incremental model main.decision_features ............... [[32mOK[0m in 1.94s]
2026-03-06 12:52:48 +0000 - dagster - INFO - 08_operacion_testnet_15m - 5cb9506b-47b9-44ac-9d62-da2d5426e78e - warehouse_dbt_build - [0m12:52:48  28 of 34 START test not_null_fct_decision_features_event_time .................. [RUN]
2026-03-06 12:52:48 +0000 - dagster - INFO - 08_operacion_testnet_15m - 5cb9506b-47b9-44ac-9d62-da2d5426e78e - warehouse_dbt_build - [0m12:52:48  28 of 34 PASS not_null_fct_decision_features_event_time ........................ [[32mPASS[0m in 0.07s]
2026-03-06 12:52:48 +0000 - dagster - INFO - 08_operacion_testnet_15m - 5cb9506b-47b9-44ac-9d62-da2d5426e78e - warehouse_dbt_build - [0m12:52:48  29 of 34 START test not_null_fct_decision_features_feature_id .................. [RUN]
2026-03-06 12:52:48 +0000 - dagster - INFO - 08_operacion_testnet_15m - 5cb9506b-47b9-44ac-9d62-da2d5426e78e - warehouse_dbt_build - [0m12:52:48  29 of 34 PASS not_null_fct_decision_features_feature_id ........................ [[32mPASS[0m in 0.07s]
2026-03-06 12:52:48 +0000 - dagster - INFO - 08_operacion_testnet_15m - 5cb9506b-47b9-44ac-9d62-da2d5426e78e - warehouse_dbt_build - [0m12:52:48  30 of 34 START test not_null_fct_decision_features_symbol ...................... [RUN]
2026-03-06 12:52:48 +0000 - dagster - INFO - 08_operacion_testnet_15m - 5cb9506b-47b9-44ac-9d62-da2d5426e78e - warehouse_dbt_build - [0m12:52:48  30 of 34 PASS not_null_fct_decision_features_symbol ............................ [[32mPASS[0m in 0.11s]
2026-03-06 12:52:48 +0000 - dagster - INFO - 08_operacion_testnet_15m - 5cb9506b-47b9-44ac-9d62-da2d5426e78e - warehouse_dbt_build - [0m12:52:48  31 of 34 START test unique_fct_decision_features_feature_id .................... [RUN]
2026-03-06 12:52:48 +0000 - dagster - INFO - 08_operacion_testnet_15m - 5cb9506b-47b9-44ac-9d62-da2d5426e78e - warehouse_dbt_build - [0m12:52:48  31 of 34 WARN 19 unique_fct_decision_features_feature_id ....................... [[33mWARN 19[0m in 0.13s]
2026-03-06 12:52:48 +0000 - dagster - INFO - 08_operacion_testnet_15m - 5cb9506b-47b9-44ac-9d62-da2d5426e78e - warehouse_dbt_build - [0m12:52:48  32 of 34 START sql table model main.fct_anomaly_detection ...................... [RUN]
2026-03-06 12:52:49 +0000 - dagster - INFO - 08_operacion_testnet_15m - 5cb9506b-47b9-44ac-9d62-da2d5426e78e - warehouse_dbt_build - [0m12:52:49  32 of 34 OK created sql table model main.fct_anomaly_detection ................. [[32mOK[0m in 0.66s]
2026-03-06 12:52:49 +0000 - dagster - INFO - 08_operacion_testnet_15m - 5cb9506b-47b9-44ac-9d62-da2d5426e78e - warehouse_dbt_build - [0m12:52:49  33 of 34 START sql table model main.fct_market_summary ......................... [RUN]
2026-03-06 12:52:49 +0000 - dagster - INFO - 08_operacion_testnet_15m - 5cb9506b-47b9-44ac-9d62-da2d5426e78e - warehouse_dbt_build - [0m12:52:49  33 of 34 OK created sql table model main.fct_market_summary .................... [[32mOK[0m in 0.21s]
2026-03-06 12:52:49 +0000 - dagster - INFO - 08_operacion_testnet_15m - 5cb9506b-47b9-44ac-9d62-da2d5426e78e - warehouse_dbt_build - [0m12:52:49  34 of 34 START sql table model main.fct_momentum_rankings ...................... [RUN]
2026-03-06 12:52:51 +0000 - dagster - INFO - 08_operacion_testnet_15m - 5cb9506b-47b9-44ac-9d62-da2d5426e78e - warehouse_dbt_build - [0m12:52:50  34 of 34 OK created sql table model main.fct_momentum_rankings ................. [[32mOK[0m in 0.59s]
2026-03-06 12:52:51 +0000 - dagster - INFO - 08_operacion_testnet_15m - 5cb9506b-47b9-44ac-9d62-da2d5426e78e - warehouse_dbt_build - [0m12:52:51  27 of 34 OK created sql table model main.fct_symbol_performance ................ [[32mOK[0m in 4.39s]
2026-03-06 12:52:51 +0000 - dagster - INFO - 08_operacion_testnet_15m - 5cb9506b-47b9-44ac-9d62-da2d5426e78e - warehouse_dbt_build - [0m12:52:51
2026-03-06 12:52:51 +0000 - dagster - INFO - 08_operacion_testnet_15m - 5cb9506b-47b9-44ac-9d62-da2d5426e78e - warehouse_dbt_build - [0m12:52:51  Finished running 2 view models, 5 incremental models, 9 table models, 18 data tests in 0 hours 0 minutes and 13.69 seconds (13.69s).
2026-03-06 12:52:51 +0000 - dagster - INFO - 08_operacion_testnet_15m - 5cb9506b-47b9-44ac-9d62-da2d5426e78e - warehouse_dbt_build - [0m12:52:51
2026-03-06 12:52:52 +0000 - dagster - INFO - 08_operacion_testnet_15m - 5cb9506b-47b9-44ac-9d62-da2d5426e78e - warehouse_dbt_build - [0m12:52:51  [31mCompleted with 1 error and 2 warnings:[0m
2026-03-06 12:52:52 +0000 - dagster - INFO - 08_operacion_testnet_15m - 5cb9506b-47b9-44ac-9d62-da2d5426e78e - warehouse_dbt_build - [0m12:52:51
2026-03-06 12:52:52 +0000 - dagster - INFO - 08_operacion_testnet_15m - 5cb9506b-47b9-44ac-9d62-da2d5426e78e - warehouse_dbt_build - [0m12:52:51    Runtime Error in test unique_int_mlflow_runs_run_uuid (models/ml_metadata/schema.yml)
2026-03-06 12:52:52 +0000 - dagster - INFO - 08_operacion_testnet_15m - 5cb9506b-47b9-44ac-9d62-da2d5426e78e - warehouse_dbt_build - IO Error: Could not set lock on file "/app/artifacts/warehouse/crypto.duckdb": Conflicting lock is held in /usr/local/bin/python3.11 (PID 15357). See also https://duckdb.org/docs/stable/connect/concurrency
2026-03-06 12:52:52 +0000 - dagster - INFO - 08_operacion_testnet_15m - 5cb9506b-47b9-44ac-9d62-da2d5426e78e - warehouse_dbt_build - [0m12:52:51
2026-03-06 12:52:52 +0000 - dagster - INFO - 08_operacion_testnet_15m - 5cb9506b-47b9-44ac-9d62-da2d5426e78e - warehouse_dbt_build - [0m12:52:51  [33mWarning in test assert_dex_snapshot_raw_historical (tests/assert_dex_snapshot_raw_historical.sql)[0m
2026-03-06 12:52:52 +0000 - dagster - INFO - 08_operacion_testnet_15m - 5cb9506b-47b9-44ac-9d62-da2d5426e78e - warehouse_dbt_build - [0m12:52:51  Got 1 result, configured to warn if != 0
2026-03-06 12:52:52 +0000 - dagster - INFO - 08_operacion_testnet_15m - 5cb9506b-47b9-44ac-9d62-da2d5426e78e - warehouse_dbt_build - [0m12:52:51
2026-03-06 12:52:52 +0000 - dagster - INFO - 08_operacion_testnet_15m - 5cb9506b-47b9-44ac-9d62-da2d5426e78e - warehouse_dbt_build - [0m12:52:51    compiled code at target/compiled/crypto_trading_lakehouse/tests/assert_dex_snapshot_raw_historical.sql
2026-03-06 12:52:52 +0000 - dagster - INFO - 08_operacion_testnet_15m - 5cb9506b-47b9-44ac-9d62-da2d5426e78e - warehouse_dbt_build - [0m12:52:51
2026-03-06 12:52:52 +0000 - dagster - INFO - 08_operacion_testnet_15m - 5cb9506b-47b9-44ac-9d62-da2d5426e78e - warehouse_dbt_build - [0m12:52:51  [33mWarning in test unique_fct_decision_features_feature_id (models/schema.yml)[0m
2026-03-06 12:52:52 +0000 - dagster - INFO - 08_operacion_testnet_15m - 5cb9506b-47b9-44ac-9d62-da2d5426e78e - warehouse_dbt_build - [0m12:52:51  Got 19 results, configured to warn if != 0
2026-03-06 12:52:52 +0000 - dagster - INFO - 08_operacion_testnet_15m - 5cb9506b-47b9-44ac-9d62-da2d5426e78e - warehouse_dbt_build - [0m12:52:51
2026-03-06 12:52:52 +0000 - dagster - INFO - 08_operacion_testnet_15m - 5cb9506b-47b9-44ac-9d62-da2d5426e78e - warehouse_dbt_build - [0m12:52:51    compiled code at target/compiled/crypto_trading_lakehouse/models/schema.yml/unique_fct_decision_features_feature_id.sql
2026-03-06 12:52:52 +0000 - dagster - INFO - 08_operacion_testnet_15m - 5cb9506b-47b9-44ac-9d62-da2d5426e78e - warehouse_dbt_build - [0m12:52:51
2026-03-06 12:52:52 +0000 - dagster - INFO - 08_operacion_testnet_15m - 5cb9506b-47b9-44ac-9d62-da2d5426e78e - warehouse_dbt_build - [0m12:52:51  Done. PASS=31 WARN=2 ERROR=1 SKIP=0 TOTAL=34
2026-03-06 12:52:53 +0000 - dagster - ERROR - 08_operacion_testnet_15m - 5cb9506b-47b9-44ac-9d62-da2d5426e78e - 14771 - warehouse_dbt_build - STEP_FAILURE - Execution of step "warehouse_dbt_build" failed.

dagster._core.errors.DagsterExecutionStepExecutionError: Error occurred while executing op "warehouse_dbt_build"::

RuntimeError: dbt build failed (exit code 1)

Stack Trace:
  File "/usr/local/lib/python3.11/site-packages/dagster/_core/execution/plan/utils.py", line 57, in op_execution_error_boundary
    yield
  File "/usr/local/lib/python3.11/site-packages/dagster/_utils/__init__.py", line 394, in iterate_with_context
    next_output = next(iterator)
                  ^^^^^^^^^^^^^^
  File "/usr/local/lib/python3.11/site-packages/dagster/_core/execution/plan/compute_generator.py", line 135, in _coerce_op_compute_fn_to_iterator
    result = invoke_compute_fn(
             ^^^^^^^^^^^^^^^^^^
  File "/usr/local/lib/python3.11/site-packages/dagster/_core/execution/plan/compute_generator.py", line 115, in invoke_compute_fn
    return fn(context, **args_to_pass) if context_arg_provided else fn(**args_to_pass)
           ^^^^^^^^^^^^^^^^^^^^^^^^^^^
  File "/app/data_platform/orchestration/dagster/assets.py", line 245, in warehouse_dbt_build
    raise RuntimeError(f"dbt build failed (exit code {return_code})")

