2026-03-08 15:38:45 +0000 - dagster - DEBUG - 08_operacion_testnet_15m - 3df5ddf5-a54f-4945-b4f0-e5bcf3838799 - 9567 - LOGS_CAPTURED - Started capturing logs in process (pid: 9567).
2026-03-08 15:38:45 +0000 - dagster - DEBUG - 08_operacion_testnet_15m - 3df5ddf5-a54f-4945-b4f0-e5bcf3838799 - 9567 - quant_risk_evaluation - STEP_START - Started execution of step "quant_risk_evaluation".
2026-03-08 15:38:46 +0000 - dagster - INFO - 08_operacion_testnet_15m - 3df5ddf5-a54f-4945-b4f0-e5bcf3838799 - quant_risk_evaluation - Running Risk Engine: /usr/local/bin/python3.11 /app/scripts/run_risk_engine.py
2026-03-08 15:39:11 +0000 - dagster - INFO - 08_operacion_testnet_15m - 3df5ddf5-a54f-4945-b4f0-e5bcf3838799 - quant_risk_evaluation - Risk Engine complete:
FO:__main__:DEBUG raw_entries count: 1
WARNING:trading_lib.risk.engine:Blocked by drawdown limit: 0.50 >= 0.15
INFO:trading_lib.risk.engine:raw_signals count before filter: 1
INFO:trading_lib.risk.engine:sorted_signals count after filter: 1
INFO:trading_lib.risk.engine:DEBUG sizing for BTCUSDT: conf=0.55, vol=0.05, base=1000.9124214240001, conf_m=0.40, vol_m=0.21, final=83.82
INFO:__main__:DEBUG raw_entries count: 1 -> approved: 1
WARNING:trading_lib.risk.engine:Blocked by drawdown limit: 0.50 >= 0.15
INFO:trading_lib.risk.engine:raw_signals count before filter: 1
INFO:trading_lib.risk.engine:sorted_signals count after filter: 1
INFO:trading_lib.risk.engine:DEBUG sizing for ETHUSDT: conf=0.55, vol=0.05, base=1000.9124214240001, conf_m=0.40, vol_m=0.21, final=83.82
INFO:__main__:REBALANCE: ETHUSDT | SHORT | current=$95.80 -> target=$83.82 | delta=$-11.98 (REDUCE)
INFO:__main__:Inserted 2 raw signals
INFO:__main__:Inserted 2 orders (Entries: 1, Exits: 0, Rebalances: 1). Risk rejected: 0

2026-03-08 15:39:11 +0000 - dagster - DEBUG - 08_operacion_testnet_15m - 3df5ddf5-a54f-4945-b4f0-e5bcf3838799 - 9567 - quant_risk_evaluation - STEP_OUTPUT - Yielded output "result" of type "Any". (Type check passed).
2026-03-08 15:39:11 +0000 - dagster - DEBUG - 08_operacion_testnet_15m - 3df5ddf5-a54f-4945-b4f0-e5bcf3838799 - 9567 - quant_risk_evaluation - ASSET_MATERIALIZATION - Materialized value quant_risk_evaluation.
2026-03-08 15:39:11 +0000 - dagster - DEBUG - 08_operacion_testnet_15m - 3df5ddf5-a54f-4945-b4f0-e5bcf3838799 - 9567 - quant_risk_evaluation - STEP_SUCCESS - Finished execution of step "quant_risk_evaluation" in 25.42s.
