2026-03-07 23:27:04 +0000 - dagster - DEBUG - 04_pipeline_datos_completo - 3c8553b6-3746-4aff-b0e6-992aabd9785a - 1076 - LOGS_CAPTURED - Started capturing logs in process (pid: 1076).
2026-03-07 23:27:05 +0000 - dagster - DEBUG - 04_pipeline_datos_completo - 3c8553b6-3746-4aff-b0e6-992aabd9785a - 1076 - stock_market_ingest - STEP_START - Started execution of step "stock_market_ingest".
2026-03-07 23:27:07 +0000 - dagster - INFO - 04_pipeline_datos_completo - 3c8553b6-3746-4aff-b0e6-992aabd9785a - stock_market_ingest - Running stock market ingest: /usr/local/bin/python3.11 /app/data_platform/loaders/stock_market_loader.py
2026-03-07 23:37:54 +0000 - dagster - ERROR - 04_pipeline_datos_completo - 3c8553b6-3746-4aff-b0e6-992aabd9785a - 1076 - stock_market_ingest - STEP_FAILURE - Execution of step "stock_market_ingest" failed.

dagster._core.errors.DagsterExecutionStepExecutionError: Error occurred while executing op "stock_market_ingest"::

RuntimeError: Stock ingest timed out (600s). stderr: b"Failed to get ticker 'AAPL' reason: Failed to perform, curl: (28) Resolving timed out after 10436 milliseconds. See https://curl.se/libcurl/c/libcurl-errors.html first for more details.\nDuckDB lock held, waiting 5s... (attempt 1/12)\n2026-03-07 23:34:49,396|[WARNING]|2840|140015836171136|dlt|pipeline.py|run:734|The pipeline `run` method will now load the pending load packages. The data you passed to the run function will not be extracted. In order to do that you must run the pipeline again\nDuckDB lock held, waiting 5s... (attempt 2/12)\n2026-03-07 23:34:54,544|[WARNING]|2840|140015836171136|dlt|pipeline.py|run:734|The pipeline `run` method will now load the pending load packages. The data you passed to the run function will not be extracted. In order to do that you must run the pipeline again\nDuckDB lock held, waiting 5s... (attempt 3/12)\n2026-03-07 23:34:59,745|[WARNING]|2840|140015836171136|dlt|pipeline.py|run:734|The pipeline `run` method will now load the pending load packages. The data you passed to the run function will not be extracted. In order to do that you must run the pipeline again\nDuckDB lock held, waiting 5s... (attempt 4/12)\n2026-03-07 23:35:04,873|[WARNING]|2840|140015836171136|dlt|pipeline.py|run:734|The pipeline `run` method will now load the pending load packages. The data you passed to the run function will not be extracted. In order to do that you must run the pipeline again\nDuckDB lock held, waiting 5s... (attempt 5/12)\n2026-03-07 23:35:10,336|[WARNING]|2840|140015836171136|dlt|pipeline.py|run:734|The pipeline `run` method will now load the pending load packages. The data you passed to the run function will not be extracted. In order to do that you must run the pipeline again\nDuckDB lock held, waiting 5s... (attempt 6/12)\n2026-03-07 23:35:15,513|[WARNING]|2840|140015836171136|dlt|pipeline.py|run:734|The pipeline `run` method will now load the pending load packages. The data you passed to the run function will not be extracted. In order to do that you must run the pipeline again\nDuckDB lock held, waiting 5s... (attempt 7/12)\n2026-03-07 23:36:53,122|[WARNING]|2840|140015836171136|dlt|pipeline.py|run:734|The pipeline `run` method will now load the pending load packages. The data you passed to the run function will not be extracted. In order to do that you must run the pipeline again\n"

Stack Trace:
  File "/usr/local/lib/python3.11/site-packages/dagster/_core/execution/plan/utils.py", line 57, in op_execution_error_boundary
    yield
  File "/usr/local/lib/python3.11/site-packages/dagster/_utils/__init__.py", line 394, in iterate_with_context
    next_output = next(iterator)
                  ^^^^^^^^^^^^^^
  File "/usr/local/lib/python3.11/site-packages/dagster/_core/execution/plan/compute_generator.py", line 135, in _coerce_op_compute_fn_to_iterator
    result = invoke_compute_fn(
             ^^^^^^^^^^^^^^^^^^
  File "/usr/local/lib/python3.11/site-packages/dagster/_core/execution/plan/compute_generator.py", line 115, in invoke_compute_fn
    return fn(context, **args_to_pass) if context_arg_provided else fn(**args_to_pass)
           ^^^^^^^^^^^^^^^^^^^^^^^^^^^
  File "/app/data_platform/orchestration/dagster/assets.py", line 104, in stock_market_ingest
    raise RuntimeError(f"Stock ingest timed out (600s). stderr: {getattr(e, 'stderr', '') or ''}")

The above exception occurred during handling of the following exception:
subprocess.TimeoutExpired: Command '['/usr/local/bin/python3.11', '/app/data_platform/loaders/stock_market_loader.py']' timed out after 600 seconds

Stack Trace:
  File "/app/data_platform/orchestration/dagster/assets.py", line 100, in stock_market_ingest
    result = subprocess.run(
             ^^^^^^^^^^^^^^^
  File "/usr/local/lib/python3.11/subprocess.py", line 550, in run
    stdout, stderr = process.communicate(input, timeout=timeout)
                     ^^^^^^^^^^^^^^^^^^^^^^^^^^^^^^^^^^^^^^^^^^^
  File "/usr/local/lib/python3.11/subprocess.py", line 1209, in communicate
    stdout, stderr = self._communicate(input, endtime, timeout)
                     ^^^^^^^^^^^^^^^^^^^^^^^^^^^^^^^^^^^^^^^^^^
  File "/usr/local/lib/python3.11/subprocess.py", line 2116, in _communicate
    self._check_timeout(endtime, orig_timeout, stdout, stderr)
  File "/usr/local/lib/python3.11/subprocess.py", line 1253, in _check_timeout
    raise TimeoutExpired(

