2026-03-06 15:46:12 +0000 - dagster - DEBUG - 04_pipeline_datos_completo - 506844c2-adb2-4f8d-8585-9ef1cb2150ce - 16327 - LOGS_CAPTURED - Started capturing logs in process (pid: 16327).
2026-03-06 15:46:12 +0000 - dagster - DEBUG - 04_pipeline_datos_completo - 506844c2-adb2-4f8d-8585-9ef1cb2150ce - 16327 - warehouse_dbt_build - STEP_START - Started execution of step "warehouse_dbt_build".
2026-03-06 15:46:15 +0000 - dagster - INFO - 04_pipeline_datos_completo - 506844c2-adb2-4f8d-8585-9ef1cb2150ce - warehouse_dbt_build - [0m15:46:15  Running with dbt=1.8.8
2026-03-06 15:46:15 +0000 - dagster - INFO - 04_pipeline_datos_completo - 506844c2-adb2-4f8d-8585-9ef1cb2150ce - warehouse_dbt_build - [0m15:46:15  [[33mWARNING[0m]: Deprecated functionality
2026-03-06 15:46:15 +0000 - dagster - INFO - 04_pipeline_datos_completo - 506844c2-adb2-4f8d-8585-9ef1cb2150ce - warehouse_dbt_build - The `tests` config has been renamed to `data_tests`. Please see
2026-03-06 15:46:15 +0000 - dagster - INFO - 04_pipeline_datos_completo - 506844c2-adb2-4f8d-8585-9ef1cb2150ce - warehouse_dbt_build - https://docs.getdbt.com/docs/build/data-tests#new-data_tests-syntax for more
2026-03-06 15:46:15 +0000 - dagster - INFO - 04_pipeline_datos_completo - 506844c2-adb2-4f8d-8585-9ef1cb2150ce - warehouse_dbt_build - information.
2026-03-06 15:46:15 +0000 - dagster - INFO - 04_pipeline_datos_completo - 506844c2-adb2-4f8d-8585-9ef1cb2150ce - warehouse_dbt_build - [0m15:46:15  Registered adapter: duckdb=1.8.2
2026-03-06 15:46:16 +0000 - dagster - INFO - 04_pipeline_datos_completo - 506844c2-adb2-4f8d-8585-9ef1cb2150ce - warehouse_dbt_build - [0m15:46:16  [[33mWARNING[0m]: Configuration paths exist in your dbt_project.yml file which do not apply to any resources.
2026-03-06 15:46:16 +0000 - dagster - INFO - 04_pipeline_datos_completo - 506844c2-adb2-4f8d-8585-9ef1cb2150ce - warehouse_dbt_build - There are 1 unused configuration paths:
2026-03-06 15:46:16 +0000 - dagster - INFO - 04_pipeline_datos_completo - 506844c2-adb2-4f8d-8585-9ef1cb2150ce - warehouse_dbt_build - - seeds.crypto_trading_lakehouse
2026-03-06 15:46:16 +0000 - dagster - INFO - 04_pipeline_datos_completo - 506844c2-adb2-4f8d-8585-9ef1cb2150ce - warehouse_dbt_build - [0m15:46:16  Found 16 models, 18 data tests, 24 sources, 417 macros
2026-03-06 15:46:16 +0000 - dagster - INFO - 04_pipeline_datos_completo - 506844c2-adb2-4f8d-8585-9ef1cb2150ce - warehouse_dbt_build - [0m15:46:16
2026-03-06 15:46:17 +0000 - dagster - INFO - 04_pipeline_datos_completo - 506844c2-adb2-4f8d-8585-9ef1cb2150ce - warehouse_dbt_build - [0m15:46:17  Concurrency: 2 threads (target='local')
2026-03-06 15:46:17 +0000 - dagster - INFO - 04_pipeline_datos_completo - 506844c2-adb2-4f8d-8585-9ef1cb2150ce - warehouse_dbt_build - [0m15:46:17
2026-03-06 15:46:17 +0000 - dagster - INFO - 04_pipeline_datos_completo - 506844c2-adb2-4f8d-8585-9ef1cb2150ce - warehouse_dbt_build - [0m15:46:17  1 of 34 START sql view model main.br_news_sentiment ............................ [RUN]
2026-03-06 15:46:17 +0000 - dagster - INFO - 04_pipeline_datos_completo - 506844c2-adb2-4f8d-8585-9ef1cb2150ce - warehouse_dbt_build - [0m15:46:17  2 of 34 START sql incremental model main.br_stock_prices ....................... [RUN]
2026-03-06 15:46:17 +0000 - dagster - INFO - 04_pipeline_datos_completo - 506844c2-adb2-4f8d-8585-9ef1cb2150ce - warehouse_dbt_build - [0m15:46:17  1 of 34 OK created sql view model main.br_news_sentiment ....................... [[32mOK[0m in 0.46s]
2026-03-06 15:46:17 +0000 - dagster - INFO - 04_pipeline_datos_completo - 506844c2-adb2-4f8d-8585-9ef1cb2150ce - warehouse_dbt_build - [0m15:46:17  3 of 34 START sql view model main.br_x_sentiment ............................... [RUN]
2026-03-06 15:46:17 +0000 - dagster - INFO - 04_pipeline_datos_completo - 506844c2-adb2-4f8d-8585-9ef1cb2150ce - warehouse_dbt_build - [0m15:46:17  2 of 34 OK created sql incremental model main.br_stock_prices .................. [[32mOK[0m in 0.70s]
2026-03-06 15:46:17 +0000 - dagster - INFO - 04_pipeline_datos_completo - 506844c2-adb2-4f8d-8585-9ef1cb2150ce - warehouse_dbt_build - [0m15:46:17  4 of 34 START sql table model main.fct_approved_orders ......................... [RUN]
2026-03-06 15:46:18 +0000 - dagster - INFO - 04_pipeline_datos_completo - 506844c2-adb2-4f8d-8585-9ef1cb2150ce - warehouse_dbt_build - [0m15:46:18  3 of 34 OK created sql view model main.br_x_sentiment .......................... [[32mOK[0m in 0.40s]
2026-03-06 15:46:18 +0000 - dagster - INFO - 04_pipeline_datos_completo - 506844c2-adb2-4f8d-8585-9ef1cb2150ce - warehouse_dbt_build - [0m15:46:18  5 of 34 START sql table model main.fct_raw_signals ............................. [RUN]
2026-03-06 15:46:18 +0000 - dagster - INFO - 04_pipeline_datos_completo - 506844c2-adb2-4f8d-8585-9ef1cb2150ce - warehouse_dbt_build - [0m15:46:18  4 of 34 OK created sql table model main.fct_approved_orders .................... [[32mOK[0m in 0.43s]
2026-03-06 15:46:18 +0000 - dagster - INFO - 04_pipeline_datos_completo - 506844c2-adb2-4f8d-8585-9ef1cb2150ce - warehouse_dbt_build - [0m15:46:18  6 of 34 START sql table model main.int_mlflow_runs ............................. [RUN]
2026-03-06 15:46:18 +0000 - dagster - INFO - 04_pipeline_datos_completo - 506844c2-adb2-4f8d-8585-9ef1cb2150ce - warehouse_dbt_build - [0m15:46:18  5 of 34 OK created sql table model main.fct_raw_signals ........................ [[32mOK[0m in 0.45s]
2026-03-06 15:46:18 +0000 - dagster - INFO - 04_pipeline_datos_completo - 506844c2-adb2-4f8d-8585-9ef1cb2150ce - warehouse_dbt_build - [0m15:46:18  7 of 34 START sql table model main.int_optuna_trials ........................... [RUN]
2026-03-06 15:46:18 +0000 - dagster - INFO - 04_pipeline_datos_completo - 506844c2-adb2-4f8d-8585-9ef1cb2150ce - warehouse_dbt_build - [0m15:46:18  6 of 34 OK created sql table model main.int_mlflow_runs ........................ [[32mOK[0m in 0.43s]
2026-03-06 15:46:18 +0000 - dagster - INFO - 04_pipeline_datos_completo - 506844c2-adb2-4f8d-8585-9ef1cb2150ce - warehouse_dbt_build - [0m15:46:18  8 of 34 START test assert_cross_exchange_snapshot_raw_historical ............... [RUN]
2026-03-06 15:46:18 +0000 - dagster - INFO - 04_pipeline_datos_completo - 506844c2-adb2-4f8d-8585-9ef1cb2150ce - warehouse_dbt_build - [0m15:46:18  8 of 34 PASS assert_cross_exchange_snapshot_raw_historical ..................... [[32mPASS[0m in 0.14s]
2026-03-06 15:46:19 +0000 - dagster - INFO - 04_pipeline_datos_completo - 506844c2-adb2-4f8d-8585-9ef1cb2150ce - warehouse_dbt_build - [0m15:46:18  9 of 34 START test assert_derivatives_flow_raw_historical ...................... [RUN]
2026-03-06 15:46:19 +0000 - dagster - INFO - 04_pipeline_datos_completo - 506844c2-adb2-4f8d-8585-9ef1cb2150ce - warehouse_dbt_build - [0m15:46:19  7 of 34 OK created sql table model main.int_optuna_trials ...................... [[32mOK[0m in 0.70s]
2026-03-06 15:46:19 +0000 - dagster - INFO - 04_pipeline_datos_completo - 506844c2-adb2-4f8d-8585-9ef1cb2150ce - warehouse_dbt_build - [0m15:46:19  10 of 34 START test assert_derivatives_snapshot_raw_historical ................. [RUN]
2026-03-06 15:46:19 +0000 - dagster - INFO - 04_pipeline_datos_completo - 506844c2-adb2-4f8d-8585-9ef1cb2150ce - warehouse_dbt_build - [0m15:46:19  10 of 34 PASS assert_derivatives_snapshot_raw_historical ....................... [[32mPASS[0m in 0.17s]
2026-03-06 15:46:19 +0000 - dagster - INFO - 04_pipeline_datos_completo - 506844c2-adb2-4f8d-8585-9ef1cb2150ce - warehouse_dbt_build - [0m15:46:19  11 of 34 START test assert_dex_snapshot_raw_historical ......................... [RUN]
2026-03-06 15:46:19 +0000 - dagster - INFO - 04_pipeline_datos_completo - 506844c2-adb2-4f8d-8585-9ef1cb2150ce - warehouse_dbt_build - [0m15:46:19  9 of 34 PASS assert_derivatives_flow_raw_historical ............................ [[32mPASS[0m in 0.53s]
2026-03-06 15:46:19 +0000 - dagster - INFO - 04_pipeline_datos_completo - 506844c2-adb2-4f8d-8585-9ef1cb2150ce - warehouse_dbt_build - [0m15:46:19  12 of 34 START test assert_fear_greed_raw_historical ........................... [RUN]
2026-03-06 15:46:19 +0000 - dagster - INFO - 04_pipeline_datos_completo - 506844c2-adb2-4f8d-8585-9ef1cb2150ce - warehouse_dbt_build - [0m15:46:19  12 of 34 PASS assert_fear_greed_raw_historical ................................. [[32mPASS[0m in 0.14s]
2026-03-06 15:46:19 +0000 - dagster - INFO - 04_pipeline_datos_completo - 506844c2-adb2-4f8d-8585-9ef1cb2150ce - warehouse_dbt_build - [0m15:46:19  11 of 34 WARN 1 assert_dex_snapshot_raw_historical ............................. [[33mWARN 1[0m in 0.17s]
2026-03-06 15:46:19 +0000 - dagster - INFO - 04_pipeline_datos_completo - 506844c2-adb2-4f8d-8585-9ef1cb2150ce - warehouse_dbt_build - [0m15:46:19  13 of 34 START test assert_market_snapshot_raw_historical ...................... [RUN]
2026-03-06 15:46:19 +0000 - dagster - INFO - 04_pipeline_datos_completo - 506844c2-adb2-4f8d-8585-9ef1cb2150ce - warehouse_dbt_build - [0m15:46:19  14 of 34 START test not_null_int_mlflow_runs_run_uuid .......................... [RUN]
2026-03-06 15:46:19 +0000 - dagster - INFO - 04_pipeline_datos_completo - 506844c2-adb2-4f8d-8585-9ef1cb2150ce - warehouse_dbt_build - [0m15:46:19  14 of 34 PASS not_null_int_mlflow_runs_run_uuid ................................ [[32mPASS[0m in 0.15s]
2026-03-06 15:46:19 +0000 - dagster - INFO - 04_pipeline_datos_completo - 506844c2-adb2-4f8d-8585-9ef1cb2150ce - warehouse_dbt_build - [0m15:46:19  13 of 34 PASS assert_market_snapshot_raw_historical ............................ [[32mPASS[0m in 0.17s]
2026-03-06 15:46:19 +0000 - dagster - INFO - 04_pipeline_datos_completo - 506844c2-adb2-4f8d-8585-9ef1cb2150ce - warehouse_dbt_build - [0m15:46:19  15 of 34 START test unique_int_mlflow_runs_run_uuid ............................ [RUN]
2026-03-06 15:46:19 +0000 - dagster - INFO - 04_pipeline_datos_completo - 506844c2-adb2-4f8d-8585-9ef1cb2150ce - warehouse_dbt_build - [0m15:46:19  16 of 34 START test not_null_int_optuna_trials_trial_id ........................ [RUN]
2026-03-06 15:46:20 +0000 - dagster - INFO - 04_pipeline_datos_completo - 506844c2-adb2-4f8d-8585-9ef1cb2150ce - warehouse_dbt_build - [0m15:46:20  16 of 34 PASS not_null_int_optuna_trials_trial_id .............................. [[32mPASS[0m in 0.15s]
2026-03-06 15:46:20 +0000 - dagster - INFO - 04_pipeline_datos_completo - 506844c2-adb2-4f8d-8585-9ef1cb2150ce - warehouse_dbt_build - [0m15:46:20  17 of 34 START test unique_int_optuna_trials_trial_id .......................... [RUN]
2026-03-06 15:46:20 +0000 - dagster - INFO - 04_pipeline_datos_completo - 506844c2-adb2-4f8d-8585-9ef1cb2150ce - warehouse_dbt_build - [0m15:46:20  15 of 34 PASS unique_int_mlflow_runs_run_uuid .................................. [[32mPASS[0m in 0.18s]
2026-03-06 15:46:20 +0000 - dagster - INFO - 04_pipeline_datos_completo - 506844c2-adb2-4f8d-8585-9ef1cb2150ce - warehouse_dbt_build - [0m15:46:20  18 of 34 START sql incremental model main.br_macro_context ..................... [RUN]
2026-03-06 15:46:20 +0000 - dagster - INFO - 04_pipeline_datos_completo - 506844c2-adb2-4f8d-8585-9ef1cb2150ce - warehouse_dbt_build - [0m15:46:20  17 of 34 PASS unique_int_optuna_trials_trial_id ................................ [[32mPASS[0m in 0.18s]
2026-03-06 15:46:20 +0000 - dagster - INFO - 04_pipeline_datos_completo - 506844c2-adb2-4f8d-8585-9ef1cb2150ce - warehouse_dbt_build - [0m15:46:20  19 of 34 START sql incremental model main.br_market_snapshot ................... [RUN]
2026-03-06 15:46:20 +0000 - dagster - INFO - 04_pipeline_datos_completo - 506844c2-adb2-4f8d-8585-9ef1cb2150ce - warehouse_dbt_build - [0m15:46:20  18 of 34 OK created sql incremental model main.br_macro_context ................ [[32mOK[0m in 0.53s]
2026-03-06 15:46:22 +0000 - dagster - INFO - 04_pipeline_datos_completo - 506844c2-adb2-4f8d-8585-9ef1cb2150ce - warehouse_dbt_build - [0m15:46:22  19 of 34 OK created sql incremental model main.br_market_snapshot .............. [[32mOK[0m in 1.88s]
2026-03-06 15:46:22 +0000 - dagster - INFO - 04_pipeline_datos_completo - 506844c2-adb2-4f8d-8585-9ef1cb2150ce - warehouse_dbt_build - [0m15:46:22  20 of 34 START test not_null_br_market_snapshot_event_time ..................... [RUN]
2026-03-06 15:46:22 +0000 - dagster - INFO - 04_pipeline_datos_completo - 506844c2-adb2-4f8d-8585-9ef1cb2150ce - warehouse_dbt_build - [0m15:46:22  21 of 34 START test not_null_br_market_snapshot_symbol ......................... [RUN]
2026-03-06 15:46:22 +0000 - dagster - INFO - 04_pipeline_datos_completo - 506844c2-adb2-4f8d-8585-9ef1cb2150ce - warehouse_dbt_build - [0m15:46:22  20 of 34 PASS not_null_br_market_snapshot_event_time ........................... [[32mPASS[0m in 0.14s]
2026-03-06 15:46:22 +0000 - dagster - INFO - 04_pipeline_datos_completo - 506844c2-adb2-4f8d-8585-9ef1cb2150ce - warehouse_dbt_build - [0m15:46:22  21 of 34 PASS not_null_br_market_snapshot_symbol ............................... [[32mPASS[0m in 0.15s]
2026-03-06 15:46:22 +0000 - dagster - INFO - 04_pipeline_datos_completo - 506844c2-adb2-4f8d-8585-9ef1cb2150ce - warehouse_dbt_build - [0m15:46:22  22 of 34 START sql incremental model main.slv_decision_features ................ [RUN]
2026-03-06 15:46:23 +0000 - dagster - INFO - 04_pipeline_datos_completo - 506844c2-adb2-4f8d-8585-9ef1cb2150ce - warehouse_dbt_build - [0m15:46:23  22 of 34 OK created sql incremental model main.slv_decision_features ........... [[32mOK[0m in 1.58s]
2026-03-06 15:46:23 +0000 - dagster - INFO - 04_pipeline_datos_completo - 506844c2-adb2-4f8d-8585-9ef1cb2150ce - warehouse_dbt_build - [0m15:46:23  23 of 34 START test not_null_slv_decision_features_event_time .................. [RUN]
2026-03-06 15:46:23 +0000 - dagster - INFO - 04_pipeline_datos_completo - 506844c2-adb2-4f8d-8585-9ef1cb2150ce - warehouse_dbt_build - [0m15:46:23  24 of 34 START test not_null_slv_decision_features_symbol ...................... [RUN]
2026-03-06 15:46:24 +0000 - dagster - INFO - 04_pipeline_datos_completo - 506844c2-adb2-4f8d-8585-9ef1cb2150ce - warehouse_dbt_build - [0m15:46:24  23 of 34 PASS not_null_slv_decision_features_event_time ........................ [[32mPASS[0m in 0.16s]
2026-03-06 15:46:24 +0000 - dagster - INFO - 04_pipeline_datos_completo - 506844c2-adb2-4f8d-8585-9ef1cb2150ce - warehouse_dbt_build - [0m15:46:24  24 of 34 PASS not_null_slv_decision_features_symbol ............................ [[32mPASS[0m in 0.16s]
2026-03-06 15:46:24 +0000 - dagster - INFO - 04_pipeline_datos_completo - 506844c2-adb2-4f8d-8585-9ef1cb2150ce - warehouse_dbt_build - [0m15:46:24  25 of 34 START sql incremental model main.decision_features .................... [RUN]
2026-03-06 15:46:24 +0000 - dagster - INFO - 04_pipeline_datos_completo - 506844c2-adb2-4f8d-8585-9ef1cb2150ce - warehouse_dbt_build - [0m15:46:24  26 of 34 START sql table model main.fct_liquidity_profile ...................... [RUN]
2026-03-06 15:46:25 +0000 - dagster - INFO - 04_pipeline_datos_completo - 506844c2-adb2-4f8d-8585-9ef1cb2150ce - warehouse_dbt_build - [0m15:46:25  26 of 34 OK created sql table model main.fct_liquidity_profile ................. [[32mOK[0m in 1.08s]
2026-03-06 15:46:25 +0000 - dagster - INFO - 04_pipeline_datos_completo - 506844c2-adb2-4f8d-8585-9ef1cb2150ce - warehouse_dbt_build - [0m15:46:25  27 of 34 START sql table model main.fct_symbol_performance ..................... [RUN]
2026-03-06 15:46:25 +0000 - dagster - INFO - 04_pipeline_datos_completo - 506844c2-adb2-4f8d-8585-9ef1cb2150ce - warehouse_dbt_build - [0m15:46:25  25 of 34 OK created sql incremental model main.decision_features ............... [[32mOK[0m in 1.79s]
2026-03-06 15:46:25 +0000 - dagster - INFO - 04_pipeline_datos_completo - 506844c2-adb2-4f8d-8585-9ef1cb2150ce - warehouse_dbt_build - [0m15:46:25  28 of 34 START test not_null_fct_decision_features_event_time .................. [RUN]
2026-03-06 15:46:25 +0000 - dagster - INFO - 04_pipeline_datos_completo - 506844c2-adb2-4f8d-8585-9ef1cb2150ce - warehouse_dbt_build - [0m15:46:25  28 of 34 PASS not_null_fct_decision_features_event_time ........................ [[32mPASS[0m in 0.07s]
2026-03-06 15:46:25 +0000 - dagster - INFO - 04_pipeline_datos_completo - 506844c2-adb2-4f8d-8585-9ef1cb2150ce - warehouse_dbt_build - [0m15:46:25  29 of 34 START test not_null_fct_decision_features_feature_id .................. [RUN]
2026-03-06 15:46:26 +0000 - dagster - INFO - 04_pipeline_datos_completo - 506844c2-adb2-4f8d-8585-9ef1cb2150ce - warehouse_dbt_build - [0m15:46:26  29 of 34 PASS not_null_fct_decision_features_feature_id ........................ [[32mPASS[0m in 0.06s]
2026-03-06 15:46:26 +0000 - dagster - INFO - 04_pipeline_datos_completo - 506844c2-adb2-4f8d-8585-9ef1cb2150ce - warehouse_dbt_build - [0m15:46:26  30 of 34 START test not_null_fct_decision_features_symbol ...................... [RUN]
2026-03-06 15:46:26 +0000 - dagster - INFO - 04_pipeline_datos_completo - 506844c2-adb2-4f8d-8585-9ef1cb2150ce - warehouse_dbt_build - [0m15:46:26  30 of 34 PASS not_null_fct_decision_features_symbol ............................ [[32mPASS[0m in 0.10s]
2026-03-06 15:46:26 +0000 - dagster - INFO - 04_pipeline_datos_completo - 506844c2-adb2-4f8d-8585-9ef1cb2150ce - warehouse_dbt_build - [0m15:46:26  31 of 34 START test unique_fct_decision_features_feature_id .................... [RUN]
2026-03-06 15:46:26 +0000 - dagster - INFO - 04_pipeline_datos_completo - 506844c2-adb2-4f8d-8585-9ef1cb2150ce - warehouse_dbt_build - [0m15:46:26  31 of 34 WARN 19 unique_fct_decision_features_feature_id ....................... [[33mWARN 19[0m in 0.11s]
2026-03-06 15:46:26 +0000 - dagster - INFO - 04_pipeline_datos_completo - 506844c2-adb2-4f8d-8585-9ef1cb2150ce - warehouse_dbt_build - [0m15:46:26  32 of 34 START sql table model main.fct_anomaly_detection ...................... [RUN]
2026-03-06 15:46:26 +0000 - dagster - INFO - 04_pipeline_datos_completo - 506844c2-adb2-4f8d-8585-9ef1cb2150ce - warehouse_dbt_build - [0m15:46:26  32 of 34 OK created sql table model main.fct_anomaly_detection ................. [[32mOK[0m in 0.54s]
2026-03-06 15:46:26 +0000 - dagster - INFO - 04_pipeline_datos_completo - 506844c2-adb2-4f8d-8585-9ef1cb2150ce - warehouse_dbt_build - [0m15:46:26  33 of 34 START sql table model main.fct_market_summary ......................... [RUN]
2026-03-06 15:46:27 +0000 - dagster - INFO - 04_pipeline_datos_completo - 506844c2-adb2-4f8d-8585-9ef1cb2150ce - warehouse_dbt_build - [0m15:46:27  33 of 34 OK created sql table model main.fct_market_summary .................... [[32mOK[0m in 0.18s]
2026-03-06 15:46:27 +0000 - dagster - INFO - 04_pipeline_datos_completo - 506844c2-adb2-4f8d-8585-9ef1cb2150ce - warehouse_dbt_build - [0m15:46:27  34 of 34 START sql table model main.fct_momentum_rankings ...................... [RUN]
2026-03-06 15:46:28 +0000 - dagster - INFO - 04_pipeline_datos_completo - 506844c2-adb2-4f8d-8585-9ef1cb2150ce - warehouse_dbt_build - [0m15:46:27  34 of 34 OK created sql table model main.fct_momentum_rankings ................. [[32mOK[0m in 0.57s]
2026-03-06 15:46:28 +0000 - dagster - INFO - 04_pipeline_datos_completo - 506844c2-adb2-4f8d-8585-9ef1cb2150ce - warehouse_dbt_build - [0m15:46:28  27 of 34 OK created sql table model main.fct_symbol_performance ................ [[32mOK[0m in 3.43s]
2026-03-06 15:46:28 +0000 - dagster - INFO - 04_pipeline_datos_completo - 506844c2-adb2-4f8d-8585-9ef1cb2150ce - warehouse_dbt_build - [0m15:46:28
2026-03-06 15:46:28 +0000 - dagster - INFO - 04_pipeline_datos_completo - 506844c2-adb2-4f8d-8585-9ef1cb2150ce - warehouse_dbt_build - [0m15:46:28  Finished running 2 view models, 5 incremental models, 9 table models, 18 data tests in 0 hours 0 minutes and 11.99 seconds (11.99s).
2026-03-06 15:46:28 +0000 - dagster - INFO - 04_pipeline_datos_completo - 506844c2-adb2-4f8d-8585-9ef1cb2150ce - warehouse_dbt_build - [0m15:46:28
2026-03-06 15:46:28 +0000 - dagster - INFO - 04_pipeline_datos_completo - 506844c2-adb2-4f8d-8585-9ef1cb2150ce - warehouse_dbt_build - [0m15:46:28  [33mCompleted with 2 warnings:[0m
2026-03-06 15:46:28 +0000 - dagster - INFO - 04_pipeline_datos_completo - 506844c2-adb2-4f8d-8585-9ef1cb2150ce - warehouse_dbt_build - [0m15:46:28
2026-03-06 15:46:28 +0000 - dagster - INFO - 04_pipeline_datos_completo - 506844c2-adb2-4f8d-8585-9ef1cb2150ce - warehouse_dbt_build - [0m15:46:28  [33mWarning in test assert_dex_snapshot_raw_historical (tests/assert_dex_snapshot_raw_historical.sql)[0m
2026-03-06 15:46:28 +0000 - dagster - INFO - 04_pipeline_datos_completo - 506844c2-adb2-4f8d-8585-9ef1cb2150ce - warehouse_dbt_build - [0m15:46:28  Got 1 result, configured to warn if != 0
2026-03-06 15:46:28 +0000 - dagster - INFO - 04_pipeline_datos_completo - 506844c2-adb2-4f8d-8585-9ef1cb2150ce - warehouse_dbt_build - [0m15:46:28
2026-03-06 15:46:28 +0000 - dagster - INFO - 04_pipeline_datos_completo - 506844c2-adb2-4f8d-8585-9ef1cb2150ce - warehouse_dbt_build - [0m15:46:28    compiled code at target/compiled/crypto_trading_lakehouse/tests/assert_dex_snapshot_raw_historical.sql
2026-03-06 15:46:28 +0000 - dagster - INFO - 04_pipeline_datos_completo - 506844c2-adb2-4f8d-8585-9ef1cb2150ce - warehouse_dbt_build - [0m15:46:28
2026-03-06 15:46:29 +0000 - dagster - INFO - 04_pipeline_datos_completo - 506844c2-adb2-4f8d-8585-9ef1cb2150ce - warehouse_dbt_build - [0m15:46:28  [33mWarning in test unique_fct_decision_features_feature_id (models/schema.yml)[0m
2026-03-06 15:46:29 +0000 - dagster - INFO - 04_pipeline_datos_completo - 506844c2-adb2-4f8d-8585-9ef1cb2150ce - warehouse_dbt_build - [0m15:46:28  Got 19 results, configured to warn if != 0
2026-03-06 15:46:29 +0000 - dagster - INFO - 04_pipeline_datos_completo - 506844c2-adb2-4f8d-8585-9ef1cb2150ce - warehouse_dbt_build - [0m15:46:28
2026-03-06 15:46:29 +0000 - dagster - INFO - 04_pipeline_datos_completo - 506844c2-adb2-4f8d-8585-9ef1cb2150ce - warehouse_dbt_build - [0m15:46:28    compiled code at target/compiled/crypto_trading_lakehouse/models/schema.yml/unique_fct_decision_features_feature_id.sql
2026-03-06 15:46:29 +0000 - dagster - INFO - 04_pipeline_datos_completo - 506844c2-adb2-4f8d-8585-9ef1cb2150ce - warehouse_dbt_build - [0m15:46:28
2026-03-06 15:46:29 +0000 - dagster - INFO - 04_pipeline_datos_completo - 506844c2-adb2-4f8d-8585-9ef1cb2150ce - warehouse_dbt_build - [0m15:46:28  Done. PASS=32 WARN=2 ERROR=0 SKIP=0 TOTAL=34
2026-03-06 15:46:29 +0000 - dagster - DEBUG - 04_pipeline_datos_completo - 506844c2-adb2-4f8d-8585-9ef1cb2150ce - 16327 - warehouse_dbt_build - STEP_OUTPUT - Yielded output "result" of type "Any". (Type check passed).
2026-03-06 15:46:29 +0000 - dagster - DEBUG - 04_pipeline_datos_completo - 506844c2-adb2-4f8d-8585-9ef1cb2150ce - 16327 - warehouse_dbt_build - ASSET_MATERIALIZATION - Materialized value warehouse_dbt_build.
2026-03-06 15:46:29 +0000 - dagster - DEBUG - 04_pipeline_datos_completo - 506844c2-adb2-4f8d-8585-9ef1cb2150ce - 16327 - warehouse_dbt_build - STEP_SUCCESS - Finished execution of step "warehouse_dbt_build" in 16.9s.
