2026-03-06 11:59:42 +0000 - dagster - DEBUG - 08_operacion_testnet_15m - 0a8ccb7a-c30b-4553-a488-23c0dd276d4f - 12088 - LOGS_CAPTURED - Started capturing logs in process (pid: 12088).
2026-03-06 11:59:42 +0000 - dagster - DEBUG - 08_operacion_testnet_15m - 0a8ccb7a-c30b-4553-a488-23c0dd276d4f - 12088 - warehouse_dbt_build - STEP_START - Started execution of step "warehouse_dbt_build".
2026-03-06 11:59:44 +0000 - dagster - INFO - 08_operacion_testnet_15m - 0a8ccb7a-c30b-4553-a488-23c0dd276d4f - warehouse_dbt_build - [0m11:59:44  Running with dbt=1.8.8
2026-03-06 11:59:45 +0000 - dagster - INFO - 08_operacion_testnet_15m - 0a8ccb7a-c30b-4553-a488-23c0dd276d4f - warehouse_dbt_build - [0m11:59:45  [[33mWARNING[0m]: Deprecated functionality
2026-03-06 11:59:45 +0000 - dagster - INFO - 08_operacion_testnet_15m - 0a8ccb7a-c30b-4553-a488-23c0dd276d4f - warehouse_dbt_build - The `tests` config has been renamed to `data_tests`. Please see
2026-03-06 11:59:45 +0000 - dagster - INFO - 08_operacion_testnet_15m - 0a8ccb7a-c30b-4553-a488-23c0dd276d4f - warehouse_dbt_build - https://docs.getdbt.com/docs/build/data-tests#new-data_tests-syntax for more
2026-03-06 11:59:45 +0000 - dagster - INFO - 08_operacion_testnet_15m - 0a8ccb7a-c30b-4553-a488-23c0dd276d4f - warehouse_dbt_build - information.
2026-03-06 11:59:45 +0000 - dagster - INFO - 08_operacion_testnet_15m - 0a8ccb7a-c30b-4553-a488-23c0dd276d4f - warehouse_dbt_build - [0m11:59:45  Registered adapter: duckdb=1.8.2
2026-03-06 11:59:46 +0000 - dagster - INFO - 08_operacion_testnet_15m - 0a8ccb7a-c30b-4553-a488-23c0dd276d4f - warehouse_dbt_build - [0m11:59:46  [[33mWARNING[0m]: Configuration paths exist in your dbt_project.yml file which do not apply to any resources.
2026-03-06 11:59:46 +0000 - dagster - INFO - 08_operacion_testnet_15m - 0a8ccb7a-c30b-4553-a488-23c0dd276d4f - warehouse_dbt_build - There are 1 unused configuration paths:
2026-03-06 11:59:46 +0000 - dagster - INFO - 08_operacion_testnet_15m - 0a8ccb7a-c30b-4553-a488-23c0dd276d4f - warehouse_dbt_build - - seeds.crypto_trading_lakehouse
2026-03-06 11:59:46 +0000 - dagster - INFO - 08_operacion_testnet_15m - 0a8ccb7a-c30b-4553-a488-23c0dd276d4f - warehouse_dbt_build - [0m11:59:46  Found 16 models, 18 data tests, 24 sources, 417 macros
2026-03-06 11:59:46 +0000 - dagster - INFO - 08_operacion_testnet_15m - 0a8ccb7a-c30b-4553-a488-23c0dd276d4f - warehouse_dbt_build - [0m11:59:46
2026-03-06 11:59:47 +0000 - dagster - INFO - 08_operacion_testnet_15m - 0a8ccb7a-c30b-4553-a488-23c0dd276d4f - warehouse_dbt_build - [0m11:59:47  Concurrency: 2 threads (target='local')
2026-03-06 11:59:47 +0000 - dagster - INFO - 08_operacion_testnet_15m - 0a8ccb7a-c30b-4553-a488-23c0dd276d4f - warehouse_dbt_build - [0m11:59:47
2026-03-06 11:59:47 +0000 - dagster - INFO - 08_operacion_testnet_15m - 0a8ccb7a-c30b-4553-a488-23c0dd276d4f - warehouse_dbt_build - [0m11:59:47  1 of 34 START sql view model main.br_news_sentiment ............................ [RUN]
2026-03-06 11:59:47 +0000 - dagster - INFO - 08_operacion_testnet_15m - 0a8ccb7a-c30b-4553-a488-23c0dd276d4f - warehouse_dbt_build - [0m11:59:47  2 of 34 START sql incremental model main.br_stock_prices ....................... [RUN]
2026-03-06 11:59:47 +0000 - dagster - INFO - 08_operacion_testnet_15m - 0a8ccb7a-c30b-4553-a488-23c0dd276d4f - warehouse_dbt_build - [0m11:59:47  1 of 34 OK created sql view model main.br_news_sentiment ....................... [[32mOK[0m in 0.52s]
2026-03-06 11:59:47 +0000 - dagster - INFO - 08_operacion_testnet_15m - 0a8ccb7a-c30b-4553-a488-23c0dd276d4f - warehouse_dbt_build - [0m11:59:47  3 of 34 START sql view model main.br_x_sentiment ............................... [RUN]
2026-03-06 11:59:48 +0000 - dagster - INFO - 08_operacion_testnet_15m - 0a8ccb7a-c30b-4553-a488-23c0dd276d4f - warehouse_dbt_build - [0m11:59:48  2 of 34 OK created sql incremental model main.br_stock_prices .................. [[32mOK[0m in 0.75s]
2026-03-06 11:59:48 +0000 - dagster - INFO - 08_operacion_testnet_15m - 0a8ccb7a-c30b-4553-a488-23c0dd276d4f - warehouse_dbt_build - [0m11:59:48  4 of 34 START sql table model main.fct_approved_orders ......................... [RUN]
2026-03-06 11:59:48 +0000 - dagster - INFO - 08_operacion_testnet_15m - 0a8ccb7a-c30b-4553-a488-23c0dd276d4f - warehouse_dbt_build - [0m11:59:48  3 of 34 OK created sql view model main.br_x_sentiment .......................... [[32mOK[0m in 0.38s]
2026-03-06 11:59:48 +0000 - dagster - INFO - 08_operacion_testnet_15m - 0a8ccb7a-c30b-4553-a488-23c0dd276d4f - warehouse_dbt_build - [0m11:59:48  5 of 34 START sql table model main.fct_raw_signals ............................. [RUN]
2026-03-06 11:59:48 +0000 - dagster - INFO - 08_operacion_testnet_15m - 0a8ccb7a-c30b-4553-a488-23c0dd276d4f - warehouse_dbt_build - [0m11:59:48  4 of 34 OK created sql table model main.fct_approved_orders .................... [[32mOK[0m in 0.34s]
2026-03-06 11:59:48 +0000 - dagster - INFO - 08_operacion_testnet_15m - 0a8ccb7a-c30b-4553-a488-23c0dd276d4f - warehouse_dbt_build - [0m11:59:48  6 of 34 START sql table model main.int_mlflow_runs ............................. [RUN]
2026-03-06 11:59:48 +0000 - dagster - INFO - 08_operacion_testnet_15m - 0a8ccb7a-c30b-4553-a488-23c0dd276d4f - warehouse_dbt_build - [0m11:59:48  5 of 34 OK created sql table model main.fct_raw_signals ........................ [[32mOK[0m in 0.35s]
2026-03-06 11:59:48 +0000 - dagster - INFO - 08_operacion_testnet_15m - 0a8ccb7a-c30b-4553-a488-23c0dd276d4f - warehouse_dbt_build - [0m11:59:48  7 of 34 START sql table model main.int_optuna_trials ........................... [RUN]
2026-03-06 11:59:48 +0000 - dagster - INFO - 08_operacion_testnet_15m - 0a8ccb7a-c30b-4553-a488-23c0dd276d4f - warehouse_dbt_build - [0m11:59:48  6 of 34 OK created sql table model main.int_mlflow_runs ........................ [[32mOK[0m in 0.37s]
2026-03-06 11:59:48 +0000 - dagster - INFO - 08_operacion_testnet_15m - 0a8ccb7a-c30b-4553-a488-23c0dd276d4f - warehouse_dbt_build - [0m11:59:48  8 of 34 START test assert_cross_exchange_snapshot_raw_historical ............... [RUN]
2026-03-06 11:59:48 +0000 - dagster - INFO - 08_operacion_testnet_15m - 0a8ccb7a-c30b-4553-a488-23c0dd276d4f - warehouse_dbt_build - [0m11:59:48  8 of 34 PASS assert_cross_exchange_snapshot_raw_historical ..................... [[32mPASS[0m in 0.11s]
2026-03-06 11:59:48 +0000 - dagster - INFO - 08_operacion_testnet_15m - 0a8ccb7a-c30b-4553-a488-23c0dd276d4f - warehouse_dbt_build - [0m11:59:48  9 of 34 START test assert_derivatives_flow_raw_historical ...................... [RUN]
2026-03-06 11:59:49 +0000 - dagster - INFO - 08_operacion_testnet_15m - 0a8ccb7a-c30b-4553-a488-23c0dd276d4f - warehouse_dbt_build - [0m11:59:49  7 of 34 OK created sql table model main.int_optuna_trials ...................... [[32mOK[0m in 0.59s]
2026-03-06 11:59:49 +0000 - dagster - INFO - 08_operacion_testnet_15m - 0a8ccb7a-c30b-4553-a488-23c0dd276d4f - warehouse_dbt_build - [0m11:59:49  10 of 34 START test assert_derivatives_snapshot_raw_historical ................. [RUN]
2026-03-06 11:59:49 +0000 - dagster - INFO - 08_operacion_testnet_15m - 0a8ccb7a-c30b-4553-a488-23c0dd276d4f - warehouse_dbt_build - [0m11:59:49  9 of 34 PASS assert_derivatives_flow_raw_historical ............................ [[32mPASS[0m in 0.34s]
2026-03-06 11:59:49 +0000 - dagster - INFO - 08_operacion_testnet_15m - 0a8ccb7a-c30b-4553-a488-23c0dd276d4f - warehouse_dbt_build - [0m11:59:49  10 of 34 PASS assert_derivatives_snapshot_raw_historical ....................... [[32mPASS[0m in 0.08s]
2026-03-06 11:59:49 +0000 - dagster - INFO - 08_operacion_testnet_15m - 0a8ccb7a-c30b-4553-a488-23c0dd276d4f - warehouse_dbt_build - [0m11:59:49  11 of 34 START test assert_dex_snapshot_raw_historical ......................... [RUN]
2026-03-06 11:59:49 +0000 - dagster - INFO - 08_operacion_testnet_15m - 0a8ccb7a-c30b-4553-a488-23c0dd276d4f - warehouse_dbt_build - [0m11:59:49  12 of 34 START test assert_fear_greed_raw_historical ........................... [RUN]
2026-03-06 11:59:49 +0000 - dagster - INFO - 08_operacion_testnet_15m - 0a8ccb7a-c30b-4553-a488-23c0dd276d4f - warehouse_dbt_build - [0m11:59:49  12 of 34 PASS assert_fear_greed_raw_historical ................................. [[32mPASS[0m in 0.13s]
2026-03-06 11:59:49 +0000 - dagster - INFO - 08_operacion_testnet_15m - 0a8ccb7a-c30b-4553-a488-23c0dd276d4f - warehouse_dbt_build - [0m11:59:49  13 of 34 START test assert_market_snapshot_raw_historical ...................... [RUN]
2026-03-06 11:59:49 +0000 - dagster - INFO - 08_operacion_testnet_15m - 0a8ccb7a-c30b-4553-a488-23c0dd276d4f - warehouse_dbt_build - [0m11:59:49  11 of 34 WARN 1 assert_dex_snapshot_raw_historical ............................. [[33mWARN 1[0m in 0.16s]
2026-03-06 11:59:49 +0000 - dagster - INFO - 08_operacion_testnet_15m - 0a8ccb7a-c30b-4553-a488-23c0dd276d4f - warehouse_dbt_build - [0m11:59:49  14 of 34 START test not_null_int_mlflow_runs_run_uuid .......................... [RUN]
2026-03-06 11:59:49 +0000 - dagster - INFO - 08_operacion_testnet_15m - 0a8ccb7a-c30b-4553-a488-23c0dd276d4f - warehouse_dbt_build - [0m11:59:49  13 of 34 PASS assert_market_snapshot_raw_historical ............................ [[32mPASS[0m in 0.15s]
2026-03-06 11:59:49 +0000 - dagster - INFO - 08_operacion_testnet_15m - 0a8ccb7a-c30b-4553-a488-23c0dd276d4f - warehouse_dbt_build - [0m11:59:49  14 of 34 PASS not_null_int_mlflow_runs_run_uuid ................................ [[32mPASS[0m in 0.14s]
2026-03-06 11:59:49 +0000 - dagster - INFO - 08_operacion_testnet_15m - 0a8ccb7a-c30b-4553-a488-23c0dd276d4f - warehouse_dbt_build - [0m11:59:49  15 of 34 START test unique_int_mlflow_runs_run_uuid ............................ [RUN]
2026-03-06 11:59:49 +0000 - dagster - INFO - 08_operacion_testnet_15m - 0a8ccb7a-c30b-4553-a488-23c0dd276d4f - warehouse_dbt_build - [0m11:59:49  16 of 34 START test not_null_int_optuna_trials_trial_id ........................ [RUN]
2026-03-06 11:59:49 +0000 - dagster - INFO - 08_operacion_testnet_15m - 0a8ccb7a-c30b-4553-a488-23c0dd276d4f - warehouse_dbt_build - [0m11:59:49  16 of 34 PASS not_null_int_optuna_trials_trial_id .............................. [[32mPASS[0m in 0.12s]
2026-03-06 11:59:49 +0000 - dagster - INFO - 08_operacion_testnet_15m - 0a8ccb7a-c30b-4553-a488-23c0dd276d4f - warehouse_dbt_build - [0m11:59:49  17 of 34 START test unique_int_optuna_trials_trial_id .......................... [RUN]
2026-03-06 11:59:49 +0000 - dagster - INFO - 08_operacion_testnet_15m - 0a8ccb7a-c30b-4553-a488-23c0dd276d4f - warehouse_dbt_build - [0m11:59:49  15 of 34 PASS unique_int_mlflow_runs_run_uuid .................................. [[32mPASS[0m in 0.15s]
2026-03-06 11:59:49 +0000 - dagster - INFO - 08_operacion_testnet_15m - 0a8ccb7a-c30b-4553-a488-23c0dd276d4f - warehouse_dbt_build - [0m11:59:49  18 of 34 START sql incremental model main.br_macro_context ..................... [RUN]
2026-03-06 11:59:49 +0000 - dagster - INFO - 08_operacion_testnet_15m - 0a8ccb7a-c30b-4553-a488-23c0dd276d4f - warehouse_dbt_build - [0m11:59:49  17 of 34 PASS unique_int_optuna_trials_trial_id ................................ [[32mPASS[0m in 0.13s]
2026-03-06 11:59:49 +0000 - dagster - INFO - 08_operacion_testnet_15m - 0a8ccb7a-c30b-4553-a488-23c0dd276d4f - warehouse_dbt_build - [0m11:59:49  19 of 34 START sql incremental model main.br_market_snapshot ................... [RUN]
2026-03-06 11:59:50 +0000 - dagster - INFO - 08_operacion_testnet_15m - 0a8ccb7a-c30b-4553-a488-23c0dd276d4f - warehouse_dbt_build - [0m11:59:50  18 of 34 OK created sql incremental model main.br_macro_context ................ [[32mOK[0m in 0.40s]
2026-03-06 11:59:51 +0000 - dagster - INFO - 08_operacion_testnet_15m - 0a8ccb7a-c30b-4553-a488-23c0dd276d4f - warehouse_dbt_build - [0m11:59:51  19 of 34 OK created sql incremental model main.br_market_snapshot .............. [[32mOK[0m in 1.83s]
2026-03-06 11:59:51 +0000 - dagster - INFO - 08_operacion_testnet_15m - 0a8ccb7a-c30b-4553-a488-23c0dd276d4f - warehouse_dbt_build - [0m11:59:51  20 of 34 START test not_null_br_market_snapshot_event_time ..................... [RUN]
2026-03-06 11:59:51 +0000 - dagster - INFO - 08_operacion_testnet_15m - 0a8ccb7a-c30b-4553-a488-23c0dd276d4f - warehouse_dbt_build - [0m11:59:51  21 of 34 START test not_null_br_market_snapshot_symbol ......................... [RUN]
2026-03-06 11:59:51 +0000 - dagster - INFO - 08_operacion_testnet_15m - 0a8ccb7a-c30b-4553-a488-23c0dd276d4f - warehouse_dbt_build - [0m11:59:51  21 of 34 PASS not_null_br_market_snapshot_symbol ............................... [[32mPASS[0m in 0.17s]
2026-03-06 11:59:51 +0000 - dagster - INFO - 08_operacion_testnet_15m - 0a8ccb7a-c30b-4553-a488-23c0dd276d4f - warehouse_dbt_build - [0m11:59:51  20 of 34 PASS not_null_br_market_snapshot_event_time ........................... [[32mPASS[0m in 0.19s]
2026-03-06 11:59:51 +0000 - dagster - INFO - 08_operacion_testnet_15m - 0a8ccb7a-c30b-4553-a488-23c0dd276d4f - warehouse_dbt_build - [0m11:59:51  22 of 34 START sql incremental model main.slv_decision_features ................ [RUN]
2026-03-06 11:59:53 +0000 - dagster - INFO - 08_operacion_testnet_15m - 0a8ccb7a-c30b-4553-a488-23c0dd276d4f - warehouse_dbt_build - [0m11:59:53  22 of 34 OK created sql incremental model main.slv_decision_features ........... [[32mOK[0m in 1.70s]
2026-03-06 11:59:53 +0000 - dagster - INFO - 08_operacion_testnet_15m - 0a8ccb7a-c30b-4553-a488-23c0dd276d4f - warehouse_dbt_build - [0m11:59:53  23 of 34 START test not_null_slv_decision_features_event_time .................. [RUN]
2026-03-06 11:59:53 +0000 - dagster - INFO - 08_operacion_testnet_15m - 0a8ccb7a-c30b-4553-a488-23c0dd276d4f - warehouse_dbt_build - [0m11:59:53  24 of 34 START test not_null_slv_decision_features_symbol ...................... [RUN]
2026-03-06 11:59:53 +0000 - dagster - INFO - 08_operacion_testnet_15m - 0a8ccb7a-c30b-4553-a488-23c0dd276d4f - warehouse_dbt_build - [0m11:59:53  24 of 34 PASS not_null_slv_decision_features_symbol ............................ [[32mPASS[0m in 0.22s]
2026-03-06 11:59:53 +0000 - dagster - INFO - 08_operacion_testnet_15m - 0a8ccb7a-c30b-4553-a488-23c0dd276d4f - warehouse_dbt_build - [0m11:59:53  23 of 34 PASS not_null_slv_decision_features_event_time ........................ [[32mPASS[0m in 0.24s]
2026-03-06 11:59:53 +0000 - dagster - INFO - 08_operacion_testnet_15m - 0a8ccb7a-c30b-4553-a488-23c0dd276d4f - warehouse_dbt_build - [0m11:59:53  25 of 34 START sql incremental model main.decision_features .................... [RUN]
2026-03-06 11:59:53 +0000 - dagster - INFO - 08_operacion_testnet_15m - 0a8ccb7a-c30b-4553-a488-23c0dd276d4f - warehouse_dbt_build - [0m11:59:53  26 of 34 START sql table model main.fct_liquidity_profile ...................... [RUN]
2026-03-06 11:59:54 +0000 - dagster - INFO - 08_operacion_testnet_15m - 0a8ccb7a-c30b-4553-a488-23c0dd276d4f - warehouse_dbt_build - [0m11:59:54  26 of 34 OK created sql table model main.fct_liquidity_profile ................. [[32mOK[0m in 0.87s]
2026-03-06 11:59:54 +0000 - dagster - INFO - 08_operacion_testnet_15m - 0a8ccb7a-c30b-4553-a488-23c0dd276d4f - warehouse_dbt_build - [0m11:59:54  27 of 34 START sql table model main.fct_symbol_performance ..................... [RUN]
2026-03-06 11:59:55 +0000 - dagster - INFO - 08_operacion_testnet_15m - 0a8ccb7a-c30b-4553-a488-23c0dd276d4f - warehouse_dbt_build - [0m11:59:55  25 of 34 OK created sql incremental model main.decision_features ............... [[32mOK[0m in 1.83s]
2026-03-06 11:59:55 +0000 - dagster - INFO - 08_operacion_testnet_15m - 0a8ccb7a-c30b-4553-a488-23c0dd276d4f - warehouse_dbt_build - [0m11:59:55  28 of 34 START test not_null_fct_decision_features_event_time .................. [RUN]
2026-03-06 11:59:55 +0000 - dagster - INFO - 08_operacion_testnet_15m - 0a8ccb7a-c30b-4553-a488-23c0dd276d4f - warehouse_dbt_build - [0m11:59:55  28 of 34 PASS not_null_fct_decision_features_event_time ........................ [[32mPASS[0m in 0.08s]
2026-03-06 11:59:56 +0000 - dagster - INFO - 08_operacion_testnet_15m - 0a8ccb7a-c30b-4553-a488-23c0dd276d4f - warehouse_dbt_build - [0m11:59:55  29 of 34 START test not_null_fct_decision_features_feature_id .................. [RUN]
2026-03-06 11:59:56 +0000 - dagster - INFO - 08_operacion_testnet_15m - 0a8ccb7a-c30b-4553-a488-23c0dd276d4f - warehouse_dbt_build - [0m11:59:55  29 of 34 PASS not_null_fct_decision_features_feature_id ........................ [[32mPASS[0m in 0.12s]
2026-03-06 11:59:56 +0000 - dagster - INFO - 08_operacion_testnet_15m - 0a8ccb7a-c30b-4553-a488-23c0dd276d4f - warehouse_dbt_build - [0m11:59:55  30 of 34 START test not_null_fct_decision_features_symbol ...................... [RUN]
2026-03-06 11:59:56 +0000 - dagster - INFO - 08_operacion_testnet_15m - 0a8ccb7a-c30b-4553-a488-23c0dd276d4f - warehouse_dbt_build - [0m11:59:56  30 of 34 PASS not_null_fct_decision_features_symbol ............................ [[32mPASS[0m in 0.15s]
2026-03-06 11:59:56 +0000 - dagster - INFO - 08_operacion_testnet_15m - 0a8ccb7a-c30b-4553-a488-23c0dd276d4f - warehouse_dbt_build - [0m11:59:56  31 of 34 START test unique_fct_decision_features_feature_id .................... [RUN]
2026-03-06 11:59:56 +0000 - dagster - INFO - 08_operacion_testnet_15m - 0a8ccb7a-c30b-4553-a488-23c0dd276d4f - warehouse_dbt_build - [0m11:59:56  31 of 34 WARN 19 unique_fct_decision_features_feature_id ....................... [[33mWARN 19[0m in 0.21s]
2026-03-06 11:59:56 +0000 - dagster - INFO - 08_operacion_testnet_15m - 0a8ccb7a-c30b-4553-a488-23c0dd276d4f - warehouse_dbt_build - [0m11:59:56  32 of 34 START sql table model main.fct_anomaly_detection ...................... [RUN]
2026-03-06 11:59:56 +0000 - dagster - INFO - 08_operacion_testnet_15m - 0a8ccb7a-c30b-4553-a488-23c0dd276d4f - warehouse_dbt_build - [0m11:59:56  32 of 34 OK created sql table model main.fct_anomaly_detection ................. [[32mOK[0m in 0.32s]
2026-03-06 11:59:56 +0000 - dagster - INFO - 08_operacion_testnet_15m - 0a8ccb7a-c30b-4553-a488-23c0dd276d4f - warehouse_dbt_build - [0m11:59:56  33 of 34 START sql table model main.fct_market_summary ......................... [RUN]
2026-03-06 11:59:56 +0000 - dagster - INFO - 08_operacion_testnet_15m - 0a8ccb7a-c30b-4553-a488-23c0dd276d4f - warehouse_dbt_build - [0m11:59:56  33 of 34 OK created sql table model main.fct_market_summary .................... [[32mOK[0m in 0.19s]
2026-03-06 11:59:56 +0000 - dagster - INFO - 08_operacion_testnet_15m - 0a8ccb7a-c30b-4553-a488-23c0dd276d4f - warehouse_dbt_build - [0m11:59:56  34 of 34 START sql table model main.fct_momentum_rankings ...................... [RUN]
2026-03-06 11:59:57 +0000 - dagster - INFO - 08_operacion_testnet_15m - 0a8ccb7a-c30b-4553-a488-23c0dd276d4f - warehouse_dbt_build - [0m11:59:57  34 of 34 OK created sql table model main.fct_momentum_rankings ................. [[32mOK[0m in 0.16s]
2026-03-06 11:59:59 +0000 - dagster - INFO - 08_operacion_testnet_15m - 0a8ccb7a-c30b-4553-a488-23c0dd276d4f - warehouse_dbt_build - [0m11:59:59  27 of 34 OK created sql table model main.fct_symbol_performance ................ [[32mOK[0m in 4.28s]
2026-03-06 11:59:59 +0000 - dagster - INFO - 08_operacion_testnet_15m - 0a8ccb7a-c30b-4553-a488-23c0dd276d4f - warehouse_dbt_build - [0m11:59:59
2026-03-06 11:59:59 +0000 - dagster - INFO - 08_operacion_testnet_15m - 0a8ccb7a-c30b-4553-a488-23c0dd276d4f - warehouse_dbt_build - [0m11:59:59  Finished running 2 view models, 5 incremental models, 9 table models, 18 data tests in 0 hours 0 minutes and 12.47 seconds (12.47s).
2026-03-06 11:59:59 +0000 - dagster - INFO - 08_operacion_testnet_15m - 0a8ccb7a-c30b-4553-a488-23c0dd276d4f - warehouse_dbt_build - [0m11:59:59
2026-03-06 11:59:59 +0000 - dagster - INFO - 08_operacion_testnet_15m - 0a8ccb7a-c30b-4553-a488-23c0dd276d4f - warehouse_dbt_build - [0m11:59:59  [33mCompleted with 2 warnings:[0m
2026-03-06 11:59:59 +0000 - dagster - INFO - 08_operacion_testnet_15m - 0a8ccb7a-c30b-4553-a488-23c0dd276d4f - warehouse_dbt_build - [0m11:59:59
2026-03-06 11:59:59 +0000 - dagster - INFO - 08_operacion_testnet_15m - 0a8ccb7a-c30b-4553-a488-23c0dd276d4f - warehouse_dbt_build - [0m11:59:59  [33mWarning in test assert_dex_snapshot_raw_historical (tests/assert_dex_snapshot_raw_historical.sql)[0m
2026-03-06 11:59:59 +0000 - dagster - INFO - 08_operacion_testnet_15m - 0a8ccb7a-c30b-4553-a488-23c0dd276d4f - warehouse_dbt_build - [0m11:59:59  Got 1 result, configured to warn if != 0
2026-03-06 11:59:59 +0000 - dagster - INFO - 08_operacion_testnet_15m - 0a8ccb7a-c30b-4553-a488-23c0dd276d4f - warehouse_dbt_build - [0m11:59:59
2026-03-06 11:59:59 +0000 - dagster - INFO - 08_operacion_testnet_15m - 0a8ccb7a-c30b-4553-a488-23c0dd276d4f - warehouse_dbt_build - [0m11:59:59    compiled code at target/compiled/crypto_trading_lakehouse/tests/assert_dex_snapshot_raw_historical.sql
2026-03-06 11:59:59 +0000 - dagster - INFO - 08_operacion_testnet_15m - 0a8ccb7a-c30b-4553-a488-23c0dd276d4f - warehouse_dbt_build - [0m11:59:59
2026-03-06 11:59:59 +0000 - dagster - INFO - 08_operacion_testnet_15m - 0a8ccb7a-c30b-4553-a488-23c0dd276d4f - warehouse_dbt_build - [0m11:59:59  [33mWarning in test unique_fct_decision_features_feature_id (models/schema.yml)[0m
2026-03-06 11:59:59 +0000 - dagster - INFO - 08_operacion_testnet_15m - 0a8ccb7a-c30b-4553-a488-23c0dd276d4f - warehouse_dbt_build - [0m11:59:59  Got 19 results, configured to warn if != 0
2026-03-06 11:59:59 +0000 - dagster - INFO - 08_operacion_testnet_15m - 0a8ccb7a-c30b-4553-a488-23c0dd276d4f - warehouse_dbt_build - [0m11:59:59
2026-03-06 11:59:59 +0000 - dagster - INFO - 08_operacion_testnet_15m - 0a8ccb7a-c30b-4553-a488-23c0dd276d4f - warehouse_dbt_build - [0m11:59:59    compiled code at target/compiled/crypto_trading_lakehouse/models/schema.yml/unique_fct_decision_features_feature_id.sql
2026-03-06 11:59:59 +0000 - dagster - INFO - 08_operacion_testnet_15m - 0a8ccb7a-c30b-4553-a488-23c0dd276d4f - warehouse_dbt_build - [0m11:59:59
2026-03-06 11:59:59 +0000 - dagster - INFO - 08_operacion_testnet_15m - 0a8ccb7a-c30b-4553-a488-23c0dd276d4f - warehouse_dbt_build - [0m11:59:59  Done. PASS=32 WARN=2 ERROR=0 SKIP=0 TOTAL=34
2026-03-06 12:00:00 +0000 - dagster - DEBUG - 08_operacion_testnet_15m - 0a8ccb7a-c30b-4553-a488-23c0dd276d4f - 12088 - warehouse_dbt_build - STEP_OUTPUT - Yielded output "result" of type "Any". (Type check passed).
2026-03-06 12:00:00 +0000 - dagster - DEBUG - 08_operacion_testnet_15m - 0a8ccb7a-c30b-4553-a488-23c0dd276d4f - 12088 - warehouse_dbt_build - ASSET_MATERIALIZATION - Materialized value warehouse_dbt_build.
2026-03-06 12:00:00 +0000 - dagster - DEBUG - 08_operacion_testnet_15m - 0a8ccb7a-c30b-4553-a488-23c0dd276d4f - 12088 - warehouse_dbt_build - STEP_SUCCESS - Finished execution of step "warehouse_dbt_build" in 17.92s.
