2026-03-07 23:40:50 +0000 - dagster - DEBUG - 01_datos_cripto - 876d84ab-1600-4a9a-88f5-3eb5c4e561b9 - 4924 - LOGS_CAPTURED - Started capturing logs in process (pid: 4924).
2026-03-07 23:40:50 +0000 - dagster - DEBUG - 01_datos_cripto - 876d84ab-1600-4a9a-88f5-3eb5c4e561b9 - 4924 - bronze_high - STEP_START - Started execution of step "bronze_high".
WARNING:urllib3.connectionpool:Retrying (Retry(total=9, connect=1, read=0, redirect=None, status=None)) after connection broken by 'ReadTimeoutError("HTTPConnectionPool(host='binance-connector', port=8000): Read timed out. (read timeout=2)")': /health
WARNING:urllib3.connectionpool:Retrying (Retry(total=9, connect=1, read=0, redirect=None, status=None)) after connection broken by 'ReadTimeoutError("HTTPSConnectionPool(host='fapi.binance.com', port=443): Read timed out. (read timeout=5)")': /futures/data/globalLongShortAccountRatio?symbol=SOLUSDT&period=1h&limit=1
WARNING:urllib3.connectionpool:Retrying (Retry(total=9, connect=1, read=1, redirect=None, status=None)) after connection broken by 'SSLError(SSLEOFError(8, '[SSL: UNEXPECTED_EOF_WHILE_READING] EOF occurred in violation of protocol (_ssl.c:1016)'))': /futures/data/globalLongShortAccountRatio?symbol=ETHUSDT&period=1h&limit=1
WARNING:urllib3.connectionpool:Retrying (Retry(total=9, connect=1, read=1, redirect=None, status=None)) after connection broken by 'SSLError(SSLEOFError(8, '[SSL: UNEXPECTED_EOF_WHILE_READING] EOF occurred in violation of protocol (_ssl.c:1016)'))': /fapi/v1/premiumIndex
WARNING:urllib3.connectionpool:Retrying (Retry(total=9, connect=1, read=1, redirect=None, status=None)) after connection broken by 'SSLError(SSLEOFError(8, '[SSL: UNEXPECTED_EOF_WHILE_READING] EOF occurred in violation of protocol (_ssl.c:1016)'))': /futures/data/globalLongShortAccountRatio?symbol=BTCUSDT&period=1h&limit=1
WARNING:urllib3.connectionpool:Retrying (Retry(total=9, connect=1, read=1, redirect=None, status=None)) after connection broken by 'SSLError(SSLEOFError(8, '[SSL: UNEXPECTED_EOF_WHILE_READING] EOF occurred in violation of protocol (_ssl.c:1016)'))': /futures/data/globalLongShortAccountRatio?symbol=BNBUSDT&period=1h&limit=1
WARNING:urllib3.connectionpool:Retrying (Retry(total=9, connect=0, read=1, redirect=None, status=None)) after connection broken by 'NameResolutionError("HTTPSConnection(host='www.okx.com', port=443): Failed to resolve 'www.okx.com' ([Errno -3] Temporary failure in name resolution)")': /api/v5/market/ticker?instId=BNB-USDT-SWAP
WARNING:urllib3.connectionpool:Retrying (Retry(total=9, connect=1, read=0, redirect=None, status=None)) after connection broken by 'ReadTimeoutError("HTTPSConnectionPool(host='www.okx.com', port=443): Read timed out. (read timeout=5)")': /api/v5/market/ticker?instId=LINK-USDT-SWAP
WARNING:urllib3.connectionpool:Retrying (Retry(total=8, connect=1, read=0, redirect=None, status=None)) after connection broken by 'ReadTimeoutError("HTTPSConnectionPool(host='fapi.binance.com', port=443): Read timed out. (read timeout=5)")': /futures/data/globalLongShortAccountRatio?symbol=ETHUSDT&period=1h&limit=1
WARNING:urllib3.connectionpool:Retrying (Retry(total=9, connect=1, read=0, redirect=None, status=None)) after connection broken by 'ReadTimeoutError("HTTPSConnectionPool(host='api.bybit.com', port=443): Read timed out. (read timeout=5)")': /v5/market/tickers?category=linear&symbol=SOLUSDT
WARNING:urllib3.connectionpool:Retrying (Retry(total=9, connect=1, read=0, redirect=None, status=None)) after connection broken by 'ReadTimeoutError("HTTPSConnectionPool(host='api.bybit.com', port=443): Read timed out. (read timeout=5)")': /v5/market/tickers?category=linear&symbol=LINKUSDT
WARNING:urllib3.connectionpool:Retrying (Retry(total=9, connect=1, read=0, redirect=None, status=None)) after connection broken by 'ReadTimeoutError("HTTPSConnectionPool(host='fapi.binance.com', port=443): Read timed out. (read timeout=5)")': /futures/data/globalLongShortAccountRatio?symbol=XRPUSDT&period=1h&limit=1
WARNING:urllib3.connectionpool:Retrying (Retry(total=9, connect=1, read=0, redirect=None, status=None)) after connection broken by 'ReadTimeoutError("HTTPSConnectionPool(host='www.okx.com', port=443): Read timed out. (read timeout=5)")': /api/v5/market/ticker?instId=ADA-USDT-SWAP
WARNING:urllib3.connectionpool:Retrying (Retry(total=8, connect=1, read=0, redirect=None, status=None)) after connection broken by 'ReadTimeoutError("HTTPSConnectionPool(host='fapi.binance.com', port=443): Read timed out. (read timeout=5)")': /futures/data/globalLongShortAccountRatio?symbol=BTCUSDT&period=1h&limit=1
WARNING:urllib3.connectionpool:Retrying (Retry(total=9, connect=1, read=0, redirect=None, status=None)) after connection broken by 'ReadTimeoutError("HTTPSConnectionPool(host='api.bybit.com', port=443): Read timed out. (read timeout=5)")': /v5/market/tickers?category=linear&symbol=DOGEUSDT
WARNING:urllib3.connectionpool:Retrying (Retry(total=9, connect=1, read=0, redirect=None, status=None)) after connection broken by 'ReadTimeoutError("HTTPSConnectionPool(host='api.bybit.com', port=443): Read timed out. (read timeout=5)")': /v5/market/tickers?category=linear&symbol=ADAUSDT
WARNING:urllib3.connectionpool:Retrying (Retry(total=9, connect=1, read=0, redirect=None, status=None)) after connection broken by 'ReadTimeoutError("HTTPSConnectionPool(host='api.bybit.com', port=443): Read timed out. (read timeout=5)")': /v5/market/tickers?category=linear&symbol=AVAXUSDT
WARNING:urllib3.connectionpool:Retrying (Retry(total=9, connect=1, read=0, redirect=None, status=None)) after connection broken by 'ReadTimeoutError("HTTPSConnectionPool(host='www.okx.com', port=443): Read timed out. (read timeout=5)")': /api/v5/market/ticker?instId=AVAX-USDT-SWAP
WARNING:urllib3.connectionpool:Retrying (Retry(total=9, connect=1, read=0, redirect=None, status=None)) after connection broken by 'ReadTimeoutError("HTTPSConnectionPool(host='fapi.binance.com', port=443): Read timed out. (read timeout=5)")': /futures/data/globalLongShortAccountRatio?symbol=DOGEUSDT&period=1h&limit=1
WARNING:urllib3.connectionpool:Retrying (Retry(total=9, connect=1, read=0, redirect=None, status=None)) after connection broken by 'ReadTimeoutError("HTTPSConnectionPool(host='www.okx.com', port=443): Read timed out. (read timeout=5)")': /api/v5/market/ticker?instId=LTC-USDT-SWAP
WARNING:urllib3.connectionpool:Retrying (Retry(total=8, connect=0, read=0, redirect=None, status=None)) after connection broken by 'ReadTimeoutError("HTTPSConnectionPool(host='www.okx.com', port=443): Read timed out. (read timeout=5)")': /api/v5/market/ticker?instId=BNB-USDT-SWAP
WARNING:urllib3.connectionpool:Retrying (Retry(total=8, connect=1, read=0, redirect=None, status=None)) after connection broken by 'ReadTimeoutError("HTTPSConnectionPool(host='fapi.binance.com', port=443): Read timed out. (read timeout=5)")': /futures/data/globalLongShortAccountRatio?symbol=BNBUSDT&period=1h&limit=1
WARNING:urllib3.connectionpool:Retrying (Retry(total=9, connect=1, read=0, redirect=None, status=None)) after connection broken by 'ReadTimeoutError("HTTPSConnectionPool(host='fapi.binance.com', port=443): Read timed out. (read timeout=30)")': /fapi/v1/ticker/24hr
WARNING:urllib3.connectionpool:Retrying (Retry(total=9, connect=1, read=0, redirect=None, status=None)) after connection broken by 'ReadTimeoutError("HTTPSConnectionPool(host='fapi.binance.com', port=443): Read timed out. (read timeout=5)")': /futures/data/globalLongShortAccountRatio?symbol=KAVAUSDT&period=1h&limit=1
WARNING:urllib3.connectionpool:Retrying (Retry(total=9, connect=1, read=0, redirect=None, status=None)) after connection broken by 'ReadTimeoutError("HTTPSConnectionPool(host='fapi.binance.com', port=443): Read timed out. (read timeout=5)")': /futures/data/takerlongshortRatio?symbol=SNXUSDT&period=1h&limit=1
WARNING:urllib3.connectionpool:Retrying (Retry(total=9, connect=1, read=0, redirect=None, status=None)) after connection broken by 'ReadTimeoutError("HTTPSConnectionPool(host='fapi.binance.com', port=443): Read timed out. (read timeout=10)")': /fapi/v1/openInterest?symbol=ETHUSDT
WARNING:urllib3.connectionpool:Retrying (Retry(total=9, connect=1, read=0, redirect=None, status=None)) after connection broken by 'ReadTimeoutError("HTTPSConnectionPool(host='fapi.binance.com', port=443): Read timed out. (read timeout=10)")': /fapi/v1/openInterest?symbol=APTUSDT
WARNING:urllib3.connectionpool:Retrying (Retry(total=9, connect=1, read=0, redirect=None, status=None)) after connection broken by 'ReadTimeoutError("HTTPSConnectionPool(host='fapi.binance.com', port=443): Read timed out. (read timeout=10)")': /fapi/v1/openInterest?symbol=NEARUSDT
WARNING:urllib3.connectionpool:Retrying (Retry(total=9, connect=1, read=0, redirect=None, status=None)) after connection broken by 'ReadTimeoutError("HTTPSConnectionPool(host='fapi.binance.com', port=443): Read timed out. (read timeout=10)")': /fapi/v1/openInterest?symbol=TIAUSDT
WARNING:urllib3.connectionpool:Retrying (Retry(total=9, connect=1, read=0, redirect=None, status=None)) after connection broken by 'ReadTimeoutError("HTTPSConnectionPool(host='fapi.binance.com', port=443): Read timed out. (read timeout=10)")': /fapi/v1/openInterest?symbol=SEIUSDT
WARNING:urllib3.connectionpool:Retrying (Retry(total=9, connect=1, read=0, redirect=None, status=None)) after connection broken by 'ReadTimeoutError("HTTPSConnectionPool(host='fapi.binance.com', port=443): Read timed out. (read timeout=10)")': /fapi/v1/openInterest?symbol=GRTUSDT
2026-03-07 23:53:48 +0000 - dagster - DEBUG - 01_datos_cripto - 876d84ab-1600-4a9a-88f5-3eb5c4e561b9 - 4924 - bronze_high - STEP_OUTPUT - Yielded output "result" of type "Any". (Type check passed).
2026-03-07 23:55:21 +0000 - dagster - DEBUG - 01_datos_cripto - 876d84ab-1600-4a9a-88f5-3eb5c4e561b9 - 4924 - bronze_high - ASSET_MATERIALIZATION - Materialized value bronze_high.
2026-03-07 23:55:49 +0000 - dagster - DEBUG - 01_datos_cripto - 876d84ab-1600-4a9a-88f5-3eb5c4e561b9 - 4924 - bronze_high - STEP_SUCCESS - Finished execution of step "bronze_high" in 14m37s.
