2026-03-06 11:32:01 +0000 - dagster - DEBUG - 04_pipeline_datos_completo - ea8d3bb9-8e0c-43d5-9ba2-0649cf5276e5 - 20995 - LOGS_CAPTURED - Started capturing logs in process (pid: 20995).
2026-03-06 11:32:01 +0000 - dagster - DEBUG - 04_pipeline_datos_completo - ea8d3bb9-8e0c-43d5-9ba2-0649cf5276e5 - 20995 - ml_metadata_sync - STEP_START - Started execution of step "ml_metadata_sync".
2026-03-06 11:32:01 +0000 - dagster - INFO - 04_pipeline_datos_completo - ea8d3bb9-8e0c-43d5-9ba2-0649cf5276e5 - ml_metadata_sync - Running ML Metadata Sync: /usr/local/bin/python3.11 /app/data_platform/loaders/ml_metadata_loader.py
2026-03-06 11:32:02 +0000 - dagster - INFO - 04_pipeline_datos_completo - ea8d3bb9-8e0c-43d5-9ba2-0649cf5276e5 - ml_metadata_sync - ML Metadata Sync complete:
Syncing ML metadata to /app/artifacts/warehouse/crypto.duckdb...
Syncing MLflow from /app/artifacts/quant_model/mlflow_v2.db
  Mirroring mlflow_db.runs -> mlflow_runs
  Mirroring mlflow_db.metrics -> mlflow_metrics
  Mirroring mlflow_db.params -> mlflow_params
  Mirroring mlflow_db.tags -> mlflow_tags
  Mirroring mlflow_db.experiments -> mlflow_experiments
Syncing Optuna from /app/artifacts/quant_model/optuna.db
  Mirroring optuna_db.studies -> optuna_studies
  Mirroring optuna_db.trials -> optuna_trials
  Mirroring optuna_db.trial_params -> optuna_trial_params
  Mirroring optuna_db.trial_values -> optuna_trial_values
Sync complete.

2026-03-06 11:32:02 +0000 - dagster - DEBUG - 04_pipeline_datos_completo - ea8d3bb9-8e0c-43d5-9ba2-0649cf5276e5 - 20995 - ml_metadata_sync - STEP_OUTPUT - Yielded output "result" of type "Any". (Type check passed).
2026-03-06 11:32:02 +0000 - dagster - DEBUG - 04_pipeline_datos_completo - ea8d3bb9-8e0c-43d5-9ba2-0649cf5276e5 - 20995 - ml_metadata_sync - ASSET_MATERIALIZATION - Materialized value ml_metadata_sync.
2026-03-06 11:32:02 +0000 - dagster - DEBUG - 04_pipeline_datos_completo - ea8d3bb9-8e0c-43d5-9ba2-0649cf5276e5 - 20995 - ml_metadata_sync - STEP_SUCCESS - Finished execution of step "ml_metadata_sync" in 1.01s.
