2026-03-06 13:52:51 +0000 - dagster - DEBUG - 08_operacion_testnet_15m - 68e651ff-1fb0-4416-a2b3-1b7eda86cc08 - 30372 - LOGS_CAPTURED - Started capturing logs in process (pid: 30372).
2026-03-06 13:52:51 +0000 - dagster - DEBUG - 08_operacion_testnet_15m - 68e651ff-1fb0-4416-a2b3-1b7eda86cc08 - 30372 - warehouse_dbt_build - STEP_START - Started execution of step "warehouse_dbt_build".
2026-03-06 13:52:54 +0000 - dagster - INFO - 08_operacion_testnet_15m - 68e651ff-1fb0-4416-a2b3-1b7eda86cc08 - warehouse_dbt_build - [0m13:52:54  Running with dbt=1.8.8
2026-03-06 13:52:55 +0000 - dagster - INFO - 08_operacion_testnet_15m - 68e651ff-1fb0-4416-a2b3-1b7eda86cc08 - warehouse_dbt_build - [0m13:52:55  [[33mWARNING[0m]: Deprecated functionality
2026-03-06 13:52:55 +0000 - dagster - INFO - 08_operacion_testnet_15m - 68e651ff-1fb0-4416-a2b3-1b7eda86cc08 - warehouse_dbt_build - The `tests` config has been renamed to `data_tests`. Please see
2026-03-06 13:52:55 +0000 - dagster - INFO - 08_operacion_testnet_15m - 68e651ff-1fb0-4416-a2b3-1b7eda86cc08 - warehouse_dbt_build - https://docs.getdbt.com/docs/build/data-tests#new-data_tests-syntax for more
2026-03-06 13:52:55 +0000 - dagster - INFO - 08_operacion_testnet_15m - 68e651ff-1fb0-4416-a2b3-1b7eda86cc08 - warehouse_dbt_build - information.
2026-03-06 13:52:55 +0000 - dagster - INFO - 08_operacion_testnet_15m - 68e651ff-1fb0-4416-a2b3-1b7eda86cc08 - warehouse_dbt_build - [0m13:52:55  Registered adapter: duckdb=1.8.2
2026-03-06 13:52:56 +0000 - dagster - INFO - 08_operacion_testnet_15m - 68e651ff-1fb0-4416-a2b3-1b7eda86cc08 - warehouse_dbt_build - [0m13:52:56  [[33mWARNING[0m]: Configuration paths exist in your dbt_project.yml file which do not apply to any resources.
2026-03-06 13:52:56 +0000 - dagster - INFO - 08_operacion_testnet_15m - 68e651ff-1fb0-4416-a2b3-1b7eda86cc08 - warehouse_dbt_build - There are 1 unused configuration paths:
2026-03-06 13:52:56 +0000 - dagster - INFO - 08_operacion_testnet_15m - 68e651ff-1fb0-4416-a2b3-1b7eda86cc08 - warehouse_dbt_build - - seeds.crypto_trading_lakehouse
2026-03-06 13:52:56 +0000 - dagster - INFO - 08_operacion_testnet_15m - 68e651ff-1fb0-4416-a2b3-1b7eda86cc08 - warehouse_dbt_build - [0m13:52:56  Found 16 models, 18 data tests, 24 sources, 417 macros
2026-03-06 13:52:56 +0000 - dagster - INFO - 08_operacion_testnet_15m - 68e651ff-1fb0-4416-a2b3-1b7eda86cc08 - warehouse_dbt_build - [0m13:52:56
2026-03-06 13:52:57 +0000 - dagster - INFO - 08_operacion_testnet_15m - 68e651ff-1fb0-4416-a2b3-1b7eda86cc08 - warehouse_dbt_build - [0m13:52:57  Concurrency: 2 threads (target='local')
2026-03-06 13:52:57 +0000 - dagster - INFO - 08_operacion_testnet_15m - 68e651ff-1fb0-4416-a2b3-1b7eda86cc08 - warehouse_dbt_build - [0m13:52:57
2026-03-06 13:52:57 +0000 - dagster - INFO - 08_operacion_testnet_15m - 68e651ff-1fb0-4416-a2b3-1b7eda86cc08 - warehouse_dbt_build - [0m13:52:57  1 of 34 START sql view model main.br_news_sentiment ............................ [RUN]
2026-03-06 13:52:57 +0000 - dagster - INFO - 08_operacion_testnet_15m - 68e651ff-1fb0-4416-a2b3-1b7eda86cc08 - warehouse_dbt_build - [0m13:52:57  2 of 34 START sql incremental model main.br_stock_prices ....................... [RUN]
2026-03-06 13:52:57 +0000 - dagster - INFO - 08_operacion_testnet_15m - 68e651ff-1fb0-4416-a2b3-1b7eda86cc08 - warehouse_dbt_build - [0m13:52:57  1 of 34 OK created sql view model main.br_news_sentiment ....................... [[32mOK[0m in 0.52s]
2026-03-06 13:52:57 +0000 - dagster - INFO - 08_operacion_testnet_15m - 68e651ff-1fb0-4416-a2b3-1b7eda86cc08 - warehouse_dbt_build - [0m13:52:57  3 of 34 START sql view model main.br_x_sentiment ............................... [RUN]
2026-03-06 13:52:58 +0000 - dagster - INFO - 08_operacion_testnet_15m - 68e651ff-1fb0-4416-a2b3-1b7eda86cc08 - warehouse_dbt_build - [0m13:52:58  2 of 34 OK created sql incremental model main.br_stock_prices .................. [[32mOK[0m in 0.94s]
2026-03-06 13:52:58 +0000 - dagster - INFO - 08_operacion_testnet_15m - 68e651ff-1fb0-4416-a2b3-1b7eda86cc08 - warehouse_dbt_build - [0m13:52:58  4 of 34 START sql table model main.fct_approved_orders ......................... [RUN]
2026-03-06 13:52:58 +0000 - dagster - INFO - 08_operacion_testnet_15m - 68e651ff-1fb0-4416-a2b3-1b7eda86cc08 - warehouse_dbt_build - [0m13:52:58  3 of 34 OK created sql view model main.br_x_sentiment .......................... [[32mOK[0m in 0.60s]
2026-03-06 13:52:58 +0000 - dagster - INFO - 08_operacion_testnet_15m - 68e651ff-1fb0-4416-a2b3-1b7eda86cc08 - warehouse_dbt_build - [0m13:52:58  5 of 34 START sql table model main.fct_raw_signals ............................. [RUN]
2026-03-06 13:52:58 +0000 - dagster - INFO - 08_operacion_testnet_15m - 68e651ff-1fb0-4416-a2b3-1b7eda86cc08 - warehouse_dbt_build - [0m13:52:58  4 of 34 OK created sql table model main.fct_approved_orders .................... [[32mOK[0m in 0.44s]
2026-03-06 13:52:58 +0000 - dagster - INFO - 08_operacion_testnet_15m - 68e651ff-1fb0-4416-a2b3-1b7eda86cc08 - warehouse_dbt_build - [0m13:52:58  6 of 34 START sql table model main.int_mlflow_runs ............................. [RUN]
2026-03-06 13:52:58 +0000 - dagster - INFO - 08_operacion_testnet_15m - 68e651ff-1fb0-4416-a2b3-1b7eda86cc08 - warehouse_dbt_build - [0m13:52:58  5 of 34 OK created sql table model main.fct_raw_signals ........................ [[32mOK[0m in 0.44s]
2026-03-06 13:52:58 +0000 - dagster - INFO - 08_operacion_testnet_15m - 68e651ff-1fb0-4416-a2b3-1b7eda86cc08 - warehouse_dbt_build - [0m13:52:58  7 of 34 START sql table model main.int_optuna_trials ........................... [RUN]
2026-03-06 13:52:59 +0000 - dagster - INFO - 08_operacion_testnet_15m - 68e651ff-1fb0-4416-a2b3-1b7eda86cc08 - warehouse_dbt_build - [0m13:52:59  6 of 34 OK created sql table model main.int_mlflow_runs ........................ [[32mOK[0m in 0.45s]
2026-03-06 13:52:59 +0000 - dagster - INFO - 08_operacion_testnet_15m - 68e651ff-1fb0-4416-a2b3-1b7eda86cc08 - warehouse_dbt_build - [0m13:52:59  8 of 34 START test assert_cross_exchange_snapshot_raw_historical ............... [RUN]
2026-03-06 13:52:59 +0000 - dagster - INFO - 08_operacion_testnet_15m - 68e651ff-1fb0-4416-a2b3-1b7eda86cc08 - warehouse_dbt_build - [0m13:52:59  8 of 34 PASS assert_cross_exchange_snapshot_raw_historical ..................... [[32mPASS[0m in 0.18s]
2026-03-06 13:52:59 +0000 - dagster - INFO - 08_operacion_testnet_15m - 68e651ff-1fb0-4416-a2b3-1b7eda86cc08 - warehouse_dbt_build - [0m13:52:59  9 of 34 START test assert_derivatives_flow_raw_historical ...................... [RUN]
2026-03-06 13:52:59 +0000 - dagster - INFO - 08_operacion_testnet_15m - 68e651ff-1fb0-4416-a2b3-1b7eda86cc08 - warehouse_dbt_build - [0m13:52:59  7 of 34 OK created sql table model main.int_optuna_trials ...................... [[32mOK[0m in 0.71s]
2026-03-06 13:52:59 +0000 - dagster - INFO - 08_operacion_testnet_15m - 68e651ff-1fb0-4416-a2b3-1b7eda86cc08 - warehouse_dbt_build - [0m13:52:59  10 of 34 START test assert_derivatives_snapshot_raw_historical ................. [RUN]
2026-03-06 13:52:59 +0000 - dagster - INFO - 08_operacion_testnet_15m - 68e651ff-1fb0-4416-a2b3-1b7eda86cc08 - warehouse_dbt_build - [0m13:52:59  9 of 34 PASS assert_derivatives_flow_raw_historical ............................ [[32mPASS[0m in 0.46s]
2026-03-06 13:52:59 +0000 - dagster - INFO - 08_operacion_testnet_15m - 68e651ff-1fb0-4416-a2b3-1b7eda86cc08 - warehouse_dbt_build - [0m13:52:59  10 of 34 PASS assert_derivatives_snapshot_raw_historical ....................... [[32mPASS[0m in 0.19s]
2026-03-06 13:52:59 +0000 - dagster - INFO - 08_operacion_testnet_15m - 68e651ff-1fb0-4416-a2b3-1b7eda86cc08 - warehouse_dbt_build - [0m13:52:59  11 of 34 START test assert_dex_snapshot_raw_historical ......................... [RUN]
2026-03-06 13:52:59 +0000 - dagster - INFO - 08_operacion_testnet_15m - 68e651ff-1fb0-4416-a2b3-1b7eda86cc08 - warehouse_dbt_build - [0m13:52:59  12 of 34 START test assert_fear_greed_raw_historical ........................... [RUN]
2026-03-06 13:53:00 +0000 - dagster - INFO - 08_operacion_testnet_15m - 68e651ff-1fb0-4416-a2b3-1b7eda86cc08 - warehouse_dbt_build - [0m13:53:00  12 of 34 PASS assert_fear_greed_raw_historical ................................. [[32mPASS[0m in 0.23s]
2026-03-06 13:53:00 +0000 - dagster - INFO - 08_operacion_testnet_15m - 68e651ff-1fb0-4416-a2b3-1b7eda86cc08 - warehouse_dbt_build - [0m13:53:00  11 of 34 WARN 1 assert_dex_snapshot_raw_historical ............................. [[33mWARN 1[0m in 0.26s]
2026-03-06 13:53:00 +0000 - dagster - INFO - 08_operacion_testnet_15m - 68e651ff-1fb0-4416-a2b3-1b7eda86cc08 - warehouse_dbt_build - [0m13:53:00  13 of 34 START test assert_market_snapshot_raw_historical ...................... [RUN]
2026-03-06 13:53:00 +0000 - dagster - INFO - 08_operacion_testnet_15m - 68e651ff-1fb0-4416-a2b3-1b7eda86cc08 - warehouse_dbt_build - [0m13:53:00  14 of 34 START test not_null_int_mlflow_runs_run_uuid .......................... [RUN]
2026-03-06 13:53:00 +0000 - dagster - INFO - 08_operacion_testnet_15m - 68e651ff-1fb0-4416-a2b3-1b7eda86cc08 - warehouse_dbt_build - [0m13:53:00  14 of 34 PASS not_null_int_mlflow_runs_run_uuid ................................ [[32mPASS[0m in 0.41s]
2026-03-06 13:53:00 +0000 - dagster - INFO - 08_operacion_testnet_15m - 68e651ff-1fb0-4416-a2b3-1b7eda86cc08 - warehouse_dbt_build - [0m13:53:00  15 of 34 START test unique_int_mlflow_runs_run_uuid ............................ [RUN]
2026-03-06 13:53:00 +0000 - dagster - INFO - 08_operacion_testnet_15m - 68e651ff-1fb0-4416-a2b3-1b7eda86cc08 - warehouse_dbt_build - [0m13:53:00  13 of 34 PASS assert_market_snapshot_raw_historical ............................ [[32mPASS[0m in 0.43s]
2026-03-06 13:53:00 +0000 - dagster - INFO - 08_operacion_testnet_15m - 68e651ff-1fb0-4416-a2b3-1b7eda86cc08 - warehouse_dbt_build - [0m13:53:00  16 of 34 START test not_null_int_optuna_trials_trial_id ........................ [RUN]
2026-03-06 13:53:00 +0000 - dagster - INFO - 08_operacion_testnet_15m - 68e651ff-1fb0-4416-a2b3-1b7eda86cc08 - warehouse_dbt_build - [0m13:53:00  16 of 34 PASS not_null_int_optuna_trials_trial_id .............................. [[32mPASS[0m in 0.18s]
2026-03-06 13:53:00 +0000 - dagster - INFO - 08_operacion_testnet_15m - 68e651ff-1fb0-4416-a2b3-1b7eda86cc08 - warehouse_dbt_build - [0m13:53:00  17 of 34 START test unique_int_optuna_trials_trial_id .......................... [RUN]
2026-03-06 13:53:00 +0000 - dagster - INFO - 08_operacion_testnet_15m - 68e651ff-1fb0-4416-a2b3-1b7eda86cc08 - warehouse_dbt_build - [0m13:53:00  15 of 34 PASS unique_int_mlflow_runs_run_uuid .................................. [[32mPASS[0m in 0.22s]
2026-03-06 13:53:00 +0000 - dagster - INFO - 08_operacion_testnet_15m - 68e651ff-1fb0-4416-a2b3-1b7eda86cc08 - warehouse_dbt_build - [0m13:53:00  18 of 34 START sql incremental model main.br_macro_context ..................... [RUN]
2026-03-06 13:53:01 +0000 - dagster - INFO - 08_operacion_testnet_15m - 68e651ff-1fb0-4416-a2b3-1b7eda86cc08 - warehouse_dbt_build - [0m13:53:00  17 of 34 PASS unique_int_optuna_trials_trial_id ................................ [[32mPASS[0m in 0.20s]
2026-03-06 13:53:01 +0000 - dagster - INFO - 08_operacion_testnet_15m - 68e651ff-1fb0-4416-a2b3-1b7eda86cc08 - warehouse_dbt_build - [0m13:53:00  19 of 34 START sql incremental model main.br_market_snapshot ................... [RUN]
2026-03-06 13:53:01 +0000 - dagster - INFO - 08_operacion_testnet_15m - 68e651ff-1fb0-4416-a2b3-1b7eda86cc08 - warehouse_dbt_build - [0m13:53:01  18 of 34 OK created sql incremental model main.br_macro_context ................ [[32mOK[0m in 0.81s]
2026-03-06 13:53:03 +0000 - dagster - INFO - 08_operacion_testnet_15m - 68e651ff-1fb0-4416-a2b3-1b7eda86cc08 - warehouse_dbt_build - [0m13:53:03  19 of 34 OK created sql incremental model main.br_market_snapshot .............. [[32mOK[0m in 2.04s]
2026-03-06 13:53:03 +0000 - dagster - INFO - 08_operacion_testnet_15m - 68e651ff-1fb0-4416-a2b3-1b7eda86cc08 - warehouse_dbt_build - [0m13:53:03  20 of 34 START test not_null_br_market_snapshot_event_time ..................... [RUN]
2026-03-06 13:53:03 +0000 - dagster - INFO - 08_operacion_testnet_15m - 68e651ff-1fb0-4416-a2b3-1b7eda86cc08 - warehouse_dbt_build - [0m13:53:03  21 of 34 START test not_null_br_market_snapshot_symbol ......................... [RUN]
2026-03-06 13:53:03 +0000 - dagster - INFO - 08_operacion_testnet_15m - 68e651ff-1fb0-4416-a2b3-1b7eda86cc08 - warehouse_dbt_build - [0m13:53:03  21 of 34 PASS not_null_br_market_snapshot_symbol ............................... [[32mPASS[0m in 0.17s]
2026-03-06 13:53:03 +0000 - dagster - INFO - 08_operacion_testnet_15m - 68e651ff-1fb0-4416-a2b3-1b7eda86cc08 - warehouse_dbt_build - [0m13:53:03  20 of 34 PASS not_null_br_market_snapshot_event_time ........................... [[32mPASS[0m in 0.18s]
2026-03-06 13:53:03 +0000 - dagster - INFO - 08_operacion_testnet_15m - 68e651ff-1fb0-4416-a2b3-1b7eda86cc08 - warehouse_dbt_build - [0m13:53:03  22 of 34 START sql incremental model main.slv_decision_features ................ [RUN]
2026-03-06 13:53:05 +0000 - dagster - INFO - 08_operacion_testnet_15m - 68e651ff-1fb0-4416-a2b3-1b7eda86cc08 - warehouse_dbt_build - [0m13:53:05  22 of 34 OK created sql incremental model main.slv_decision_features ........... [[32mOK[0m in 2.33s]
2026-03-06 13:53:05 +0000 - dagster - INFO - 08_operacion_testnet_15m - 68e651ff-1fb0-4416-a2b3-1b7eda86cc08 - warehouse_dbt_build - [0m13:53:05  23 of 34 START test not_null_slv_decision_features_event_time .................. [RUN]
2026-03-06 13:53:05 +0000 - dagster - INFO - 08_operacion_testnet_15m - 68e651ff-1fb0-4416-a2b3-1b7eda86cc08 - warehouse_dbt_build - [0m13:53:05  24 of 34 START test not_null_slv_decision_features_symbol ...................... [RUN]
2026-03-06 13:53:05 +0000 - dagster - INFO - 08_operacion_testnet_15m - 68e651ff-1fb0-4416-a2b3-1b7eda86cc08 - warehouse_dbt_build - [0m13:53:05  23 of 34 PASS not_null_slv_decision_features_event_time ........................ [[32mPASS[0m in 0.23s]
2026-03-06 13:53:05 +0000 - dagster - INFO - 08_operacion_testnet_15m - 68e651ff-1fb0-4416-a2b3-1b7eda86cc08 - warehouse_dbt_build - [0m13:53:05  24 of 34 PASS not_null_slv_decision_features_symbol ............................ [[32mPASS[0m in 0.24s]
2026-03-06 13:53:05 +0000 - dagster - INFO - 08_operacion_testnet_15m - 68e651ff-1fb0-4416-a2b3-1b7eda86cc08 - warehouse_dbt_build - [0m13:53:05  25 of 34 START sql incremental model main.decision_features .................... [RUN]
2026-03-06 13:53:05 +0000 - dagster - INFO - 08_operacion_testnet_15m - 68e651ff-1fb0-4416-a2b3-1b7eda86cc08 - warehouse_dbt_build - [0m13:53:05  26 of 34 START sql table model main.fct_liquidity_profile ...................... [RUN]
2026-03-06 13:53:07 +0000 - dagster - INFO - 08_operacion_testnet_15m - 68e651ff-1fb0-4416-a2b3-1b7eda86cc08 - warehouse_dbt_build - [0m13:53:07  26 of 34 OK created sql table model main.fct_liquidity_profile ................. [[32mOK[0m in 1.56s]
2026-03-06 13:53:07 +0000 - dagster - INFO - 08_operacion_testnet_15m - 68e651ff-1fb0-4416-a2b3-1b7eda86cc08 - warehouse_dbt_build - [0m13:53:07  27 of 34 START sql table model main.fct_symbol_performance ..................... [RUN]
2026-03-06 13:53:08 +0000 - dagster - INFO - 08_operacion_testnet_15m - 68e651ff-1fb0-4416-a2b3-1b7eda86cc08 - warehouse_dbt_build - [0m13:53:08  25 of 34 OK created sql incremental model main.decision_features ............... [[32mOK[0m in 2.81s]
2026-03-06 13:53:08 +0000 - dagster - INFO - 08_operacion_testnet_15m - 68e651ff-1fb0-4416-a2b3-1b7eda86cc08 - warehouse_dbt_build - [0m13:53:08  28 of 34 START test not_null_fct_decision_features_event_time .................. [RUN]
2026-03-06 13:53:08 +0000 - dagster - INFO - 08_operacion_testnet_15m - 68e651ff-1fb0-4416-a2b3-1b7eda86cc08 - warehouse_dbt_build - [0m13:53:08  28 of 34 PASS not_null_fct_decision_features_event_time ........................ [[32mPASS[0m in 0.09s]
2026-03-06 13:53:08 +0000 - dagster - INFO - 08_operacion_testnet_15m - 68e651ff-1fb0-4416-a2b3-1b7eda86cc08 - warehouse_dbt_build - [0m13:53:08  29 of 34 START test not_null_fct_decision_features_feature_id .................. [RUN]
2026-03-06 13:53:08 +0000 - dagster - INFO - 08_operacion_testnet_15m - 68e651ff-1fb0-4416-a2b3-1b7eda86cc08 - warehouse_dbt_build - [0m13:53:08  29 of 34 PASS not_null_fct_decision_features_feature_id ........................ [[32mPASS[0m in 0.09s]
2026-03-06 13:53:08 +0000 - dagster - INFO - 08_operacion_testnet_15m - 68e651ff-1fb0-4416-a2b3-1b7eda86cc08 - warehouse_dbt_build - [0m13:53:08  30 of 34 START test not_null_fct_decision_features_symbol ...................... [RUN]
2026-03-06 13:53:09 +0000 - dagster - INFO - 08_operacion_testnet_15m - 68e651ff-1fb0-4416-a2b3-1b7eda86cc08 - warehouse_dbt_build - [0m13:53:09  30 of 34 PASS not_null_fct_decision_features_symbol ............................ [[32mPASS[0m in 0.12s]
2026-03-06 13:53:09 +0000 - dagster - INFO - 08_operacion_testnet_15m - 68e651ff-1fb0-4416-a2b3-1b7eda86cc08 - warehouse_dbt_build - [0m13:53:09  31 of 34 START test unique_fct_decision_features_feature_id .................... [RUN]
2026-03-06 13:53:09 +0000 - dagster - INFO - 08_operacion_testnet_15m - 68e651ff-1fb0-4416-a2b3-1b7eda86cc08 - warehouse_dbt_build - [0m13:53:09  31 of 34 WARN 19 unique_fct_decision_features_feature_id ....................... [[33mWARN 19[0m in 0.21s]
2026-03-06 13:53:09 +0000 - dagster - INFO - 08_operacion_testnet_15m - 68e651ff-1fb0-4416-a2b3-1b7eda86cc08 - warehouse_dbt_build - [0m13:53:09  32 of 34 START sql table model main.fct_anomaly_detection ...................... [RUN]
2026-03-06 13:53:10 +0000 - dagster - INFO - 08_operacion_testnet_15m - 68e651ff-1fb0-4416-a2b3-1b7eda86cc08 - warehouse_dbt_build - [0m13:53:09  32 of 34 OK created sql table model main.fct_anomaly_detection ................. [[32mOK[0m in 0.66s]
2026-03-06 13:53:11 +0000 - dagster - INFO - 08_operacion_testnet_15m - 68e651ff-1fb0-4416-a2b3-1b7eda86cc08 - warehouse_dbt_build - [0m13:53:09  33 of 34 START sql table model main.fct_market_summary ......................... [RUN]
2026-03-06 13:53:20 +0000 - dagster - INFO - 08_operacion_testnet_15m - 68e651ff-1fb0-4416-a2b3-1b7eda86cc08 - warehouse_dbt_build - [0m13:53:19  33 of 34 OK created sql table model main.fct_market_summary .................... [[32mOK[0m in 9.30s]
2026-03-06 13:53:20 +0000 - dagster - INFO - 08_operacion_testnet_15m - 68e651ff-1fb0-4416-a2b3-1b7eda86cc08 - warehouse_dbt_build - [0m13:53:19  34 of 34 START sql table model main.fct_momentum_rankings ...................... [RUN]
2026-03-06 13:53:20 +0000 - dagster - INFO - 08_operacion_testnet_15m - 68e651ff-1fb0-4416-a2b3-1b7eda86cc08 - warehouse_dbt_build - [0m13:53:19  34 of 34 OK created sql table model main.fct_momentum_rankings ................. [[32mOK[0m in 0.60s]
2026-03-06 13:53:21 +0000 - dagster - INFO - 08_operacion_testnet_15m - 68e651ff-1fb0-4416-a2b3-1b7eda86cc08 - warehouse_dbt_build - [0m13:53:21  27 of 34 OK created sql table model main.fct_symbol_performance ................ [[32mOK[0m in 13.94s]
2026-03-06 13:53:21 +0000 - dagster - INFO - 08_operacion_testnet_15m - 68e651ff-1fb0-4416-a2b3-1b7eda86cc08 - warehouse_dbt_build - [0m13:53:21
2026-03-06 13:53:21 +0000 - dagster - INFO - 08_operacion_testnet_15m - 68e651ff-1fb0-4416-a2b3-1b7eda86cc08 - warehouse_dbt_build - [0m13:53:21  Finished running 2 view models, 5 incremental models, 9 table models, 18 data tests in 0 hours 0 minutes and 24.86 seconds (24.86s).
2026-03-06 13:53:21 +0000 - dagster - INFO - 08_operacion_testnet_15m - 68e651ff-1fb0-4416-a2b3-1b7eda86cc08 - warehouse_dbt_build - [0m13:53:21
2026-03-06 13:53:21 +0000 - dagster - INFO - 08_operacion_testnet_15m - 68e651ff-1fb0-4416-a2b3-1b7eda86cc08 - warehouse_dbt_build - [0m13:53:21  [33mCompleted with 2 warnings:[0m
2026-03-06 13:53:21 +0000 - dagster - INFO - 08_operacion_testnet_15m - 68e651ff-1fb0-4416-a2b3-1b7eda86cc08 - warehouse_dbt_build - [0m13:53:21
2026-03-06 13:53:21 +0000 - dagster - INFO - 08_operacion_testnet_15m - 68e651ff-1fb0-4416-a2b3-1b7eda86cc08 - warehouse_dbt_build - [0m13:53:21  [33mWarning in test assert_dex_snapshot_raw_historical (tests/assert_dex_snapshot_raw_historical.sql)[0m
2026-03-06 13:53:21 +0000 - dagster - INFO - 08_operacion_testnet_15m - 68e651ff-1fb0-4416-a2b3-1b7eda86cc08 - warehouse_dbt_build - [0m13:53:21  Got 1 result, configured to warn if != 0
2026-03-06 13:53:21 +0000 - dagster - INFO - 08_operacion_testnet_15m - 68e651ff-1fb0-4416-a2b3-1b7eda86cc08 - warehouse_dbt_build - [0m13:53:21
2026-03-06 13:53:22 +0000 - dagster - INFO - 08_operacion_testnet_15m - 68e651ff-1fb0-4416-a2b3-1b7eda86cc08 - warehouse_dbt_build - [0m13:53:21    compiled code at target/compiled/crypto_trading_lakehouse/tests/assert_dex_snapshot_raw_historical.sql
2026-03-06 13:53:22 +0000 - dagster - INFO - 08_operacion_testnet_15m - 68e651ff-1fb0-4416-a2b3-1b7eda86cc08 - warehouse_dbt_build - [0m13:53:21
2026-03-06 13:53:22 +0000 - dagster - INFO - 08_operacion_testnet_15m - 68e651ff-1fb0-4416-a2b3-1b7eda86cc08 - warehouse_dbt_build - [0m13:53:21  [33mWarning in test unique_fct_decision_features_feature_id (models/schema.yml)[0m
2026-03-06 13:53:22 +0000 - dagster - INFO - 08_operacion_testnet_15m - 68e651ff-1fb0-4416-a2b3-1b7eda86cc08 - warehouse_dbt_build - [0m13:53:21  Got 19 results, configured to warn if != 0
2026-03-06 13:53:22 +0000 - dagster - INFO - 08_operacion_testnet_15m - 68e651ff-1fb0-4416-a2b3-1b7eda86cc08 - warehouse_dbt_build - [0m13:53:21
2026-03-06 13:53:22 +0000 - dagster - INFO - 08_operacion_testnet_15m - 68e651ff-1fb0-4416-a2b3-1b7eda86cc08 - warehouse_dbt_build - [0m13:53:21    compiled code at target/compiled/crypto_trading_lakehouse/models/schema.yml/unique_fct_decision_features_feature_id.sql
2026-03-06 13:53:22 +0000 - dagster - INFO - 08_operacion_testnet_15m - 68e651ff-1fb0-4416-a2b3-1b7eda86cc08 - warehouse_dbt_build - [0m13:53:21
2026-03-06 13:53:22 +0000 - dagster - INFO - 08_operacion_testnet_15m - 68e651ff-1fb0-4416-a2b3-1b7eda86cc08 - warehouse_dbt_build - [0m13:53:21  Done. PASS=32 WARN=2 ERROR=0 SKIP=0 TOTAL=34
2026-03-06 13:53:23 +0000 - dagster - DEBUG - 08_operacion_testnet_15m - 68e651ff-1fb0-4416-a2b3-1b7eda86cc08 - 30372 - warehouse_dbt_build - STEP_OUTPUT - Yielded output "result" of type "Any". (Type check passed).
2026-03-06 13:53:23 +0000 - dagster - DEBUG - 08_operacion_testnet_15m - 68e651ff-1fb0-4416-a2b3-1b7eda86cc08 - 30372 - warehouse_dbt_build - ASSET_MATERIALIZATION - Materialized value warehouse_dbt_build.
2026-03-06 13:53:23 +0000 - dagster - DEBUG - 08_operacion_testnet_15m - 68e651ff-1fb0-4416-a2b3-1b7eda86cc08 - 30372 - warehouse_dbt_build - STEP_SUCCESS - Finished execution of step "warehouse_dbt_build" in 31.6s.
