2026-03-08 12:42:39 +0000 - dagster - DEBUG - 07_optimizar_suite - 877ba7fc-4783-4e7d-b119-03336be3fdd8 - 3510 - LOGS_CAPTURED - Started capturing logs in process (pid: 3510).
2026-03-08 12:42:39 +0000 - dagster - DEBUG - 07_optimizar_suite - 877ba7fc-4783-4e7d-b119-03336be3fdd8 - 3510 - quant_suite_cycle - STEP_START - Started execution of step "quant_suite_cycle".
2026-03-08 12:42:39 +0000 - dagster - INFO - 07_optimizar_suite - 877ba7fc-4783-4e7d-b119-03336be3fdd8 - quant_suite_cycle - Running research loop: /usr/local/bin/python3.11 /app/scripts/run_suite_cycle.py --horizon 4h --lookback-days 1000 --max-cycles 10 --max-trials 500 --cycles-before-explore 2
2026-03-08 13:05:11 +0000 - dagster - INFO - 07_optimizar_suite - 877ba7fc-4783-4e7d-b119-03336be3fdd8 - quant_suite_cycle - stdout (last 2000):

2026-03-08 13:05:11 +0000 - dagster - INFO - 07_optimizar_suite - 877ba7fc-4783-4e7d-b119-03336be3fdd8 - quant_suite_cycle - stderr (last 2000):
d by drawdown limit: 0.53 >= 0.15
Blocked by drawdown limit: 0.53 >= 0.15
Blocked by drawdown limit: 0.54 >= 0.15
Blocked by drawdown limit: 0.54 >= 0.15
Blocked by drawdown limit: 0.54 >= 0.15
Blocked by drawdown limit: 0.54 >= 0.15
Blocked by drawdown limit: 0.54 >= 0.15
Blocked by drawdown limit: 0.54 >= 0.15
Blocked by drawdown limit: 0.55 >= 0.15
Blocked by drawdown limit: 0.55 >= 0.15
Blocked by open trades limit
Blocked by drawdown limit: 0.55 >= 0.15
Blocked by drawdown limit: 0.55 >= 0.15
Blocked by open trades limit
Blocked by drawdown limit: 0.56 >= 0.15
Blocked by drawdown limit: 0.56 >= 0.15
Blocked by open trades limit
Blocked by drawdown limit: 0.56 >= 0.15
Blocked by drawdown limit: 0.56 >= 0.15
Blocked by drawdown limit: 0.56 >= 0.15
Blocked by drawdown limit: 0.56 >= 0.15
Blocked by drawdown limit: 0.56 >= 0.15
Blocked by drawdown limit: 0.56 >= 0.15
Blocked by drawdown limit: 0.56 >= 0.15
Blocked by drawdown limit: 0.56 >= 0.15
Blocked by drawdown limit: 0.56 >= 0.15
Blocked by drawdown limit: 0.56 >= 0.15
Blocked by drawdown limit: 0.56 >= 0.15
Blocked by drawdown limit: 0.56 >= 0.15
Blocked by drawdown limit: 0.56 >= 0.15
Blocked by drawdown limit: 0.56 >= 0.15
Blocked by drawdown limit: 0.56 >= 0.15
Blocked by drawdown limit: 0.56 >= 0.15
Blocked by drawdown limit: 0.56 >= 0.15
Blocked by drawdown limit: 0.56 >= 0.15
Blocked by drawdown limit: 0.57 >= 0.15
Blocked by drawdown limit: 0.57 >= 0.15
Blocked by drawdown limit: 0.57 >= 0.15
Blocked by drawdown limit: 0.57 >= 0.15
Blocked by drawdown limit: 0.57 >= 0.15
Blocked by drawdown limit: 0.57 >= 0.15
Blocked by drawdown limit: 0.57 >= 0.15

================================================================================
RESEARCH LOOP FINALIZADO: 10 ciclos completados
Champion Actual: a3e3d4669bcc490e8246567e66955933 (v5)
Métricas Champion: Net=15.00%, Sharpe=0.00
Estado de Investigación: exploration (Round 309)
================================================================================


2026-03-08 13:05:11 +0000 - dagster - DEBUG - 07_optimizar_suite - 877ba7fc-4783-4e7d-b119-03336be3fdd8 - 3510 - quant_suite_cycle - STEP_OUTPUT - Yielded output "result" of type "Any". (Type check passed).
2026-03-08 13:05:11 +0000 - dagster - DEBUG - 07_optimizar_suite - 877ba7fc-4783-4e7d-b119-03336be3fdd8 - 3510 - quant_suite_cycle - ASSET_MATERIALIZATION - Materialized value quant_suite_cycle.
2026-03-08 13:05:11 +0000 - dagster - DEBUG - 07_optimizar_suite - 877ba7fc-4783-4e7d-b119-03336be3fdd8 - 3510 - quant_suite_cycle - STEP_SUCCESS - Finished execution of step "quant_suite_cycle" in 22m31s.
