2026-03-06 16:22:43 +0000 - dagster - DEBUG - 08_operacion_testnet_15m - bd158a18-fa2d-4735-9178-dd0a6b8fd123 - 20625 - LOGS_CAPTURED - Started capturing logs in process (pid: 20625).
2026-03-06 16:22:43 +0000 - dagster - DEBUG - 08_operacion_testnet_15m - bd158a18-fa2d-4735-9178-dd0a6b8fd123 - 20625 - warehouse_dbt_build - STEP_START - Started execution of step "warehouse_dbt_build".
2026-03-06 16:22:47 +0000 - dagster - INFO - 08_operacion_testnet_15m - bd158a18-fa2d-4735-9178-dd0a6b8fd123 - warehouse_dbt_build - [0m16:22:47  Running with dbt=1.8.8
2026-03-06 16:22:48 +0000 - dagster - INFO - 08_operacion_testnet_15m - bd158a18-fa2d-4735-9178-dd0a6b8fd123 - warehouse_dbt_build - [0m16:22:48  [[33mWARNING[0m]: Deprecated functionality
2026-03-06 16:22:48 +0000 - dagster - INFO - 08_operacion_testnet_15m - bd158a18-fa2d-4735-9178-dd0a6b8fd123 - warehouse_dbt_build - The `tests` config has been renamed to `data_tests`. Please see
2026-03-06 16:22:48 +0000 - dagster - INFO - 08_operacion_testnet_15m - bd158a18-fa2d-4735-9178-dd0a6b8fd123 - warehouse_dbt_build - https://docs.getdbt.com/docs/build/data-tests#new-data_tests-syntax for more
2026-03-06 16:22:48 +0000 - dagster - INFO - 08_operacion_testnet_15m - bd158a18-fa2d-4735-9178-dd0a6b8fd123 - warehouse_dbt_build - information.
2026-03-06 16:22:48 +0000 - dagster - INFO - 08_operacion_testnet_15m - bd158a18-fa2d-4735-9178-dd0a6b8fd123 - warehouse_dbt_build - [0m16:22:48  Registered adapter: duckdb=1.8.2
2026-03-06 16:22:49 +0000 - dagster - INFO - 08_operacion_testnet_15m - bd158a18-fa2d-4735-9178-dd0a6b8fd123 - warehouse_dbt_build - [0m16:22:49  [[33mWARNING[0m]: Configuration paths exist in your dbt_project.yml file which do not apply to any resources.
2026-03-06 16:22:49 +0000 - dagster - INFO - 08_operacion_testnet_15m - bd158a18-fa2d-4735-9178-dd0a6b8fd123 - warehouse_dbt_build - There are 1 unused configuration paths:
2026-03-06 16:22:49 +0000 - dagster - INFO - 08_operacion_testnet_15m - bd158a18-fa2d-4735-9178-dd0a6b8fd123 - warehouse_dbt_build - - seeds.crypto_trading_lakehouse
2026-03-06 16:22:49 +0000 - dagster - INFO - 08_operacion_testnet_15m - bd158a18-fa2d-4735-9178-dd0a6b8fd123 - warehouse_dbt_build - [0m16:22:49  Found 16 models, 18 data tests, 24 sources, 417 macros
2026-03-06 16:22:49 +0000 - dagster - INFO - 08_operacion_testnet_15m - bd158a18-fa2d-4735-9178-dd0a6b8fd123 - warehouse_dbt_build - [0m16:22:49
2026-03-06 16:22:50 +0000 - dagster - INFO - 08_operacion_testnet_15m - bd158a18-fa2d-4735-9178-dd0a6b8fd123 - warehouse_dbt_build - [0m16:22:50  Concurrency: 2 threads (target='local')
2026-03-06 16:22:50 +0000 - dagster - INFO - 08_operacion_testnet_15m - bd158a18-fa2d-4735-9178-dd0a6b8fd123 - warehouse_dbt_build - [0m16:22:50
2026-03-06 16:22:50 +0000 - dagster - INFO - 08_operacion_testnet_15m - bd158a18-fa2d-4735-9178-dd0a6b8fd123 - warehouse_dbt_build - [0m16:22:50  1 of 34 START sql view model main.br_news_sentiment ............................ [RUN]
2026-03-06 16:22:50 +0000 - dagster - INFO - 08_operacion_testnet_15m - bd158a18-fa2d-4735-9178-dd0a6b8fd123 - warehouse_dbt_build - [0m16:22:50  2 of 34 START sql incremental model main.br_stock_prices ....................... [RUN]
2026-03-06 16:22:51 +0000 - dagster - INFO - 08_operacion_testnet_15m - bd158a18-fa2d-4735-9178-dd0a6b8fd123 - warehouse_dbt_build - [0m16:22:51  1 of 34 OK created sql view model main.br_news_sentiment ....................... [[32mOK[0m in 0.61s]
2026-03-06 16:22:51 +0000 - dagster - INFO - 08_operacion_testnet_15m - bd158a18-fa2d-4735-9178-dd0a6b8fd123 - warehouse_dbt_build - [0m16:22:51  3 of 34 START sql view model main.br_x_sentiment ............................... [RUN]
2026-03-06 16:22:51 +0000 - dagster - INFO - 08_operacion_testnet_15m - bd158a18-fa2d-4735-9178-dd0a6b8fd123 - warehouse_dbt_build - [0m16:22:51  2 of 34 OK created sql incremental model main.br_stock_prices .................. [[32mOK[0m in 0.94s]
2026-03-06 16:22:51 +0000 - dagster - INFO - 08_operacion_testnet_15m - bd158a18-fa2d-4735-9178-dd0a6b8fd123 - warehouse_dbt_build - [0m16:22:51  4 of 34 START sql table model main.fct_approved_orders ......................... [RUN]
2026-03-06 16:22:51 +0000 - dagster - INFO - 08_operacion_testnet_15m - bd158a18-fa2d-4735-9178-dd0a6b8fd123 - warehouse_dbt_build - [0m16:22:51  3 of 34 OK created sql view model main.br_x_sentiment .......................... [[32mOK[0m in 0.53s]
2026-03-06 16:22:51 +0000 - dagster - INFO - 08_operacion_testnet_15m - bd158a18-fa2d-4735-9178-dd0a6b8fd123 - warehouse_dbt_build - [0m16:22:51  5 of 34 START sql table model main.fct_raw_signals ............................. [RUN]
2026-03-06 16:22:52 +0000 - dagster - INFO - 08_operacion_testnet_15m - bd158a18-fa2d-4735-9178-dd0a6b8fd123 - warehouse_dbt_build - [0m16:22:52  4 of 34 OK created sql table model main.fct_approved_orders .................... [[32mOK[0m in 0.60s]
2026-03-06 16:22:52 +0000 - dagster - INFO - 08_operacion_testnet_15m - bd158a18-fa2d-4735-9178-dd0a6b8fd123 - warehouse_dbt_build - [0m16:22:52  6 of 34 START sql table model main.int_mlflow_runs ............................. [RUN]
2026-03-06 16:22:52 +0000 - dagster - INFO - 08_operacion_testnet_15m - bd158a18-fa2d-4735-9178-dd0a6b8fd123 - warehouse_dbt_build - [0m16:22:52  5 of 34 OK created sql table model main.fct_raw_signals ........................ [[32mOK[0m in 0.60s]
2026-03-06 16:22:52 +0000 - dagster - INFO - 08_operacion_testnet_15m - bd158a18-fa2d-4735-9178-dd0a6b8fd123 - warehouse_dbt_build - [0m16:22:52  7 of 34 START sql table model main.int_optuna_trials ........................... [RUN]
2026-03-06 16:22:52 +0000 - dagster - INFO - 08_operacion_testnet_15m - bd158a18-fa2d-4735-9178-dd0a6b8fd123 - warehouse_dbt_build - [0m16:22:52  6 of 34 OK created sql table model main.int_mlflow_runs ........................ [[32mOK[0m in 0.54s]
2026-03-06 16:22:52 +0000 - dagster - INFO - 08_operacion_testnet_15m - bd158a18-fa2d-4735-9178-dd0a6b8fd123 - warehouse_dbt_build - [0m16:22:52  8 of 34 START test assert_cross_exchange_snapshot_raw_historical ............... [RUN]
2026-03-06 16:22:53 +0000 - dagster - INFO - 08_operacion_testnet_15m - bd158a18-fa2d-4735-9178-dd0a6b8fd123 - warehouse_dbt_build - [0m16:22:52  8 of 34 PASS assert_cross_exchange_snapshot_raw_historical ..................... [[32mPASS[0m in 0.21s]
2026-03-06 16:22:53 +0000 - dagster - INFO - 08_operacion_testnet_15m - bd158a18-fa2d-4735-9178-dd0a6b8fd123 - warehouse_dbt_build - [0m16:22:53  9 of 34 START test assert_derivatives_flow_raw_historical ...................... [RUN]
2026-03-06 16:22:53 +0000 - dagster - INFO - 08_operacion_testnet_15m - bd158a18-fa2d-4735-9178-dd0a6b8fd123 - warehouse_dbt_build - [0m16:22:53  7 of 34 OK created sql table model main.int_optuna_trials ...................... [[32mOK[0m in 0.68s]
2026-03-06 16:22:53 +0000 - dagster - INFO - 08_operacion_testnet_15m - bd158a18-fa2d-4735-9178-dd0a6b8fd123 - warehouse_dbt_build - [0m16:22:53  10 of 34 START test assert_derivatives_snapshot_raw_historical ................. [RUN]
2026-03-06 16:22:53 +0000 - dagster - INFO - 08_operacion_testnet_15m - bd158a18-fa2d-4735-9178-dd0a6b8fd123 - warehouse_dbt_build - [0m16:22:53  9 of 34 PASS assert_derivatives_flow_raw_historical ............................ [[32mPASS[0m in 0.46s]
2026-03-06 16:22:53 +0000 - dagster - INFO - 08_operacion_testnet_15m - bd158a18-fa2d-4735-9178-dd0a6b8fd123 - warehouse_dbt_build - [0m16:22:53  11 of 34 START test assert_dex_snapshot_raw_historical ......................... [RUN]
2026-03-06 16:22:53 +0000 - dagster - INFO - 08_operacion_testnet_15m - bd158a18-fa2d-4735-9178-dd0a6b8fd123 - warehouse_dbt_build - [0m16:22:53  10 of 34 PASS assert_derivatives_snapshot_raw_historical ....................... [[32mPASS[0m in 0.51s]
2026-03-06 16:22:53 +0000 - dagster - INFO - 08_operacion_testnet_15m - bd158a18-fa2d-4735-9178-dd0a6b8fd123 - warehouse_dbt_build - [0m16:22:53  12 of 34 START test assert_fear_greed_raw_historical ........................... [RUN]
2026-03-06 16:22:53 +0000 - dagster - INFO - 08_operacion_testnet_15m - bd158a18-fa2d-4735-9178-dd0a6b8fd123 - warehouse_dbt_build - [0m16:22:53  11 of 34 WARN 1 assert_dex_snapshot_raw_historical ............................. [[33mWARN 1[0m in 0.18s]
2026-03-06 16:22:53 +0000 - dagster - INFO - 08_operacion_testnet_15m - bd158a18-fa2d-4735-9178-dd0a6b8fd123 - warehouse_dbt_build - [0m16:22:53  13 of 34 START test assert_market_snapshot_raw_historical ...................... [RUN]
2026-03-06 16:22:53 +0000 - dagster - INFO - 08_operacion_testnet_15m - bd158a18-fa2d-4735-9178-dd0a6b8fd123 - warehouse_dbt_build - [0m16:22:53  12 of 34 PASS assert_fear_greed_raw_historical ................................. [[32mPASS[0m in 0.23s]
2026-03-06 16:22:53 +0000 - dagster - INFO - 08_operacion_testnet_15m - bd158a18-fa2d-4735-9178-dd0a6b8fd123 - warehouse_dbt_build - [0m16:22:53  13 of 34 PASS assert_market_snapshot_raw_historical ............................ [[32mPASS[0m in 0.22s]
2026-03-06 16:22:53 +0000 - dagster - INFO - 08_operacion_testnet_15m - bd158a18-fa2d-4735-9178-dd0a6b8fd123 - warehouse_dbt_build - [0m16:22:53  14 of 34 START test not_null_int_mlflow_runs_run_uuid .......................... [RUN]
2026-03-06 16:22:54 +0000 - dagster - INFO - 08_operacion_testnet_15m - bd158a18-fa2d-4735-9178-dd0a6b8fd123 - warehouse_dbt_build - [0m16:22:53  15 of 34 START test unique_int_mlflow_runs_run_uuid ............................ [RUN]
2026-03-06 16:22:54 +0000 - dagster - INFO - 08_operacion_testnet_15m - bd158a18-fa2d-4735-9178-dd0a6b8fd123 - warehouse_dbt_build - [0m16:22:54  14 of 34 PASS not_null_int_mlflow_runs_run_uuid ................................ [[32mPASS[0m in 0.32s]
2026-03-06 16:22:54 +0000 - dagster - INFO - 08_operacion_testnet_15m - bd158a18-fa2d-4735-9178-dd0a6b8fd123 - warehouse_dbt_build - [0m16:22:54  16 of 34 START test not_null_int_optuna_trials_trial_id ........................ [RUN]
2026-03-06 16:22:54 +0000 - dagster - INFO - 08_operacion_testnet_15m - bd158a18-fa2d-4735-9178-dd0a6b8fd123 - warehouse_dbt_build - [0m16:22:54  15 of 34 PASS unique_int_mlflow_runs_run_uuid .................................. [[32mPASS[0m in 0.30s]
2026-03-06 16:22:54 +0000 - dagster - INFO - 08_operacion_testnet_15m - bd158a18-fa2d-4735-9178-dd0a6b8fd123 - warehouse_dbt_build - [0m16:22:54  17 of 34 START test unique_int_optuna_trials_trial_id .......................... [RUN]
2026-03-06 16:22:54 +0000 - dagster - INFO - 08_operacion_testnet_15m - bd158a18-fa2d-4735-9178-dd0a6b8fd123 - warehouse_dbt_build - [0m16:22:54  16 of 34 PASS not_null_int_optuna_trials_trial_id .............................. [[32mPASS[0m in 0.24s]
2026-03-06 16:22:54 +0000 - dagster - INFO - 08_operacion_testnet_15m - bd158a18-fa2d-4735-9178-dd0a6b8fd123 - warehouse_dbt_build - [0m16:22:54  17 of 34 PASS unique_int_optuna_trials_trial_id ................................ [[32mPASS[0m in 0.23s]
2026-03-06 16:22:54 +0000 - dagster - INFO - 08_operacion_testnet_15m - bd158a18-fa2d-4735-9178-dd0a6b8fd123 - warehouse_dbt_build - [0m16:22:54  18 of 34 START sql incremental model main.br_macro_context ..................... [RUN]
2026-03-06 16:22:54 +0000 - dagster - INFO - 08_operacion_testnet_15m - bd158a18-fa2d-4735-9178-dd0a6b8fd123 - warehouse_dbt_build - [0m16:22:54  19 of 34 START sql incremental model main.br_market_snapshot ................... [RUN]
2026-03-06 16:22:55 +0000 - dagster - INFO - 08_operacion_testnet_15m - bd158a18-fa2d-4735-9178-dd0a6b8fd123 - warehouse_dbt_build - [0m16:22:55  18 of 34 OK created sql incremental model main.br_macro_context ................ [[32mOK[0m in 1.00s]
2026-03-06 16:22:57 +0000 - dagster - INFO - 08_operacion_testnet_15m - bd158a18-fa2d-4735-9178-dd0a6b8fd123 - warehouse_dbt_build - [0m16:22:57  19 of 34 OK created sql incremental model main.br_market_snapshot .............. [[32mOK[0m in 3.15s]
2026-03-06 16:22:57 +0000 - dagster - INFO - 08_operacion_testnet_15m - bd158a18-fa2d-4735-9178-dd0a6b8fd123 - warehouse_dbt_build - [0m16:22:57  20 of 34 START test not_null_br_market_snapshot_event_time ..................... [RUN]
2026-03-06 16:22:57 +0000 - dagster - INFO - 08_operacion_testnet_15m - bd158a18-fa2d-4735-9178-dd0a6b8fd123 - warehouse_dbt_build - [0m16:22:57  21 of 34 START test not_null_br_market_snapshot_symbol ......................... [RUN]
2026-03-06 16:22:58 +0000 - dagster - INFO - 08_operacion_testnet_15m - bd158a18-fa2d-4735-9178-dd0a6b8fd123 - warehouse_dbt_build - [0m16:22:58  20 of 34 PASS not_null_br_market_snapshot_event_time ........................... [[32mPASS[0m in 0.28s]
2026-03-06 16:22:58 +0000 - dagster - INFO - 08_operacion_testnet_15m - bd158a18-fa2d-4735-9178-dd0a6b8fd123 - warehouse_dbt_build - [0m16:22:58  21 of 34 PASS not_null_br_market_snapshot_symbol ............................... [[32mPASS[0m in 0.32s]
2026-03-06 16:22:58 +0000 - dagster - INFO - 08_operacion_testnet_15m - bd158a18-fa2d-4735-9178-dd0a6b8fd123 - warehouse_dbt_build - [0m16:22:58  22 of 34 START sql incremental model main.slv_decision_features ................ [RUN]
2026-03-06 16:23:01 +0000 - dagster - INFO - 08_operacion_testnet_15m - bd158a18-fa2d-4735-9178-dd0a6b8fd123 - warehouse_dbt_build - [0m16:23:01  22 of 34 OK created sql incremental model main.slv_decision_features ........... [[32mOK[0m in 3.25s]
2026-03-06 16:23:01 +0000 - dagster - INFO - 08_operacion_testnet_15m - bd158a18-fa2d-4735-9178-dd0a6b8fd123 - warehouse_dbt_build - [0m16:23:01  23 of 34 START test not_null_slv_decision_features_event_time .................. [RUN]
2026-03-06 16:23:01 +0000 - dagster - INFO - 08_operacion_testnet_15m - bd158a18-fa2d-4735-9178-dd0a6b8fd123 - warehouse_dbt_build - [0m16:23:01  24 of 34 START test not_null_slv_decision_features_symbol ...................... [RUN]
2026-03-06 16:23:01 +0000 - dagster - INFO - 08_operacion_testnet_15m - bd158a18-fa2d-4735-9178-dd0a6b8fd123 - warehouse_dbt_build - [0m16:23:01  23 of 34 PASS not_null_slv_decision_features_event_time ........................ [[32mPASS[0m in 0.26s]
2026-03-06 16:23:01 +0000 - dagster - INFO - 08_operacion_testnet_15m - bd158a18-fa2d-4735-9178-dd0a6b8fd123 - warehouse_dbt_build - [0m16:23:01  24 of 34 PASS not_null_slv_decision_features_symbol ............................ [[32mPASS[0m in 0.27s]
2026-03-06 16:23:01 +0000 - dagster - INFO - 08_operacion_testnet_15m - bd158a18-fa2d-4735-9178-dd0a6b8fd123 - warehouse_dbt_build - [0m16:23:01  25 of 34 START sql incremental model main.decision_features .................... [RUN]
2026-03-06 16:23:01 +0000 - dagster - INFO - 08_operacion_testnet_15m - bd158a18-fa2d-4735-9178-dd0a6b8fd123 - warehouse_dbt_build - [0m16:23:01  26 of 34 START sql table model main.fct_liquidity_profile ...................... [RUN]
2026-03-06 16:23:01 +0000 - dagster - INFO - 08_operacion_testnet_15m - bd158a18-fa2d-4735-9178-dd0a6b8fd123 - warehouse_dbt_build - [0m16:23:01  25 of 34 ERROR creating sql incremental model main.decision_features ........... [[31mERROR[0m in 0.17s]
2026-03-06 16:23:01 +0000 - dagster - INFO - 08_operacion_testnet_15m - bd158a18-fa2d-4735-9178-dd0a6b8fd123 - warehouse_dbt_build - [0m16:23:01  26 of 34 ERROR creating sql table model main.fct_liquidity_profile ............. [[31mERROR[0m in 0.19s]
2026-03-06 16:23:01 +0000 - dagster - INFO - 08_operacion_testnet_15m - bd158a18-fa2d-4735-9178-dd0a6b8fd123 - warehouse_dbt_build - [0m16:23:01  27 of 34 START sql table model main.fct_symbol_performance ..................... [RUN]
2026-03-06 16:23:02 +0000 - dagster - INFO - 08_operacion_testnet_15m - bd158a18-fa2d-4735-9178-dd0a6b8fd123 - warehouse_dbt_build - [0m16:23:01  28 of 34 SKIP test not_null_fct_decision_features_event_time ................... [[33mSKIP[0m]
2026-03-06 16:23:02 +0000 - dagster - INFO - 08_operacion_testnet_15m - bd158a18-fa2d-4735-9178-dd0a6b8fd123 - warehouse_dbt_build - [0m16:23:01  29 of 34 SKIP test not_null_fct_decision_features_feature_id ................... [[33mSKIP[0m]
2026-03-06 16:23:02 +0000 - dagster - INFO - 08_operacion_testnet_15m - bd158a18-fa2d-4735-9178-dd0a6b8fd123 - warehouse_dbt_build - [0m16:23:01  30 of 34 SKIP test not_null_fct_decision_features_symbol ....................... [[33mSKIP[0m]
2026-03-06 16:23:02 +0000 - dagster - INFO - 08_operacion_testnet_15m - bd158a18-fa2d-4735-9178-dd0a6b8fd123 - warehouse_dbt_build - [0m16:23:01  31 of 34 SKIP test unique_fct_decision_features_feature_id ..................... [[33mSKIP[0m]
2026-03-06 16:23:02 +0000 - dagster - INFO - 08_operacion_testnet_15m - bd158a18-fa2d-4735-9178-dd0a6b8fd123 - warehouse_dbt_build - [0m16:23:02  32 of 34 SKIP relation main.fct_anomaly_detection .............................. [[33mSKIP[0m]
2026-03-06 16:23:02 +0000 - dagster - INFO - 08_operacion_testnet_15m - bd158a18-fa2d-4735-9178-dd0a6b8fd123 - warehouse_dbt_build - [0m16:23:02  33 of 34 SKIP relation main.fct_market_summary ................................. [[33mSKIP[0m]
2026-03-06 16:23:02 +0000 - dagster - INFO - 08_operacion_testnet_15m - bd158a18-fa2d-4735-9178-dd0a6b8fd123 - warehouse_dbt_build - [0m16:23:02  34 of 34 SKIP relation main.fct_momentum_rankings .............................. [[33mSKIP[0m]
2026-03-06 16:23:02 +0000 - dagster - INFO - 08_operacion_testnet_15m - bd158a18-fa2d-4735-9178-dd0a6b8fd123 - warehouse_dbt_build - [0m16:23:02  27 of 34 ERROR creating sql table model main.fct_symbol_performance ............ [[31mERROR[0m in 0.16s]
2026-03-06 16:23:02 +0000 - dagster - INFO - 08_operacion_testnet_15m - bd158a18-fa2d-4735-9178-dd0a6b8fd123 - warehouse_dbt_build - [0m16:23:02  Database error while running on-run-end
2026-03-06 16:23:02 +0000 - dagster - INFO - 08_operacion_testnet_15m - bd158a18-fa2d-4735-9178-dd0a6b8fd123 - warehouse_dbt_build - [0m16:23:02
2026-03-06 16:23:02 +0000 - dagster - INFO - 08_operacion_testnet_15m - bd158a18-fa2d-4735-9178-dd0a6b8fd123 - warehouse_dbt_build - [0m16:23:02  Finished running 2 view models, 5 incremental models, 9 table models, 18 data tests in 0 hours 0 minutes and 12.19 seconds (12.19s).
2026-03-06 16:23:02 +0000 - dagster - INFO - 08_operacion_testnet_15m - bd158a18-fa2d-4735-9178-dd0a6b8fd123 - warehouse_dbt_build - [0m16:23:02
2026-03-06 16:23:02 +0000 - dagster - INFO - 08_operacion_testnet_15m - bd158a18-fa2d-4735-9178-dd0a6b8fd123 - warehouse_dbt_build - [0m16:23:02  [31mCompleted with 4 errors and 1 warning:[0m
2026-03-06 16:23:02 +0000 - dagster - INFO - 08_operacion_testnet_15m - bd158a18-fa2d-4735-9178-dd0a6b8fd123 - warehouse_dbt_build - [0m16:23:02
2026-03-06 16:23:02 +0000 - dagster - INFO - 08_operacion_testnet_15m - bd158a18-fa2d-4735-9178-dd0a6b8fd123 - warehouse_dbt_build - [0m16:23:02    Runtime Error in model fct_decision_features (models/gold/fct_decision_features.sql)
2026-03-06 16:23:02 +0000 - dagster - INFO - 08_operacion_testnet_15m - bd158a18-fa2d-4735-9178-dd0a6b8fd123 - warehouse_dbt_build - IO Error: Could not set lock on file "/app/artifacts/warehouse/crypto.duckdb": Conflicting lock is held in /usr/local/bin/python3.11 (PID 21314). See also https://duckdb.org/docs/stable/connect/concurrency
2026-03-06 16:23:02 +0000 - dagster - INFO - 08_operacion_testnet_15m - bd158a18-fa2d-4735-9178-dd0a6b8fd123 - warehouse_dbt_build - [0m16:23:02
2026-03-06 16:23:02 +0000 - dagster - INFO - 08_operacion_testnet_15m - bd158a18-fa2d-4735-9178-dd0a6b8fd123 - warehouse_dbt_build - [0m16:23:02    Runtime Error in model fct_liquidity_profile (models/gold/fct_liquidity_profile.sql)
2026-03-06 16:23:02 +0000 - dagster - INFO - 08_operacion_testnet_15m - bd158a18-fa2d-4735-9178-dd0a6b8fd123 - warehouse_dbt_build - IO Error: Could not set lock on file "/app/artifacts/warehouse/crypto.duckdb": Conflicting lock is held in /usr/local/bin/python3.11 (PID 21314). See also https://duckdb.org/docs/stable/connect/concurrency
2026-03-06 16:23:02 +0000 - dagster - INFO - 08_operacion_testnet_15m - bd158a18-fa2d-4735-9178-dd0a6b8fd123 - warehouse_dbt_build - [0m16:23:02
2026-03-06 16:23:02 +0000 - dagster - INFO - 08_operacion_testnet_15m - bd158a18-fa2d-4735-9178-dd0a6b8fd123 - warehouse_dbt_build - [0m16:23:02    Runtime Error in model fct_symbol_performance (models/gold/fct_symbol_performance.sql)
2026-03-06 16:23:02 +0000 - dagster - INFO - 08_operacion_testnet_15m - bd158a18-fa2d-4735-9178-dd0a6b8fd123 - warehouse_dbt_build - IO Error: Could not set lock on file "/app/artifacts/warehouse/crypto.duckdb": Conflicting lock is held in /usr/local/bin/python3.11 (PID 21314). See also https://duckdb.org/docs/stable/connect/concurrency
2026-03-06 16:23:02 +0000 - dagster - INFO - 08_operacion_testnet_15m - bd158a18-fa2d-4735-9178-dd0a6b8fd123 - warehouse_dbt_build - [0m16:23:02
2026-03-06 16:23:02 +0000 - dagster - INFO - 08_operacion_testnet_15m - bd158a18-fa2d-4735-9178-dd0a6b8fd123 - warehouse_dbt_build - [0m16:23:02    on-run-end failed, error:
2026-03-06 16:23:02 +0000 - dagster - INFO - 08_operacion_testnet_15m - bd158a18-fa2d-4735-9178-dd0a6b8fd123 - warehouse_dbt_build - IO Error: Could not set lock on file "/app/artifacts/warehouse/crypto.duckdb": Conflicting lock is held in /usr/local/bin/python3.11 (PID 21314). See also https://duckdb.org/docs/stable/connect/concurrency
2026-03-06 16:23:02 +0000 - dagster - INFO - 08_operacion_testnet_15m - bd158a18-fa2d-4735-9178-dd0a6b8fd123 - warehouse_dbt_build - [0m16:23:02
2026-03-06 16:23:02 +0000 - dagster - INFO - 08_operacion_testnet_15m - bd158a18-fa2d-4735-9178-dd0a6b8fd123 - warehouse_dbt_build - [0m16:23:02  [33mWarning in test assert_dex_snapshot_raw_historical (tests/assert_dex_snapshot_raw_historical.sql)[0m
2026-03-06 16:23:02 +0000 - dagster - INFO - 08_operacion_testnet_15m - bd158a18-fa2d-4735-9178-dd0a6b8fd123 - warehouse_dbt_build - [0m16:23:02  Got 1 result, configured to warn if != 0
2026-03-06 16:23:02 +0000 - dagster - INFO - 08_operacion_testnet_15m - bd158a18-fa2d-4735-9178-dd0a6b8fd123 - warehouse_dbt_build - [0m16:23:02
2026-03-06 16:23:02 +0000 - dagster - INFO - 08_operacion_testnet_15m - bd158a18-fa2d-4735-9178-dd0a6b8fd123 - warehouse_dbt_build - [0m16:23:02    compiled code at target/compiled/crypto_trading_lakehouse/tests/assert_dex_snapshot_raw_historical.sql
2026-03-06 16:23:02 +0000 - dagster - INFO - 08_operacion_testnet_15m - bd158a18-fa2d-4735-9178-dd0a6b8fd123 - warehouse_dbt_build - [0m16:23:02
2026-03-06 16:23:02 +0000 - dagster - INFO - 08_operacion_testnet_15m - bd158a18-fa2d-4735-9178-dd0a6b8fd123 - warehouse_dbt_build - [0m16:23:02  Done. PASS=23 WARN=1 ERROR=4 SKIP=7 TOTAL=35
2026-03-06 16:23:03 +0000 - dagster - WARNING - 08_operacion_testnet_15m - bd158a18-fa2d-4735-9178-dd0a6b8fd123 - warehouse_dbt_build - DuckDB lock conflict, retrying in 8s (attempt 1/5)
2026-03-06 16:23:16 +0000 - dagster - INFO - 08_operacion_testnet_15m - bd158a18-fa2d-4735-9178-dd0a6b8fd123 - warehouse_dbt_build - [0m16:23:15  Running with dbt=1.8.8
2026-03-06 16:23:16 +0000 - dagster - INFO - 08_operacion_testnet_15m - bd158a18-fa2d-4735-9178-dd0a6b8fd123 - warehouse_dbt_build - [0m16:23:16  [[33mWARNING[0m]: Deprecated functionality
2026-03-06 16:23:16 +0000 - dagster - INFO - 08_operacion_testnet_15m - bd158a18-fa2d-4735-9178-dd0a6b8fd123 - warehouse_dbt_build - The `tests` config has been renamed to `data_tests`. Please see
2026-03-06 16:23:16 +0000 - dagster - INFO - 08_operacion_testnet_15m - bd158a18-fa2d-4735-9178-dd0a6b8fd123 - warehouse_dbt_build - https://docs.getdbt.com/docs/build/data-tests#new-data_tests-syntax for more
2026-03-06 16:23:16 +0000 - dagster - INFO - 08_operacion_testnet_15m - bd158a18-fa2d-4735-9178-dd0a6b8fd123 - warehouse_dbt_build - information.
2026-03-06 16:23:16 +0000 - dagster - INFO - 08_operacion_testnet_15m - bd158a18-fa2d-4735-9178-dd0a6b8fd123 - warehouse_dbt_build - [0m16:23:16  Registered adapter: duckdb=1.8.2
2026-03-06 16:23:17 +0000 - dagster - INFO - 08_operacion_testnet_15m - bd158a18-fa2d-4735-9178-dd0a6b8fd123 - warehouse_dbt_build - [0m16:23:17  [[33mWARNING[0m]: Configuration paths exist in your dbt_project.yml file which do not apply to any resources.
2026-03-06 16:23:17 +0000 - dagster - INFO - 08_operacion_testnet_15m - bd158a18-fa2d-4735-9178-dd0a6b8fd123 - warehouse_dbt_build - There are 1 unused configuration paths:
2026-03-06 16:23:17 +0000 - dagster - INFO - 08_operacion_testnet_15m - bd158a18-fa2d-4735-9178-dd0a6b8fd123 - warehouse_dbt_build - - seeds.crypto_trading_lakehouse
2026-03-06 16:23:18 +0000 - dagster - INFO - 08_operacion_testnet_15m - bd158a18-fa2d-4735-9178-dd0a6b8fd123 - warehouse_dbt_build - [0m16:23:18  Found 16 models, 18 data tests, 24 sources, 417 macros
2026-03-06 16:23:18 +0000 - dagster - INFO - 08_operacion_testnet_15m - bd158a18-fa2d-4735-9178-dd0a6b8fd123 - warehouse_dbt_build - [0m16:23:18
2026-03-06 16:23:18 +0000 - dagster - INFO - 08_operacion_testnet_15m - bd158a18-fa2d-4735-9178-dd0a6b8fd123 - warehouse_dbt_build - [0m16:23:18  Concurrency: 2 threads (target='local')
2026-03-06 16:23:18 +0000 - dagster - INFO - 08_operacion_testnet_15m - bd158a18-fa2d-4735-9178-dd0a6b8fd123 - warehouse_dbt_build - [0m16:23:18
2026-03-06 16:23:18 +0000 - dagster - INFO - 08_operacion_testnet_15m - bd158a18-fa2d-4735-9178-dd0a6b8fd123 - warehouse_dbt_build - [0m16:23:18  1 of 34 START sql view model main.br_news_sentiment ............................ [RUN]
2026-03-06 16:23:18 +0000 - dagster - INFO - 08_operacion_testnet_15m - bd158a18-fa2d-4735-9178-dd0a6b8fd123 - warehouse_dbt_build - [0m16:23:18  2 of 34 START sql incremental model main.br_stock_prices ....................... [RUN]
2026-03-06 16:23:19 +0000 - dagster - INFO - 08_operacion_testnet_15m - bd158a18-fa2d-4735-9178-dd0a6b8fd123 - warehouse_dbt_build - [0m16:23:19  1 of 34 OK created sql view model main.br_news_sentiment ....................... [[32mOK[0m in 0.69s]
2026-03-06 16:23:19 +0000 - dagster - INFO - 08_operacion_testnet_15m - bd158a18-fa2d-4735-9178-dd0a6b8fd123 - warehouse_dbt_build - [0m16:23:19  3 of 34 START sql view model main.br_x_sentiment ............................... [RUN]
2026-03-06 16:23:19 +0000 - dagster - INFO - 08_operacion_testnet_15m - bd158a18-fa2d-4735-9178-dd0a6b8fd123 - warehouse_dbt_build - [0m16:23:19  2 of 34 OK created sql incremental model main.br_stock_prices .................. [[32mOK[0m in 1.02s]
2026-03-06 16:23:19 +0000 - dagster - INFO - 08_operacion_testnet_15m - bd158a18-fa2d-4735-9178-dd0a6b8fd123 - warehouse_dbt_build - [0m16:23:19  4 of 34 START sql table model main.fct_approved_orders ......................... [RUN]
2026-03-06 16:23:19 +0000 - dagster - INFO - 08_operacion_testnet_15m - bd158a18-fa2d-4735-9178-dd0a6b8fd123 - warehouse_dbt_build - [0m16:23:19  3 of 34 OK created sql view model main.br_x_sentiment .......................... [[32mOK[0m in 0.53s]
2026-03-06 16:23:19 +0000 - dagster - INFO - 08_operacion_testnet_15m - bd158a18-fa2d-4735-9178-dd0a6b8fd123 - warehouse_dbt_build - [0m16:23:19  5 of 34 START sql table model main.fct_raw_signals ............................. [RUN]
2026-03-06 16:23:20 +0000 - dagster - INFO - 08_operacion_testnet_15m - bd158a18-fa2d-4735-9178-dd0a6b8fd123 - warehouse_dbt_build - [0m16:23:20  4 of 34 OK created sql table model main.fct_approved_orders .................... [[32mOK[0m in 0.43s]
2026-03-06 16:23:20 +0000 - dagster - INFO - 08_operacion_testnet_15m - bd158a18-fa2d-4735-9178-dd0a6b8fd123 - warehouse_dbt_build - [0m16:23:20  6 of 34 START sql table model main.int_mlflow_runs ............................. [RUN]
2026-03-06 16:23:20 +0000 - dagster - INFO - 08_operacion_testnet_15m - bd158a18-fa2d-4735-9178-dd0a6b8fd123 - warehouse_dbt_build - [0m16:23:20  5 of 34 OK created sql table model main.fct_raw_signals ........................ [[32mOK[0m in 0.39s]
2026-03-06 16:23:20 +0000 - dagster - INFO - 08_operacion_testnet_15m - bd158a18-fa2d-4735-9178-dd0a6b8fd123 - warehouse_dbt_build - [0m16:23:20  7 of 34 START sql table model main.int_optuna_trials ........................... [RUN]
2026-03-06 16:23:20 +0000 - dagster - INFO - 08_operacion_testnet_15m - bd158a18-fa2d-4735-9178-dd0a6b8fd123 - warehouse_dbt_build - [0m16:23:20  6 of 34 OK created sql table model main.int_mlflow_runs ........................ [[32mOK[0m in 0.40s]
2026-03-06 16:23:20 +0000 - dagster - INFO - 08_operacion_testnet_15m - bd158a18-fa2d-4735-9178-dd0a6b8fd123 - warehouse_dbt_build - [0m16:23:20  8 of 34 START test assert_cross_exchange_snapshot_raw_historical ............... [RUN]
2026-03-06 16:23:20 +0000 - dagster - INFO - 08_operacion_testnet_15m - bd158a18-fa2d-4735-9178-dd0a6b8fd123 - warehouse_dbt_build - [0m16:23:20  8 of 34 PASS assert_cross_exchange_snapshot_raw_historical ..................... [[32mPASS[0m in 0.13s]
2026-03-06 16:23:20 +0000 - dagster - INFO - 08_operacion_testnet_15m - bd158a18-fa2d-4735-9178-dd0a6b8fd123 - warehouse_dbt_build - [0m16:23:20  9 of 34 START test assert_derivatives_flow_raw_historical ...................... [RUN]
2026-03-06 16:23:20 +0000 - dagster - INFO - 08_operacion_testnet_15m - bd158a18-fa2d-4735-9178-dd0a6b8fd123 - warehouse_dbt_build - [0m16:23:20  7 of 34 OK created sql table model main.int_optuna_trials ...................... [[32mOK[0m in 0.63s]
2026-03-06 16:23:20 +0000 - dagster - INFO - 08_operacion_testnet_15m - bd158a18-fa2d-4735-9178-dd0a6b8fd123 - warehouse_dbt_build - [0m16:23:20  10 of 34 START test assert_derivatives_snapshot_raw_historical ................. [RUN]
2026-03-06 16:23:21 +0000 - dagster - INFO - 08_operacion_testnet_15m - bd158a18-fa2d-4735-9178-dd0a6b8fd123 - warehouse_dbt_build - [0m16:23:21  9 of 34 PASS assert_derivatives_flow_raw_historical ............................ [[32mPASS[0m in 0.36s]
2026-03-06 16:23:21 +0000 - dagster - INFO - 08_operacion_testnet_15m - bd158a18-fa2d-4735-9178-dd0a6b8fd123 - warehouse_dbt_build - [0m16:23:21  11 of 34 START test assert_dex_snapshot_raw_historical ......................... [RUN]
2026-03-06 16:23:21 +0000 - dagster - INFO - 08_operacion_testnet_15m - bd158a18-fa2d-4735-9178-dd0a6b8fd123 - warehouse_dbt_build - [0m16:23:21  10 of 34 PASS assert_derivatives_snapshot_raw_historical ....................... [[32mPASS[0m in 0.10s]
2026-03-06 16:23:21 +0000 - dagster - INFO - 08_operacion_testnet_15m - bd158a18-fa2d-4735-9178-dd0a6b8fd123 - warehouse_dbt_build - [0m16:23:21  12 of 34 START test assert_fear_greed_raw_historical ........................... [RUN]
2026-03-06 16:23:21 +0000 - dagster - INFO - 08_operacion_testnet_15m - bd158a18-fa2d-4735-9178-dd0a6b8fd123 - warehouse_dbt_build - [0m16:23:21  12 of 34 PASS assert_fear_greed_raw_historical ................................. [[32mPASS[0m in 0.13s]
2026-03-06 16:23:21 +0000 - dagster - INFO - 08_operacion_testnet_15m - bd158a18-fa2d-4735-9178-dd0a6b8fd123 - warehouse_dbt_build - [0m16:23:21  11 of 34 WARN 1 assert_dex_snapshot_raw_historical ............................. [[33mWARN 1[0m in 0.16s]
2026-03-06 16:23:21 +0000 - dagster - INFO - 08_operacion_testnet_15m - bd158a18-fa2d-4735-9178-dd0a6b8fd123 - warehouse_dbt_build - [0m16:23:21  13 of 34 START test assert_market_snapshot_raw_historical ...................... [RUN]
2026-03-06 16:23:21 +0000 - dagster - INFO - 08_operacion_testnet_15m - bd158a18-fa2d-4735-9178-dd0a6b8fd123 - warehouse_dbt_build - [0m16:23:21  14 of 34 START test not_null_int_mlflow_runs_run_uuid .......................... [RUN]
2026-03-06 16:23:21 +0000 - dagster - INFO - 08_operacion_testnet_15m - bd158a18-fa2d-4735-9178-dd0a6b8fd123 - warehouse_dbt_build - [0m16:23:21  13 of 34 PASS assert_market_snapshot_raw_historical ............................ [[32mPASS[0m in 0.18s]
2026-03-06 16:23:21 +0000 - dagster - INFO - 08_operacion_testnet_15m - bd158a18-fa2d-4735-9178-dd0a6b8fd123 - warehouse_dbt_build - [0m16:23:21  14 of 34 PASS not_null_int_mlflow_runs_run_uuid ................................ [[32mPASS[0m in 0.17s]
2026-03-06 16:23:21 +0000 - dagster - INFO - 08_operacion_testnet_15m - bd158a18-fa2d-4735-9178-dd0a6b8fd123 - warehouse_dbt_build - [0m16:23:21  15 of 34 START test unique_int_mlflow_runs_run_uuid ............................ [RUN]
2026-03-06 16:23:21 +0000 - dagster - INFO - 08_operacion_testnet_15m - bd158a18-fa2d-4735-9178-dd0a6b8fd123 - warehouse_dbt_build - [0m16:23:21  16 of 34 START test not_null_int_optuna_trials_trial_id ........................ [RUN]
2026-03-06 16:23:21 +0000 - dagster - INFO - 08_operacion_testnet_15m - bd158a18-fa2d-4735-9178-dd0a6b8fd123 - warehouse_dbt_build - [0m16:23:21  16 of 34 PASS not_null_int_optuna_trials_trial_id .............................. [[32mPASS[0m in 0.15s]
2026-03-06 16:23:21 +0000 - dagster - INFO - 08_operacion_testnet_15m - bd158a18-fa2d-4735-9178-dd0a6b8fd123 - warehouse_dbt_build - [0m16:23:21  15 of 34 PASS unique_int_mlflow_runs_run_uuid .................................. [[32mPASS[0m in 0.18s]
2026-03-06 16:23:21 +0000 - dagster - INFO - 08_operacion_testnet_15m - bd158a18-fa2d-4735-9178-dd0a6b8fd123 - warehouse_dbt_build - [0m16:23:21  17 of 34 START test unique_int_optuna_trials_trial_id .......................... [RUN]
2026-03-06 16:23:21 +0000 - dagster - INFO - 08_operacion_testnet_15m - bd158a18-fa2d-4735-9178-dd0a6b8fd123 - warehouse_dbt_build - [0m16:23:21  18 of 34 START sql incremental model main.br_macro_context ..................... [RUN]
2026-03-06 16:23:21 +0000 - dagster - INFO - 08_operacion_testnet_15m - bd158a18-fa2d-4735-9178-dd0a6b8fd123 - warehouse_dbt_build - [0m16:23:21  17 of 34 PASS unique_int_optuna_trials_trial_id ................................ [[32mPASS[0m in 0.19s]
2026-03-06 16:23:21 +0000 - dagster - INFO - 08_operacion_testnet_15m - bd158a18-fa2d-4735-9178-dd0a6b8fd123 - warehouse_dbt_build - [0m16:23:21  19 of 34 START sql incremental model main.br_market_snapshot ................... [RUN]
2026-03-06 16:23:22 +0000 - dagster - INFO - 08_operacion_testnet_15m - bd158a18-fa2d-4735-9178-dd0a6b8fd123 - warehouse_dbt_build - [0m16:23:22  18 of 34 OK created sql incremental model main.br_macro_context ................ [[32mOK[0m in 0.66s]
2026-03-06 16:23:24 +0000 - dagster - INFO - 08_operacion_testnet_15m - bd158a18-fa2d-4735-9178-dd0a6b8fd123 - warehouse_dbt_build - [0m16:23:23  19 of 34 OK created sql incremental model main.br_market_snapshot .............. [[32mOK[0m in 2.21s]
2026-03-06 16:23:24 +0000 - dagster - INFO - 08_operacion_testnet_15m - bd158a18-fa2d-4735-9178-dd0a6b8fd123 - warehouse_dbt_build - [0m16:23:24  20 of 34 START test not_null_br_market_snapshot_event_time ..................... [RUN]
2026-03-06 16:23:24 +0000 - dagster - INFO - 08_operacion_testnet_15m - bd158a18-fa2d-4735-9178-dd0a6b8fd123 - warehouse_dbt_build - [0m16:23:24  21 of 34 START test not_null_br_market_snapshot_symbol ......................... [RUN]
2026-03-06 16:23:24 +0000 - dagster - INFO - 08_operacion_testnet_15m - bd158a18-fa2d-4735-9178-dd0a6b8fd123 - warehouse_dbt_build - [0m16:23:24  21 of 34 PASS not_null_br_market_snapshot_symbol ............................... [[32mPASS[0m in 0.21s]
2026-03-06 16:23:24 +0000 - dagster - INFO - 08_operacion_testnet_15m - bd158a18-fa2d-4735-9178-dd0a6b8fd123 - warehouse_dbt_build - [0m16:23:24  20 of 34 PASS not_null_br_market_snapshot_event_time ........................... [[32mPASS[0m in 0.23s]
2026-03-06 16:23:24 +0000 - dagster - INFO - 08_operacion_testnet_15m - bd158a18-fa2d-4735-9178-dd0a6b8fd123 - warehouse_dbt_build - [0m16:23:24  22 of 34 START sql incremental model main.slv_decision_features ................ [RUN]
2026-03-06 16:23:27 +0000 - dagster - INFO - 08_operacion_testnet_15m - bd158a18-fa2d-4735-9178-dd0a6b8fd123 - warehouse_dbt_build - [0m16:23:27  22 of 34 OK created sql incremental model main.slv_decision_features ........... [[32mOK[0m in 3.00s]
2026-03-06 16:23:27 +0000 - dagster - INFO - 08_operacion_testnet_15m - bd158a18-fa2d-4735-9178-dd0a6b8fd123 - warehouse_dbt_build - [0m16:23:27  23 of 34 START test not_null_slv_decision_features_event_time .................. [RUN]
2026-03-06 16:23:27 +0000 - dagster - INFO - 08_operacion_testnet_15m - bd158a18-fa2d-4735-9178-dd0a6b8fd123 - warehouse_dbt_build - [0m16:23:27  24 of 34 START test not_null_slv_decision_features_symbol ...................... [RUN]
2026-03-06 16:23:27 +0000 - dagster - INFO - 08_operacion_testnet_15m - bd158a18-fa2d-4735-9178-dd0a6b8fd123 - warehouse_dbt_build - [0m16:23:27  24 of 34 PASS not_null_slv_decision_features_symbol ............................ [[32mPASS[0m in 0.37s]
2026-03-06 16:23:27 +0000 - dagster - INFO - 08_operacion_testnet_15m - bd158a18-fa2d-4735-9178-dd0a6b8fd123 - warehouse_dbt_build - [0m16:23:27  23 of 34 PASS not_null_slv_decision_features_event_time ........................ [[32mPASS[0m in 0.39s]
2026-03-06 16:23:27 +0000 - dagster - INFO - 08_operacion_testnet_15m - bd158a18-fa2d-4735-9178-dd0a6b8fd123 - warehouse_dbt_build - [0m16:23:27  25 of 34 START sql incremental model main.decision_features .................... [RUN]
2026-03-06 16:23:27 +0000 - dagster - INFO - 08_operacion_testnet_15m - bd158a18-fa2d-4735-9178-dd0a6b8fd123 - warehouse_dbt_build - [0m16:23:27  26 of 34 START sql table model main.fct_liquidity_profile ...................... [RUN]
2026-03-06 16:23:29 +0000 - dagster - INFO - 08_operacion_testnet_15m - bd158a18-fa2d-4735-9178-dd0a6b8fd123 - warehouse_dbt_build - [0m16:23:29  26 of 34 OK created sql table model main.fct_liquidity_profile ................. [[32mOK[0m in 1.91s]
2026-03-06 16:23:29 +0000 - dagster - INFO - 08_operacion_testnet_15m - bd158a18-fa2d-4735-9178-dd0a6b8fd123 - warehouse_dbt_build - [0m16:23:29  27 of 34 START sql table model main.fct_symbol_performance ..................... [RUN]
2026-03-06 16:23:31 +0000 - dagster - INFO - 08_operacion_testnet_15m - bd158a18-fa2d-4735-9178-dd0a6b8fd123 - warehouse_dbt_build - [0m16:23:31  25 of 34 OK created sql incremental model main.decision_features ............... [[32mOK[0m in 3.34s]
2026-03-06 16:23:31 +0000 - dagster - INFO - 08_operacion_testnet_15m - bd158a18-fa2d-4735-9178-dd0a6b8fd123 - warehouse_dbt_build - [0m16:23:31  28 of 34 START test not_null_fct_decision_features_event_time .................. [RUN]
2026-03-06 16:23:31 +0000 - dagster - INFO - 08_operacion_testnet_15m - bd158a18-fa2d-4735-9178-dd0a6b8fd123 - warehouse_dbt_build - [0m16:23:31  28 of 34 PASS not_null_fct_decision_features_event_time ........................ [[32mPASS[0m in 0.11s]
2026-03-06 16:23:31 +0000 - dagster - INFO - 08_operacion_testnet_15m - bd158a18-fa2d-4735-9178-dd0a6b8fd123 - warehouse_dbt_build - [0m16:23:31  29 of 34 START test not_null_fct_decision_features_feature_id .................. [RUN]
2026-03-06 16:23:31 +0000 - dagster - INFO - 08_operacion_testnet_15m - bd158a18-fa2d-4735-9178-dd0a6b8fd123 - warehouse_dbt_build - [0m16:23:31  29 of 34 PASS not_null_fct_decision_features_feature_id ........................ [[32mPASS[0m in 0.10s]
2026-03-06 16:23:31 +0000 - dagster - INFO - 08_operacion_testnet_15m - bd158a18-fa2d-4735-9178-dd0a6b8fd123 - warehouse_dbt_build - [0m16:23:31  30 of 34 START test not_null_fct_decision_features_symbol ...................... [RUN]
2026-03-06 16:23:31 +0000 - dagster - INFO - 08_operacion_testnet_15m - bd158a18-fa2d-4735-9178-dd0a6b8fd123 - warehouse_dbt_build - [0m16:23:31  30 of 34 PASS not_null_fct_decision_features_symbol ............................ [[32mPASS[0m in 0.10s]
2026-03-06 16:23:31 +0000 - dagster - INFO - 08_operacion_testnet_15m - bd158a18-fa2d-4735-9178-dd0a6b8fd123 - warehouse_dbt_build - [0m16:23:31  31 of 34 START test unique_fct_decision_features_feature_id .................... [RUN]
2026-03-06 16:23:31 +0000 - dagster - INFO - 08_operacion_testnet_15m - bd158a18-fa2d-4735-9178-dd0a6b8fd123 - warehouse_dbt_build - [0m16:23:31  31 of 34 WARN 19 unique_fct_decision_features_feature_id ....................... [[33mWARN 19[0m in 0.10s]
2026-03-06 16:23:31 +0000 - dagster - INFO - 08_operacion_testnet_15m - bd158a18-fa2d-4735-9178-dd0a6b8fd123 - warehouse_dbt_build - [0m16:23:31  32 of 34 START sql table model main.fct_anomaly_detection ...................... [RUN]
2026-03-06 16:23:31 +0000 - dagster - INFO - 08_operacion_testnet_15m - bd158a18-fa2d-4735-9178-dd0a6b8fd123 - warehouse_dbt_build - [0m16:23:31  32 of 34 OK created sql table model main.fct_anomaly_detection ................. [[32mOK[0m in 0.40s]
2026-03-06 16:23:32 +0000 - dagster - INFO - 08_operacion_testnet_15m - bd158a18-fa2d-4735-9178-dd0a6b8fd123 - warehouse_dbt_build - [0m16:23:31  33 of 34 START sql table model main.fct_market_summary ......................... [RUN]
2026-03-06 16:23:41 +0000 - dagster - INFO - 08_operacion_testnet_15m - bd158a18-fa2d-4735-9178-dd0a6b8fd123 - warehouse_dbt_build - [0m16:23:41  33 of 34 OK created sql table model main.fct_market_summary .................... [[32mOK[0m in 9.42s]
2026-03-06 16:23:41 +0000 - dagster - INFO - 08_operacion_testnet_15m - bd158a18-fa2d-4735-9178-dd0a6b8fd123 - warehouse_dbt_build - [0m16:23:41  34 of 34 START sql table model main.fct_momentum_rankings ...................... [RUN]
2026-03-06 16:23:42 +0000 - dagster - INFO - 08_operacion_testnet_15m - bd158a18-fa2d-4735-9178-dd0a6b8fd123 - warehouse_dbt_build - [0m16:23:42  34 of 34 OK created sql table model main.fct_momentum_rankings ................. [[32mOK[0m in 0.81s]
2026-03-06 16:23:45 +0000 - dagster - INFO - 08_operacion_testnet_15m - bd158a18-fa2d-4735-9178-dd0a6b8fd123 - warehouse_dbt_build - [0m16:23:45  27 of 34 OK created sql table model main.fct_symbol_performance ................ [[32mOK[0m in 15.78s]
2026-03-06 16:23:45 +0000 - dagster - INFO - 08_operacion_testnet_15m - bd158a18-fa2d-4735-9178-dd0a6b8fd123 - warehouse_dbt_build - [0m16:23:45
2026-03-06 16:23:45 +0000 - dagster - INFO - 08_operacion_testnet_15m - bd158a18-fa2d-4735-9178-dd0a6b8fd123 - warehouse_dbt_build - [0m16:23:45  Finished running 2 view models, 5 incremental models, 9 table models, 18 data tests in 0 hours 0 minutes and 27.60 seconds (27.60s).
2026-03-06 16:23:45 +0000 - dagster - INFO - 08_operacion_testnet_15m - bd158a18-fa2d-4735-9178-dd0a6b8fd123 - warehouse_dbt_build - [0m16:23:45
2026-03-06 16:23:45 +0000 - dagster - INFO - 08_operacion_testnet_15m - bd158a18-fa2d-4735-9178-dd0a6b8fd123 - warehouse_dbt_build - [0m16:23:45  [33mCompleted with 2 warnings:[0m
2026-03-06 16:23:45 +0000 - dagster - INFO - 08_operacion_testnet_15m - bd158a18-fa2d-4735-9178-dd0a6b8fd123 - warehouse_dbt_build - [0m16:23:45
2026-03-06 16:23:45 +0000 - dagster - INFO - 08_operacion_testnet_15m - bd158a18-fa2d-4735-9178-dd0a6b8fd123 - warehouse_dbt_build - [0m16:23:45  [33mWarning in test assert_dex_snapshot_raw_historical (tests/assert_dex_snapshot_raw_historical.sql)[0m
2026-03-06 16:23:45 +0000 - dagster - INFO - 08_operacion_testnet_15m - bd158a18-fa2d-4735-9178-dd0a6b8fd123 - warehouse_dbt_build - [0m16:23:45  Got 1 result, configured to warn if != 0
2026-03-06 16:23:45 +0000 - dagster - INFO - 08_operacion_testnet_15m - bd158a18-fa2d-4735-9178-dd0a6b8fd123 - warehouse_dbt_build - [0m16:23:45
2026-03-06 16:23:45 +0000 - dagster - INFO - 08_operacion_testnet_15m - bd158a18-fa2d-4735-9178-dd0a6b8fd123 - warehouse_dbt_build - [0m16:23:45    compiled code at target/compiled/crypto_trading_lakehouse/tests/assert_dex_snapshot_raw_historical.sql
2026-03-06 16:23:46 +0000 - dagster - INFO - 08_operacion_testnet_15m - bd158a18-fa2d-4735-9178-dd0a6b8fd123 - warehouse_dbt_build - [0m16:23:45
2026-03-06 16:23:46 +0000 - dagster - INFO - 08_operacion_testnet_15m - bd158a18-fa2d-4735-9178-dd0a6b8fd123 - warehouse_dbt_build - [0m16:23:45  [33mWarning in test unique_fct_decision_features_feature_id (models/schema.yml)[0m
2026-03-06 16:23:46 +0000 - dagster - INFO - 08_operacion_testnet_15m - bd158a18-fa2d-4735-9178-dd0a6b8fd123 - warehouse_dbt_build - [0m16:23:45  Got 19 results, configured to warn if != 0
2026-03-06 16:23:46 +0000 - dagster - INFO - 08_operacion_testnet_15m - bd158a18-fa2d-4735-9178-dd0a6b8fd123 - warehouse_dbt_build - [0m16:23:45
2026-03-06 16:23:46 +0000 - dagster - INFO - 08_operacion_testnet_15m - bd158a18-fa2d-4735-9178-dd0a6b8fd123 - warehouse_dbt_build - [0m16:23:45    compiled code at target/compiled/crypto_trading_lakehouse/models/schema.yml/unique_fct_decision_features_feature_id.sql
2026-03-06 16:23:46 +0000 - dagster - INFO - 08_operacion_testnet_15m - bd158a18-fa2d-4735-9178-dd0a6b8fd123 - warehouse_dbt_build - [0m16:23:45
2026-03-06 16:23:46 +0000 - dagster - INFO - 08_operacion_testnet_15m - bd158a18-fa2d-4735-9178-dd0a6b8fd123 - warehouse_dbt_build - [0m16:23:45  Done. PASS=32 WARN=2 ERROR=0 SKIP=0 TOTAL=34
2026-03-06 16:23:47 +0000 - dagster - DEBUG - 08_operacion_testnet_15m - bd158a18-fa2d-4735-9178-dd0a6b8fd123 - 20625 - warehouse_dbt_build - STEP_OUTPUT - Yielded output "result" of type "Any". (Type check passed).
2026-03-06 16:23:47 +0000 - dagster - DEBUG - 08_operacion_testnet_15m - bd158a18-fa2d-4735-9178-dd0a6b8fd123 - 20625 - warehouse_dbt_build - ASSET_MATERIALIZATION - Materialized value warehouse_dbt_build.
2026-03-06 16:23:47 +0000 - dagster - DEBUG - 08_operacion_testnet_15m - bd158a18-fa2d-4735-9178-dd0a6b8fd123 - 20625 - warehouse_dbt_build - STEP_SUCCESS - Finished execution of step "warehouse_dbt_build" in 1m3s.
