2026-03-06 14:52:22 +0000 - dagster - DEBUG - 08_operacion_testnet_15m - 1e6fa8b3-2b7f-48c9-9816-18ff32c0b7c0 - 11621 - LOGS_CAPTURED - Started capturing logs in process (pid: 11621).
2026-03-06 14:52:22 +0000 - dagster - DEBUG - 08_operacion_testnet_15m - 1e6fa8b3-2b7f-48c9-9816-18ff32c0b7c0 - 11621 - warehouse_dbt_build - STEP_START - Started execution of step "warehouse_dbt_build".
2026-03-06 14:52:24 +0000 - dagster - INFO - 08_operacion_testnet_15m - 1e6fa8b3-2b7f-48c9-9816-18ff32c0b7c0 - warehouse_dbt_build - [0m14:52:24  Running with dbt=1.8.8
2026-03-06 14:52:24 +0000 - dagster - INFO - 08_operacion_testnet_15m - 1e6fa8b3-2b7f-48c9-9816-18ff32c0b7c0 - warehouse_dbt_build - [0m14:52:24  [[33mWARNING[0m]: Deprecated functionality
2026-03-06 14:52:24 +0000 - dagster - INFO - 08_operacion_testnet_15m - 1e6fa8b3-2b7f-48c9-9816-18ff32c0b7c0 - warehouse_dbt_build - The `tests` config has been renamed to `data_tests`. Please see
2026-03-06 14:52:24 +0000 - dagster - INFO - 08_operacion_testnet_15m - 1e6fa8b3-2b7f-48c9-9816-18ff32c0b7c0 - warehouse_dbt_build - https://docs.getdbt.com/docs/build/data-tests#new-data_tests-syntax for more
2026-03-06 14:52:24 +0000 - dagster - INFO - 08_operacion_testnet_15m - 1e6fa8b3-2b7f-48c9-9816-18ff32c0b7c0 - warehouse_dbt_build - information.
2026-03-06 14:52:24 +0000 - dagster - INFO - 08_operacion_testnet_15m - 1e6fa8b3-2b7f-48c9-9816-18ff32c0b7c0 - warehouse_dbt_build - [0m14:52:24  Registered adapter: duckdb=1.8.2
2026-03-06 14:52:25 +0000 - dagster - INFO - 08_operacion_testnet_15m - 1e6fa8b3-2b7f-48c9-9816-18ff32c0b7c0 - warehouse_dbt_build - [0m14:52:25  [[33mWARNING[0m]: Configuration paths exist in your dbt_project.yml file which do not apply to any resources.
2026-03-06 14:52:25 +0000 - dagster - INFO - 08_operacion_testnet_15m - 1e6fa8b3-2b7f-48c9-9816-18ff32c0b7c0 - warehouse_dbt_build - There are 1 unused configuration paths:
2026-03-06 14:52:25 +0000 - dagster - INFO - 08_operacion_testnet_15m - 1e6fa8b3-2b7f-48c9-9816-18ff32c0b7c0 - warehouse_dbt_build - - seeds.crypto_trading_lakehouse
2026-03-06 14:52:25 +0000 - dagster - INFO - 08_operacion_testnet_15m - 1e6fa8b3-2b7f-48c9-9816-18ff32c0b7c0 - warehouse_dbt_build - [0m14:52:25  Found 16 models, 18 data tests, 24 sources, 417 macros
2026-03-06 14:52:25 +0000 - dagster - INFO - 08_operacion_testnet_15m - 1e6fa8b3-2b7f-48c9-9816-18ff32c0b7c0 - warehouse_dbt_build - [0m14:52:25
2026-03-06 14:52:25 +0000 - dagster - INFO - 08_operacion_testnet_15m - 1e6fa8b3-2b7f-48c9-9816-18ff32c0b7c0 - warehouse_dbt_build - [0m14:52:25
2026-03-06 14:52:25 +0000 - dagster - INFO - 08_operacion_testnet_15m - 1e6fa8b3-2b7f-48c9-9816-18ff32c0b7c0 - warehouse_dbt_build - [0m14:52:25  Finished running  in 0 hours 0 minutes and 0.13 seconds (0.13s).
2026-03-06 14:52:25 +0000 - dagster - INFO - 08_operacion_testnet_15m - 1e6fa8b3-2b7f-48c9-9816-18ff32c0b7c0 - warehouse_dbt_build - [0m14:52:25  Encountered an error:
2026-03-06 14:52:25 +0000 - dagster - INFO - 08_operacion_testnet_15m - 1e6fa8b3-2b7f-48c9-9816-18ff32c0b7c0 - warehouse_dbt_build - Runtime Error
2026-03-06 14:52:25 +0000 - dagster - INFO - 08_operacion_testnet_15m - 1e6fa8b3-2b7f-48c9-9816-18ff32c0b7c0 - warehouse_dbt_build - IO Error: Could not set lock on file "/app/artifacts/warehouse/crypto.duckdb": Conflicting lock is held in /usr/local/bin/python3.11 (PID 11440). See also https://duckdb.org/docs/stable/connect/concurrency
2026-03-06 14:52:26 +0000 - dagster - WARNING - 08_operacion_testnet_15m - 1e6fa8b3-2b7f-48c9-9816-18ff32c0b7c0 - warehouse_dbt_build - DuckDB lock conflict, retrying in 8s (attempt 1/5)
2026-03-06 14:52:36 +0000 - dagster - INFO - 08_operacion_testnet_15m - 1e6fa8b3-2b7f-48c9-9816-18ff32c0b7c0 - warehouse_dbt_build - [0m14:52:36  Running with dbt=1.8.8
2026-03-06 14:52:36 +0000 - dagster - INFO - 08_operacion_testnet_15m - 1e6fa8b3-2b7f-48c9-9816-18ff32c0b7c0 - warehouse_dbt_build - [0m14:52:36  [[33mWARNING[0m]: Deprecated functionality
2026-03-06 14:52:36 +0000 - dagster - INFO - 08_operacion_testnet_15m - 1e6fa8b3-2b7f-48c9-9816-18ff32c0b7c0 - warehouse_dbt_build - The `tests` config has been renamed to `data_tests`. Please see
2026-03-06 14:52:36 +0000 - dagster - INFO - 08_operacion_testnet_15m - 1e6fa8b3-2b7f-48c9-9816-18ff32c0b7c0 - warehouse_dbt_build - https://docs.getdbt.com/docs/build/data-tests#new-data_tests-syntax for more
2026-03-06 14:52:36 +0000 - dagster - INFO - 08_operacion_testnet_15m - 1e6fa8b3-2b7f-48c9-9816-18ff32c0b7c0 - warehouse_dbt_build - information.
2026-03-06 14:52:37 +0000 - dagster - INFO - 08_operacion_testnet_15m - 1e6fa8b3-2b7f-48c9-9816-18ff32c0b7c0 - warehouse_dbt_build - [0m14:52:37  Registered adapter: duckdb=1.8.2
2026-03-06 14:52:37 +0000 - dagster - INFO - 08_operacion_testnet_15m - 1e6fa8b3-2b7f-48c9-9816-18ff32c0b7c0 - warehouse_dbt_build - [0m14:52:37  [[33mWARNING[0m]: Configuration paths exist in your dbt_project.yml file which do not apply to any resources.
2026-03-06 14:52:37 +0000 - dagster - INFO - 08_operacion_testnet_15m - 1e6fa8b3-2b7f-48c9-9816-18ff32c0b7c0 - warehouse_dbt_build - There are 1 unused configuration paths:
2026-03-06 14:52:37 +0000 - dagster - INFO - 08_operacion_testnet_15m - 1e6fa8b3-2b7f-48c9-9816-18ff32c0b7c0 - warehouse_dbt_build - - seeds.crypto_trading_lakehouse
2026-03-06 14:52:37 +0000 - dagster - INFO - 08_operacion_testnet_15m - 1e6fa8b3-2b7f-48c9-9816-18ff32c0b7c0 - warehouse_dbt_build - [0m14:52:37  Found 16 models, 18 data tests, 24 sources, 417 macros
2026-03-06 14:52:37 +0000 - dagster - INFO - 08_operacion_testnet_15m - 1e6fa8b3-2b7f-48c9-9816-18ff32c0b7c0 - warehouse_dbt_build - [0m14:52:37
2026-03-06 14:52:38 +0000 - dagster - INFO - 08_operacion_testnet_15m - 1e6fa8b3-2b7f-48c9-9816-18ff32c0b7c0 - warehouse_dbt_build - [0m14:52:38
2026-03-06 14:52:38 +0000 - dagster - INFO - 08_operacion_testnet_15m - 1e6fa8b3-2b7f-48c9-9816-18ff32c0b7c0 - warehouse_dbt_build - [0m14:52:38  Finished running  in 0 hours 0 minutes and 0.11 seconds (0.11s).
2026-03-06 14:52:38 +0000 - dagster - INFO - 08_operacion_testnet_15m - 1e6fa8b3-2b7f-48c9-9816-18ff32c0b7c0 - warehouse_dbt_build - [0m14:52:38  Encountered an error:
2026-03-06 14:52:38 +0000 - dagster - INFO - 08_operacion_testnet_15m - 1e6fa8b3-2b7f-48c9-9816-18ff32c0b7c0 - warehouse_dbt_build - Runtime Error
2026-03-06 14:52:38 +0000 - dagster - INFO - 08_operacion_testnet_15m - 1e6fa8b3-2b7f-48c9-9816-18ff32c0b7c0 - warehouse_dbt_build - IO Error: Could not set lock on file "/app/artifacts/warehouse/crypto.duckdb": Conflicting lock is held in /usr/local/bin/python3.11 (PID 12256). See also https://duckdb.org/docs/stable/connect/concurrency
2026-03-06 14:52:38 +0000 - dagster - WARNING - 08_operacion_testnet_15m - 1e6fa8b3-2b7f-48c9-9816-18ff32c0b7c0 - warehouse_dbt_build - DuckDB lock conflict, retrying in 8s (attempt 2/5)
2026-03-06 14:52:48 +0000 - dagster - INFO - 08_operacion_testnet_15m - 1e6fa8b3-2b7f-48c9-9816-18ff32c0b7c0 - warehouse_dbt_build - [0m14:52:48  Running with dbt=1.8.8
2026-03-06 14:52:48 +0000 - dagster - INFO - 08_operacion_testnet_15m - 1e6fa8b3-2b7f-48c9-9816-18ff32c0b7c0 - warehouse_dbt_build - [0m14:52:48  [[33mWARNING[0m]: Deprecated functionality
2026-03-06 14:52:48 +0000 - dagster - INFO - 08_operacion_testnet_15m - 1e6fa8b3-2b7f-48c9-9816-18ff32c0b7c0 - warehouse_dbt_build - The `tests` config has been renamed to `data_tests`. Please see
2026-03-06 14:52:48 +0000 - dagster - INFO - 08_operacion_testnet_15m - 1e6fa8b3-2b7f-48c9-9816-18ff32c0b7c0 - warehouse_dbt_build - https://docs.getdbt.com/docs/build/data-tests#new-data_tests-syntax for more
2026-03-06 14:52:48 +0000 - dagster - INFO - 08_operacion_testnet_15m - 1e6fa8b3-2b7f-48c9-9816-18ff32c0b7c0 - warehouse_dbt_build - information.
2026-03-06 14:52:48 +0000 - dagster - INFO - 08_operacion_testnet_15m - 1e6fa8b3-2b7f-48c9-9816-18ff32c0b7c0 - warehouse_dbt_build - [0m14:52:48  Registered adapter: duckdb=1.8.2
2026-03-06 14:52:49 +0000 - dagster - INFO - 08_operacion_testnet_15m - 1e6fa8b3-2b7f-48c9-9816-18ff32c0b7c0 - warehouse_dbt_build - [0m14:52:49  [[33mWARNING[0m]: Configuration paths exist in your dbt_project.yml file which do not apply to any resources.
2026-03-06 14:52:49 +0000 - dagster - INFO - 08_operacion_testnet_15m - 1e6fa8b3-2b7f-48c9-9816-18ff32c0b7c0 - warehouse_dbt_build - There are 1 unused configuration paths:
2026-03-06 14:52:49 +0000 - dagster - INFO - 08_operacion_testnet_15m - 1e6fa8b3-2b7f-48c9-9816-18ff32c0b7c0 - warehouse_dbt_build - - seeds.crypto_trading_lakehouse
2026-03-06 14:52:49 +0000 - dagster - INFO - 08_operacion_testnet_15m - 1e6fa8b3-2b7f-48c9-9816-18ff32c0b7c0 - warehouse_dbt_build - [0m14:52:49  Found 16 models, 18 data tests, 24 sources, 417 macros
2026-03-06 14:52:49 +0000 - dagster - INFO - 08_operacion_testnet_15m - 1e6fa8b3-2b7f-48c9-9816-18ff32c0b7c0 - warehouse_dbt_build - [0m14:52:49
2026-03-06 14:52:49 +0000 - dagster - INFO - 08_operacion_testnet_15m - 1e6fa8b3-2b7f-48c9-9816-18ff32c0b7c0 - warehouse_dbt_build - [0m14:52:49
2026-03-06 14:52:49 +0000 - dagster - INFO - 08_operacion_testnet_15m - 1e6fa8b3-2b7f-48c9-9816-18ff32c0b7c0 - warehouse_dbt_build - [0m14:52:49  Finished running  in 0 hours 0 minutes and 0.08 seconds (0.08s).
2026-03-06 14:52:49 +0000 - dagster - INFO - 08_operacion_testnet_15m - 1e6fa8b3-2b7f-48c9-9816-18ff32c0b7c0 - warehouse_dbt_build - [0m14:52:49  Encountered an error:
2026-03-06 14:52:49 +0000 - dagster - INFO - 08_operacion_testnet_15m - 1e6fa8b3-2b7f-48c9-9816-18ff32c0b7c0 - warehouse_dbt_build - Runtime Error
2026-03-06 14:52:49 +0000 - dagster - INFO - 08_operacion_testnet_15m - 1e6fa8b3-2b7f-48c9-9816-18ff32c0b7c0 - warehouse_dbt_build - IO Error: Could not set lock on file "/app/artifacts/warehouse/crypto.duckdb": Conflicting lock is held in /usr/local/bin/python3.11 (PID 12439). See also https://duckdb.org/docs/stable/connect/concurrency
2026-03-06 14:52:50 +0000 - dagster - WARNING - 08_operacion_testnet_15m - 1e6fa8b3-2b7f-48c9-9816-18ff32c0b7c0 - warehouse_dbt_build - DuckDB lock conflict, retrying in 8s (attempt 3/5)
2026-03-06 14:52:59 +0000 - dagster - INFO - 08_operacion_testnet_15m - 1e6fa8b3-2b7f-48c9-9816-18ff32c0b7c0 - warehouse_dbt_build - [0m14:52:59  Running with dbt=1.8.8
2026-03-06 14:53:00 +0000 - dagster - INFO - 08_operacion_testnet_15m - 1e6fa8b3-2b7f-48c9-9816-18ff32c0b7c0 - warehouse_dbt_build - [0m14:53:00  [[33mWARNING[0m]: Deprecated functionality
2026-03-06 14:53:00 +0000 - dagster - INFO - 08_operacion_testnet_15m - 1e6fa8b3-2b7f-48c9-9816-18ff32c0b7c0 - warehouse_dbt_build - The `tests` config has been renamed to `data_tests`. Please see
2026-03-06 14:53:00 +0000 - dagster - INFO - 08_operacion_testnet_15m - 1e6fa8b3-2b7f-48c9-9816-18ff32c0b7c0 - warehouse_dbt_build - https://docs.getdbt.com/docs/build/data-tests#new-data_tests-syntax for more
2026-03-06 14:53:00 +0000 - dagster - INFO - 08_operacion_testnet_15m - 1e6fa8b3-2b7f-48c9-9816-18ff32c0b7c0 - warehouse_dbt_build - information.
2026-03-06 14:53:00 +0000 - dagster - INFO - 08_operacion_testnet_15m - 1e6fa8b3-2b7f-48c9-9816-18ff32c0b7c0 - warehouse_dbt_build - [0m14:53:00  Registered adapter: duckdb=1.8.2
2026-03-06 14:53:00 +0000 - dagster - INFO - 08_operacion_testnet_15m - 1e6fa8b3-2b7f-48c9-9816-18ff32c0b7c0 - warehouse_dbt_build - [0m14:53:00  [[33mWARNING[0m]: Configuration paths exist in your dbt_project.yml file which do not apply to any resources.
2026-03-06 14:53:00 +0000 - dagster - INFO - 08_operacion_testnet_15m - 1e6fa8b3-2b7f-48c9-9816-18ff32c0b7c0 - warehouse_dbt_build - There are 1 unused configuration paths:
2026-03-06 14:53:00 +0000 - dagster - INFO - 08_operacion_testnet_15m - 1e6fa8b3-2b7f-48c9-9816-18ff32c0b7c0 - warehouse_dbt_build - - seeds.crypto_trading_lakehouse
2026-03-06 14:53:01 +0000 - dagster - INFO - 08_operacion_testnet_15m - 1e6fa8b3-2b7f-48c9-9816-18ff32c0b7c0 - warehouse_dbt_build - [0m14:53:01  Found 16 models, 18 data tests, 24 sources, 417 macros
2026-03-06 14:53:01 +0000 - dagster - INFO - 08_operacion_testnet_15m - 1e6fa8b3-2b7f-48c9-9816-18ff32c0b7c0 - warehouse_dbt_build - [0m14:53:01
2026-03-06 14:53:01 +0000 - dagster - INFO - 08_operacion_testnet_15m - 1e6fa8b3-2b7f-48c9-9816-18ff32c0b7c0 - warehouse_dbt_build - [0m14:53:01  Concurrency: 2 threads (target='local')
2026-03-06 14:53:01 +0000 - dagster - INFO - 08_operacion_testnet_15m - 1e6fa8b3-2b7f-48c9-9816-18ff32c0b7c0 - warehouse_dbt_build - [0m14:53:01
2026-03-06 14:53:01 +0000 - dagster - INFO - 08_operacion_testnet_15m - 1e6fa8b3-2b7f-48c9-9816-18ff32c0b7c0 - warehouse_dbt_build - [0m14:53:01  1 of 34 START sql view model main.br_news_sentiment ............................ [RUN]
2026-03-06 14:53:01 +0000 - dagster - INFO - 08_operacion_testnet_15m - 1e6fa8b3-2b7f-48c9-9816-18ff32c0b7c0 - warehouse_dbt_build - [0m14:53:01  2 of 34 START sql incremental model main.br_stock_prices ....................... [RUN]
2026-03-06 14:53:01 +0000 - dagster - INFO - 08_operacion_testnet_15m - 1e6fa8b3-2b7f-48c9-9816-18ff32c0b7c0 - warehouse_dbt_build - [0m14:53:01  1 of 34 OK created sql view model main.br_news_sentiment ....................... [[32mOK[0m in 0.38s]
2026-03-06 14:53:01 +0000 - dagster - INFO - 08_operacion_testnet_15m - 1e6fa8b3-2b7f-48c9-9816-18ff32c0b7c0 - warehouse_dbt_build - [0m14:53:01  3 of 34 START sql view model main.br_x_sentiment ............................... [RUN]
2026-03-06 14:53:02 +0000 - dagster - INFO - 08_operacion_testnet_15m - 1e6fa8b3-2b7f-48c9-9816-18ff32c0b7c0 - warehouse_dbt_build - [0m14:53:02  2 of 34 OK created sql incremental model main.br_stock_prices .................. [[32mOK[0m in 0.56s]
2026-03-06 14:53:02 +0000 - dagster - INFO - 08_operacion_testnet_15m - 1e6fa8b3-2b7f-48c9-9816-18ff32c0b7c0 - warehouse_dbt_build - [0m14:53:02  4 of 34 START sql table model main.fct_approved_orders ......................... [RUN]
2026-03-06 14:53:02 +0000 - dagster - INFO - 08_operacion_testnet_15m - 1e6fa8b3-2b7f-48c9-9816-18ff32c0b7c0 - warehouse_dbt_build - [0m14:53:02  3 of 34 OK created sql view model main.br_x_sentiment .......................... [[32mOK[0m in 0.29s]
2026-03-06 14:53:02 +0000 - dagster - INFO - 08_operacion_testnet_15m - 1e6fa8b3-2b7f-48c9-9816-18ff32c0b7c0 - warehouse_dbt_build - [0m14:53:02  5 of 34 START sql table model main.fct_raw_signals ............................. [RUN]
2026-03-06 14:53:02 +0000 - dagster - INFO - 08_operacion_testnet_15m - 1e6fa8b3-2b7f-48c9-9816-18ff32c0b7c0 - warehouse_dbt_build - [0m14:53:02  4 of 34 OK created sql table model main.fct_approved_orders .................... [[32mOK[0m in 0.28s]
2026-03-06 14:53:02 +0000 - dagster - INFO - 08_operacion_testnet_15m - 1e6fa8b3-2b7f-48c9-9816-18ff32c0b7c0 - warehouse_dbt_build - [0m14:53:02  6 of 34 START sql table model main.int_mlflow_runs ............................. [RUN]
2026-03-06 14:53:02 +0000 - dagster - INFO - 08_operacion_testnet_15m - 1e6fa8b3-2b7f-48c9-9816-18ff32c0b7c0 - warehouse_dbt_build - [0m14:53:02  5 of 34 OK created sql table model main.fct_raw_signals ........................ [[32mOK[0m in 0.28s]
2026-03-06 14:53:02 +0000 - dagster - INFO - 08_operacion_testnet_15m - 1e6fa8b3-2b7f-48c9-9816-18ff32c0b7c0 - warehouse_dbt_build - [0m14:53:02  7 of 34 START sql table model main.int_optuna_trials ........................... [RUN]
2026-03-06 14:53:02 +0000 - dagster - INFO - 08_operacion_testnet_15m - 1e6fa8b3-2b7f-48c9-9816-18ff32c0b7c0 - warehouse_dbt_build - [0m14:53:02  6 of 34 OK created sql table model main.int_mlflow_runs ........................ [[32mOK[0m in 0.29s]
2026-03-06 14:53:02 +0000 - dagster - INFO - 08_operacion_testnet_15m - 1e6fa8b3-2b7f-48c9-9816-18ff32c0b7c0 - warehouse_dbt_build - [0m14:53:02  8 of 34 START test assert_cross_exchange_snapshot_raw_historical ............... [RUN]
2026-03-06 14:53:02 +0000 - dagster - INFO - 08_operacion_testnet_15m - 1e6fa8b3-2b7f-48c9-9816-18ff32c0b7c0 - warehouse_dbt_build - [0m14:53:02  8 of 34 PASS assert_cross_exchange_snapshot_raw_historical ..................... [[32mPASS[0m in 0.09s]
2026-03-06 14:53:02 +0000 - dagster - INFO - 08_operacion_testnet_15m - 1e6fa8b3-2b7f-48c9-9816-18ff32c0b7c0 - warehouse_dbt_build - [0m14:53:02  9 of 34 START test assert_derivatives_flow_raw_historical ...................... [RUN]
2026-03-06 14:53:02 +0000 - dagster - INFO - 08_operacion_testnet_15m - 1e6fa8b3-2b7f-48c9-9816-18ff32c0b7c0 - warehouse_dbt_build - [0m14:53:02  7 of 34 OK created sql table model main.int_optuna_trials ...................... [[32mOK[0m in 0.47s]
2026-03-06 14:53:02 +0000 - dagster - INFO - 08_operacion_testnet_15m - 1e6fa8b3-2b7f-48c9-9816-18ff32c0b7c0 - warehouse_dbt_build - [0m14:53:02  10 of 34 START test assert_derivatives_snapshot_raw_historical ................. [RUN]
2026-03-06 14:53:03 +0000 - dagster - INFO - 08_operacion_testnet_15m - 1e6fa8b3-2b7f-48c9-9816-18ff32c0b7c0 - warehouse_dbt_build - [0m14:53:02  9 of 34 PASS assert_derivatives_flow_raw_historical ............................ [[32mPASS[0m in 0.27s]
2026-03-06 14:53:03 +0000 - dagster - INFO - 08_operacion_testnet_15m - 1e6fa8b3-2b7f-48c9-9816-18ff32c0b7c0 - warehouse_dbt_build - [0m14:53:02  10 of 34 PASS assert_derivatives_snapshot_raw_historical ....................... [[32mPASS[0m in 0.07s]
2026-03-06 14:53:03 +0000 - dagster - INFO - 08_operacion_testnet_15m - 1e6fa8b3-2b7f-48c9-9816-18ff32c0b7c0 - warehouse_dbt_build - [0m14:53:02  11 of 34 START test assert_dex_snapshot_raw_historical ......................... [RUN]
2026-03-06 14:53:03 +0000 - dagster - INFO - 08_operacion_testnet_15m - 1e6fa8b3-2b7f-48c9-9816-18ff32c0b7c0 - warehouse_dbt_build - [0m14:53:03  12 of 34 START test assert_fear_greed_raw_historical ........................... [RUN]
2026-03-06 14:53:03 +0000 - dagster - INFO - 08_operacion_testnet_15m - 1e6fa8b3-2b7f-48c9-9816-18ff32c0b7c0 - warehouse_dbt_build - [0m14:53:03  12 of 34 PASS assert_fear_greed_raw_historical ................................. [[32mPASS[0m in 0.11s]
2026-03-06 14:53:03 +0000 - dagster - INFO - 08_operacion_testnet_15m - 1e6fa8b3-2b7f-48c9-9816-18ff32c0b7c0 - warehouse_dbt_build - [0m14:53:03  13 of 34 START test assert_market_snapshot_raw_historical ...................... [RUN]
2026-03-06 14:53:03 +0000 - dagster - INFO - 08_operacion_testnet_15m - 1e6fa8b3-2b7f-48c9-9816-18ff32c0b7c0 - warehouse_dbt_build - [0m14:53:03  11 of 34 WARN 1 assert_dex_snapshot_raw_historical ............................. [[33mWARN 1[0m in 0.13s]
2026-03-06 14:53:03 +0000 - dagster - INFO - 08_operacion_testnet_15m - 1e6fa8b3-2b7f-48c9-9816-18ff32c0b7c0 - warehouse_dbt_build - [0m14:53:03  14 of 34 START test not_null_int_mlflow_runs_run_uuid .......................... [RUN]
2026-03-06 14:53:03 +0000 - dagster - INFO - 08_operacion_testnet_15m - 1e6fa8b3-2b7f-48c9-9816-18ff32c0b7c0 - warehouse_dbt_build - [0m14:53:03  14 of 34 PASS not_null_int_mlflow_runs_run_uuid ................................ [[32mPASS[0m in 0.14s]
2026-03-06 14:53:03 +0000 - dagster - INFO - 08_operacion_testnet_15m - 1e6fa8b3-2b7f-48c9-9816-18ff32c0b7c0 - warehouse_dbt_build - [0m14:53:03  15 of 34 START test unique_int_mlflow_runs_run_uuid ............................ [RUN]
2026-03-06 14:53:03 +0000 - dagster - INFO - 08_operacion_testnet_15m - 1e6fa8b3-2b7f-48c9-9816-18ff32c0b7c0 - warehouse_dbt_build - [0m14:53:03  13 of 34 PASS assert_market_snapshot_raw_historical ............................ [[32mPASS[0m in 0.16s]
2026-03-06 14:53:03 +0000 - dagster - INFO - 08_operacion_testnet_15m - 1e6fa8b3-2b7f-48c9-9816-18ff32c0b7c0 - warehouse_dbt_build - [0m14:53:03  16 of 34 START test not_null_int_optuna_trials_trial_id ........................ [RUN]
2026-03-06 14:53:03 +0000 - dagster - INFO - 08_operacion_testnet_15m - 1e6fa8b3-2b7f-48c9-9816-18ff32c0b7c0 - warehouse_dbt_build - [0m14:53:03  16 of 34 PASS not_null_int_optuna_trials_trial_id .............................. [[32mPASS[0m in 0.11s]
2026-03-06 14:53:03 +0000 - dagster - INFO - 08_operacion_testnet_15m - 1e6fa8b3-2b7f-48c9-9816-18ff32c0b7c0 - warehouse_dbt_build - [0m14:53:03  17 of 34 START test unique_int_optuna_trials_trial_id .......................... [RUN]
2026-03-06 14:53:03 +0000 - dagster - INFO - 08_operacion_testnet_15m - 1e6fa8b3-2b7f-48c9-9816-18ff32c0b7c0 - warehouse_dbt_build - [0m14:53:03  15 of 34 PASS unique_int_mlflow_runs_run_uuid .................................. [[32mPASS[0m in 0.14s]
2026-03-06 14:53:03 +0000 - dagster - INFO - 08_operacion_testnet_15m - 1e6fa8b3-2b7f-48c9-9816-18ff32c0b7c0 - warehouse_dbt_build - [0m14:53:03  18 of 34 START sql incremental model main.br_macro_context ..................... [RUN]
2026-03-06 14:53:03 +0000 - dagster - INFO - 08_operacion_testnet_15m - 1e6fa8b3-2b7f-48c9-9816-18ff32c0b7c0 - warehouse_dbt_build - [0m14:53:03  17 of 34 PASS unique_int_optuna_trials_trial_id ................................ [[32mPASS[0m in 0.13s]
2026-03-06 14:53:03 +0000 - dagster - INFO - 08_operacion_testnet_15m - 1e6fa8b3-2b7f-48c9-9816-18ff32c0b7c0 - warehouse_dbt_build - [0m14:53:03  19 of 34 START sql incremental model main.br_market_snapshot ................... [RUN]
2026-03-06 14:53:03 +0000 - dagster - INFO - 08_operacion_testnet_15m - 1e6fa8b3-2b7f-48c9-9816-18ff32c0b7c0 - warehouse_dbt_build - [0m14:53:03  18 of 34 OK created sql incremental model main.br_macro_context ................ [[32mOK[0m in 0.39s]
2026-03-06 14:53:04 +0000 - dagster - INFO - 08_operacion_testnet_15m - 1e6fa8b3-2b7f-48c9-9816-18ff32c0b7c0 - warehouse_dbt_build - [0m14:53:04  19 of 34 OK created sql incremental model main.br_market_snapshot .............. [[32mOK[0m in 1.31s]
2026-03-06 14:53:04 +0000 - dagster - INFO - 08_operacion_testnet_15m - 1e6fa8b3-2b7f-48c9-9816-18ff32c0b7c0 - warehouse_dbt_build - [0m14:53:04  20 of 34 START test not_null_br_market_snapshot_event_time ..................... [RUN]
2026-03-06 14:53:04 +0000 - dagster - INFO - 08_operacion_testnet_15m - 1e6fa8b3-2b7f-48c9-9816-18ff32c0b7c0 - warehouse_dbt_build - [0m14:53:04  21 of 34 START test not_null_br_market_snapshot_symbol ......................... [RUN]
2026-03-06 14:53:05 +0000 - dagster - INFO - 08_operacion_testnet_15m - 1e6fa8b3-2b7f-48c9-9816-18ff32c0b7c0 - warehouse_dbt_build - [0m14:53:05  20 of 34 PASS not_null_br_market_snapshot_event_time ........................... [[32mPASS[0m in 0.12s]
2026-03-06 14:53:05 +0000 - dagster - INFO - 08_operacion_testnet_15m - 1e6fa8b3-2b7f-48c9-9816-18ff32c0b7c0 - warehouse_dbt_build - [0m14:53:05  21 of 34 PASS not_null_br_market_snapshot_symbol ............................... [[32mPASS[0m in 0.13s]
2026-03-06 14:53:05 +0000 - dagster - INFO - 08_operacion_testnet_15m - 1e6fa8b3-2b7f-48c9-9816-18ff32c0b7c0 - warehouse_dbt_build - [0m14:53:05  22 of 34 START sql incremental model main.slv_decision_features ................ [RUN]
2026-03-06 14:53:06 +0000 - dagster - INFO - 08_operacion_testnet_15m - 1e6fa8b3-2b7f-48c9-9816-18ff32c0b7c0 - warehouse_dbt_build - [0m14:53:06  22 of 34 OK created sql incremental model main.slv_decision_features ........... [[32mOK[0m in 1.27s]
2026-03-06 14:53:06 +0000 - dagster - INFO - 08_operacion_testnet_15m - 1e6fa8b3-2b7f-48c9-9816-18ff32c0b7c0 - warehouse_dbt_build - [0m14:53:06  23 of 34 START test not_null_slv_decision_features_event_time .................. [RUN]
2026-03-06 14:53:06 +0000 - dagster - INFO - 08_operacion_testnet_15m - 1e6fa8b3-2b7f-48c9-9816-18ff32c0b7c0 - warehouse_dbt_build - [0m14:53:06  24 of 34 START test not_null_slv_decision_features_symbol ...................... [RUN]
2026-03-06 14:53:06 +0000 - dagster - INFO - 08_operacion_testnet_15m - 1e6fa8b3-2b7f-48c9-9816-18ff32c0b7c0 - warehouse_dbt_build - [0m14:53:06  23 of 34 PASS not_null_slv_decision_features_event_time ........................ [[32mPASS[0m in 0.12s]
2026-03-06 14:53:06 +0000 - dagster - INFO - 08_operacion_testnet_15m - 1e6fa8b3-2b7f-48c9-9816-18ff32c0b7c0 - warehouse_dbt_build - [0m14:53:06  24 of 34 PASS not_null_slv_decision_features_symbol ............................ [[32mPASS[0m in 0.12s]
2026-03-06 14:53:06 +0000 - dagster - INFO - 08_operacion_testnet_15m - 1e6fa8b3-2b7f-48c9-9816-18ff32c0b7c0 - warehouse_dbt_build - [0m14:53:06  25 of 34 START sql incremental model main.decision_features .................... [RUN]
2026-03-06 14:53:06 +0000 - dagster - INFO - 08_operacion_testnet_15m - 1e6fa8b3-2b7f-48c9-9816-18ff32c0b7c0 - warehouse_dbt_build - [0m14:53:06  26 of 34 START sql table model main.fct_liquidity_profile ...................... [RUN]
2026-03-06 14:53:07 +0000 - dagster - INFO - 08_operacion_testnet_15m - 1e6fa8b3-2b7f-48c9-9816-18ff32c0b7c0 - warehouse_dbt_build - [0m14:53:07  26 of 34 OK created sql table model main.fct_liquidity_profile ................. [[32mOK[0m in 0.64s]
2026-03-06 14:53:07 +0000 - dagster - INFO - 08_operacion_testnet_15m - 1e6fa8b3-2b7f-48c9-9816-18ff32c0b7c0 - warehouse_dbt_build - [0m14:53:07  27 of 34 START sql table model main.fct_symbol_performance ..................... [RUN]
2026-03-06 14:53:07 +0000 - dagster - INFO - 08_operacion_testnet_15m - 1e6fa8b3-2b7f-48c9-9816-18ff32c0b7c0 - warehouse_dbt_build - [0m14:53:07  25 of 34 OK created sql incremental model main.decision_features ............... [[32mOK[0m in 1.24s]
2026-03-06 14:53:07 +0000 - dagster - INFO - 08_operacion_testnet_15m - 1e6fa8b3-2b7f-48c9-9816-18ff32c0b7c0 - warehouse_dbt_build - [0m14:53:07  28 of 34 START test not_null_fct_decision_features_event_time .................. [RUN]
2026-03-06 14:53:07 +0000 - dagster - INFO - 08_operacion_testnet_15m - 1e6fa8b3-2b7f-48c9-9816-18ff32c0b7c0 - warehouse_dbt_build - [0m14:53:07  28 of 34 PASS not_null_fct_decision_features_event_time ........................ [[32mPASS[0m in 0.05s]
2026-03-06 14:53:07 +0000 - dagster - INFO - 08_operacion_testnet_15m - 1e6fa8b3-2b7f-48c9-9816-18ff32c0b7c0 - warehouse_dbt_build - [0m14:53:07  29 of 34 START test not_null_fct_decision_features_feature_id .................. [RUN]
2026-03-06 14:53:07 +0000 - dagster - INFO - 08_operacion_testnet_15m - 1e6fa8b3-2b7f-48c9-9816-18ff32c0b7c0 - warehouse_dbt_build - [0m14:53:07  29 of 34 PASS not_null_fct_decision_features_feature_id ........................ [[32mPASS[0m in 0.05s]
2026-03-06 14:53:07 +0000 - dagster - INFO - 08_operacion_testnet_15m - 1e6fa8b3-2b7f-48c9-9816-18ff32c0b7c0 - warehouse_dbt_build - [0m14:53:07  30 of 34 START test not_null_fct_decision_features_symbol ...................... [RUN]
2026-03-06 14:53:07 +0000 - dagster - INFO - 08_operacion_testnet_15m - 1e6fa8b3-2b7f-48c9-9816-18ff32c0b7c0 - warehouse_dbt_build - [0m14:53:07  30 of 34 PASS not_null_fct_decision_features_symbol ............................ [[32mPASS[0m in 0.09s]
2026-03-06 14:53:07 +0000 - dagster - INFO - 08_operacion_testnet_15m - 1e6fa8b3-2b7f-48c9-9816-18ff32c0b7c0 - warehouse_dbt_build - [0m14:53:07  31 of 34 START test unique_fct_decision_features_feature_id .................... [RUN]
2026-03-06 14:53:08 +0000 - dagster - INFO - 08_operacion_testnet_15m - 1e6fa8b3-2b7f-48c9-9816-18ff32c0b7c0 - warehouse_dbt_build - [0m14:53:08  31 of 34 WARN 19 unique_fct_decision_features_feature_id ....................... [[33mWARN 19[0m in 0.11s]
2026-03-06 14:53:08 +0000 - dagster - INFO - 08_operacion_testnet_15m - 1e6fa8b3-2b7f-48c9-9816-18ff32c0b7c0 - warehouse_dbt_build - [0m14:53:08  32 of 34 START sql table model main.fct_anomaly_detection ...................... [RUN]
2026-03-06 14:53:08 +0000 - dagster - INFO - 08_operacion_testnet_15m - 1e6fa8b3-2b7f-48c9-9816-18ff32c0b7c0 - warehouse_dbt_build - [0m14:53:08  32 of 34 OK created sql table model main.fct_anomaly_detection ................. [[32mOK[0m in 0.44s]
2026-03-06 14:53:08 +0000 - dagster - INFO - 08_operacion_testnet_15m - 1e6fa8b3-2b7f-48c9-9816-18ff32c0b7c0 - warehouse_dbt_build - [0m14:53:08  33 of 34 START sql table model main.fct_market_summary ......................... [RUN]
2026-03-06 14:53:08 +0000 - dagster - INFO - 08_operacion_testnet_15m - 1e6fa8b3-2b7f-48c9-9816-18ff32c0b7c0 - warehouse_dbt_build - [0m14:53:08  33 of 34 OK created sql table model main.fct_market_summary .................... [[32mOK[0m in 0.12s]
2026-03-06 14:53:08 +0000 - dagster - INFO - 08_operacion_testnet_15m - 1e6fa8b3-2b7f-48c9-9816-18ff32c0b7c0 - warehouse_dbt_build - [0m14:53:08  34 of 34 START sql table model main.fct_momentum_rankings ...................... [RUN]
2026-03-06 14:53:08 +0000 - dagster - INFO - 08_operacion_testnet_15m - 1e6fa8b3-2b7f-48c9-9816-18ff32c0b7c0 - warehouse_dbt_build - [0m14:53:08  34 of 34 OK created sql table model main.fct_momentum_rankings ................. [[32mOK[0m in 0.16s]
2026-03-06 14:53:10 +0000 - dagster - INFO - 08_operacion_testnet_15m - 1e6fa8b3-2b7f-48c9-9816-18ff32c0b7c0 - warehouse_dbt_build - [0m14:53:10  27 of 34 OK created sql table model main.fct_symbol_performance ................ [[32mOK[0m in 3.03s]
2026-03-06 14:53:10 +0000 - dagster - INFO - 08_operacion_testnet_15m - 1e6fa8b3-2b7f-48c9-9816-18ff32c0b7c0 - warehouse_dbt_build - [0m14:53:10
2026-03-06 14:53:10 +0000 - dagster - INFO - 08_operacion_testnet_15m - 1e6fa8b3-2b7f-48c9-9816-18ff32c0b7c0 - warehouse_dbt_build - [0m14:53:10  Finished running 2 view models, 5 incremental models, 9 table models, 18 data tests in 0 hours 0 minutes and 9.17 seconds (9.17s).
2026-03-06 14:53:10 +0000 - dagster - INFO - 08_operacion_testnet_15m - 1e6fa8b3-2b7f-48c9-9816-18ff32c0b7c0 - warehouse_dbt_build - [0m14:53:10
2026-03-06 14:53:10 +0000 - dagster - INFO - 08_operacion_testnet_15m - 1e6fa8b3-2b7f-48c9-9816-18ff32c0b7c0 - warehouse_dbt_build - [0m14:53:10  [33mCompleted with 2 warnings:[0m
2026-03-06 14:53:10 +0000 - dagster - INFO - 08_operacion_testnet_15m - 1e6fa8b3-2b7f-48c9-9816-18ff32c0b7c0 - warehouse_dbt_build - [0m14:53:10
2026-03-06 14:53:10 +0000 - dagster - INFO - 08_operacion_testnet_15m - 1e6fa8b3-2b7f-48c9-9816-18ff32c0b7c0 - warehouse_dbt_build - [0m14:53:10  [33mWarning in test assert_dex_snapshot_raw_historical (tests/assert_dex_snapshot_raw_historical.sql)[0m
2026-03-06 14:53:10 +0000 - dagster - INFO - 08_operacion_testnet_15m - 1e6fa8b3-2b7f-48c9-9816-18ff32c0b7c0 - warehouse_dbt_build - [0m14:53:10  Got 1 result, configured to warn if != 0
2026-03-06 14:53:10 +0000 - dagster - INFO - 08_operacion_testnet_15m - 1e6fa8b3-2b7f-48c9-9816-18ff32c0b7c0 - warehouse_dbt_build - [0m14:53:10
2026-03-06 14:53:10 +0000 - dagster - INFO - 08_operacion_testnet_15m - 1e6fa8b3-2b7f-48c9-9816-18ff32c0b7c0 - warehouse_dbt_build - [0m14:53:10    compiled code at target/compiled/crypto_trading_lakehouse/tests/assert_dex_snapshot_raw_historical.sql
2026-03-06 14:53:10 +0000 - dagster - INFO - 08_operacion_testnet_15m - 1e6fa8b3-2b7f-48c9-9816-18ff32c0b7c0 - warehouse_dbt_build - [0m14:53:10
2026-03-06 14:53:10 +0000 - dagster - INFO - 08_operacion_testnet_15m - 1e6fa8b3-2b7f-48c9-9816-18ff32c0b7c0 - warehouse_dbt_build - [0m14:53:10  [33mWarning in test unique_fct_decision_features_feature_id (models/schema.yml)[0m
2026-03-06 14:53:10 +0000 - dagster - INFO - 08_operacion_testnet_15m - 1e6fa8b3-2b7f-48c9-9816-18ff32c0b7c0 - warehouse_dbt_build - [0m14:53:10  Got 19 results, configured to warn if != 0
2026-03-06 14:53:10 +0000 - dagster - INFO - 08_operacion_testnet_15m - 1e6fa8b3-2b7f-48c9-9816-18ff32c0b7c0 - warehouse_dbt_build - [0m14:53:10
2026-03-06 14:53:10 +0000 - dagster - INFO - 08_operacion_testnet_15m - 1e6fa8b3-2b7f-48c9-9816-18ff32c0b7c0 - warehouse_dbt_build - [0m14:53:10    compiled code at target/compiled/crypto_trading_lakehouse/models/schema.yml/unique_fct_decision_features_feature_id.sql
2026-03-06 14:53:10 +0000 - dagster - INFO - 08_operacion_testnet_15m - 1e6fa8b3-2b7f-48c9-9816-18ff32c0b7c0 - warehouse_dbt_build - [0m14:53:10
2026-03-06 14:53:10 +0000 - dagster - INFO - 08_operacion_testnet_15m - 1e6fa8b3-2b7f-48c9-9816-18ff32c0b7c0 - warehouse_dbt_build - [0m14:53:10  Done. PASS=32 WARN=2 ERROR=0 SKIP=0 TOTAL=34
2026-03-06 14:53:11 +0000 - dagster - DEBUG - 08_operacion_testnet_15m - 1e6fa8b3-2b7f-48c9-9816-18ff32c0b7c0 - 11621 - warehouse_dbt_build - STEP_OUTPUT - Yielded output "result" of type "Any". (Type check passed).
2026-03-06 14:53:11 +0000 - dagster - DEBUG - 08_operacion_testnet_15m - 1e6fa8b3-2b7f-48c9-9816-18ff32c0b7c0 - 11621 - warehouse_dbt_build - ASSET_MATERIALIZATION - Materialized value warehouse_dbt_build.
2026-03-06 14:53:11 +0000 - dagster - DEBUG - 08_operacion_testnet_15m - 1e6fa8b3-2b7f-48c9-9816-18ff32c0b7c0 - 11621 - warehouse_dbt_build - STEP_SUCCESS - Finished execution of step "warehouse_dbt_build" in 48.96s.
