2026-03-08 09:03:38 +0000 - dagster - DEBUG - 08_operacion_testnet_15m - 5d3eca1d-2b0e-4083-a9ec-4f4925d983ae - 18547 - LOGS_CAPTURED - Started capturing logs in process (pid: 18547).
2026-03-08 09:03:38 +0000 - dagster - DEBUG - 08_operacion_testnet_15m - 5d3eca1d-2b0e-4083-a9ec-4f4925d983ae - 18547 - quant_risk_evaluation - STEP_START - Started execution of step "quant_risk_evaluation".
2026-03-08 09:03:38 +0000 - dagster - INFO - 08_operacion_testnet_15m - 5d3eca1d-2b0e-4083-a9ec-4f4925d983ae - quant_risk_evaluation - Running Risk Engine: /usr/local/bin/python3.11 /app/scripts/run_risk_engine.py
2026-03-08 09:04:11 +0000 - dagster - INFO - 08_operacion_testnet_15m - 5d3eca1d-2b0e-4083-a9ec-4f4925d983ae - quant_risk_evaluation - Risk Engine complete:
50 >= 0.15
INFO:trading_lib.risk.engine:raw_signals count before filter: 0
INFO:trading_lib.risk.engine:sorted_signals count after filter: 0
INFO:__main__:DEBUG raw_entries count: 0 -> approved: 0
WARNING:trading_lib.risk.engine:Blocked by drawdown limit: 0.50 >= 0.15
INFO:trading_lib.risk.engine:raw_signals count before filter: 2
INFO:trading_lib.risk.engine:sorted_signals count after filter: 2
INFO:trading_lib.risk.engine:DEBUG sizing for BTCUSDT: conf=0.55, vol=0.05, base=1000.8454823520001, conf_m=0.40, vol_m=0.21, final=83.82
INFO:trading_lib.risk.engine:DEBUG sizing for ETHUSDT: conf=0.55, vol=0.05, base=1000.8454823520001, conf_m=0.40, vol_m=0.21, final=83.82
INFO:__main__:REBALANCE: ETHUSDT | SHORT | current=$95.80 -> target=$83.82 | delta=$-11.98 (REDUCE)
INFO:__main__:REBALANCE: BTCUSDT | LONG | current=$134.30 -> target=$83.82 | delta=$-50.48 (REDUCE)
INFO:__main__:Inserted 2 raw signals
INFO:__main__:Inserted 2 orders (Entries: 0, Exits: 0, Rebalances: 2). Risk rejected: 0

2026-03-08 09:04:11 +0000 - dagster - DEBUG - 08_operacion_testnet_15m - 5d3eca1d-2b0e-4083-a9ec-4f4925d983ae - 18547 - quant_risk_evaluation - STEP_OUTPUT - Yielded output "result" of type "Any". (Type check passed).
2026-03-08 09:04:12 +0000 - dagster - DEBUG - 08_operacion_testnet_15m - 5d3eca1d-2b0e-4083-a9ec-4f4925d983ae - 18547 - quant_risk_evaluation - ASSET_MATERIALIZATION - Materialized value quant_risk_evaluation.
2026-03-08 09:04:12 +0000 - dagster - DEBUG - 08_operacion_testnet_15m - 5d3eca1d-2b0e-4083-a9ec-4f4925d983ae - 18547 - quant_risk_evaluation - STEP_SUCCESS - Finished execution of step "quant_risk_evaluation" in 33.7s.
